
> salud-ia-bot@0.0.1 build
> nest build

[96msrc/bot/bot.update.ts[0m:[93m282[0m:[93m29[0m - [91merror[0m[90m TS2339: [0mProperty 'detectRegion' does not exist on type 'BotUpdate'.

[7m282[0m         const region = this.detectRegion(text)?.toUpperCase();
[7m   [0m [91m                            ~~~~~~~~~~~~[0m
[96msrc/bot/bot.update.ts[0m:[93m675[0m:[93m44[0m - [91merror[0m[90m TS2339: [0mProperty 'escapeMarkdown' does not exist on type 'BotUpdate'.

[7m675[0m                 const escapedEntity = this.escapeMarkdown(p.entidad_2 || 'N/A');
[7m   [0m [91m                                           ~~~~~~~~~~~~~~[0m
[96msrc/bot/bot.update.ts[0m:[93m678[0m:[93m53[0m - [91merror[0m[90m TS2339: [0mProperty 'escapeMarkdown' does not exist on type 'BotUpdate'.

[7m678[0m                 response += `   - Dirección: ${this.escapeMarkdown(p.direccion || 'N/A')}
[7m   [0m [91m                                                    ~~~~~~~~~~~~~~[0m
[96msrc/bot/bot.update.ts[0m:[93m705[0m:[93m41[0m - [91merror[0m[90m TS2339: [0mProperty 'detectRegion' does not exist on type 'BotUpdate'.

[7m705[0m             const detectedRegion = this.detectRegion(messageText);
[7m   [0m [91m                                        ~~~~~~~~~~~~[0m
[96msrc/bot/bot.update.ts[0m:[93m707[0m:[93m28[0m - [91merror[0m[90m TS2339: [0mProperty 'handleConversationContinuity' does not exist on type 'BotUpdate'.

[7m707[0m             if (await this.handleConversationContinuity(ctx, messageText, detectedRegion)) return;
[7m   [0m [91m                           ~~~~~~~~~~~~~~~~~~~~~~~~~~~~[0m
[96msrc/bot/bot.update.ts[0m:[93m709[0m:[93m28[0m - [91merror[0m[90m TS2339: [0mProperty 'handleServiceCapabilitiesQuery' does not exist on type 'BotUpdate'.

[7m709[0m             if (await this.handleServiceCapabilitiesQuery(ctx, messageText)) return;
[7m   [0m [91m                           ~~~~~~~~~~~~~~~~~~~~~~~~~~~~~~[0m
[96msrc/bot/bot.update.ts[0m:[93m711[0m:[93m28[0m - [91merror[0m[90m TS2339: [0mProperty 'handleStructuralDataQuery' does not exist on type 'BotUpdate'.

[7m711[0m             if (await this.handleStructuralDataQuery(ctx, messageText, detectedRegion)) return;
[7m   [0m [91m                           ~~~~~~~~~~~~~~~~~~~~~~~~~[0m
[96msrc/bot/bot.update.ts[0m:[93m717[0m:[93m28[0m - [91merror[0m[90m TS2339: [0mProperty 'handleYopalQuery' does not exist on type 'BotUpdate'.

[7m717[0m             if (await this.handleYopalQuery(ctx, messageText)) return;
[7m   [0m [91m                           ~~~~~~~~~~~~~~~~[0m
[96msrc/bot/bot.update.ts[0m:[93m732[0m:[93m32[0m - [91merror[0m[90m TS2339: [0mProperty 'handleNewPredictiveServices' does not exist on type 'BotUpdate'.

[7m732[0m                 if (await this.handleNewPredictiveServices(ctx, messageText, detectedRegion)) return;
[7m   [0m [91m                               ~~~~~~~~~~~~~~~~~~~~~~~~~~~[0m
[96msrc/bot/bot.update.ts[0m:[93m737[0m:[93m28[0m - [91merror[0m[90m TS2339: [0mProperty 'handleGreeting' does not exist on type 'BotUpdate'.

[7m737[0m             if (await this.handleGreeting(ctx, messageText)) return;
[7m   [0m [91m                           ~~~~~~~~~~~~~~[0m
[96msrc/bot/bot.update.ts[0m:[93m739[0m:[93m28[0m - [91merror[0m[90m TS2339: [0mProperty 'handleServiceCali' does not exist on type 'BotUpdate'.

[7m739[0m             if (await this.handleServiceCali(ctx, messageText)) return;
[7m   [0m [91m                           ~~~~~~~~~~~~~~~~~[0m
[96msrc/bot/bot.update.ts[0m:[93m741[0m:[93m28[0m - [91merror[0m[90m TS2339: [0mProperty 'handleAntioquiaQuery' does not exist on type 'BotUpdate'.

[7m741[0m             if (await this.handleAntioquiaQuery(ctx, messageText)) return;
[7m   [0m [91m                           ~~~~~~~~~~~~~~~~~~~~[0m
[96msrc/bot/bot.update.ts[0m:[93m743[0m:[93m28[0m - [91merror[0m[90m TS2339: [0mProperty 'handleVaccination' does not exist on type 'BotUpdate'.

[7m743[0m             if (await this.handleVaccination(ctx, messageText, detectedRegion)) return;
[7m   [0m [91m                           ~~~~~~~~~~~~~~~~~[0m
[96msrc/bot/bot.update.ts[0m:[93m745[0m:[93m28[0m - [91merror[0m[90m TS2339: [0mProperty 'handleProviderSearch' does not exist on type 'BotUpdate'.

[7m745[0m             if (await this.handleProviderSearch(ctx, messageText, detectedRegion)) return;
[7m   [0m [91m                           ~~~~~~~~~~~~~~~~~~~~[0m
[96msrc/bot/bot.update.ts[0m:[93m747[0m:[93m28[0m - [91merror[0m[90m TS2339: [0mProperty 'handlePredictiveCapabilitiesQuery' does not exist on type 'BotUpdate'.

[7m747[0m             if (await this.handlePredictiveCapabilitiesQuery(ctx, messageText)) return;
[7m   [0m [91m                           ~~~~~~~~~~~~~~~~~~~~~~~~~~~~~~~~~[0m
[96msrc/bot/bot.update.ts[0m:[93m749[0m:[93m28[0m - [91merror[0m[90m TS2339: [0mProperty 'handlePrediction' does not exist on type 'BotUpdate'.

[7m749[0m             if (await this.handlePrediction(ctx, messageText)) return;
[7m   [0m [91m                           ~~~~~~~~~~~~~~~~[0m
[96msrc/bot/bot.update.ts[0m:[93m751[0m:[93m28[0m - [91merror[0m[90m TS2339: [0mProperty 'handleAirQualityQuery' does not exist on type 'BotUpdate'.

[7m751[0m             if (await this.handleAirQualityQuery(ctx, messageText, detectedRegion)) return;
[7m   [0m [91m                           ~~~~~~~~~~~~~~~~~~~~~[0m
[96msrc/bot/bot.update.ts[0m:[93m754[0m:[93m60[0m - [91merror[0m[90m TS2554: [0mExpected 1 arguments, but got 2.

[7m754[0m             await this.genkitService.generateResponse(ctx, messageText);
[7m   [0m [91m                                                           ~~~~~~~~~~~[0m
[96msrc/bot/bot.update.ts[0m:[93m763[0m:[93m40[0m - [91merror[0m[90m TS2729: [0mProperty 'statsService' is used before its initialization.

[7m763[0m         const contextData = await this.statsService.getSummary(messageText);
[7m   [0m [91m                                       ~~~~~~~~~~~~[0m

  [96msrc/bot/bot.update.ts[0m:[93m176[0m:[93m9[0m
    [7m176[0m         private readonly statsService: StatsService,
    [7m   [0m [96m        ~~~~~~~~~~~~~~~~~~~~~~~~~~~~~~~~~~~~~~~~~~~[0m
    'statsService' is declared here.
[96msrc/bot/bot.update.ts[0m:[93m763[0m:[93m64[0m - [91merror[0m[90m TS2304: [0mCannot find name 'messageText'.

[7m763[0m         const contextData = await this.statsService.getSummary(messageText);
[7m   [0m [91m                                                               ~~~~~~~~~~~[0m
[96msrc/bot/bot.update.ts[0m:[93m764[0m:[93m25[0m - [91merror[0m[90m TS1005: [0m',' expected.

[7m764[0m         if (contextData && BYPASS_MARKERS.some(marker => contextData.includes(marker))) {
[7m   [0m [91m                        ~~[0m
[96msrc/bot/bot.update.ts[0m:[93m764[0m:[93m58[0m - [91merror[0m[90m TS2304: [0mCannot find name 'contextData'.

[7m764[0m         if (contextData && BYPASS_MARKERS.some(marker => contextData.includes(marker))) {
[7m   [0m [91m                                                         ~~~~~~~~~~~[0m
[96msrc/bot/bot.update.ts[0m:[93m764[0m:[93m87[0m - [91merror[0m[90m TS1005: [0m';' expected.

[7m764[0m         if (contextData && BYPASS_MARKERS.some(marker => contextData.includes(marker))) {
[7m   [0m [91m                                                                                      ~[0m
[96msrc/bot/bot.update.ts[0m:[93m765[0m:[93m19[0m - [91merror[0m[90m TS2532: [0mObject is possibly 'undefined'.

[7m765[0m             await this.sendLongMessage(ctx, contextData);
[7m   [0m [91m                  ~~~~[0m
[96msrc/bot/bot.update.ts[0m:[93m765[0m:[93m40[0m - [91merror[0m[90m TS2552: [0mCannot find name 'ctx'. Did you mean 'Ctx'?

[7m765[0m             await this.sendLongMessage(ctx, contextData);
[7m   [0m [91m                                       ~~~[0m
[96msrc/bot/bot.update.ts[0m:[93m765[0m:[93m45[0m - [91merror[0m[90m TS2304: [0mCannot find name 'contextData'.

[7m765[0m             await this.sendLongMessage(ctx, contextData);
[7m   [0m [91m                                            ~~~~~~~~~~~[0m
[96msrc/bot/bot.update.ts[0m:[93m769[0m:[93m19[0m - [91merror[0m[90m TS2532: [0mObject is possibly 'undefined'.

[7m769[0m         if (await this.handleSexualHealthQuery(ctx, messageText)) return;
[7m   [0m [91m                  ~~~~[0m
[96msrc/bot/bot.update.ts[0m:[93m769[0m:[93m48[0m - [91merror[0m[90m TS2552: [0mCannot find name 'ctx'. Did you mean 'Ctx'?

[7m769[0m         if (await this.handleSexualHealthQuery(ctx, messageText)) return;
[7m   [0m [91m                                               ~~~[0m
[96msrc/bot/bot.update.ts[0m:[93m769[0m:[93m53[0m - [91merror[0m[90m TS2304: [0mCannot find name 'messageText'.

[7m769[0m         if (await this.handleSexualHealthQuery(ctx, messageText)) return;
[7m   [0m [91m                                                    ~~~~~~~~~~~[0m
[96msrc/bot/bot.update.ts[0m:[93m771[0m:[93m19[0m - [91merror[0m[90m TS2532: [0mObject is possibly 'undefined'.

[7m771[0m         if (await this.handleMLClassification(ctx, messageText, contextData)) return;
[7m   [0m [91m                  ~~~~[0m
[96msrc/bot/bot.update.ts[0m:[93m771[0m:[93m47[0m - [91merror[0m[90m TS2552: [0mCannot find name 'ctx'. Did you mean 'Ctx'?

[7m771[0m         if (await this.handleMLClassification(ctx, messageText, contextData)) return;
[7m   [0m [91m                                              ~~~[0m
[96msrc/bot/bot.update.ts[0m:[93m771[0m:[93m52[0m - [91merror[0m[90m TS2304: [0mCannot find name 'messageText'.

[7m771[0m         if (await this.handleMLClassification(ctx, messageText, contextData)) return;
[7m   [0m [91m                                                   ~~~~~~~~~~~[0m
[96msrc/bot/bot.update.ts[0m:[93m771[0m:[93m65[0m - [91merror[0m[90m TS2304: [0mCannot find name 'contextData'.

[7m771[0m         if (await this.handleMLClassification(ctx, messageText, contextData)) return;
[7m   [0m [91m                                                                ~~~~~~~~~~~[0m
[96msrc/bot/bot.update.ts[0m:[93m773[0m:[93m19[0m - [91merror[0m[90m TS2532: [0mObject is possibly 'undefined'.

[7m773[0m         if (await this.handleVaccination(ctx, messageText, detectedRegion)) return;
[7m   [0m [91m                  ~~~~[0m
[96msrc/bot/bot.update.ts[0m:[93m773[0m:[93m42[0m - [91merror[0m[90m TS2552: [0mCannot find name 'ctx'. Did you mean 'Ctx'?

[7m773[0m         if (await this.handleVaccination(ctx, messageText, detectedRegion)) return;
[7m   [0m [91m                                         ~~~[0m
[96msrc/bot/bot.update.ts[0m:[93m773[0m:[93m47[0m - [91merror[0m[90m TS2304: [0mCannot find name 'messageText'.

[7m773[0m         if (await this.handleVaccination(ctx, messageText, detectedRegion)) return;
[7m   [0m [91m                                              ~~~~~~~~~~~[0m
[96msrc/bot/bot.update.ts[0m:[93m773[0m:[93m60[0m - [91merror[0m[90m TS2304: [0mCannot find name 'detectedRegion'.

[7m773[0m         if (await this.handleVaccination(ctx, messageText, detectedRegion)) return;
[7m   [0m [91m                                                           ~~~~~~~~~~~~~~[0m
[96msrc/bot/bot.update.ts[0m:[93m775[0m:[93m19[0m - [91merror[0m[90m TS2532: [0mObject is possibly 'undefined'.

[7m775[0m         if (await this.handleSaludPublica(ctx, messageText, detectedRegion)) return;
[7m   [0m [91m                  ~~~~[0m
[96msrc/bot/bot.update.ts[0m:[93m775[0m:[93m43[0m - [91merror[0m[90m TS2304: [0mCannot find name 'ctx'.

[7m775[0m         if (await this.handleSaludPublica(ctx, messageText, detectedRegion)) return;
[7m   [0m [91m                                          ~~~[0m
[96msrc/bot/bot.update.ts[0m:[93m775[0m:[93m48[0m - [91merror[0m[90m TS2304: [0mCannot find name 'messageText'.

[7m775[0m         if (await this.handleSaludPublica(ctx, messageText, detectedRegion)) return;
[7m   [0m [91m                                               ~~~~~~~~~~~[0m
[96msrc/bot/bot.update.ts[0m:[93m775[0m:[93m61[0m - [91merror[0m[90m TS2304: [0mCannot find name 'detectedRegion'.

[7m775[0m         if (await this.handleSaludPublica(ctx, messageText, detectedRegion)) return;
[7m   [0m [91m                                                            ~~~~~~~~~~~~~~[0m
[96msrc/bot/bot.update.ts[0m:[93m777[0m:[93m15[0m - [91merror[0m[90m TS2532: [0mObject is possibly 'undefined'.

[7m777[0m         await this.handleGeneralQuery(ctx, messageText, contextData);
[7m   [0m [91m              ~~~~[0m
[96msrc/bot/bot.update.ts[0m:[93m777[0m:[93m39[0m - [91merror[0m[90m TS2304: [0mCannot find name 'ctx'.

[7m777[0m         await this.handleGeneralQuery(ctx, messageText, contextData);
[7m   [0m [91m                                      ~~~[0m
[96msrc/bot/bot.update.ts[0m:[93m777[0m:[93m44[0m - [91merror[0m[90m TS2304: [0mCannot find name 'messageText'.

[7m777[0m         await this.handleGeneralQuery(ctx, messageText, contextData);
[7m   [0m [91m                                           ~~~~~~~~~~~[0m
[96msrc/bot/bot.update.ts[0m:[93m777[0m:[93m57[0m - [91merror[0m[90m TS2304: [0mCannot find name 'contextData'.

[7m777[0m         await this.handleGeneralQuery(ctx, messageText, contextData);
[7m   [0m [91m                                                        ~~~~~~~~~~~[0m
[96msrc/bot/bot.update.ts[0m:[93m778[0m:[93m5[0m - [91merror[0m[90m TS1128: [0mDeclaration or statement expected.

[7m778[0m     }
[7m   [0m [91m    ~[0m
[96msrc/bot/bot.update.ts[0m:[93m781[0m:[93m5[0m - [91merror[0m[90m TS1128: [0mDeclaration or statement expected.

[7m781[0m     private async handleVaccination(ctx: Context, text: string, detectedRegion?: string): Promise<boolean> {
[7m   [0m [91m    ~~~~~~~[0m
[96msrc/bot/bot.update.ts[0m:[93m781[0m:[93m13[0m - [91merror[0m[90m TS1434: [0mUnexpected keyword or identifier.

[7m781[0m     private async handleVaccination(ctx: Context, text: string, detectedRegion?: string): Promise<boolean> {
[7m   [0m [91m            ~~~~~[0m
[96msrc/bot/bot.update.ts[0m:[93m781[0m:[93m13[0m - [91merror[0m[90m TS2304: [0mCannot find name 'async'.

[7m781[0m     private async handleVaccination(ctx: Context, text: string, detectedRegion?: string): Promise<boolean> {
[7m   [0m [91m            ~~~~~[0m
[96msrc/bot/bot.update.ts[0m:[93m781[0m:[93m19[0m - [91merror[0m[90m TS2304: [0mCannot find name 'handleVaccination'.

[7m781[0m     private async handleVaccination(ctx: Context, text: string, detectedRegion?: string): Promise<boolean> {
[7m   [0m [91m                  ~~~~~~~~~~~~~~~~~[0m
[96msrc/bot/bot.update.ts[0m:[93m781[0m:[93m37[0m - [91merror[0m[90m TS2304: [0mCannot find name 'ctx'.

[7m781[0m     private async handleVaccination(ctx: Context, text: string, detectedRegion?: string): Promise<boolean> {
[7m   [0m [91m                                    ~~~[0m
[96msrc/bot/bot.update.ts[0m:[93m781[0m:[93m40[0m - [91merror[0m[90m TS1005: [0m',' expected.

[7m781[0m     private async handleVaccination(ctx: Context, text: string, detectedRegion?: string): Promise<boolean> {
[7m   [0m [91m                                       ~[0m
[96msrc/bot/bot.update.ts[0m:[93m781[0m:[93m51[0m - [91merror[0m[90m TS2304: [0mCannot find name 'text'.

[7m781[0m     private async handleVaccination(ctx: Context, text: string, detectedRegion?: string): Promise<boolean> {
[7m   [0m [91m                                                  ~~~~[0m
[96msrc/bot/bot.update.ts[0m:[93m781[0m:[93m55[0m - [91merror[0m[90m TS1005: [0m',' expected.

[7m781[0m     private async handleVaccination(ctx: Context, text: string, detectedRegion?: string): Promise<boolean> {
[7m   [0m [91m                                                      ~[0m
[96msrc/bot/bot.update.ts[0m:[93m781[0m:[93m57[0m - [91merror[0m[90m TS2693: [0m'string' only refers to a type, but is being used as a value here.

[7m781[0m     private async handleVaccination(ctx: Context, text: string, detectedRegion?: string): Promise<boolean> {
[7m   [0m [91m                                                        ~~~~~~[0m
[96msrc/bot/bot.update.ts[0m:[93m781[0m:[93m65[0m - [91merror[0m[90m TS2304: [0mCannot find name 'detectedRegion'.

[7m781[0m     private async handleVaccination(ctx: Context, text: string, detectedRegion?: string): Promise<boolean> {
[7m   [0m [91m                                                                ~~~~~~~~~~~~~~[0m
[96msrc/bot/bot.update.ts[0m:[93m781[0m:[93m80[0m - [91merror[0m[90m TS1109: [0mExpression expected.

[7m781[0m     private async handleVaccination(ctx: Context, text: string, detectedRegion?: string): Promise<boolean> {
[7m   [0m [91m                                                                               ~[0m
[96msrc/bot/bot.update.ts[0m:[93m781[0m:[93m82[0m - [91merror[0m[90m TS2693: [0m'string' only refers to a type, but is being used as a value here.

[7m781[0m     private async handleVaccination(ctx: Context, text: string, detectedRegion?: string): Promise<boolean> {
[7m   [0m [91m                                                                                 ~~~~~~[0m
[96msrc/bot/bot.update.ts[0m:[93m781[0m:[93m89[0m - [91merror[0m[90m TS1005: [0m';' expected.

[7m781[0m     private async handleVaccination(ctx: Context, text: string, detectedRegion?: string): Promise<boolean> {
[7m   [0m [91m                                                                                        ~[0m
[96msrc/bot/bot.update.ts[0m:[93m781[0m:[93m91[0m - [91merror[0m[90m TS2365: [0mOperator '>' cannot be applied to types 'boolean' and '{ const: string; this: any; if(norm: any): any; "": any; }'.

[7m781[0m     private async handleVaccination(ctx: Context, text: string, detectedRegion?: string): Promise<boolean> {
[7m   [0m [91m                                                                                          ~~~~~~~~~~~~~~~~~~[0m
[7m782[0m         const userId = ctx.from?.id;
[7m   [0m [91m~~~~~~~~~~~~~~~~~~~~~~~~~~~~~~~~~~~~[0m
[7m...[0m 
[7m789[0m         // Detectar si es una pregunta general sobre vacunación (sin región específica)
[7m   [0m [91m~~~~~~~~~~~~~~~~~~~~~~~~~~~~~~~~~~~~~~~~~~~~~~~~~~~~~~~~~~~~~~~~~~~~~~~~~~~~~~~~~~~~~~~[0m
[7m790[0m         if (norm.includes('vacunacion') || norm.includes('vacunación') || norm.includes('informacion sobre vacunas')) {
[7m   [0m [91m~~~~~~~~~~~~~~~~~~~~~~~~~~~~~~~~~~~~~~~~~~~~~~~~~~~~~~~~~~~~~~~~~~~~~~~~~~~~~~~~~~~~~~~~~~~~~~~~~~~~~~~~~~~~~~~~~~~~~[0m
[96msrc/bot/bot.update.ts[0m:[93m781[0m:[93m99[0m - [91merror[0m[90m TS2693: [0m'boolean' only refers to a type, but is being used as a value here.

[7m781[0m     private async handleVaccination(ctx: Context, text: string, detectedRegion?: string): Promise<boolean> {
[7m   [0m [91m                                                                                                  ~~~~~~~[0m
[96msrc/bot/bot.update.ts[0m:[93m782[0m:[93m15[0m - [91merror[0m[90m TS1005: [0m':' expected.

[7m782[0m         const userId = ctx.from?.id;
[7m   [0m [91m              ~~~~~~[0m
[96msrc/bot/bot.update.ts[0m:[93m782[0m:[93m15[0m - [91merror[0m[90m TS2304: [0mCannot find name 'userId'.

[7m782[0m         const userId = ctx.from?.id;
[7m   [0m [91m              ~~~~~~[0m
[96msrc/bot/bot.update.ts[0m:[93m782[0m:[93m24[0m - [91merror[0m[90m TS2304: [0mCannot find name 'ctx'.

[7m782[0m         const userId = ctx.from?.id;
[7m   [0m [91m                       ~~~[0m
[96msrc/bot/bot.update.ts[0m:[93m782[0m:[93m36[0m - [91merror[0m[90m TS1005: [0m',' expected.

[7m782[0m         const userId = ctx.from?.id;
[7m   [0m [91m                                   ~[0m
[96msrc/bot/bot.update.ts[0m:[93m783[0m:[93m15[0m - [91merror[0m[90m TS1005: [0m':' expected.

[7m783[0m         const pending = userId ? this.userState.get(userId) : null;
[7m   [0m [91m              ~~~~~~~[0m
[96msrc/bot/bot.update.ts[0m:[93m783[0m:[93m15[0m - [91merror[0m[90m TS2630: [0mCannot assign to 'pending' because it is a function.

[7m783[0m         const pending = userId ? this.userState.get(userId) : null;
[7m   [0m [91m              ~~~~~~~[0m
[96msrc/bot/bot.update.ts[0m:[93m783[0m:[93m25[0m - [91merror[0m[90m TS2304: [0mCannot find name 'userId'.

[7m783[0m         const pending = userId ? this.userState.get(userId) : null;
[7m   [0m [91m                        ~~~~~~[0m
[96msrc/bot/bot.update.ts[0m:[93m783[0m:[93m34[0m - [91merror[0m[90m TS2532: [0mObject is possibly 'undefined'.

[7m783[0m         const pending = userId ? this.userState.get(userId) : null;
[7m   [0m [91m                                 ~~~~[0m
[96msrc/bot/bot.update.ts[0m:[93m783[0m:[93m53[0m - [91merror[0m[90m TS2304: [0mCannot find name 'userId'.

[7m783[0m         const pending = userId ? this.userState.get(userId) : null;
[7m   [0m [91m                                                    ~~~~~~[0m
[96msrc/bot/bot.update.ts[0m:[93m783[0m:[93m67[0m - [91merror[0m[90m TS1005: [0m',' expected.

[7m783[0m         const pending = userId ? this.userState.get(userId) : null;
[7m   [0m [91m                                                                  ~[0m
[96msrc/bot/bot.update.ts[0m:[93m784[0m:[93m15[0m - [91merror[0m[90m TS1005: [0m':' expected.

[7m784[0m         const norm = normalizeString(text);
[7m   [0m [91m              ~~~~[0m
[96msrc/bot/bot.update.ts[0m:[93m784[0m:[93m15[0m - [91merror[0m[90m TS2448: [0mBlock-scoped variable 'norm' used before its declaration.

[7m784[0m         const norm = normalizeString(text);
[7m   [0m [91m              ~~~~[0m

  [96msrc/bot/bot.update.ts[0m:[93m1755[0m:[93m19[0m
    [7m1755[0m             const norm = normalizeString(text);
    [7m    [0m [96m                  ~~~~[0m
    'norm' is declared here.
[96msrc/bot/bot.update.ts[0m:[93m784[0m:[93m15[0m - [91merror[0m[90m TS2588: [0mCannot assign to 'norm' because it is a constant.

[7m784[0m         const norm = normalizeString(text);
[7m   [0m [91m              ~~~~[0m
[96msrc/bot/bot.update.ts[0m:[93m784[0m:[93m38[0m - [91merror[0m[90m TS2304: [0mCannot find name 'text'.

[7m784[0m         const norm = normalizeString(text);
[7m   [0m [91m                                     ~~~~[0m
[96msrc/bot/bot.update.ts[0m:[93m784[0m:[93m43[0m - [91merror[0m[90m TS1005: [0m',' expected.

[7m784[0m         const norm = normalizeString(text);
[7m   [0m [91m                                          ~[0m
[96msrc/bot/bot.update.ts[0m:[93m785[0m:[93m13[0m - [91merror[0m[90m TS1005: [0m':' expected.

[7m785[0m         this.logger.log(`handleVaccination invoked - userId=${userId}, text="${text}", norm="${norm}"`);
[7m   [0m [91m            ~[0m
[96msrc/bot/bot.update.ts[0m:[93m785[0m:[93m63[0m - [91merror[0m[90m TS2304: [0mCannot find name 'userId'.

[7m785[0m         this.logger.log(`handleVaccination invoked - userId=${userId}, text="${text}", norm="${norm}"`);
[7m   [0m [91m                                                              ~~~~~~[0m
[96msrc/bot/bot.update.ts[0m:[93m785[0m:[93m80[0m - [91merror[0m[90m TS2304: [0mCannot find name 'text'.

[7m785[0m         this.logger.log(`handleVaccination invoked - userId=${userId}, text="${text}", norm="${norm}"`);
[7m   [0m [91m                                                                               ~~~~[0m
[96msrc/bot/bot.update.ts[0m:[93m785[0m:[93m96[0m - [91merror[0m[90m TS2448: [0mBlock-scoped variable 'norm' used before its declaration.

[7m785[0m         this.logger.log(`handleVaccination invoked - userId=${userId}, text="${text}", norm="${norm}"`);
[7m   [0m [91m                                                                                               ~~~~[0m

  [96msrc/bot/bot.update.ts[0m:[93m1755[0m:[93m19[0m
    [7m1755[0m             const norm = normalizeString(text);
    [7m    [0m [96m                  ~~~~[0m
    'norm' is declared here.
[96msrc/bot/bot.update.ts[0m:[93m785[0m:[93m104[0m - [91merror[0m[90m TS1005: [0m',' expected.

[7m785[0m         this.logger.log(`handleVaccination invoked - userId=${userId}, text="${text}", norm="${norm}"`);
[7m   [0m [91m                                                                                                       ~[0m
[96msrc/bot/bot.update.ts[0m:[93m786[0m:[93m13[0m - [91merror[0m[90m TS1005: [0m':' expected.

[7m786[0m         this.logger.log(`handleVaccination - detectedRegion="${detectedRegion}"`);
[7m   [0m [91m            ~[0m
[96msrc/bot/bot.update.ts[0m:[93m786[0m:[93m64[0m - [91merror[0m[90m TS2304: [0mCannot find name 'detectedRegion'.

[7m786[0m         this.logger.log(`handleVaccination - detectedRegion="${detectedRegion}"`);
[7m   [0m [91m                                                               ~~~~~~~~~~~~~~[0m
[96msrc/bot/bot.update.ts[0m:[93m786[0m:[93m82[0m - [91merror[0m[90m TS1005: [0m',' expected.

[7m786[0m         this.logger.log(`handleVaccination - detectedRegion="${detectedRegion}"`);
[7m   [0m [91m                                                                                 ~[0m
[96msrc/bot/bot.update.ts[0m:[93m788[0m:[93m13[0m - [91merror[0m[90m TS1005: [0m':' expected.

[7m788[0m         this.logger.log(`handleVaccination - entró en bloque general de vacunación? ${norm.includes('vacunacion') || norm.includes('vacunación') || norm.includes('informacion sobre vacunas')}`);
[7m   [0m [91m            ~[0m
[96msrc/bot/bot.update.ts[0m:[93m788[0m:[93m87[0m - [91merror[0m[90m TS2448: [0mBlock-scoped variable 'norm' used before its declaration.

[7m788[0m         this.logger.log(`handleVaccination - entró en bloque general de vacunación? ${norm.includes('vacunacion') || norm.includes('vacunación') || norm.includes('informacion sobre vacunas')}`);
[7m   [0m [91m                                                                                      ~~~~[0m

  [96msrc/bot/bot.update.ts[0m:[93m1755[0m:[93m19[0m
    [7m1755[0m             const norm = normalizeString(text);
    [7m    [0m [96m                  ~~~~[0m
    'norm' is declared here.
[96msrc/bot/bot.update.ts[0m:[93m788[0m:[93m118[0m - [91merror[0m[90m TS2448: [0mBlock-scoped variable 'norm' used before its declaration.

[7m788[0m         this.logger.log(`handleVaccination - entró en bloque general de vacunación? ${norm.includes('vacunacion') || norm.includes('vacunación') || norm.includes('informacion sobre vacunas')}`);
[7m   [0m [91m                                                                                                                     ~~~~[0m

  [96msrc/bot/bot.update.ts[0m:[93m1755[0m:[93m19[0m
    [7m1755[0m             const norm = normalizeString(text);
    [7m    [0m [96m                  ~~~~[0m
    'norm' is declared here.
[96msrc/bot/bot.update.ts[0m:[93m788[0m:[93m149[0m - [91merror[0m[90m TS2448: [0mBlock-scoped variable 'norm' used before its declaration.

[7m788[0m         this.logger.log(`handleVaccination - entró en bloque general de vacunación? ${norm.includes('vacunacion') || norm.includes('vacunación') || norm.includes('informacion sobre vacunas')}`);
[7m   [0m [91m                                                                                                                                                    ~~~~[0m

  [96msrc/bot/bot.update.ts[0m:[93m1755[0m:[93m19[0m
    [7m1755[0m             const norm = normalizeString(text);
    [7m    [0m [96m                  ~~~~[0m
    'norm' is declared here.
[96msrc/bot/bot.update.ts[0m:[93m788[0m:[93m194[0m - [91merror[0m[90m TS1005: [0m',' expected.

[7m788[0m         this.logger.log(`handleVaccination - entró en bloque general de vacunación? ${norm.includes('vacunacion') || norm.includes('vacunación') || norm.includes('informacion sobre vacunas')}`);
[7m   [0m [91m                                                                                                                                                                                                 ~[0m
[96msrc/bot/bot.update.ts[0m:[93m790[0m:[93m17[0m - [91merror[0m[90m TS1005: [0m',' expected.

[7m790[0m         if (norm.includes('vacunacion') || norm.includes('vacunación') || norm.includes('informacion sobre vacunas')) {
[7m   [0m [91m                ~[0m
[96msrc/bot/bot.update.ts[0m:[93m790[0m:[93m44[0m - [91merror[0m[90m TS2448: [0mBlock-scoped variable 'norm' used before its declaration.

[7m790[0m         if (norm.includes('vacunacion') || norm.includes('vacunación') || norm.includes('informacion sobre vacunas')) {
[7m   [0m [91m                                           ~~~~[0m

  [96msrc/bot/bot.update.ts[0m:[93m1755[0m:[93m19[0m
    [7m1755[0m             const norm = normalizeString(text);
    [7m    [0m [96m                  ~~~~[0m
    'norm' is declared here.
[96msrc/bot/bot.update.ts[0m:[93m790[0m:[93m75[0m - [91merror[0m[90m TS2448: [0mBlock-scoped variable 'norm' used before its declaration.

[7m790[0m         if (norm.includes('vacunacion') || norm.includes('vacunación') || norm.includes('informacion sobre vacunas')) {
[7m   [0m [91m                                                                          ~~~~[0m

  [96msrc/bot/bot.update.ts[0m:[93m1755[0m:[93m19[0m
    [7m1755[0m             const norm = normalizeString(text);
    [7m    [0m [96m                  ~~~~[0m
    'norm' is declared here.
[96msrc/bot/bot.update.ts[0m:[93m790[0m:[93m117[0m - [91merror[0m[90m TS1005: [0m',' expected.

[7m790[0m         if (norm.includes('vacunacion') || norm.includes('vacunación') || norm.includes('informacion sobre vacunas')) {
[7m   [0m [91m                                                                                                                    ~[0m
[96msrc/bot/bot.update.ts[0m:[93m790[0m:[93m119[0m - [91merror[0m[90m TS1136: [0mProperty assignment expected.

[7m790[0m         if (norm.includes('vacunacion') || norm.includes('vacunación') || norm.includes('informacion sobre vacunas')) {
[7m   [0m [91m                                                                                                                      ~[0m
[96msrc/bot/bot.update.ts[0m:[93m791[0m:[93m17[0m - [91merror[0m[90m TS2448: [0mBlock-scoped variable 'norm' used before its declaration.

[7m791[0m             if (norm.includes('indicadores') && norm.includes('vacunacion') && norm.includes('departamento')) {
[7m   [0m [91m                ~~~~[0m

  [96msrc/bot/bot.update.ts[0m:[93m1755[0m:[93m19[0m
    [7m1755[0m             const norm = normalizeString(text);
    [7m    [0m [96m                  ~~~~[0m
    'norm' is declared here.
[96msrc/bot/bot.update.ts[0m:[93m791[0m:[93m49[0m - [91merror[0m[90m TS2448: [0mBlock-scoped variable 'norm' used before its declaration.

[7m791[0m             if (norm.includes('indicadores') && norm.includes('vacunacion') && norm.includes('departamento')) {
[7m   [0m [91m                                                ~~~~[0m

  [96msrc/bot/bot.update.ts[0m:[93m1755[0m:[93m19[0m
    [7m1755[0m             const norm = normalizeString(text);
    [7m    [0m [96m                  ~~~~[0m
    'norm' is declared here.
[96msrc/bot/bot.update.ts[0m:[93m791[0m:[93m80[0m - [91merror[0m[90m TS2448: [0mBlock-scoped variable 'norm' used before its declaration.

[7m791[0m             if (norm.includes('indicadores') && norm.includes('vacunacion') && norm.includes('departamento')) {
[7m   [0m [91m                                                                               ~~~~[0m

  [96msrc/bot/bot.update.ts[0m:[93m1755[0m:[93m19[0m
    [7m1755[0m             const norm = normalizeString(text);
    [7m    [0m [96m                  ~~~~[0m
    'norm' is declared here.
[96msrc/bot/bot.update.ts[0m:[93m792[0m:[93m21[0m - [91merror[0m[90m TS2304: [0mCannot find name 'detectedRegion'.

[7m792[0m                 if (detectedRegion) {
[7m   [0m [91m                    ~~~~~~~~~~~~~~[0m
[96msrc/bot/bot.update.ts[0m:[93m793[0m:[93m46[0m - [91merror[0m[90m TS2532: [0mObject is possibly 'undefined'.

[7m793[0m                     const indicators = await this.vaccinationService.getAvailableIndicatorsByDepartment(detectedRegion);
[7m   [0m [91m                                             ~~~~[0m
[96msrc/bot/bot.update.ts[0m:[93m793[0m:[93m105[0m - [91merror[0m[90m TS2304: [0mCannot find name 'detectedRegion'.

[7m793[0m                     const indicators = await this.vaccinationService.getAvailableIndicatorsByDepartment(detectedRegion);
[7m   [0m [91m                                                                                                        ~~~~~~~~~~~~~~[0m
[96msrc/bot/bot.update.ts[0m:[93m795[0m:[93m91[0m - [91merror[0m[90m TS2304: [0mCannot find name 'detectedRegion'.

[7m795[0m                         const response = `📊 **Indicadores de vacunación disponibles en ${detectedRegion}:**\n\n${indicators.map(i => `• ${i}`).join('\n')}`;
[7m   [0m [91m                                                                                          ~~~~~~~~~~~~~~[0m
[96msrc/bot/bot.update.ts[0m:[93m796[0m:[93m31[0m - [91merror[0m[90m TS2532: [0mObject is possibly 'undefined'.

[7m796[0m                         await this.sendLongMessage(ctx, response, { parse_mode: 'Markdown' });
[7m   [0m [91m                              ~~~~[0m
[96msrc/bot/bot.update.ts[0m:[93m796[0m:[93m52[0m - [91merror[0m[90m TS2304: [0mCannot find name 'ctx'.

[7m796[0m                         await this.sendLongMessage(ctx, response, { parse_mode: 'Markdown' });
[7m   [0m [91m                                                   ~~~[0m
[96msrc/bot/bot.update.ts[0m:[93m799[0m:[93m31[0m - [91merror[0m[90m TS2304: [0mCannot find name 'ctx'.

[7m799[0m                         await ctx.reply(`No se encontraron indicadores de vacunación para ${detectedRegion}.`);
[7m   [0m [91m                              ~~~[0m
[96msrc/bot/bot.update.ts[0m:[93m799[0m:[93m93[0m - [91merror[0m[90m TS2304: [0mCannot find name 'detectedRegion'.

[7m799[0m                         await ctx.reply(`No se encontraron indicadores de vacunación para ${detectedRegion}.`);
[7m   [0m [91m                                                                                            ~~~~~~~~~~~~~~[0m
[96msrc/bot/bot.update.ts[0m:[93m803[0m:[93m23[0m - [91merror[0m[90m TS2304: [0mCannot find name 'ctx'.

[7m803[0m                 await ctx.reply('📍 ¿Para qué departamento deseas consultar los indicadores de vacunación?');
[7m   [0m [91m                      ~~~[0m
[96msrc/bot/bot.update.ts[0m:[93m808[0m:[93m17[0m - [91merror[0m[90m TS2448: [0mBlock-scoped variable 'norm' used before its declaration.

[7m808[0m             if (norm.includes('indicadores') && norm.includes('vacunacion') && norm.includes('municipio')) {
[7m   [0m [91m                ~~~~[0m

  [96msrc/bot/bot.update.ts[0m:[93m1755[0m:[93m19[0m
    [7m1755[0m             const norm = normalizeString(text);
    [7m    [0m [96m                  ~~~~[0m
    'norm' is declared here.
[96msrc/bot/bot.update.ts[0m:[93m808[0m:[93m49[0m - [91merror[0m[90m TS2448: [0mBlock-scoped variable 'norm' used before its declaration.

[7m808[0m             if (norm.includes('indicadores') && norm.includes('vacunacion') && norm.includes('municipio')) {
[7m   [0m [91m                                                ~~~~[0m

  [96msrc/bot/bot.update.ts[0m:[93m1755[0m:[93m19[0m
    [7m1755[0m             const norm = normalizeString(text);
    [7m    [0m [96m                  ~~~~[0m
    'norm' is declared here.
[96msrc/bot/bot.update.ts[0m:[93m808[0m:[93m80[0m - [91merror[0m[90m TS2448: [0mBlock-scoped variable 'norm' used before its declaration.

[7m808[0m             if (norm.includes('indicadores') && norm.includes('vacunacion') && norm.includes('municipio')) {
[7m   [0m [91m                                                                               ~~~~[0m

  [96msrc/bot/bot.update.ts[0m:[93m1755[0m:[93m19[0m
    [7m1755[0m             const norm = normalizeString(text);
    [7m    [0m [96m                  ~~~~[0m
    'norm' is declared here.
[96msrc/bot/bot.update.ts[0m:[93m809[0m:[93m21[0m - [91merror[0m[90m TS2304: [0mCannot find name 'detectedRegion'.

[7m809[0m                 if (detectedRegion) {
[7m   [0m [91m                    ~~~~~~~~~~~~~~[0m
[96msrc/bot/bot.update.ts[0m:[93m810[0m:[93m46[0m - [91merror[0m[90m TS2532: [0mObject is possibly 'undefined'.

[7m810[0m                     const indicators = await this.vaccinationService.getAvailableIndicatorsByMunicipio(detectedRegion);
[7m   [0m [91m                                             ~~~~[0m
[96msrc/bot/bot.update.ts[0m:[93m810[0m:[93m104[0m - [91merror[0m[90m TS2304: [0mCannot find name 'detectedRegion'.

[7m810[0m                     const indicators = await this.vaccinationService.getAvailableIndicatorsByMunicipio(detectedRegion);
[7m   [0m [91m                                                                                                       ~~~~~~~~~~~~~~[0m
[96msrc/bot/bot.update.ts[0m:[93m812[0m:[93m91[0m - [91merror[0m[90m TS2304: [0mCannot find name 'detectedRegion'.

[7m812[0m                         const response = `📊 **Indicadores de vacunación disponibles en ${detectedRegion}:**\n\n${indicators.map(i => `• ${i}`).join('\n')}`;
[7m   [0m [91m                                                                                          ~~~~~~~~~~~~~~[0m
[96msrc/bot/bot.update.ts[0m:[93m813[0m:[93m31[0m - [91merror[0m[90m TS2532: [0mObject is possibly 'undefined'.

[7m813[0m                         await this.sendLongMessage(ctx, response, { parse_mode: 'Markdown' });
[7m   [0m [91m                              ~~~~[0m
[96msrc/bot/bot.update.ts[0m:[93m813[0m:[93m52[0m - [91merror[0m[90m TS2304: [0mCannot find name 'ctx'.

[7m813[0m                         await this.sendLongMessage(ctx, response, { parse_mode: 'Markdown' });
[7m   [0m [91m                                                   ~~~[0m
[96msrc/bot/bot.update.ts[0m:[93m816[0m:[93m31[0m - [91merror[0m[90m TS2304: [0mCannot find name 'ctx'.

[7m816[0m                         await ctx.reply(`No se encontraron indicadores de vacunación para ${detectedRegion}.`);
[7m   [0m [91m                              ~~~[0m
[96msrc/bot/bot.update.ts[0m:[93m816[0m:[93m93[0m - [91merror[0m[90m TS2304: [0mCannot find name 'detectedRegion'.

[7m816[0m                         await ctx.reply(`No se encontraron indicadores de vacunación para ${detectedRegion}.`);
[7m   [0m [91m                                                                                            ~~~~~~~~~~~~~~[0m
[96msrc/bot/bot.update.ts[0m:[93m820[0m:[93m23[0m - [91merror[0m[90m TS2304: [0mCannot find name 'ctx'.

[7m820[0m                 await ctx.reply('📍 ¿Para qué municipio deseas consultar los indicadores de vacunación?');
[7m   [0m [91m                      ~~~[0m
[96msrc/bot/bot.update.ts[0m:[93m825[0m:[93m17[0m - [91merror[0m[90m TS2448: [0mBlock-scoped variable 'norm' used before its declaration.

[7m825[0m             if (norm.includes('indicadores') && norm.includes('vacunacion') && norm.includes('departamento') && detectedRegion) {
[7m   [0m [91m                ~~~~[0m

  [96msrc/bot/bot.update.ts[0m:[93m1755[0m:[93m19[0m
    [7m1755[0m             const norm = normalizeString(text);
    [7m    [0m [96m                  ~~~~[0m
    'norm' is declared here.
[96msrc/bot/bot.update.ts[0m:[93m825[0m:[93m49[0m - [91merror[0m[90m TS2448: [0mBlock-scoped variable 'norm' used before its declaration.

[7m825[0m             if (norm.includes('indicadores') && norm.includes('vacunacion') && norm.includes('departamento') && detectedRegion) {
[7m   [0m [91m                                                ~~~~[0m

  [96msrc/bot/bot.update.ts[0m:[93m1755[0m:[93m19[0m
    [7m1755[0m             const norm = normalizeString(text);
    [7m    [0m [96m                  ~~~~[0m
    'norm' is declared here.
[96msrc/bot/bot.update.ts[0m:[93m825[0m:[93m80[0m - [91merror[0m[90m TS2448: [0mBlock-scoped variable 'norm' used before its declaration.

[7m825[0m             if (norm.includes('indicadores') && norm.includes('vacunacion') && norm.includes('departamento') && detectedRegion) {
[7m   [0m [91m                                                                               ~~~~[0m

  [96msrc/bot/bot.update.ts[0m:[93m1755[0m:[93m19[0m
    [7m1755[0m             const norm = normalizeString(text);
    [7m    [0m [96m                  ~~~~[0m
    'norm' is declared here.
[96msrc/bot/bot.update.ts[0m:[93m825[0m:[93m113[0m - [91merror[0m[90m TS2304: [0mCannot find name 'detectedRegion'.

[7m825[0m             if (norm.includes('indicadores') && norm.includes('vacunacion') && norm.includes('departamento') && detectedRegion) {
[7m   [0m [91m                                                                                                                ~~~~~~~~~~~~~~[0m
[96msrc/bot/bot.update.ts[0m:[93m826[0m:[93m37[0m - [91merror[0m[90m TS2532: [0mObject is possibly 'undefined'.

[7m826[0m                 const stats = await this.vaccinationService.getVaccinationStatsByDepartment(detectedRegion);
[7m   [0m [91m                                    ~~~~[0m
[96msrc/bot/bot.update.ts[0m:[93m826[0m:[93m93[0m - [91merror[0m[90m TS2304: [0mCannot find name 'detectedRegion'.

[7m826[0m                 const stats = await this.vaccinationService.getVaccinationStatsByDepartment(detectedRegion);
[7m   [0m [91m                                                                                            ~~~~~~~~~~~~~~[0m
[96msrc/bot/bot.update.ts[0m:[93m827[0m:[93m23[0m - [91merror[0m[90m TS2304: [0mCannot find name 'ctx'.

[7m827[0m                 await ctx.reply(stats, { parse_mode: 'Markdown' });
[7m   [0m [91m                      ~~~[0m
[96msrc/bot/bot.update.ts[0m:[93m832[0m:[93m17[0m - [91merror[0m[90m TS2448: [0mBlock-scoped variable 'norm' used before its declaration.

[7m832[0m             if (norm.includes('indicadores') && norm.includes('vacunacion') && norm.includes('municipio') && detectedRegion) {
[7m   [0m [91m                ~~~~[0m

  [96msrc/bot/bot.update.ts[0m:[93m1755[0m:[93m19[0m
    [7m1755[0m             const norm = normalizeString(text);
    [7m    [0m [96m                  ~~~~[0m
    'norm' is declared here.
[96msrc/bot/bot.update.ts[0m:[93m832[0m:[93m49[0m - [91merror[0m[90m TS2448: [0mBlock-scoped variable 'norm' used before its declaration.

[7m832[0m             if (norm.includes('indicadores') && norm.includes('vacunacion') && norm.includes('municipio') && detectedRegion) {
[7m   [0m [91m                                                ~~~~[0m

  [96msrc/bot/bot.update.ts[0m:[93m1755[0m:[93m19[0m
    [7m1755[0m             const norm = normalizeString(text);
    [7m    [0m [96m                  ~~~~[0m
    'norm' is declared here.
[96msrc/bot/bot.update.ts[0m:[93m832[0m:[93m80[0m - [91merror[0m[90m TS2448: [0mBlock-scoped variable 'norm' used before its declaration.

[7m832[0m             if (norm.includes('indicadores') && norm.includes('vacunacion') && norm.includes('municipio') && detectedRegion) {
[7m   [0m [91m                                                                               ~~~~[0m

  [96msrc/bot/bot.update.ts[0m:[93m1755[0m:[93m19[0m
    [7m1755[0m             const norm = normalizeString(text);
    [7m    [0m [96m                  ~~~~[0m
    'norm' is declared here.
[96msrc/bot/bot.update.ts[0m:[93m832[0m:[93m110[0m - [91merror[0m[90m TS2304: [0mCannot find name 'detectedRegion'.

[7m832[0m             if (norm.includes('indicadores') && norm.includes('vacunacion') && norm.includes('municipio') && detectedRegion) {
[7m   [0m [91m                                                                                                             ~~~~~~~~~~~~~~[0m
[96msrc/bot/bot.update.ts[0m:[93m833[0m:[93m37[0m - [91merror[0m[90m TS2532: [0mObject is possibly 'undefined'.

[7m833[0m                 const stats = await this.vaccinationService.getVaccinationStatsByMunicipio(detectedRegion);
[7m   [0m [91m                                    ~~~~[0m
[96msrc/bot/bot.update.ts[0m:[93m833[0m:[93m92[0m - [91merror[0m[90m TS2304: [0mCannot find name 'detectedRegion'.

[7m833[0m                 const stats = await this.vaccinationService.getVaccinationStatsByMunicipio(detectedRegion);
[7m   [0m [91m                                                                                           ~~~~~~~~~~~~~~[0m
[96msrc/bot/bot.update.ts[0m:[93m834[0m:[93m23[0m - [91merror[0m[90m TS2304: [0mCannot find name 'ctx'.

[7m834[0m                 await ctx.reply(stats, { parse_mode: 'Markdown' });
[7m   [0m [91m                      ~~~[0m
[96msrc/bot/bot.update.ts[0m:[93m839[0m:[93m17[0m - [91merror[0m[90m TS2448: [0mBlock-scoped variable 'norm' used before its declaration.

[7m839[0m             if (norm.includes('top') && norm.includes('vacunacion') && (norm.includes('departamentos') || norm.includes('departamento'))) {
[7m   [0m [91m                ~~~~[0m

  [96msrc/bot/bot.update.ts[0m:[93m1755[0m:[93m19[0m
    [7m1755[0m             const norm = normalizeString(text);
    [7m    [0m [96m                  ~~~~[0m
    'norm' is declared here.
[96msrc/bot/bot.update.ts[0m:[93m839[0m:[93m41[0m - [91merror[0m[90m TS2448: [0mBlock-scoped variable 'norm' used before its declaration.

[7m839[0m             if (norm.includes('top') && norm.includes('vacunacion') && (norm.includes('departamentos') || norm.includes('departamento'))) {
[7m   [0m [91m                                        ~~~~[0m

  [96msrc/bot/bot.update.ts[0m:[93m1755[0m:[93m19[0m
    [7m1755[0m             const norm = normalizeString(text);
    [7m    [0m [96m                  ~~~~[0m
    'norm' is declared here.
[96msrc/bot/bot.update.ts[0m:[93m839[0m:[93m73[0m - [91merror[0m[90m TS2448: [0mBlock-scoped variable 'norm' used before its declaration.

[7m839[0m             if (norm.includes('top') && norm.includes('vacunacion') && (norm.includes('departamentos') || norm.includes('departamento'))) {
[7m   [0m [91m                                                                        ~~~~[0m

  [96msrc/bot/bot.update.ts[0m:[93m1755[0m:[93m19[0m
    [7m1755[0m             const norm = normalizeString(text);
    [7m    [0m [96m                  ~~~~[0m
    'norm' is declared here.
[96msrc/bot/bot.update.ts[0m:[93m839[0m:[93m107[0m - [91merror[0m[90m TS2448: [0mBlock-scoped variable 'norm' used before its declaration.

[7m839[0m             if (norm.includes('top') && norm.includes('vacunacion') && (norm.includes('departamentos') || norm.includes('departamento'))) {
[7m   [0m [91m                                                                                                          ~~~~[0m

  [96msrc/bot/bot.update.ts[0m:[93m1755[0m:[93m19[0m
    [7m1755[0m             const norm = normalizeString(text);
    [7m    [0m [96m                  ~~~~[0m
    'norm' is declared here.
[96msrc/bot/bot.update.ts[0m:[93m840[0m:[93m40[0m - [91merror[0m[90m TS2532: [0mObject is possibly 'undefined'.

[7m840[0m                 const topDepts = await this.vaccinationService.getTopDepartmentsByCoverage();
[7m   [0m [91m                                       ~~~~[0m
[96msrc/bot/bot.update.ts[0m:[93m843[0m:[93m27[0m - [91merror[0m[90m TS2532: [0mObject is possibly 'undefined'.

[7m843[0m                     await this.sendLongMessage(ctx, response, { parse_mode: 'Markdown' });
[7m   [0m [91m                          ~~~~[0m
[96msrc/bot/bot.update.ts[0m:[93m843[0m:[93m48[0m - [91merror[0m[90m TS2304: [0mCannot find name 'ctx'.

[7m843[0m                     await this.sendLongMessage(ctx, response, { parse_mode: 'Markdown' });
[7m   [0m [91m                                               ~~~[0m
[96msrc/bot/bot.update.ts[0m:[93m849[0m:[93m36[0m - [91merror[0m[90m TS2304: [0mCannot find name 'text'.

[7m849[0m             const biologicoMatch = text.match(/(?:biol[oó]gico(?:s)?(?:\s+de)?\s*[:\-]?\s*|vacunas?\s+de\s+)([a-z0-9áéíóúñÁÉÍÓÚÑ\s]+)/i);
[7m   [0m [91m                                   ~~~~[0m
[96msrc/bot/bot.update.ts[0m:[93m850[0m:[93m18[0m - [91merror[0m[90m TS2448: [0mBlock-scoped variable 'norm' used before its declaration.

[7m850[0m             if ((norm.includes('biolog') || norm.includes('tipo biol')) && !norm.includes('indicadores') && !norm.includes('estadisticas')) {
[7m   [0m [91m                 ~~~~[0m

  [96msrc/bot/bot.update.ts[0m:[93m1755[0m:[93m19[0m
    [7m1755[0m             const norm = normalizeString(text);
    [7m    [0m [96m                  ~~~~[0m
    'norm' is declared here.
[96msrc/bot/bot.update.ts[0m:[93m850[0m:[93m45[0m - [91merror[0m[90m TS2448: [0mBlock-scoped variable 'norm' used before its declaration.

[7m850[0m             if ((norm.includes('biolog') || norm.includes('tipo biol')) && !norm.includes('indicadores') && !norm.includes('estadisticas')) {
[7m   [0m [91m                                            ~~~~[0m

  [96msrc/bot/bot.update.ts[0m:[93m1755[0m:[93m19[0m
    [7m1755[0m             const norm = normalizeString(text);
    [7m    [0m [96m                  ~~~~[0m
    'norm' is declared here.
[96msrc/bot/bot.update.ts[0m:[93m850[0m:[93m77[0m - [91merror[0m[90m TS2448: [0mBlock-scoped variable 'norm' used before its declaration.

[7m850[0m             if ((norm.includes('biolog') || norm.includes('tipo biol')) && !norm.includes('indicadores') && !norm.includes('estadisticas')) {
[7m   [0m [91m                                                                            ~~~~[0m

  [96msrc/bot/bot.update.ts[0m:[93m1755[0m:[93m19[0m
    [7m1755[0m             const norm = normalizeString(text);
    [7m    [0m [96m                  ~~~~[0m
    'norm' is declared here.
[96msrc/bot/bot.update.ts[0m:[93m850[0m:[93m110[0m - [91merror[0m[90m TS2448: [0mBlock-scoped variable 'norm' used before its declaration.

[7m850[0m             if ((norm.includes('biolog') || norm.includes('tipo biol')) && !norm.includes('indicadores') && !norm.includes('estadisticas')) {
[7m   [0m [91m                                                                                                             ~~~~[0m

  [96msrc/bot/bot.update.ts[0m:[93m1755[0m:[93m19[0m
    [7m1755[0m             const norm = normalizeString(text);
    [7m    [0m [96m                  ~~~~[0m
    'norm' is declared here.
[96msrc/bot/bot.update.ts[0m:[93m853[0m:[93m27[0m - [91merror[0m[90m TS2304: [0mCannot find name 'ctx'.

[7m853[0m                     await ctx.reply('📍 ¿Cuál es el tipo biológico o vacuna que deseas filtrar?');
[7m   [0m [91m                          ~~~[0m
[96msrc/bot/bot.update.ts[0m:[93m854[0m:[93m25[0m - [91merror[0m[90m TS2304: [0mCannot find name 'userId'.

[7m854[0m                     if (userId) {
[7m   [0m [91m                        ~~~~~~[0m
[96msrc/bot/bot.update.ts[0m:[93m855[0m:[93m25[0m - [91merror[0m[90m TS2532: [0mObject is possibly 'undefined'.

[7m855[0m                         this.userState.set(userId, { intent: 'vaccination_filter_biologico' });
[7m   [0m [91m                        ~~~~[0m
[96msrc/bot/bot.update.ts[0m:[93m855[0m:[93m44[0m - [91merror[0m[90m TS2304: [0mCannot find name 'userId'.

[7m855[0m                         this.userState.set(userId, { intent: 'vaccination_filter_biologico' });
[7m   [0m [91m                                           ~~~~~~[0m
[96msrc/bot/bot.update.ts[0m:[93m860[0m:[93m39[0m - [91merror[0m[90m TS2532: [0mObject is possibly 'undefined'.

[7m860[0m                 const results = await this.vaccinationService.getVaccinationByBiologico(biologico);
[7m   [0m [91m                                      ~~~~[0m
[96msrc/bot/bot.update.ts[0m:[93m862[0m:[93m27[0m - [91merror[0m[90m TS2304: [0mCannot find name 'ctx'.

[7m862[0m                     await ctx.reply(`No encontré registros de vacunación para el biológico "${biologico}".`);
[7m   [0m [91m                          ~~~[0m
[96msrc/bot/bot.update.ts[0m:[93m867[0m:[93m23[0m - [91merror[0m[90m TS2532: [0mObject is possibly 'undefined'.

[7m867[0m                 await this.sendLongMessage(ctx, response, { parse_mode: 'Markdown' });
[7m   [0m [91m                      ~~~~[0m
[96msrc/bot/bot.update.ts[0m:[93m867[0m:[93m44[0m - [91merror[0m[90m TS2304: [0mCannot find name 'ctx'.

[7m867[0m                 await this.sendLongMessage(ctx, response, { parse_mode: 'Markdown' });
[7m   [0m [91m                                           ~~~[0m
[96msrc/bot/bot.update.ts[0m:[93m872[0m:[93m18[0m - [91merror[0m[90m TS2448: [0mBlock-scoped variable 'norm' used before its declaration.

[7m872[0m             if ((norm.includes('filtra') || norm.includes('filtro') || norm.includes('buscar') || norm.includes('consulta') || norm.includes('criterios')) &&
[7m   [0m [91m                 ~~~~[0m

  [96msrc/bot/bot.update.ts[0m:[93m1755[0m:[93m19[0m
    [7m1755[0m             const norm = normalizeString(text);
    [7m    [0m [96m                  ~~~~[0m
    'norm' is declared here.
[96msrc/bot/bot.update.ts[0m:[93m872[0m:[93m45[0m - [91merror[0m[90m TS2448: [0mBlock-scoped variable 'norm' used before its declaration.

[7m872[0m             if ((norm.includes('filtra') || norm.includes('filtro') || norm.includes('buscar') || norm.includes('consulta') || norm.includes('criterios')) &&
[7m   [0m [91m                                            ~~~~[0m

  [96msrc/bot/bot.update.ts[0m:[93m1755[0m:[93m19[0m
    [7m1755[0m             const norm = normalizeString(text);
    [7m    [0m [96m                  ~~~~[0m
    'norm' is declared here.
[96msrc/bot/bot.update.ts[0m:[93m872[0m:[93m72[0m - [91merror[0m[90m TS2448: [0mBlock-scoped variable 'norm' used before its declaration.

[7m872[0m             if ((norm.includes('filtra') || norm.includes('filtro') || norm.includes('buscar') || norm.includes('consulta') || norm.includes('criterios')) &&
[7m   [0m [91m                                                                       ~~~~[0m

  [96msrc/bot/bot.update.ts[0m:[93m1755[0m:[93m19[0m
    [7m1755[0m             const norm = normalizeString(text);
    [7m    [0m [96m                  ~~~~[0m
    'norm' is declared here.
[96msrc/bot/bot.update.ts[0m:[93m872[0m:[93m99[0m - [91merror[0m[90m TS2448: [0mBlock-scoped variable 'norm' used before its declaration.

[7m872[0m             if ((norm.includes('filtra') || norm.includes('filtro') || norm.includes('buscar') || norm.includes('consulta') || norm.includes('criterios')) &&
[7m   [0m [91m                                                                                                  ~~~~[0m

  [96msrc/bot/bot.update.ts[0m:[93m1755[0m:[93m19[0m
    [7m1755[0m             const norm = normalizeString(text);
    [7m    [0m [96m                  ~~~~[0m
    'norm' is declared here.
[96msrc/bot/bot.update.ts[0m:[93m872[0m:[93m128[0m - [91merror[0m[90m TS2448: [0mBlock-scoped variable 'norm' used before its declaration.

[7m872[0m             if ((norm.includes('filtra') || norm.includes('filtro') || norm.includes('buscar') || norm.includes('consulta') || norm.includes('criterios')) &&
[7m   [0m [91m                                                                                                                               ~~~~[0m

  [96msrc/bot/bot.update.ts[0m:[93m1755[0m:[93m19[0m
    [7m1755[0m             const norm = normalizeString(text);
    [7m    [0m [96m                  ~~~~[0m
    'norm' is declared here.
[96msrc/bot/bot.update.ts[0m:[93m873[0m:[93m18[0m - [91merror[0m[90m TS2448: [0mBlock-scoped variable 'norm' used before its declaration.

[7m873[0m                 (norm.includes('departamento') || norm.includes('municipio') || norm.includes('biolog') || norm.includes('año') || norm.includes('ano'))) {
[7m   [0m [91m                 ~~~~[0m

  [96msrc/bot/bot.update.ts[0m:[93m1755[0m:[93m19[0m
    [7m1755[0m             const norm = normalizeString(text);
    [7m    [0m [96m                  ~~~~[0m
    'norm' is declared here.
[96msrc/bot/bot.update.ts[0m:[93m873[0m:[93m51[0m - [91merror[0m[90m TS2448: [0mBlock-scoped variable 'norm' used before its declaration.

[7m873[0m                 (norm.includes('departamento') || norm.includes('municipio') || norm.includes('biolog') || norm.includes('año') || norm.includes('ano'))) {
[7m   [0m [91m                                                  ~~~~[0m

  [96msrc/bot/bot.update.ts[0m:[93m1755[0m:[93m19[0m
    [7m1755[0m             const norm = normalizeString(text);
    [7m    [0m [96m                  ~~~~[0m
    'norm' is declared here.
[96msrc/bot/bot.update.ts[0m:[93m873[0m:[93m81[0m - [91merror[0m[90m TS2448: [0mBlock-scoped variable 'norm' used before its declaration.

[7m873[0m                 (norm.includes('departamento') || norm.includes('municipio') || norm.includes('biolog') || norm.includes('año') || norm.includes('ano'))) {
[7m   [0m [91m                                                                                ~~~~[0m

  [96msrc/bot/bot.update.ts[0m:[93m1755[0m:[93m19[0m
    [7m1755[0m             const norm = normalizeString(text);
    [7m    [0m [96m                  ~~~~[0m
    'norm' is declared here.
[96msrc/bot/bot.update.ts[0m:[93m873[0m:[93m108[0m - [91merror[0m[90m TS2448: [0mBlock-scoped variable 'norm' used before its declaration.

[7m873[0m                 (norm.includes('departamento') || norm.includes('municipio') || norm.includes('biolog') || norm.includes('año') || norm.includes('ano'))) {
[7m   [0m [91m                                                                                                           ~~~~[0m

  [96msrc/bot/bot.update.ts[0m:[93m1755[0m:[93m19[0m
    [7m1755[0m             const norm = normalizeString(text);
    [7m    [0m [96m                  ~~~~[0m
    'norm' is declared here.
[96msrc/bot/bot.update.ts[0m:[93m873[0m:[93m132[0m - [91merror[0m[90m TS2448: [0mBlock-scoped variable 'norm' used before its declaration.

[7m873[0m                 (norm.includes('departamento') || norm.includes('municipio') || norm.includes('biolog') || norm.includes('año') || norm.includes('ano'))) {
[7m   [0m [91m                                                                                                                                   ~~~~[0m

  [96msrc/bot/bot.update.ts[0m:[93m1755[0m:[93m19[0m
    [7m1755[0m             const norm = normalizeString(text);
    [7m    [0m [96m                  ~~~~[0m
    'norm' is declared here.
[96msrc/bot/bot.update.ts[0m:[93m875[0m:[93m35[0m - [91merror[0m[90m TS2304: [0mCannot find name 'text'.

[7m875[0m                 const deptMatch = text.match(/departamento(?:\s+de)?\s+([a-záéíóúñÁÉÍÓÚÑ\s]+)/i);
[7m   [0m [91m                                  ~~~~[0m
[96msrc/bot/bot.update.ts[0m:[93m876[0m:[93m35[0m - [91merror[0m[90m TS2304: [0mCannot find name 'text'.

[7m876[0m                 const muniMatch = text.match(/municipio(?:\s+de)?\s+([a-záéíóúñÁÉÍÓÚÑ\s]+)/i);
[7m   [0m [91m                                  ~~~~[0m
[96msrc/bot/bot.update.ts[0m:[93m877[0m:[93m44[0m - [91merror[0m[90m TS2304: [0mCannot find name 'text'.

[7m877[0m                 const biologicoTextMatch = text.match(/(?:biol[oó]gico(?:s)?(?:\s+de)?\s*[:\-]?\s*|vacunas?\s+de\s+)([a-z0-9áéíóúñÁÉÍÓÚÑ\s]+)/i);
[7m   [0m [91m                                           ~~~~[0m
[96msrc/bot/bot.update.ts[0m:[93m878[0m:[93m35[0m - [91merror[0m[90m TS2304: [0mCannot find name 'text'.

[7m878[0m                 const yearMatch = text.match(/\b(19|20)\d{2}\b/);
[7m   [0m [91m                                  ~~~~[0m
[96msrc/bot/bot.update.ts[0m:[93m894[0m:[93m27[0m - [91merror[0m[90m TS2304: [0mCannot find name 'ctx'.

[7m894[0m                     await ctx.reply('📍 ¿Qué criterios quieres usar para la búsqueda de vacunación? Puedes especificar departamento, municipio, tipo biológico o año.');
[7m   [0m [91m                          ~~~[0m
[96msrc/bot/bot.update.ts[0m:[93m895[0m:[93m25[0m - [91merror[0m[90m TS2304: [0mCannot find name 'userId'.

[7m895[0m                     if (userId) {
[7m   [0m [91m                        ~~~~~~[0m
[96msrc/bot/bot.update.ts[0m:[93m896[0m:[93m25[0m - [91merror[0m[90m TS2532: [0mObject is possibly 'undefined'.

[7m896[0m                         this.userState.set(userId, { intent: 'vaccination_search_criteria' });
[7m   [0m [91m                        ~~~~[0m
[96msrc/bot/bot.update.ts[0m:[93m896[0m:[93m44[0m - [91merror[0m[90m TS2304: [0mCannot find name 'userId'.

[7m896[0m                         this.userState.set(userId, { intent: 'vaccination_search_criteria' });
[7m   [0m [91m                                           ~~~~~~[0m
[96msrc/bot/bot.update.ts[0m:[93m901[0m:[93m39[0m - [91merror[0m[90m TS2532: [0mObject is possibly 'undefined'.

[7m901[0m                 const results = await this.vaccinationService.searchVaccinationData(criteria);
[7m   [0m [91m                                      ~~~~[0m
[96msrc/bot/bot.update.ts[0m:[93m903[0m:[93m27[0m - [91merror[0m[90m TS2304: [0mCannot find name 'ctx'.

[7m903[0m                     await ctx.reply('No encontré resultados de vacunación con los criterios indicados.');
[7m   [0m [91m                          ~~~[0m
[96msrc/bot/bot.update.ts[0m:[93m908[0m:[93m23[0m - [91merror[0m[90m TS2532: [0mObject is possibly 'undefined'.

[7m908[0m                 await this.sendLongMessage(ctx, response, { parse_mode: 'Markdown' });
[7m   [0m [91m                      ~~~~[0m
[96msrc/bot/bot.update.ts[0m:[93m908[0m:[93m44[0m - [91merror[0m[90m TS2304: [0mCannot find name 'ctx'.

[7m908[0m                 await this.sendLongMessage(ctx, response, { parse_mode: 'Markdown' });
[7m   [0m [91m                                           ~~~[0m
[96msrc/bot/bot.update.ts[0m:[93m913[0m:[93m18[0m - [91merror[0m[90m TS2448: [0mBlock-scoped variable 'norm' used before its declaration.

[7m913[0m             if ((norm.includes('resumen') && norm.includes('vacunacion')) || (norm.includes('vacunacion') && norm.includes('año')) || (norm.includes('vacunacion') && norm.includes('ano'))) {
[7m   [0m [91m                 ~~~~[0m

  [96msrc/bot/bot.update.ts[0m:[93m1755[0m:[93m19[0m
    [7m1755[0m             const norm = normalizeString(text);
    [7m    [0m [96m                  ~~~~[0m
    'norm' is declared here.
[96msrc/bot/bot.update.ts[0m:[93m913[0m:[93m46[0m - [91merror[0m[90m TS2448: [0mBlock-scoped variable 'norm' used before its declaration.

[7m913[0m             if ((norm.includes('resumen') && norm.includes('vacunacion')) || (norm.includes('vacunacion') && norm.includes('año')) || (norm.includes('vacunacion') && norm.includes('ano'))) {
[7m   [0m [91m                                             ~~~~[0m

  [96msrc/bot/bot.update.ts[0m:[93m1755[0m:[93m19[0m
    [7m1755[0m             const norm = normalizeString(text);
    [7m    [0m [96m                  ~~~~[0m
    'norm' is declared here.
[96msrc/bot/bot.update.ts[0m:[93m913[0m:[93m79[0m - [91merror[0m[90m TS2448: [0mBlock-scoped variable 'norm' used before its declaration.

[7m913[0m             if ((norm.includes('resumen') && norm.includes('vacunacion')) || (norm.includes('vacunacion') && norm.includes('año')) || (norm.includes('vacunacion') && norm.includes('ano'))) {
[7m   [0m [91m                                                                              ~~~~[0m

  [96msrc/bot/bot.update.ts[0m:[93m1755[0m:[93m19[0m
    [7m1755[0m             const norm = normalizeString(text);
    [7m    [0m [96m                  ~~~~[0m
    'norm' is declared here.
[96msrc/bot/bot.update.ts[0m:[93m913[0m:[93m110[0m - [91merror[0m[90m TS2448: [0mBlock-scoped variable 'norm' used before its declaration.

[7m913[0m             if ((norm.includes('resumen') && norm.includes('vacunacion')) || (norm.includes('vacunacion') && norm.includes('año')) || (norm.includes('vacunacion') && norm.includes('ano'))) {
[7m   [0m [91m                                                                                                             ~~~~[0m

  [96msrc/bot/bot.update.ts[0m:[93m1755[0m:[93m19[0m
    [7m1755[0m             const norm = normalizeString(text);
    [7m    [0m [96m                  ~~~~[0m
    'norm' is declared here.
[96msrc/bot/bot.update.ts[0m:[93m913[0m:[93m136[0m - [91merror[0m[90m TS2448: [0mBlock-scoped variable 'norm' used before its declaration.

[7m913[0m             if ((norm.includes('resumen') && norm.includes('vacunacion')) || (norm.includes('vacunacion') && norm.includes('año')) || (norm.includes('vacunacion') && norm.includes('ano'))) {
[7m   [0m [91m                                                                                                                                       ~~~~[0m

  [96msrc/bot/bot.update.ts[0m:[93m1755[0m:[93m19[0m
    [7m1755[0m             const norm = normalizeString(text);
    [7m    [0m [96m                  ~~~~[0m
    'norm' is declared here.
[96msrc/bot/bot.update.ts[0m:[93m913[0m:[93m167[0m - [91merror[0m[90m TS2448: [0mBlock-scoped variable 'norm' used before its declaration.

[7m913[0m             if ((norm.includes('resumen') && norm.includes('vacunacion')) || (norm.includes('vacunacion') && norm.includes('año')) || (norm.includes('vacunacion') && norm.includes('ano'))) {
[7m   [0m [91m                                                                                                                                                                      ~~~~[0m

  [96msrc/bot/bot.update.ts[0m:[93m1755[0m:[93m19[0m
    [7m1755[0m             const norm = normalizeString(text);
    [7m    [0m [96m                  ~~~~[0m
    'norm' is declared here.
[96msrc/bot/bot.update.ts[0m:[93m914[0m:[93m39[0m - [91merror[0m[90m TS2532: [0mObject is possibly 'undefined'.

[7m914[0m                 const summary = await this.vaccinationService.getCoverageSummary();
[7m   [0m [91m                                      ~~~~[0m
[96msrc/bot/bot.update.ts[0m:[93m915[0m:[93m23[0m - [91merror[0m[90m TS2304: [0mCannot find name 'ctx'.

[7m915[0m                 await ctx.reply(summary, { parse_mode: 'Markdown' });
[7m   [0m [91m                      ~~~[0m
[96msrc/bot/bot.update.ts[0m:[93m920[0m:[93m18[0m - [91merror[0m[90m TS2448: [0mBlock-scoped variable 'norm' used before its declaration.

[7m920[0m             if ((norm.includes('municipios') || norm.includes('departamentos')) && norm.includes('vacunacion')) {
[7m   [0m [91m                 ~~~~[0m

  [96msrc/bot/bot.update.ts[0m:[93m1755[0m:[93m19[0m
    [7m1755[0m             const norm = normalizeString(text);
    [7m    [0m [96m                  ~~~~[0m
    'norm' is declared here.
[96msrc/bot/bot.update.ts[0m:[93m920[0m:[93m49[0m - [91merror[0m[90m TS2448: [0mBlock-scoped variable 'norm' used before its declaration.

[7m920[0m             if ((norm.includes('municipios') || norm.includes('departamentos')) && norm.includes('vacunacion')) {
[7m   [0m [91m                                                ~~~~[0m

  [96msrc/bot/bot.update.ts[0m:[93m1755[0m:[93m19[0m
    [7m1755[0m             const norm = normalizeString(text);
    [7m    [0m [96m                  ~~~~[0m
    'norm' is declared here.
[96msrc/bot/bot.update.ts[0m:[93m920[0m:[93m84[0m - [91merror[0m[90m TS2448: [0mBlock-scoped variable 'norm' used before its declaration.

[7m920[0m             if ((norm.includes('municipios') || norm.includes('departamentos')) && norm.includes('vacunacion')) {
[7m   [0m [91m                                                                                   ~~~~[0m

  [96msrc/bot/bot.update.ts[0m:[93m1755[0m:[93m19[0m
    [7m1755[0m             const norm = normalizeString(text);
    [7m    [0m [96m                  ~~~~[0m
    'norm' is declared here.
[96msrc/bot/bot.update.ts[0m:[93m921[0m:[93m38[0m - [91merror[0m[90m TS2532: [0mObject is possibly 'undefined'.

[7m921[0m                 const deptos = await this.vaccinationService.getAllDepartament();
[7m   [0m [91m                                     ~~~~[0m
[96msrc/bot/bot.update.ts[0m:[93m922[0m:[93m42[0m - [91merror[0m[90m TS2532: [0mObject is possibly 'undefined'.

[7m922[0m                 const municipios = await this.vaccinationService.getAllMunicipios();
[7m   [0m [91m                                         ~~~~[0m
[96msrc/bot/bot.update.ts[0m:[93m924[0m:[93m23[0m - [91merror[0m[90m TS2532: [0mObject is possibly 'undefined'.

[7m924[0m                 await this.sendLongMessage(ctx, response, { parse_mode: 'Markdown' });
[7m   [0m [91m                      ~~~~[0m
[96msrc/bot/bot.update.ts[0m:[93m924[0m:[93m44[0m - [91merror[0m[90m TS2304: [0mCannot find name 'ctx'.

[7m924[0m                 await this.sendLongMessage(ctx, response, { parse_mode: 'Markdown' });
[7m   [0m [91m                                           ~~~[0m
[96msrc/bot/bot.update.ts[0m:[93m930[0m:[93m17[0m - [91merror[0m[90m TS2448: [0mBlock-scoped variable 'norm' used before its declaration.

[7m930[0m                 norm.includes('indicadores') &&
[7m   [0m [91m                ~~~~[0m

  [96msrc/bot/bot.update.ts[0m:[93m1755[0m:[93m19[0m
    [7m1755[0m             const norm = normalizeString(text);
    [7m    [0m [96m                  ~~~~[0m
    'norm' is declared here.
[96msrc/bot/bot.update.ts[0m:[93m931[0m:[93m17[0m - [91merror[0m[90m TS2448: [0mBlock-scoped variable 'norm' used before its declaration.

[7m931[0m                 norm.includes('vacunacion') &&
[7m   [0m [91m                ~~~~[0m

  [96msrc/bot/bot.update.ts[0m:[93m1755[0m:[93m19[0m
    [7m1755[0m             const norm = normalizeString(text);
    [7m    [0m [96m                  ~~~~[0m
    'norm' is declared here.
[96msrc/bot/bot.update.ts[0m:[93m932[0m:[93m18[0m - [91merror[0m[90m TS2448: [0mBlock-scoped variable 'norm' used before its declaration.

[7m932[0m                 (norm.includes('bajos') || norm.includes('bajo') || norm.includes('alto') || norm.includes('altos'))
[7m   [0m [91m                 ~~~~[0m

  [96msrc/bot/bot.update.ts[0m:[93m1755[0m:[93m19[0m
    [7m1755[0m             const norm = normalizeString(text);
    [7m    [0m [96m                  ~~~~[0m
    'norm' is declared here.
[96msrc/bot/bot.update.ts[0m:[93m932[0m:[93m44[0m - [91merror[0m[90m TS2448: [0mBlock-scoped variable 'norm' used before its declaration.

[7m932[0m                 (norm.includes('bajos') || norm.includes('bajo') || norm.includes('alto') || norm.includes('altos'))
[7m   [0m [91m                                           ~~~~[0m

  [96msrc/bot/bot.update.ts[0m:[93m1755[0m:[93m19[0m
    [7m1755[0m             const norm = normalizeString(text);
    [7m    [0m [96m                  ~~~~[0m
    'norm' is declared here.
[96msrc/bot/bot.update.ts[0m:[93m932[0m:[93m69[0m - [91merror[0m[90m TS2448: [0mBlock-scoped variable 'norm' used before its declaration.

[7m932[0m                 (norm.includes('bajos') || norm.includes('bajo') || norm.includes('alto') || norm.includes('altos'))
[7m   [0m [91m                                                                    ~~~~[0m

  [96msrc/bot/bot.update.ts[0m:[93m1755[0m:[93m19[0m
    [7m1755[0m             const norm = normalizeString(text);
    [7m    [0m [96m                  ~~~~[0m
    'norm' is declared here.
[96msrc/bot/bot.update.ts[0m:[93m932[0m:[93m94[0m - [91merror[0m[90m TS2448: [0mBlock-scoped variable 'norm' used before its declaration.

[7m932[0m                 (norm.includes('bajos') || norm.includes('bajo') || norm.includes('alto') || norm.includes('altos'))
[7m   [0m [91m                                                                                             ~~~~[0m

  [96msrc/bot/bot.update.ts[0m:[93m1755[0m:[93m19[0m
    [7m1755[0m             const norm = normalizeString(text);
    [7m    [0m [96m                  ~~~~[0m
    'norm' is declared here.
[96msrc/bot/bot.update.ts[0m:[93m934[0m:[93m13[0m - [91merror[0m[90m TS2532: [0mObject is possibly 'undefined'.

[7m934[0m             this.logger.log(`handleVaccination - bloque altos/bajos? ${matchesIndicatorsLowHigh}, detectedRegion="${detectedRegion}"`);
[7m   [0m [91m            ~~~~[0m
[96msrc/bot/bot.update.ts[0m:[93m934[0m:[93m117[0m - [91merror[0m[90m TS2304: [0mCannot find name 'detectedRegion'.

[7m934[0m             this.logger.log(`handleVaccination - bloque altos/bajos? ${matchesIndicatorsLowHigh}, detectedRegion="${detectedRegion}"`);
[7m   [0m [91m                                                                                                                    ~~~~~~~~~~~~~~[0m
[96msrc/bot/bot.update.ts[0m:[93m936[0m:[93m21[0m - [91merror[0m[90m TS2304: [0mCannot find name 'detectedRegion'.

[7m936[0m                 if (detectedRegion) {
[7m   [0m [91m                    ~~~~~~~~~~~~~~[0m
[96msrc/bot/bot.update.ts[0m:[93m938[0m:[93m50[0m - [91merror[0m[90m TS2532: [0mObject is possibly 'undefined'.

[7m938[0m                     const municipiosList = await this.vaccinationService.getAllMunicipios();
[7m   [0m [91m                                                 ~~~~[0m
[96msrc/bot/bot.update.ts[0m:[93m939[0m:[93m58[0m - [91merror[0m[90m TS2304: [0mCannot find name 'detectedRegion'.

[7m939[0m                     const detectedNorm = normalizeString(detectedRegion);
[7m   [0m [91m                                                         ~~~~~~~~~~~~~~[0m
[96msrc/bot/bot.update.ts[0m:[93m946[0m:[93m47[0m - [91merror[0m[90m TS2532: [0mObject is possibly 'undefined'.

[7m946[0m                         const highest = await this.vaccinationService.getHighestIndicatorsByMunicipio(matchedMunicipio);
[7m   [0m [91m                                              ~~~~[0m
[96msrc/bot/bot.update.ts[0m:[93m947[0m:[93m46[0m - [91merror[0m[90m TS2532: [0mObject is possibly 'undefined'.

[7m947[0m                         const lowest = await this.vaccinationService.getLowestIndicatorsByMunicipio(matchedMunicipio);
[7m   [0m [91m                                             ~~~~[0m
[96msrc/bot/bot.update.ts[0m:[93m955[0m:[93m31[0m - [91merror[0m[90m TS2532: [0mObject is possibly 'undefined'.

[7m955[0m                         await this.sendLongMessage(ctx, response, { parse_mode: 'Markdown' });
[7m   [0m [91m                              ~~~~[0m
[96msrc/bot/bot.update.ts[0m:[93m955[0m:[93m52[0m - [91merror[0m[90m TS2304: [0mCannot find name 'ctx'.

[7m955[0m                         await this.sendLongMessage(ctx, response, { parse_mode: 'Markdown' });
[7m   [0m [91m                                                   ~~~[0m
[96msrc/bot/bot.update.ts[0m:[93m960[0m:[93m47[0m - [91merror[0m[90m TS2532: [0mObject is possibly 'undefined'.

[7m960[0m                     const highestDept = await this.vaccinationService.getHighestIndicatorsByDepartamento(detectedRegion);
[7m   [0m [91m                                              ~~~~[0m
[96msrc/bot/bot.update.ts[0m:[93m960[0m:[93m106[0m - [91merror[0m[90m TS2304: [0mCannot find name 'detectedRegion'.

[7m960[0m                     const highestDept = await this.vaccinationService.getHighestIndicatorsByDepartamento(detectedRegion);
[7m   [0m [91m                                                                                                         ~~~~~~~~~~~~~~[0m
[96msrc/bot/bot.update.ts[0m:[93m961[0m:[93m46[0m - [91merror[0m[90m TS2532: [0mObject is possibly 'undefined'.

[7m961[0m                     const lowestDept = await this.vaccinationService.getLowestIndicatorsByDepartamento(detectedRegion);
[7m   [0m [91m                                             ~~~~[0m
[96msrc/bot/bot.update.ts[0m:[93m961[0m:[93m104[0m - [91merror[0m[90m TS2304: [0mCannot find name 'detectedRegion'.

[7m961[0m                     const lowestDept = await this.vaccinationService.getLowestIndicatorsByDepartamento(detectedRegion);
[7m   [0m [91m                                                                                                       ~~~~~~~~~~~~~~[0m
[96msrc/bot/bot.update.ts[0m:[93m963[0m:[93m76[0m - [91merror[0m[90m TS2304: [0mCannot find name 'detectedRegion'.

[7m963[0m                     let responseDept = `📊 **Indicadores de vacunación - ${detectedRegion}**\n\n`;
[7m   [0m [91m                                                                           ~~~~~~~~~~~~~~[0m
[96msrc/bot/bot.update.ts[0m:[93m970[0m:[93m27[0m - [91merror[0m[90m TS2532: [0mObject is possibly 'undefined'.

[7m970[0m                     await this.sendLongMessage(ctx, responseDept, { parse_mode: 'Markdown' });
[7m   [0m [91m                          ~~~~[0m
[96msrc/bot/bot.update.ts[0m:[93m970[0m:[93m48[0m - [91merror[0m[90m TS2304: [0mCannot find name 'ctx'.

[7m970[0m                     await this.sendLongMessage(ctx, responseDept, { parse_mode: 'Markdown' });
[7m   [0m [91m                                               ~~~[0m
[96msrc/bot/bot.update.ts[0m:[93m974[0m:[93m22[0m - [91merror[0m[90m TS2304: [0mCannot find name 'detectedRegion'.

[7m974[0m                 if (!detectedRegion) {
[7m   [0m [91m                     ~~~~~~~~~~~~~~[0m
[96msrc/bot/bot.update.ts[0m:[93m976[0m:[93m54[0m - [91merror[0m[90m TS2532: [0mObject is possibly 'undefined'.

[7m976[0m                         const municipiosList = await this.vaccinationService.getAllMunicipios();
[7m   [0m [91m                                                     ~~~~[0m
[96msrc/bot/bot.update.ts[0m:[93m977[0m:[93m58[0m - [91merror[0m[90m TS2304: [0mCannot find name 'text'.

[7m977[0m                         const textNorm = normalizeString(text);
[7m   [0m [91m                                                         ~~~~[0m
[96msrc/bot/bot.update.ts[0m:[93m983[0m:[93m51[0m - [91merror[0m[90m TS2532: [0mObject is possibly 'undefined'.

[7m983[0m                             const highest = await this.vaccinationService.getHighestIndicatorsByMunicipio(matchedFromText);
[7m   [0m [91m                                                  ~~~~[0m
[96msrc/bot/bot.update.ts[0m:[93m984[0m:[93m50[0m - [91merror[0m[90m TS2532: [0mObject is possibly 'undefined'.

[7m984[0m                             const lowest = await this.vaccinationService.getLowestIndicatorsByMunicipio(matchedFromText);
[7m   [0m [91m                                                 ~~~~[0m
[96msrc/bot/bot.update.ts[0m:[93m992[0m:[93m35[0m - [91merror[0m[90m TS2532: [0mObject is possibly 'undefined'.

[7m992[0m                             await this.sendLongMessage(ctx, response, { parse_mode: 'Markdown' });
[7m   [0m [91m                                  ~~~~[0m
[96msrc/bot/bot.update.ts[0m:[93m992[0m:[93m56[0m - [91merror[0m[90m TS2304: [0mCannot find name 'ctx'.

[7m992[0m                             await this.sendLongMessage(ctx, response, { parse_mode: 'Markdown' });
[7m   [0m [91m                                                       ~~~[0m
[96msrc/bot/bot.update.ts[0m:[93m996[0m:[93m25[0m - [91merror[0m[90m TS2532: [0mObject is possibly 'undefined'.

[7m996[0m                         this.logger.warn(`Error buscando municipios en texto: ${err.message}`);
[7m   [0m [91m                        ~~~~[0m
[96msrc/bot/bot.update.ts[0m:[93m1001[0m:[93m23[0m - [91merror[0m[90m TS2304: [0mCannot find name 'ctx'.

[7m1001[0m                 await ctx.reply('📍 ¿Para qué **departamento** deseas consultar los indicadores de vacunación (altos/bajos)?', { parse_mode: 'Markdown' });
[7m    [0m [91m                      ~~~[0m
[96msrc/bot/bot.update.ts[0m:[93m1002[0m:[93m21[0m - [91merror[0m[90m TS2304: [0mCannot find name 'userId'.

[7m1002[0m                 if (userId) {
[7m    [0m [91m                    ~~~~~~[0m
[96msrc/bot/bot.update.ts[0m:[93m1003[0m:[93m21[0m - [91merror[0m[90m TS2532: [0mObject is possibly 'undefined'.

[7m1003[0m                     this.userState.set(userId, { intent: 'vaccination_indicators' });
[7m    [0m [91m                    ~~~~[0m
[96msrc/bot/bot.update.ts[0m:[93m1003[0m:[93m40[0m - [91merror[0m[90m TS2304: [0mCannot find name 'userId'.

[7m1003[0m                     this.userState.set(userId, { intent: 'vaccination_indicators' });
[7m    [0m [91m                                       ~~~~~~[0m
[96msrc/bot/bot.update.ts[0m:[93m1009[0m:[93m38[0m - [91merror[0m[90m TS2532: [0mObject is possibly 'undefined'.

[7m1009[0m             const municipios = await this.vaccinationService.getAllMunicipios();
[7m    [0m [91m                                     ~~~~[0m
[96msrc/bot/bot.update.ts[0m:[93m1010[0m:[93m39[0m - [91merror[0m[90m TS2448: [0mBlock-scoped variable 'norm' used before its declaration.

[7m1010[0m             const municipioLowHigh = (norm.includes('indicadores') &&
[7m    [0m [91m                                      ~~~~[0m

  [96msrc/bot/bot.update.ts[0m:[93m1755[0m:[93m19[0m
    [7m1755[0m             const norm = normalizeString(text);
    [7m    [0m [96m                  ~~~~[0m
    'norm' is declared here.
[96msrc/bot/bot.update.ts[0m:[93m1011[0m:[93m17[0m - [91merror[0m[90m TS2448: [0mBlock-scoped variable 'norm' used before its declaration.

[7m1011[0m                 norm.includes('vacunacion') &&
[7m    [0m [91m                ~~~~[0m

  [96msrc/bot/bot.update.ts[0m:[93m1755[0m:[93m19[0m
    [7m1755[0m             const norm = normalizeString(text);
    [7m    [0m [96m                  ~~~~[0m
    'norm' is declared here.
[96msrc/bot/bot.update.ts[0m:[93m1012[0m:[93m18[0m - [91merror[0m[90m TS2448: [0mBlock-scoped variable 'norm' used before its declaration.

[7m1012[0m                 (norm.includes('bajos') || norm.includes('bajo') || norm.includes('alto') || norm.includes('altos'))
[7m    [0m [91m                 ~~~~[0m

  [96msrc/bot/bot.update.ts[0m:[93m1755[0m:[93m19[0m
    [7m1755[0m             const norm = normalizeString(text);
    [7m    [0m [96m                  ~~~~[0m
    'norm' is declared here.
[96msrc/bot/bot.update.ts[0m:[93m1012[0m:[93m44[0m - [91merror[0m[90m TS2448: [0mBlock-scoped variable 'norm' used before its declaration.

[7m1012[0m                 (norm.includes('bajos') || norm.includes('bajo') || norm.includes('alto') || norm.includes('altos'))
[7m    [0m [91m                                           ~~~~[0m

  [96msrc/bot/bot.update.ts[0m:[93m1755[0m:[93m19[0m
    [7m1755[0m             const norm = normalizeString(text);
    [7m    [0m [96m                  ~~~~[0m
    'norm' is declared here.
[96msrc/bot/bot.update.ts[0m:[93m1012[0m:[93m69[0m - [91merror[0m[90m TS2448: [0mBlock-scoped variable 'norm' used before its declaration.

[7m1012[0m                 (norm.includes('bajos') || norm.includes('bajo') || norm.includes('alto') || norm.includes('altos'))
[7m    [0m [91m                                                                    ~~~~[0m

  [96msrc/bot/bot.update.ts[0m:[93m1755[0m:[93m19[0m
    [7m1755[0m             const norm = normalizeString(text);
    [7m    [0m [96m                  ~~~~[0m
    'norm' is declared here.
[96msrc/bot/bot.update.ts[0m:[93m1012[0m:[93m94[0m - [91merror[0m[90m TS2448: [0mBlock-scoped variable 'norm' used before its declaration.

[7m1012[0m                 (norm.includes('bajos') || norm.includes('bajo') || norm.includes('alto') || norm.includes('altos'))
[7m    [0m [91m                                                                                             ~~~~[0m

  [96msrc/bot/bot.update.ts[0m:[93m1755[0m:[93m19[0m
    [7m1755[0m             const norm = normalizeString(text);
    [7m    [0m [96m                  ~~~~[0m
    'norm' is declared here.
[96msrc/bot/bot.update.ts[0m:[93m1016[0m:[93m21[0m - [91merror[0m[90m TS2304: [0mCannot find name 'detectedRegion'.

[7m1016[0m                 if (detectedRegion) {
[7m    [0m [91m                    ~~~~~~~~~~~~~~[0m
[96msrc/bot/bot.update.ts[0m:[93m1017[0m:[93m58[0m - [91merror[0m[90m TS2304: [0mCannot find name 'detectedRegion'.

[7m1017[0m                     const detectedNorm = normalizeString(detectedRegion);
[7m    [0m [91m                                                         ~~~~~~~~~~~~~~[0m
[96msrc/bot/bot.update.ts[0m:[93m1024[0m:[93m47[0m - [91merror[0m[90m TS2532: [0mObject is possibly 'undefined'.

[7m1024[0m                         const highest = await this.vaccinationService.getHighestIndicatorsByMunicipio(matchedMunicipio);
[7m    [0m [91m                                              ~~~~[0m
[96msrc/bot/bot.update.ts[0m:[93m1025[0m:[93m46[0m - [91merror[0m[90m TS2532: [0mObject is possibly 'undefined'.

[7m1025[0m                         const lowest = await this.vaccinationService.getLowestIndicatorsByMunicipio(matchedMunicipio);
[7m    [0m [91m                                             ~~~~[0m
[96msrc/bot/bot.update.ts[0m:[93m1033[0m:[93m31[0m - [91merror[0m[90m TS2532: [0mObject is possibly 'undefined'.

[7m1033[0m                         await this.sendLongMessage(ctx, response, { parse_mode: 'Markdown' });
[7m    [0m [91m                              ~~~~[0m
[96msrc/bot/bot.update.ts[0m:[93m1033[0m:[93m52[0m - [91merror[0m[90m TS2304: [0mCannot find name 'ctx'.

[7m1033[0m                         await this.sendLongMessage(ctx, response, { parse_mode: 'Markdown' });
[7m    [0m [91m                                                   ~~~[0m
[96msrc/bot/bot.update.ts[0m:[93m1039[0m:[93m23[0m - [91merror[0m[90m TS2304: [0mCannot find name 'ctx'.

[7m1039[0m                 await ctx.reply('📍 ¿Para qué **municipio** deseas consultar los indicadores de vacunación (altos/bajos)?', { parse_mode: 'Markdown' });
[7m    [0m [91m                      ~~~[0m
[96msrc/bot/bot.update.ts[0m:[93m1040[0m:[93m21[0m - [91merror[0m[90m TS2304: [0mCannot find name 'userId'.

[7m1040[0m                 if (userId) {
[7m    [0m [91m                    ~~~~~~[0m
[96msrc/bot/bot.update.ts[0m:[93m1041[0m:[93m21[0m - [91merror[0m[90m TS2532: [0mObject is possibly 'undefined'.

[7m1041[0m                     this.userState.set(userId, { intent: 'vaccination_indicators' });
[7m    [0m [91m                    ~~~~[0m
[96msrc/bot/bot.update.ts[0m:[93m1041[0m:[93m40[0m - [91merror[0m[90m TS2304: [0mCannot find name 'userId'.

[7m1041[0m                     this.userState.set(userId, { intent: 'vaccination_indicators' });
[7m    [0m [91m                                       ~~~~~~[0m
[96msrc/bot/bot.update.ts[0m:[93m1048[0m:[93m17[0m - [91merror[0m[90m TS2304: [0mCannot find name 'detectedRegion'.

[7m1048[0m             if (detectedRegion) {
[7m    [0m [91m                ~~~~~~~~~~~~~~[0m
[96msrc/bot/bot.update.ts[0m:[93m1049[0m:[93m40[0m - [91merror[0m[90m TS2532: [0mObject is possibly 'undefined'.

[7m1049[0m                 const coverage = await this.vaccinationService.getCoverageByDepartment(detectedRegion);
[7m    [0m [91m                                       ~~~~[0m
[96msrc/bot/bot.update.ts[0m:[93m1049[0m:[93m88[0m - [91merror[0m[90m TS2304: [0mCannot find name 'detectedRegion'.

[7m1049[0m                 const coverage = await this.vaccinationService.getCoverageByDepartment(detectedRegion);
[7m    [0m [91m                                                                                       ~~~~~~~~~~~~~~[0m
[96msrc/bot/bot.update.ts[0m:[93m1051[0m:[93m73[0m - [91merror[0m[90m TS2304: [0mCannot find name 'detectedRegion'.

[7m1051[0m                     const response = `💉 **Cobertura de vacunación en ${detectedRegion}:**\n\n${coverage.slice(0, 10).map(c => `${c.indicator1 || 'Indicador'}: ${c.cobertura_de_vacunaci_n}% (${c.biol_gico || 'N/A'})`).join('\n')}`;
[7m    [0m [91m                                                                        ~~~~~~~~~~~~~~[0m
[96msrc/bot/bot.update.ts[0m:[93m1052[0m:[93m27[0m - [91merror[0m[90m TS2532: [0mObject is possibly 'undefined'.

[7m1052[0m                     await this.sendLongMessage(ctx, response, { parse_mode: 'Markdown' });
[7m    [0m [91m                          ~~~~[0m
[96msrc/bot/bot.update.ts[0m:[93m1052[0m:[93m48[0m - [91merror[0m[90m TS2304: [0mCannot find name 'ctx'.

[7m1052[0m                     await this.sendLongMessage(ctx, response, { parse_mode: 'Markdown' });
[7m    [0m [91m                                               ~~~[0m
[96msrc/bot/bot.update.ts[0m:[93m1058[0m:[93m37[0m - [91merror[0m[90m TS2532: [0mObject is possibly 'undefined'.

[7m1058[0m             const available = await this.vaccinationService.getAvailabeQuestions();
[7m    [0m [91m                                    ~~~~[0m
[96msrc/bot/bot.update.ts[0m:[93m1059[0m:[93m19[0m - [91merror[0m[90m TS2304: [0mCannot find name 'ctx'.

[7m1059[0m             await ctx.reply(available, { parse_mode: 'Markdown' });
[7m    [0m [91m                  ~~~[0m
[96msrc/bot/bot.update.ts[0m:[93m1060[0m:[93m13[0m - [91merror[0m[90m TS2532: [0mObject is possibly 'undefined'.

[7m1060[0m             this.logger.log(`handleVaccination - respondió con lista general de vacunación`);
[7m    [0m [91m            ~~~~[0m
[96msrc/bot/bot.update.ts[0m:[93m1063[0m:[93m9[0m - [91merror[0m[90m TS2532: [0mObject is possibly 'undefined'.

[7m1063[0m         this.logger.log(`handleVaccination - SALIENDO false, texto no consideró consulta de vacunación`);
[7m    [0m [91m        ~~~~[0m
[96msrc/bot/bot.update.ts[0m:[93m1065[0m:[93m5[0m - [91merror[0m[90m TS1128: [0mDeclaration or statement expected.

[7m1065[0m     }
[7m    [0m [91m    ~[0m
[96msrc/bot/bot.update.ts[0m:[93m1068[0m:[93m5[0m - [91merror[0m[90m TS1128: [0mDeclaration or statement expected.

[7m1068[0m     private async handleAntioquiaQuery(ctx: Context, text: string): Promise<boolean> {
[7m    [0m [91m    ~~~~~~~[0m
[96msrc/bot/bot.update.ts[0m:[93m1068[0m:[93m13[0m - [91merror[0m[90m TS1434: [0mUnexpected keyword or identifier.

[7m1068[0m     private async handleAntioquiaQuery(ctx: Context, text: string): Promise<boolean> {
[7m    [0m [91m            ~~~~~[0m
[96msrc/bot/bot.update.ts[0m:[93m1068[0m:[93m13[0m - [91merror[0m[90m TS2304: [0mCannot find name 'async'.

[7m1068[0m     private async handleAntioquiaQuery(ctx: Context, text: string): Promise<boolean> {
[7m    [0m [91m            ~~~~~[0m
[96msrc/bot/bot.update.ts[0m:[93m1068[0m:[93m19[0m - [91merror[0m[90m TS2304: [0mCannot find name 'handleAntioquiaQuery'.

[7m1068[0m     private async handleAntioquiaQuery(ctx: Context, text: string): Promise<boolean> {
[7m    [0m [91m                  ~~~~~~~~~~~~~~~~~~~~[0m
[96msrc/bot/bot.update.ts[0m:[93m1068[0m:[93m40[0m - [91merror[0m[90m TS2304: [0mCannot find name 'ctx'.

[7m1068[0m     private async handleAntioquiaQuery(ctx: Context, text: string): Promise<boolean> {
[7m    [0m [91m                                       ~~~[0m
[96msrc/bot/bot.update.ts[0m:[93m1068[0m:[93m43[0m - [91merror[0m[90m TS1005: [0m',' expected.

[7m1068[0m     private async handleAntioquiaQuery(ctx: Context, text: string): Promise<boolean> {
[7m    [0m [91m                                          ~[0m
[96msrc/bot/bot.update.ts[0m:[93m1068[0m:[93m54[0m - [91merror[0m[90m TS2304: [0mCannot find name 'text'.

[7m1068[0m     private async handleAntioquiaQuery(ctx: Context, text: string): Promise<boolean> {
[7m    [0m [91m                                                     ~~~~[0m
[96msrc/bot/bot.update.ts[0m:[93m1068[0m:[93m58[0m - [91merror[0m[90m TS1005: [0m',' expected.

[7m1068[0m     private async handleAntioquiaQuery(ctx: Context, text: string): Promise<boolean> {
[7m    [0m [91m                                                         ~[0m
[96msrc/bot/bot.update.ts[0m:[93m1068[0m:[93m60[0m - [91merror[0m[90m TS2693: [0m'string' only refers to a type, but is being used as a value here.

[7m1068[0m     private async handleAntioquiaQuery(ctx: Context, text: string): Promise<boolean> {
[7m    [0m [91m                                                           ~~~~~~[0m
[96msrc/bot/bot.update.ts[0m:[93m1068[0m:[93m67[0m - [91merror[0m[90m TS1005: [0m';' expected.

[7m1068[0m     private async handleAntioquiaQuery(ctx: Context, text: string): Promise<boolean> {
[7m    [0m [91m                                                                  ~[0m
[96msrc/bot/bot.update.ts[0m:[93m1068[0m:[93m69[0m - [91merror[0m[90m TS2365: [0mOperator '>' cannot be applied to types 'boolean' and '{ const: string; if(norm: any): any; "": any; }'.

[7m1068[0m     private async handleAntioquiaQuery(ctx: Context, text: string): Promise<boolean> {
[7m    [0m [91m                                                                    ~~~~~~~~~~~~~~~~~~[0m
[7m1069[0m         const norm = normalizeString(text);
[7m    [0m [91m~~~~~~~~~~~~~~~~~~~~~~~~~~~~~~~~~~~~~~~~~~~[0m
[7m1070[0m 
[7m    [0m [91m[0m
[7m1071[0m         if (norm.includes('analizar riesgo') || norm.includes('riesgos') || norm.includes('riesgo') || norm.includes('analisis de riesgo') || norm.includes('riesgo de')) {
[7m    [0m [91m~~~~~~~~~~~~~~~~~~~~~~~~~~~~~~~~~~~~~~~~~~~~~~~~~~~~~~~~~~~~~~~~~~~~~~~~~~~~~~~~~~~~~~~~~~~~~~~~~~~~~~~~~~~~~~~~~~~~~~~~~~~~~~~~~~~~~~~~~~~~~~~~~~~~~~~~~~~~~~~~~~~~~~~~~[0m
[96msrc/bot/bot.update.ts[0m:[93m1068[0m:[93m77[0m - [91merror[0m[90m TS2693: [0m'boolean' only refers to a type, but is being used as a value here.

[7m1068[0m     private async handleAntioquiaQuery(ctx: Context, text: string): Promise<boolean> {
[7m    [0m [91m                                                                            ~~~~~~~[0m
[96msrc/bot/bot.update.ts[0m:[93m1069[0m:[93m15[0m - [91merror[0m[90m TS1005: [0m':' expected.

[7m1069[0m         const norm = normalizeString(text);
[7m    [0m [91m              ~~~~[0m
[96msrc/bot/bot.update.ts[0m:[93m1069[0m:[93m15[0m - [91merror[0m[90m TS2448: [0mBlock-scoped variable 'norm' used before its declaration.

[7m1069[0m         const norm = normalizeString(text);
[7m    [0m [91m              ~~~~[0m

  [96msrc/bot/bot.update.ts[0m:[93m1755[0m:[93m19[0m
    [7m1755[0m             const norm = normalizeString(text);
    [7m    [0m [96m                  ~~~~[0m
    'norm' is declared here.
[96msrc/bot/bot.update.ts[0m:[93m1069[0m:[93m15[0m - [91merror[0m[90m TS2588: [0mCannot assign to 'norm' because it is a constant.

[7m1069[0m         const norm = normalizeString(text);
[7m    [0m [91m              ~~~~[0m
[96msrc/bot/bot.update.ts[0m:[93m1069[0m:[93m38[0m - [91merror[0m[90m TS2304: [0mCannot find name 'text'.

[7m1069[0m         const norm = normalizeString(text);
[7m    [0m [91m                                     ~~~~[0m
[96msrc/bot/bot.update.ts[0m:[93m1069[0m:[93m43[0m - [91merror[0m[90m TS1005: [0m',' expected.

[7m1069[0m         const norm = normalizeString(text);
[7m    [0m [91m                                          ~[0m
[96msrc/bot/bot.update.ts[0m:[93m1071[0m:[93m17[0m - [91merror[0m[90m TS1005: [0m',' expected.

[7m1071[0m         if (norm.includes('analizar riesgo') || norm.includes('riesgos') || norm.includes('riesgo') || norm.includes('analisis de riesgo') || norm.includes('riesgo de')) {
[7m    [0m [91m                ~[0m
[96msrc/bot/bot.update.ts[0m:[93m1071[0m:[93m49[0m - [91merror[0m[90m TS2448: [0mBlock-scoped variable 'norm' used before its declaration.

[7m1071[0m         if (norm.includes('analizar riesgo') || norm.includes('riesgos') || norm.includes('riesgo') || norm.includes('analisis de riesgo') || norm.includes('riesgo de')) {
[7m    [0m [91m                                                ~~~~[0m

  [96msrc/bot/bot.update.ts[0m:[93m1755[0m:[93m19[0m
    [7m1755[0m             const norm = normalizeString(text);
    [7m    [0m [96m                  ~~~~[0m
    'norm' is declared here.
[96msrc/bot/bot.update.ts[0m:[93m1071[0m:[93m77[0m - [91merror[0m[90m TS2448: [0mBlock-scoped variable 'norm' used before its declaration.

[7m1071[0m         if (norm.includes('analizar riesgo') || norm.includes('riesgos') || norm.includes('riesgo') || norm.includes('analisis de riesgo') || norm.includes('riesgo de')) {
[7m    [0m [91m                                                                            ~~~~[0m

  [96msrc/bot/bot.update.ts[0m:[93m1755[0m:[93m19[0m
    [7m1755[0m             const norm = normalizeString(text);
    [7m    [0m [96m                  ~~~~[0m
    'norm' is declared here.
[96msrc/bot/bot.update.ts[0m:[93m1071[0m:[93m104[0m - [91merror[0m[90m TS2448: [0mBlock-scoped variable 'norm' used before its declaration.

[7m1071[0m         if (norm.includes('analizar riesgo') || norm.includes('riesgos') || norm.includes('riesgo') || norm.includes('analisis de riesgo') || norm.includes('riesgo de')) {
[7m    [0m [91m                                                                                                       ~~~~[0m

  [96msrc/bot/bot.update.ts[0m:[93m1755[0m:[93m19[0m
    [7m1755[0m             const norm = normalizeString(text);
    [7m    [0m [96m                  ~~~~[0m
    'norm' is declared here.
[96msrc/bot/bot.update.ts[0m:[93m1071[0m:[93m143[0m - [91merror[0m[90m TS2448: [0mBlock-scoped variable 'norm' used before its declaration.

[7m1071[0m         if (norm.includes('analizar riesgo') || norm.includes('riesgos') || norm.includes('riesgo') || norm.includes('analisis de riesgo') || norm.includes('riesgo de')) {
[7m    [0m [91m                                                                                                                                              ~~~~[0m

  [96msrc/bot/bot.update.ts[0m:[93m1755[0m:[93m19[0m
    [7m1755[0m             const norm = normalizeString(text);
    [7m    [0m [96m                  ~~~~[0m
    'norm' is declared here.
[96msrc/bot/bot.update.ts[0m:[93m1071[0m:[93m169[0m - [91merror[0m[90m TS1005: [0m',' expected.

[7m1071[0m         if (norm.includes('analizar riesgo') || norm.includes('riesgos') || norm.includes('riesgo') || norm.includes('analisis de riesgo') || norm.includes('riesgo de')) {
[7m    [0m [91m                                                                                                                                                                        ~[0m
[96msrc/bot/bot.update.ts[0m:[93m1071[0m:[93m171[0m - [91merror[0m[90m TS1136: [0mProperty assignment expected.

[7m1071[0m         if (norm.includes('analizar riesgo') || norm.includes('riesgos') || norm.includes('riesgo') || norm.includes('analisis de riesgo') || norm.includes('riesgo de')) {
[7m    [0m [91m                                                                                                                                                                          ~[0m
[96msrc/bot/bot.update.ts[0m:[93m1076[0m:[93m13[0m - [91merror[0m[90m TS2448: [0mBlock-scoped variable 'norm' used before its declaration.

[7m1076[0m         if (norm.includes('vacunacion') || norm.includes('vacunación') || norm.includes('vacunas') || norm.includes('vacun')) {
[7m    [0m [91m            ~~~~[0m

  [96msrc/bot/bot.update.ts[0m:[93m1755[0m:[93m19[0m
    [7m1755[0m             const norm = normalizeString(text);
    [7m    [0m [96m                  ~~~~[0m
    'norm' is declared here.
[96msrc/bot/bot.update.ts[0m:[93m1076[0m:[93m44[0m - [91merror[0m[90m TS2448: [0mBlock-scoped variable 'norm' used before its declaration.

[7m1076[0m         if (norm.includes('vacunacion') || norm.includes('vacunación') || norm.includes('vacunas') || norm.includes('vacun')) {
[7m    [0m [91m                                           ~~~~[0m

  [96msrc/bot/bot.update.ts[0m:[93m1755[0m:[93m19[0m
    [7m1755[0m             const norm = normalizeString(text);
    [7m    [0m [96m                  ~~~~[0m
    'norm' is declared here.
[96msrc/bot/bot.update.ts[0m:[93m1076[0m:[93m75[0m - [91merror[0m[90m TS2448: [0mBlock-scoped variable 'norm' used before its declaration.

[7m1076[0m         if (norm.includes('vacunacion') || norm.includes('vacunación') || norm.includes('vacunas') || norm.includes('vacun')) {
[7m    [0m [91m                                                                          ~~~~[0m

  [96msrc/bot/bot.update.ts[0m:[93m1755[0m:[93m19[0m
    [7m1755[0m             const norm = normalizeString(text);
    [7m    [0m [96m                  ~~~~[0m
    'norm' is declared here.
[96msrc/bot/bot.update.ts[0m:[93m1076[0m:[93m103[0m - [91merror[0m[90m TS2448: [0mBlock-scoped variable 'norm' used before its declaration.

[7m1076[0m         if (norm.includes('vacunacion') || norm.includes('vacunación') || norm.includes('vacunas') || norm.includes('vacun')) {
[7m    [0m [91m                                                                                                      ~~~~[0m

  [96msrc/bot/bot.update.ts[0m:[93m1755[0m:[93m19[0m
    [7m1755[0m             const norm = normalizeString(text);
    [7m    [0m [96m                  ~~~~[0m
    'norm' is declared here.
[96msrc/bot/bot.update.ts[0m:[93m1080[0m:[93m35[0m - [91merror[0m[90m TS2448: [0mBlock-scoped variable 'norm' used before its declaration.

[7m1080[0m         const mentionsAntioquia = norm.includes('antioquia');
[7m    [0m [91m                                  ~~~~[0m

  [96msrc/bot/bot.update.ts[0m:[93m1755[0m:[93m19[0m
    [7m1755[0m             const norm = normalizeString(text);
    [7m    [0m [96m                  ~~~~[0m
    'norm' is declared here.
[96msrc/bot/bot.update.ts[0m:[93m1083[0m:[93m15[0m - [91merror[0m[90m TS2451: [0mCannot redeclare block-scoped variable 'result'.

[7m1083[0m         const result = await this.antioquiaQuestionsService.processAntioquiaQuery(text);
[7m    [0m [91m              ~~~~~~[0m
[96msrc/bot/bot.update.ts[0m:[93m1083[0m:[93m30[0m - [91merror[0m[90m TS2532: [0mObject is possibly 'undefined'.

[7m1083[0m         const result = await this.antioquiaQuestionsService.processAntioquiaQuery(text);
[7m    [0m [91m                             ~~~~[0m
[96msrc/bot/bot.update.ts[0m:[93m1083[0m:[93m83[0m - [91merror[0m[90m TS2304: [0mCannot find name 'text'.

[7m1083[0m         const result = await this.antioquiaQuestionsService.processAntioquiaQuery(text);
[7m    [0m [91m                                                                                  ~~~~[0m
[96msrc/bot/bot.update.ts[0m:[93m1086[0m:[93m15[0m - [91merror[0m[90m TS2532: [0mObject is possibly 'undefined'.

[7m1086[0m         await this.sendLongMessage(ctx, result, { parse_mode: 'Markdown' });
[7m    [0m [91m              ~~~~[0m
[96msrc/bot/bot.update.ts[0m:[93m1086[0m:[93m36[0m - [91merror[0m[90m TS2304: [0mCannot find name 'ctx'.

[7m1086[0m         await this.sendLongMessage(ctx, result, { parse_mode: 'Markdown' });
[7m    [0m [91m                                   ~~~[0m
[96msrc/bot/bot.update.ts[0m:[93m1088[0m:[93m5[0m - [91merror[0m[90m TS1128: [0mDeclaration or statement expected.

[7m1088[0m     }
[7m    [0m [91m    ~[0m
[96msrc/bot/bot.update.ts[0m:[93m1091[0m:[93m5[0m - [91merror[0m[90m TS1128: [0mDeclaration or statement expected.

[7m1091[0m     private async handleServiceCali(ctx: Context, text: string): Promise<boolean> {
[7m    [0m [91m    ~~~~~~~[0m
[96msrc/bot/bot.update.ts[0m:[93m1091[0m:[93m13[0m - [91merror[0m[90m TS1434: [0mUnexpected keyword or identifier.

[7m1091[0m     private async handleServiceCali(ctx: Context, text: string): Promise<boolean> {
[7m    [0m [91m            ~~~~~[0m
[96msrc/bot/bot.update.ts[0m:[93m1091[0m:[93m13[0m - [91merror[0m[90m TS2304: [0mCannot find name 'async'.

[7m1091[0m     private async handleServiceCali(ctx: Context, text: string): Promise<boolean> {
[7m    [0m [91m            ~~~~~[0m
[96msrc/bot/bot.update.ts[0m:[93m1091[0m:[93m19[0m - [91merror[0m[90m TS2304: [0mCannot find name 'handleServiceCali'.

[7m1091[0m     private async handleServiceCali(ctx: Context, text: string): Promise<boolean> {
[7m    [0m [91m                  ~~~~~~~~~~~~~~~~~[0m
[96msrc/bot/bot.update.ts[0m:[93m1091[0m:[93m37[0m - [91merror[0m[90m TS2304: [0mCannot find name 'ctx'.

[7m1091[0m     private async handleServiceCali(ctx: Context, text: string): Promise<boolean> {
[7m    [0m [91m                                    ~~~[0m
[96msrc/bot/bot.update.ts[0m:[93m1091[0m:[93m40[0m - [91merror[0m[90m TS1005: [0m',' expected.

[7m1091[0m     private async handleServiceCali(ctx: Context, text: string): Promise<boolean> {
[7m    [0m [91m                                       ~[0m
[96msrc/bot/bot.update.ts[0m:[93m1091[0m:[93m51[0m - [91merror[0m[90m TS2304: [0mCannot find name 'text'.

[7m1091[0m     private async handleServiceCali(ctx: Context, text: string): Promise<boolean> {
[7m    [0m [91m                                                  ~~~~[0m
[96msrc/bot/bot.update.ts[0m:[93m1091[0m:[93m55[0m - [91merror[0m[90m TS1005: [0m',' expected.

[7m1091[0m     private async handleServiceCali(ctx: Context, text: string): Promise<boolean> {
[7m    [0m [91m                                                      ~[0m
[96msrc/bot/bot.update.ts[0m:[93m1091[0m:[93m57[0m - [91merror[0m[90m TS2693: [0m'string' only refers to a type, but is being used as a value here.

[7m1091[0m     private async handleServiceCali(ctx: Context, text: string): Promise<boolean> {
[7m    [0m [91m                                                        ~~~~~~[0m
[96msrc/bot/bot.update.ts[0m:[93m1091[0m:[93m64[0m - [91merror[0m[90m TS1005: [0m';' expected.

[7m1091[0m     private async handleServiceCali(ctx: Context, text: string): Promise<boolean> {
[7m    [0m [91m                                                               ~[0m
[96msrc/bot/bot.update.ts[0m:[93m1091[0m:[93m66[0m - [91merror[0m[90m TS2365: [0mOperator '>' cannot be applied to types 'boolean' and '{ const: string; if(norm: any): any; "": any; }'.

[7m1091[0m     private async handleServiceCali(ctx: Context, text: string): Promise<boolean> {
[7m    [0m [91m                                                                 ~~~~~~~~~~~~~~~~~~[0m
[7m1092[0m         const norm = normalizeString(text);
[7m    [0m [91m~~~~~~~~~~~~~~~~~~~~~~~~~~~~~~~~~~~~~~~~~~~[0m
[7m ...[0m 
[7m1094[0m         if (norm.includes('analizar riesgo') || norm.includes('clasificar riesgo') || norm.includes('riesgo de') || norm.includes('riesgos')
[7m    [0m [91m~~~~~~~~~~~~~~~~~~~~~~~~~~~~~~~~~~~~~~~~~~~~~~~~~~~~~~~~~~~~~~~~~~~~~~~~~~~~~~~~~~~~~~~~~~~~~~~~~~~~~~~~~~~~~~~~~~~~~~~~~~~~~~~~~~~~~~~~~~~~[0m
[7m1095[0m             || norm.includes('riesgo')) {
[7m    [0m [91m~~~~~~~~~~~~~~~~~~~~~~~~~~~~~~~~~~~~~~~[0m
[96msrc/bot/bot.update.ts[0m:[93m1091[0m:[93m74[0m - [91merror[0m[90m TS2693: [0m'boolean' only refers to a type, but is being used as a value here.

[7m1091[0m     private async handleServiceCali(ctx: Context, text: string): Promise<boolean> {
[7m    [0m [91m                                                                         ~~~~~~~[0m
[96msrc/bot/bot.update.ts[0m:[93m1092[0m:[93m15[0m - [91merror[0m[90m TS1005: [0m':' expected.

[7m1092[0m         const norm = normalizeString(text);
[7m    [0m [91m              ~~~~[0m
[96msrc/bot/bot.update.ts[0m:[93m1092[0m:[93m15[0m - [91merror[0m[90m TS2448: [0mBlock-scoped variable 'norm' used before its declaration.

[7m1092[0m         const norm = normalizeString(text);
[7m    [0m [91m              ~~~~[0m

  [96msrc/bot/bot.update.ts[0m:[93m1755[0m:[93m19[0m
    [7m1755[0m             const norm = normalizeString(text);
    [7m    [0m [96m                  ~~~~[0m
    'norm' is declared here.
[96msrc/bot/bot.update.ts[0m:[93m1092[0m:[93m15[0m - [91merror[0m[90m TS2588: [0mCannot assign to 'norm' because it is a constant.

[7m1092[0m         const norm = normalizeString(text);
[7m    [0m [91m              ~~~~[0m
[96msrc/bot/bot.update.ts[0m:[93m1092[0m:[93m38[0m - [91merror[0m[90m TS2304: [0mCannot find name 'text'.

[7m1092[0m         const norm = normalizeString(text);
[7m    [0m [91m                                     ~~~~[0m
[96msrc/bot/bot.update.ts[0m:[93m1092[0m:[93m43[0m - [91merror[0m[90m TS1005: [0m',' expected.

[7m1092[0m         const norm = normalizeString(text);
[7m    [0m [91m                                          ~[0m
[96msrc/bot/bot.update.ts[0m:[93m1094[0m:[93m17[0m - [91merror[0m[90m TS1005: [0m',' expected.

[7m1094[0m         if (norm.includes('analizar riesgo') || norm.includes('clasificar riesgo') || norm.includes('riesgo de') || norm.includes('riesgos')
[7m    [0m [91m                ~[0m
[96msrc/bot/bot.update.ts[0m:[93m1094[0m:[93m49[0m - [91merror[0m[90m TS2448: [0mBlock-scoped variable 'norm' used before its declaration.

[7m1094[0m         if (norm.includes('analizar riesgo') || norm.includes('clasificar riesgo') || norm.includes('riesgo de') || norm.includes('riesgos')
[7m    [0m [91m                                                ~~~~[0m

  [96msrc/bot/bot.update.ts[0m:[93m1755[0m:[93m19[0m
    [7m1755[0m             const norm = normalizeString(text);
    [7m    [0m [96m                  ~~~~[0m
    'norm' is declared here.
[96msrc/bot/bot.update.ts[0m:[93m1094[0m:[93m87[0m - [91merror[0m[90m TS2448: [0mBlock-scoped variable 'norm' used before its declaration.

[7m1094[0m         if (norm.includes('analizar riesgo') || norm.includes('clasificar riesgo') || norm.includes('riesgo de') || norm.includes('riesgos')
[7m    [0m [91m                                                                                      ~~~~[0m

  [96msrc/bot/bot.update.ts[0m:[93m1755[0m:[93m19[0m
    [7m1755[0m             const norm = normalizeString(text);
    [7m    [0m [96m                  ~~~~[0m
    'norm' is declared here.
[96msrc/bot/bot.update.ts[0m:[93m1094[0m:[93m117[0m - [91merror[0m[90m TS2448: [0mBlock-scoped variable 'norm' used before its declaration.

[7m1094[0m         if (norm.includes('analizar riesgo') || norm.includes('clasificar riesgo') || norm.includes('riesgo de') || norm.includes('riesgos')
[7m    [0m [91m                                                                                                                    ~~~~[0m

  [96msrc/bot/bot.update.ts[0m:[93m1755[0m:[93m19[0m
    [7m1755[0m             const norm = normalizeString(text);
    [7m    [0m [96m                  ~~~~[0m
    'norm' is declared here.
[96msrc/bot/bot.update.ts[0m:[93m1095[0m:[93m16[0m - [91merror[0m[90m TS2448: [0mBlock-scoped variable 'norm' used before its declaration.

[7m1095[0m             || norm.includes('riesgo')) {
[7m    [0m [91m               ~~~~[0m

  [96msrc/bot/bot.update.ts[0m:[93m1755[0m:[93m19[0m
    [7m1755[0m             const norm = normalizeString(text);
    [7m    [0m [96m                  ~~~~[0m
    'norm' is declared here.
[96msrc/bot/bot.update.ts[0m:[93m1095[0m:[93m39[0m - [91merror[0m[90m TS1005: [0m',' expected.

[7m1095[0m             || norm.includes('riesgo')) {
[7m    [0m [91m                                      ~[0m
[96msrc/bot/bot.update.ts[0m:[93m1095[0m:[93m41[0m - [91merror[0m[90m TS1136: [0mProperty assignment expected.

[7m1095[0m             || norm.includes('riesgo')) {
[7m    [0m [91m                                        ~[0m
[96msrc/bot/bot.update.ts[0m:[93m1097[0m:[93m11[0m - [91merror[0m[90m TS1128: [0mDeclaration or statement expected.

[7m1097[0m         } else
[7m    [0m [91m          ~~~~[0m
[96msrc/bot/bot.update.ts[0m:[93m1100[0m:[93m18[0m - [91merror[0m[90m TS2448: [0mBlock-scoped variable 'norm' used before its declaration.

[7m1100[0m                 (norm.includes('indicadores') && norm.includes('altos') || norm.includes('vacunacion')) ||
[7m    [0m [91m                 ~~~~[0m

  [96msrc/bot/bot.update.ts[0m:[93m1755[0m:[93m19[0m
    [7m1755[0m             const norm = normalizeString(text);
    [7m    [0m [96m                  ~~~~[0m
    'norm' is declared here.
[96msrc/bot/bot.update.ts[0m:[93m1100[0m:[93m50[0m - [91merror[0m[90m TS2448: [0mBlock-scoped variable 'norm' used before its declaration.

[7m1100[0m                 (norm.includes('indicadores') && norm.includes('altos') || norm.includes('vacunacion')) ||
[7m    [0m [91m                                                 ~~~~[0m

  [96msrc/bot/bot.update.ts[0m:[93m1755[0m:[93m19[0m
    [7m1755[0m             const norm = normalizeString(text);
    [7m    [0m [96m                  ~~~~[0m
    'norm' is declared here.
[96msrc/bot/bot.update.ts[0m:[93m1100[0m:[93m76[0m - [91merror[0m[90m TS2448: [0mBlock-scoped variable 'norm' used before its declaration.

[7m1100[0m                 (norm.includes('indicadores') && norm.includes('altos') || norm.includes('vacunacion')) ||
[7m    [0m [91m                                                                           ~~~~[0m

  [96msrc/bot/bot.update.ts[0m:[93m1755[0m:[93m19[0m
    [7m1755[0m             const norm = normalizeString(text);
    [7m    [0m [96m                  ~~~~[0m
    'norm' is declared here.
[96msrc/bot/bot.update.ts[0m:[93m1101[0m:[93m18[0m - [91merror[0m[90m TS2448: [0mBlock-scoped variable 'norm' used before its declaration.

[7m1101[0m                 (norm.includes('altos') && norm.includes('indicadores') && norm.includes('vacunacion')) ||
[7m    [0m [91m                 ~~~~[0m

  [96msrc/bot/bot.update.ts[0m:[93m1755[0m:[93m19[0m
    [7m1755[0m             const norm = normalizeString(text);
    [7m    [0m [96m                  ~~~~[0m
    'norm' is declared here.
[96msrc/bot/bot.update.ts[0m:[93m1101[0m:[93m44[0m - [91merror[0m[90m TS2448: [0mBlock-scoped variable 'norm' used before its declaration.

[7m1101[0m                 (norm.includes('altos') && norm.includes('indicadores') && norm.includes('vacunacion')) ||
[7m    [0m [91m                                           ~~~~[0m

  [96msrc/bot/bot.update.ts[0m:[93m1755[0m:[93m19[0m
    [7m1755[0m             const norm = normalizeString(text);
    [7m    [0m [96m                  ~~~~[0m
    'norm' is declared here.
[96msrc/bot/bot.update.ts[0m:[93m1101[0m:[93m76[0m - [91merror[0m[90m TS2448: [0mBlock-scoped variable 'norm' used before its declaration.

[7m1101[0m                 (norm.includes('altos') && norm.includes('indicadores') && norm.includes('vacunacion')) ||
[7m    [0m [91m                                                                           ~~~~[0m

  [96msrc/bot/bot.update.ts[0m:[93m1755[0m:[93m19[0m
    [7m1755[0m             const norm = normalizeString(text);
    [7m    [0m [96m                  ~~~~[0m
    'norm' is declared here.
[96msrc/bot/bot.update.ts[0m:[93m1102[0m:[93m18[0m - [91merror[0m[90m TS2448: [0mBlock-scoped variable 'norm' used before its declaration.

[7m1102[0m                 (norm.includes('vacunacion') && norm.includes('indicadores')) ||
[7m    [0m [91m                 ~~~~[0m

  [96msrc/bot/bot.update.ts[0m:[93m1755[0m:[93m19[0m
    [7m1755[0m             const norm = normalizeString(text);
    [7m    [0m [96m                  ~~~~[0m
    'norm' is declared here.
[96msrc/bot/bot.update.ts[0m:[93m1102[0m:[93m49[0m - [91merror[0m[90m TS2448: [0mBlock-scoped variable 'norm' used before its declaration.

[7m1102[0m                 (norm.includes('vacunacion') && norm.includes('indicadores')) ||
[7m    [0m [91m                                                ~~~~[0m

  [96msrc/bot/bot.update.ts[0m:[93m1755[0m:[93m19[0m
    [7m1755[0m             const norm = normalizeString(text);
    [7m    [0m [96m                  ~~~~[0m
    'norm' is declared here.
[96msrc/bot/bot.update.ts[0m:[93m1103[0m:[93m18[0m - [91merror[0m[90m TS2448: [0mBlock-scoped variable 'norm' used before its declaration.

[7m1103[0m                 (norm.includes('indicadores') && norm.includes('bajos')) ||
[7m    [0m [91m                 ~~~~[0m

  [96msrc/bot/bot.update.ts[0m:[93m1755[0m:[93m19[0m
    [7m1755[0m             const norm = normalizeString(text);
    [7m    [0m [96m                  ~~~~[0m
    'norm' is declared here.
[96msrc/bot/bot.update.ts[0m:[93m1103[0m:[93m50[0m - [91merror[0m[90m TS2448: [0mBlock-scoped variable 'norm' used before its declaration.

[7m1103[0m                 (norm.includes('indicadores') && norm.includes('bajos')) ||
[7m    [0m [91m                                                 ~~~~[0m

  [96msrc/bot/bot.update.ts[0m:[93m1755[0m:[93m19[0m
    [7m1755[0m             const norm = normalizeString(text);
    [7m    [0m [96m                  ~~~~[0m
    'norm' is declared here.
[96msrc/bot/bot.update.ts[0m:[93m1104[0m:[93m18[0m - [91merror[0m[90m TS2448: [0mBlock-scoped variable 'norm' used before its declaration.

[7m1104[0m                 (norm.includes('bajos') && norm.includes('indicadores')) ||
[7m    [0m [91m                 ~~~~[0m

  [96msrc/bot/bot.update.ts[0m:[93m1755[0m:[93m19[0m
    [7m1755[0m             const norm = normalizeString(text);
    [7m    [0m [96m                  ~~~~[0m
    'norm' is declared here.
[96msrc/bot/bot.update.ts[0m:[93m1104[0m:[93m44[0m - [91merror[0m[90m TS2448: [0mBlock-scoped variable 'norm' used before its declaration.

[7m1104[0m                 (norm.includes('bajos') && norm.includes('indicadores')) ||
[7m    [0m [91m                                           ~~~~[0m

  [96msrc/bot/bot.update.ts[0m:[93m1755[0m:[93m19[0m
    [7m1755[0m             const norm = normalizeString(text);
    [7m    [0m [96m                  ~~~~[0m
    'norm' is declared here.
[96msrc/bot/bot.update.ts[0m:[93m1105[0m:[93m18[0m - [91merror[0m[90m TS2448: [0mBlock-scoped variable 'norm' used before its declaration.

[7m1105[0m                 (norm.includes('indicadores') && norm.includes('altos') && norm.includes('bajos')) ||
[7m    [0m [91m                 ~~~~[0m

  [96msrc/bot/bot.update.ts[0m:[93m1755[0m:[93m19[0m
    [7m1755[0m             const norm = normalizeString(text);
    [7m    [0m [96m                  ~~~~[0m
    'norm' is declared here.
[96msrc/bot/bot.update.ts[0m:[93m1105[0m:[93m50[0m - [91merror[0m[90m TS2448: [0mBlock-scoped variable 'norm' used before its declaration.

[7m1105[0m                 (norm.includes('indicadores') && norm.includes('altos') && norm.includes('bajos')) ||
[7m    [0m [91m                                                 ~~~~[0m

  [96msrc/bot/bot.update.ts[0m:[93m1755[0m:[93m19[0m
    [7m1755[0m             const norm = normalizeString(text);
    [7m    [0m [96m                  ~~~~[0m
    'norm' is declared here.
[96msrc/bot/bot.update.ts[0m:[93m1105[0m:[93m76[0m - [91merror[0m[90m TS2448: [0mBlock-scoped variable 'norm' used before its declaration.

[7m1105[0m                 (norm.includes('indicadores') && norm.includes('altos') && norm.includes('bajos')) ||
[7m    [0m [91m                                                                           ~~~~[0m

  [96msrc/bot/bot.update.ts[0m:[93m1755[0m:[93m19[0m
    [7m1755[0m             const norm = normalizeString(text);
    [7m    [0m [96m                  ~~~~[0m
    'norm' is declared here.
[96msrc/bot/bot.update.ts[0m:[93m1106[0m:[93m18[0m - [91merror[0m[90m TS2448: [0mBlock-scoped variable 'norm' used before its declaration.

[7m1106[0m                 (norm.includes('indicadores') && norm.includes('vacunacion') && norm.includes('altos')) ||
[7m    [0m [91m                 ~~~~[0m

  [96msrc/bot/bot.update.ts[0m:[93m1755[0m:[93m19[0m
    [7m1755[0m             const norm = normalizeString(text);
    [7m    [0m [96m                  ~~~~[0m
    'norm' is declared here.
[96msrc/bot/bot.update.ts[0m:[93m1106[0m:[93m50[0m - [91merror[0m[90m TS2448: [0mBlock-scoped variable 'norm' used before its declaration.

[7m1106[0m                 (norm.includes('indicadores') && norm.includes('vacunacion') && norm.includes('altos')) ||
[7m    [0m [91m                                                 ~~~~[0m

  [96msrc/bot/bot.update.ts[0m:[93m1755[0m:[93m19[0m
    [7m1755[0m             const norm = normalizeString(text);
    [7m    [0m [96m                  ~~~~[0m
    'norm' is declared here.
[96msrc/bot/bot.update.ts[0m:[93m1106[0m:[93m81[0m - [91merror[0m[90m TS2448: [0mBlock-scoped variable 'norm' used before its declaration.

[7m1106[0m                 (norm.includes('indicadores') && norm.includes('vacunacion') && norm.includes('altos')) ||
[7m    [0m [91m                                                                                ~~~~[0m

  [96msrc/bot/bot.update.ts[0m:[93m1755[0m:[93m19[0m
    [7m1755[0m             const norm = normalizeString(text);
    [7m    [0m [96m                  ~~~~[0m
    'norm' is declared here.
[96msrc/bot/bot.update.ts[0m:[93m1107[0m:[93m18[0m - [91merror[0m[90m TS2448: [0mBlock-scoped variable 'norm' used before its declaration.

[7m1107[0m                 (norm.includes('indicadores') && norm.includes('vacunacion') && norm.includes('bajos')) ||
[7m    [0m [91m                 ~~~~[0m

  [96msrc/bot/bot.update.ts[0m:[93m1755[0m:[93m19[0m
    [7m1755[0m             const norm = normalizeString(text);
    [7m    [0m [96m                  ~~~~[0m
    'norm' is declared here.
[96msrc/bot/bot.update.ts[0m:[93m1107[0m:[93m50[0m - [91merror[0m[90m TS2448: [0mBlock-scoped variable 'norm' used before its declaration.

[7m1107[0m                 (norm.includes('indicadores') && norm.includes('vacunacion') && norm.includes('bajos')) ||
[7m    [0m [91m                                                 ~~~~[0m

  [96msrc/bot/bot.update.ts[0m:[93m1755[0m:[93m19[0m
    [7m1755[0m             const norm = normalizeString(text);
    [7m    [0m [96m                  ~~~~[0m
    'norm' is declared here.
[96msrc/bot/bot.update.ts[0m:[93m1107[0m:[93m81[0m - [91merror[0m[90m TS2448: [0mBlock-scoped variable 'norm' used before its declaration.

[7m1107[0m                 (norm.includes('indicadores') && norm.includes('vacunacion') && norm.includes('bajos')) ||
[7m    [0m [91m                                                                                ~~~~[0m

  [96msrc/bot/bot.update.ts[0m:[93m1755[0m:[93m19[0m
    [7m1755[0m             const norm = normalizeString(text);
    [7m    [0m [96m                  ~~~~[0m
    'norm' is declared here.
[96msrc/bot/bot.update.ts[0m:[93m1108[0m:[93m18[0m - [91merror[0m[90m TS2448: [0mBlock-scoped variable 'norm' used before its declaration.

[7m1108[0m                 (norm.includes('indicadores') && norm.includes('vacunacion') && norm.includes('altos') && norm.includes('bajos')) ||
[7m    [0m [91m                 ~~~~[0m

  [96msrc/bot/bot.update.ts[0m:[93m1755[0m:[93m19[0m
    [7m1755[0m             const norm = normalizeString(text);
    [7m    [0m [96m                  ~~~~[0m
    'norm' is declared here.
[96msrc/bot/bot.update.ts[0m:[93m1108[0m:[93m50[0m - [91merror[0m[90m TS2448: [0mBlock-scoped variable 'norm' used before its declaration.

[7m1108[0m                 (norm.includes('indicadores') && norm.includes('vacunacion') && norm.includes('altos') && norm.includes('bajos')) ||
[7m    [0m [91m                                                 ~~~~[0m

  [96msrc/bot/bot.update.ts[0m:[93m1755[0m:[93m19[0m
    [7m1755[0m             const norm = normalizeString(text);
    [7m    [0m [96m                  ~~~~[0m
    'norm' is declared here.
[96msrc/bot/bot.update.ts[0m:[93m1108[0m:[93m81[0m - [91merror[0m[90m TS2448: [0mBlock-scoped variable 'norm' used before its declaration.

[7m1108[0m                 (norm.includes('indicadores') && norm.includes('vacunacion') && norm.includes('altos') && norm.includes('bajos')) ||
[7m    [0m [91m                                                                                ~~~~[0m

  [96msrc/bot/bot.update.ts[0m:[93m1755[0m:[93m19[0m
    [7m1755[0m             const norm = normalizeString(text);
    [7m    [0m [96m                  ~~~~[0m
    'norm' is declared here.
[96msrc/bot/bot.update.ts[0m:[93m1108[0m:[93m107[0m - [91merror[0m[90m TS2448: [0mBlock-scoped variable 'norm' used before its declaration.

[7m1108[0m                 (norm.includes('indicadores') && norm.includes('vacunacion') && norm.includes('altos') && norm.includes('bajos')) ||
[7m    [0m [91m                                                                                                          ~~~~[0m

  [96msrc/bot/bot.update.ts[0m:[93m1755[0m:[93m19[0m
    [7m1755[0m             const norm = normalizeString(text);
    [7m    [0m [96m                  ~~~~[0m
    'norm' is declared here.
[96msrc/bot/bot.update.ts[0m:[93m1109[0m:[93m18[0m - [91merror[0m[90m TS2448: [0mBlock-scoped variable 'norm' used before its declaration.

[7m1109[0m                 (norm.includes('indicadores') && norm.includes('altos') && norm.includes('bajos') && norm.includes('vacunacion')) ||
[7m    [0m [91m                 ~~~~[0m

  [96msrc/bot/bot.update.ts[0m:[93m1755[0m:[93m19[0m
    [7m1755[0m             const norm = normalizeString(text);
    [7m    [0m [96m                  ~~~~[0m
    'norm' is declared here.
[96msrc/bot/bot.update.ts[0m:[93m1109[0m:[93m50[0m - [91merror[0m[90m TS2448: [0mBlock-scoped variable 'norm' used before its declaration.

[7m1109[0m                 (norm.includes('indicadores') && norm.includes('altos') && norm.includes('bajos') && norm.includes('vacunacion')) ||
[7m    [0m [91m                                                 ~~~~[0m

  [96msrc/bot/bot.update.ts[0m:[93m1755[0m:[93m19[0m
    [7m1755[0m             const norm = normalizeString(text);
    [7m    [0m [96m                  ~~~~[0m
    'norm' is declared here.
[96msrc/bot/bot.update.ts[0m:[93m1109[0m:[93m76[0m - [91merror[0m[90m TS2448: [0mBlock-scoped variable 'norm' used before its declaration.

[7m1109[0m                 (norm.includes('indicadores') && norm.includes('altos') && norm.includes('bajos') && norm.includes('vacunacion')) ||
[7m    [0m [91m                                                                           ~~~~[0m

  [96msrc/bot/bot.update.ts[0m:[93m1755[0m:[93m19[0m
    [7m1755[0m             const norm = normalizeString(text);
    [7m    [0m [96m                  ~~~~[0m
    'norm' is declared here.
[96msrc/bot/bot.update.ts[0m:[93m1109[0m:[93m102[0m - [91merror[0m[90m TS2448: [0mBlock-scoped variable 'norm' used before its declaration.

[7m1109[0m                 (norm.includes('indicadores') && norm.includes('altos') && norm.includes('bajos') && norm.includes('vacunacion')) ||
[7m    [0m [91m                                                                                                     ~~~~[0m

  [96msrc/bot/bot.update.ts[0m:[93m1755[0m:[93m19[0m
    [7m1755[0m             const norm = normalizeString(text);
    [7m    [0m [96m                  ~~~~[0m
    'norm' is declared here.
[96msrc/bot/bot.update.ts[0m:[93m1110[0m:[93m17[0m - [91merror[0m[90m TS2448: [0mBlock-scoped variable 'norm' used before its declaration.

[7m1110[0m                 norm.includes('vacunacion')
[7m    [0m [91m                ~~~~[0m

  [96msrc/bot/bot.update.ts[0m:[93m1755[0m:[93m19[0m
    [7m1755[0m             const norm = normalizeString(text);
    [7m    [0m [96m                  ~~~~[0m
    'norm' is declared here.
[96msrc/bot/bot.update.ts[0m:[93m1116[0m:[93m30[0m - [91merror[0m[90m TS2448: [0mBlock-scoped variable 'norm' used before its declaration.

[7m1116[0m         const mentionsCali = norm.includes('cali');
[7m    [0m [91m                             ~~~~[0m

  [96msrc/bot/bot.update.ts[0m:[93m1755[0m:[93m19[0m
    [7m1755[0m             const norm = normalizeString(text);
    [7m    [0m [96m                  ~~~~[0m
    'norm' is declared here.
[96msrc/bot/bot.update.ts[0m:[93m1119[0m:[93m15[0m - [91merror[0m[90m TS2451: [0mCannot redeclare block-scoped variable 'result'.

[7m1119[0m         const result = await this.caliHealthService.processCaliQuery(text);
[7m    [0m [91m              ~~~~~~[0m
[96msrc/bot/bot.update.ts[0m:[93m1119[0m:[93m30[0m - [91merror[0m[90m TS2532: [0mObject is possibly 'undefined'.

[7m1119[0m         const result = await this.caliHealthService.processCaliQuery(text);
[7m    [0m [91m                             ~~~~[0m
[96msrc/bot/bot.update.ts[0m:[93m1119[0m:[93m70[0m - [91merror[0m[90m TS2304: [0mCannot find name 'text'.

[7m1119[0m         const result = await this.caliHealthService.processCaliQuery(text);
[7m    [0m [91m                                                                     ~~~~[0m
[96msrc/bot/bot.update.ts[0m:[93m1122[0m:[93m15[0m - [91merror[0m[90m TS2304: [0mCannot find name 'ctx'.

[7m1122[0m         await ctx.reply(result.respuesta, { parse_mode: 'Markdown' });
[7m    [0m [91m              ~~~[0m
[96msrc/bot/bot.update.ts[0m:[93m1124[0m:[93m5[0m - [91merror[0m[90m TS1128: [0mDeclaration or statement expected.

[7m1124[0m     }
[7m    [0m [91m    ~[0m
[96msrc/bot/bot.update.ts[0m:[93m1127[0m:[93m5[0m - [91merror[0m[90m TS1128: [0mDeclaration or statement expected.

[7m1127[0m     private async handleConversationContinuity(
[7m    [0m [91m    ~~~~~~~[0m
[96msrc/bot/bot.update.ts[0m:[93m1127[0m:[93m13[0m - [91merror[0m[90m TS1434: [0mUnexpected keyword or identifier.

[7m1127[0m     private async handleConversationContinuity(
[7m    [0m [91m            ~~~~~[0m
[96msrc/bot/bot.update.ts[0m:[93m1127[0m:[93m13[0m - [91merror[0m[90m TS2304: [0mCannot find name 'async'.

[7m1127[0m     private async handleConversationContinuity(
[7m    [0m [91m            ~~~~~[0m
[96msrc/bot/bot.update.ts[0m:[93m1127[0m:[93m19[0m - [91merror[0m[90m TS2304: [0mCannot find name 'handleConversationContinuity'.

[7m1127[0m     private async handleConversationContinuity(
[7m    [0m [91m                  ~~~~~~~~~~~~~~~~~~~~~~~~~~~~[0m
[96msrc/bot/bot.update.ts[0m:[93m1128[0m:[93m9[0m - [91merror[0m[90m TS2304: [0mCannot find name 'ctx'.

[7m1128[0m         ctx: Context,
[7m    [0m [91m        ~~~[0m
[96msrc/bot/bot.update.ts[0m:[93m1128[0m:[93m12[0m - [91merror[0m[90m TS1005: [0m',' expected.

[7m1128[0m         ctx: Context,
[7m    [0m [91m           ~[0m
[96msrc/bot/bot.update.ts[0m:[93m1129[0m:[93m9[0m - [91merror[0m[90m TS2304: [0mCannot find name 'text'.

[7m1129[0m         text: string,
[7m    [0m [91m        ~~~~[0m
[96msrc/bot/bot.update.ts[0m:[93m1129[0m:[93m13[0m - [91merror[0m[90m TS1005: [0m',' expected.

[7m1129[0m         text: string,
[7m    [0m [91m            ~[0m
[96msrc/bot/bot.update.ts[0m:[93m1129[0m:[93m15[0m - [91merror[0m[90m TS2693: [0m'string' only refers to a type, but is being used as a value here.

[7m1129[0m         text: string,
[7m    [0m [91m              ~~~~~~[0m
[96msrc/bot/bot.update.ts[0m:[93m1130[0m:[93m9[0m - [91merror[0m[90m TS2304: [0mCannot find name 'detectedRegion'.

[7m1130[0m         detectedRegion?: string,
[7m    [0m [91m        ~~~~~~~~~~~~~~[0m
[96msrc/bot/bot.update.ts[0m:[93m1130[0m:[93m24[0m - [91merror[0m[90m TS1109: [0mExpression expected.

[7m1130[0m         detectedRegion?: string,
[7m    [0m [91m                       ~[0m
[96msrc/bot/bot.update.ts[0m:[93m1130[0m:[93m26[0m - [91merror[0m[90m TS2693: [0m'string' only refers to a type, but is being used as a value here.

[7m1130[0m         detectedRegion?: string,
[7m    [0m [91m                         ~~~~~~[0m
[96msrc/bot/bot.update.ts[0m:[93m1131[0m:[93m6[0m - [91merror[0m[90m TS1005: [0m';' expected.

[7m1131[0m     ): Promise<boolean> {
[7m    [0m [91m     ~[0m
[96msrc/bot/bot.update.ts[0m:[93m1131[0m:[93m8[0m - [91merror[0m[90m TS2365: [0mOperator '>' cannot be applied to types 'boolean' and '{ const: any; if(: any, pending: any): any; if(: any, isShortResponse: any): any; return: boolean; this: any; switch(pending: any): any; "": any; }'.

[7m1131[0m     ): Promise<boolean> {
[7m    [0m [91m       ~~~~~~~~~~~~~~~~~~[0m
[7m1132[0m         const userId = ctx.from?.id;
[7m    [0m [91m~~~~~~~~~~~~~~~~~~~~~~~~~~~~~~~~~~~~[0m
[7m ...[0m 
[7m1142[0m 
[7m    [0m [91m[0m
[7m1143[0m         switch (pending.intent) {
[7m    [0m [91m~~~~~~~~~~~~~~~~~~~~~~~~~~~~~~~[0m
[96msrc/bot/bot.update.ts[0m:[93m1131[0m:[93m16[0m - [91merror[0m[90m TS2693: [0m'boolean' only refers to a type, but is being used as a value here.

[7m1131[0m     ): Promise<boolean> {
[7m    [0m [91m               ~~~~~~~[0m
[96msrc/bot/bot.update.ts[0m:[93m1132[0m:[93m15[0m - [91merror[0m[90m TS1005: [0m':' expected.

[7m1132[0m         const userId = ctx.from?.id;
[7m    [0m [91m              ~~~~~~[0m
[96msrc/bot/bot.update.ts[0m:[93m1132[0m:[93m15[0m - [91merror[0m[90m TS2304: [0mCannot find name 'userId'.

[7m1132[0m         const userId = ctx.from?.id;
[7m    [0m [91m              ~~~~~~[0m
[96msrc/bot/bot.update.ts[0m:[93m1132[0m:[93m24[0m - [91merror[0m[90m TS2304: [0mCannot find name 'ctx'.

[7m1132[0m         const userId = ctx.from?.id;
[7m    [0m [91m                       ~~~[0m
[96msrc/bot/bot.update.ts[0m:[93m1132[0m:[93m36[0m - [91merror[0m[90m TS1005: [0m',' expected.

[7m1132[0m         const userId = ctx.from?.id;
[7m    [0m [91m                                   ~[0m
[96msrc/bot/bot.update.ts[0m:[93m1133[0m:[93m15[0m - [91merror[0m[90m TS1005: [0m':' expected.

[7m1133[0m         const pending = userId ? this.userState.get(userId) : undefined;
[7m    [0m [91m              ~~~~~~~[0m
[96msrc/bot/bot.update.ts[0m:[93m1133[0m:[93m15[0m - [91merror[0m[90m TS2630: [0mCannot assign to 'pending' because it is a function.

[7m1133[0m         const pending = userId ? this.userState.get(userId) : undefined;
[7m    [0m [91m              ~~~~~~~[0m
[96msrc/bot/bot.update.ts[0m:[93m1133[0m:[93m25[0m - [91merror[0m[90m TS2304: [0mCannot find name 'userId'.

[7m1133[0m         const pending = userId ? this.userState.get(userId) : undefined;
[7m    [0m [91m                        ~~~~~~[0m
[96msrc/bot/bot.update.ts[0m:[93m1133[0m:[93m34[0m - [91merror[0m[90m TS2532: [0mObject is possibly 'undefined'.

[7m1133[0m         const pending = userId ? this.userState.get(userId) : undefined;
[7m    [0m [91m                                 ~~~~[0m
[96msrc/bot/bot.update.ts[0m:[93m1133[0m:[93m53[0m - [91merror[0m[90m TS2304: [0mCannot find name 'userId'.

[7m1133[0m         const pending = userId ? this.userState.get(userId) : undefined;
[7m    [0m [91m                                                    ~~~~~~[0m
[96msrc/bot/bot.update.ts[0m:[93m1133[0m:[93m72[0m - [91merror[0m[90m TS1005: [0m',' expected.

[7m1133[0m         const pending = userId ? this.userState.get(userId) : undefined;
[7m    [0m [91m                                                                       ~[0m
[96msrc/bot/bot.update.ts[0m:[93m1134[0m:[93m13[0m - [91merror[0m[90m TS1003: [0mIdentifier expected.

[7m1134[0m         if (!pending) return false;
[7m    [0m [91m            ~[0m
[96msrc/bot/bot.update.ts[0m:[93m1134[0m:[93m23[0m - [91merror[0m[90m TS1005: [0m'{' expected.

[7m1134[0m         if (!pending) return false;
[7m    [0m [91m                      ~~~~~~[0m
[96msrc/bot/bot.update.ts[0m:[93m1134[0m:[93m30[0m - [91merror[0m[90m TS1005: [0m':' expected.

[7m1134[0m         if (!pending) return false;
[7m    [0m [91m                             ~~~~~[0m
[96msrc/bot/bot.update.ts[0m:[93m1134[0m:[93m35[0m - [91merror[0m[90m TS1005: [0m',' expected.

[7m1134[0m         if (!pending) return false;
[7m    [0m [91m                                  ~[0m
[96msrc/bot/bot.update.ts[0m:[93m1136[0m:[93m15[0m - [91merror[0m[90m TS1005: [0m':' expected.

[7m1136[0m         const isShortResponse = text.trim().split(/\s+/).length <= 3;
[7m    [0m [91m              ~~~~~~~~~~~~~~~[0m
[96msrc/bot/bot.update.ts[0m:[93m1136[0m:[93m15[0m - [91merror[0m[90m TS2304: [0mCannot find name 'isShortResponse'.

[7m1136[0m         const isShortResponse = text.trim().split(/\s+/).length <= 3;
[7m    [0m [91m              ~~~~~~~~~~~~~~~[0m
[96msrc/bot/bot.update.ts[0m:[93m1136[0m:[93m33[0m - [91merror[0m[90m TS2304: [0mCannot find name 'text'.

[7m1136[0m         const isShortResponse = text.trim().split(/\s+/).length <= 3;
[7m    [0m [91m                                ~~~~[0m
[96msrc/bot/bot.update.ts[0m:[93m1136[0m:[93m69[0m - [91merror[0m[90m TS1005: [0m',' expected.

[7m1136[0m         const isShortResponse = text.trim().split(/\s+/).length <= 3;
[7m    [0m [91m                                                                    ~[0m
[96msrc/bot/bot.update.ts[0m:[93m1137[0m:[93m13[0m - [91merror[0m[90m TS1003: [0mIdentifier expected.

[7m1137[0m         if (!isShortResponse) return false;
[7m    [0m [91m            ~[0m
[96msrc/bot/bot.update.ts[0m:[93m1137[0m:[93m31[0m - [91merror[0m[90m TS1005: [0m'{' expected.

[7m1137[0m         if (!isShortResponse) return false;
[7m    [0m [91m                              ~~~~~~[0m
[96msrc/bot/bot.update.ts[0m:[93m1137[0m:[93m38[0m - [91merror[0m[90m TS1005: [0m':' expected.

[7m1137[0m         if (!isShortResponse) return false;
[7m    [0m [91m                                     ~~~~~[0m
[96msrc/bot/bot.update.ts[0m:[93m1137[0m:[93m43[0m - [91merror[0m[90m TS1005: [0m',' expected.

[7m1137[0m         if (!isShortResponse) return false;
[7m    [0m [91m                                          ~[0m
[96msrc/bot/bot.update.ts[0m:[93m1139[0m:[93m15[0m - [91merror[0m[90m TS1005: [0m':' expected.

[7m1139[0m         const region = detectedRegion || text.trim();
[7m    [0m [91m              ~~~~~~[0m
[96msrc/bot/bot.update.ts[0m:[93m1139[0m:[93m15[0m - [91merror[0m[90m TS2448: [0mBlock-scoped variable 'region' used before its declaration.

[7m1139[0m         const region = detectedRegion || text.trim();
[7m    [0m [91m              ~~~~~~[0m

  [96msrc/bot/bot.update.ts[0m:[93m1694[0m:[93m13[0m
    [7m1694[0m         let region = detectedRegion;
    [7m    [0m [96m            ~~~~~~[0m
    'region' is declared here.
[96msrc/bot/bot.update.ts[0m:[93m1139[0m:[93m24[0m - [91merror[0m[90m TS2304: [0mCannot find name 'detectedRegion'.

[7m1139[0m         const region = detectedRegion || text.trim();
[7m    [0m [91m                       ~~~~~~~~~~~~~~[0m
[96msrc/bot/bot.update.ts[0m:[93m1139[0m:[93m42[0m - [91merror[0m[90m TS2304: [0mCannot find name 'text'.

[7m1139[0m         const region = detectedRegion || text.trim();
[7m    [0m [91m                                         ~~~~[0m
[96msrc/bot/bot.update.ts[0m:[93m1139[0m:[93m53[0m - [91merror[0m[90m TS1005: [0m',' expected.

[7m1139[0m         const region = detectedRegion || text.trim();
[7m    [0m [91m                                                    ~[0m
[96msrc/bot/bot.update.ts[0m:[93m1141[0m:[93m13[0m - [91merror[0m[90m TS1005: [0m':' expected.

[7m1141[0m         this.logger.log(`Reanudando intent "${pending.intent}" para region "${region}"`);
[7m    [0m [91m            ~[0m
[96msrc/bot/bot.update.ts[0m:[93m1141[0m:[93m55[0m - [91merror[0m[90m TS2339: [0mProperty 'intent' does not exist on type '(reason?: string | undefined) => void'.

[7m1141[0m         this.logger.log(`Reanudando intent "${pending.intent}" para region "${region}"`);
[7m    [0m [91m                                                      ~~~~~~[0m
[96msrc/bot/bot.update.ts[0m:[93m1141[0m:[93m79[0m - [91merror[0m[90m TS2448: [0mBlock-scoped variable 'region' used before its declaration.

[7m1141[0m         this.logger.log(`Reanudando intent "${pending.intent}" para region "${region}"`);
[7m    [0m [91m                                                                              ~~~~~~[0m

  [96msrc/bot/bot.update.ts[0m:[93m1694[0m:[93m13[0m
    [7m1694[0m         let region = detectedRegion;
    [7m    [0m [96m            ~~~~~~[0m
    'region' is declared here.
[96msrc/bot/bot.update.ts[0m:[93m1141[0m:[93m89[0m - [91merror[0m[90m TS1005: [0m',' expected.

[7m1141[0m         this.logger.log(`Reanudando intent "${pending.intent}" para region "${region}"`);
[7m    [0m [91m                                                                                        ~[0m
[96msrc/bot/bot.update.ts[0m:[93m1143[0m:[93m24[0m - [91merror[0m[90m TS1005: [0m',' expected.

[7m1143[0m         switch (pending.intent) {
[7m    [0m [91m                       ~[0m
[96msrc/bot/bot.update.ts[0m:[93m1143[0m:[93m31[0m - [91merror[0m[90m TS1005: [0m',' expected.

[7m1143[0m         switch (pending.intent) {
[7m    [0m [91m                              ~[0m
[96msrc/bot/bot.update.ts[0m:[93m1143[0m:[93m33[0m - [91merror[0m[90m TS1136: [0mProperty assignment expected.

[7m1143[0m         switch (pending.intent) {
[7m    [0m [91m                                ~[0m
[96msrc/bot/bot.update.ts[0m:[93m1144[0m:[93m13[0m - [91merror[0m[90m TS1128: [0mDeclaration or statement expected.

[7m1144[0m             case 'health_event_analysis':
[7m    [0m [91m            ~~~~[0m
[96msrc/bot/bot.update.ts[0m:[93m1144[0m:[93m41[0m - [91merror[0m[90m TS1005: [0m';' expected.

[7m1144[0m             case 'health_event_analysis':
[7m    [0m [91m                                        ~[0m
[96msrc/bot/bot.update.ts[0m:[93m1146[0m:[93m13[0m - [91merror[0m[90m TS1128: [0mDeclaration or statement expected.

[7m1146[0m             case 'risk_analysis':
[7m    [0m [91m            ~~~~[0m
[96msrc/bot/bot.update.ts[0m:[93m1146[0m:[93m33[0m - [91merror[0m[90m TS1005: [0m';' expected.

[7m1146[0m             case 'risk_analysis':
[7m    [0m [91m                                ~[0m
[96msrc/bot/bot.update.ts[0m:[93m1148[0m:[93m13[0m - [91merror[0m[90m TS1128: [0mDeclaration or statement expected.

[7m1148[0m             case 'predict_risk':
[7m    [0m [91m            ~~~~[0m
[96msrc/bot/bot.update.ts[0m:[93m1148[0m:[93m32[0m - [91merror[0m[90m TS1005: [0m';' expected.

[7m1148[0m             case 'predict_risk':
[7m    [0m [91m                               ~[0m
[96msrc/bot/bot.update.ts[0m:[93m1150[0m:[93m13[0m - [91merror[0m[90m TS1128: [0mDeclaration or statement expected.

[7m1150[0m             case 'air_quality':
[7m    [0m [91m            ~~~~[0m
[96msrc/bot/bot.update.ts[0m:[93m1150[0m:[93m31[0m - [91merror[0m[90m TS1005: [0m';' expected.

[7m1150[0m             case 'air_quality':
[7m    [0m [91m                              ~[0m
[96msrc/bot/bot.update.ts[0m:[93m1152[0m:[93m13[0m - [91merror[0m[90m TS1128: [0mDeclaration or statement expected.

[7m1152[0m             case 'chart_air_quality':
[7m    [0m [91m            ~~~~[0m
[96msrc/bot/bot.update.ts[0m:[93m1152[0m:[93m37[0m - [91merror[0m[90m TS1005: [0m';' expected.

[7m1152[0m             case 'chart_air_quality':
[7m    [0m [91m                                    ~[0m
[96msrc/bot/bot.update.ts[0m:[93m1153[0m:[93m13[0m - [91merror[0m[90m TS1128: [0mDeclaration or statement expected.

[7m1153[0m             case 'chart_vaccination':
[7m    [0m [91m            ~~~~[0m
[96msrc/bot/bot.update.ts[0m:[93m1153[0m:[93m37[0m - [91merror[0m[90m TS1005: [0m';' expected.

[7m1153[0m             case 'chart_vaccination':
[7m    [0m [91m                                    ~[0m
[96msrc/bot/bot.update.ts[0m:[93m1155[0m:[93m13[0m - [91merror[0m[90m TS1128: [0mDeclaration or statement expected.

[7m1155[0m             case 'count_providers':
[7m    [0m [91m            ~~~~[0m
[96msrc/bot/bot.update.ts[0m:[93m1155[0m:[93m35[0m - [91merror[0m[90m TS1005: [0m';' expected.

[7m1155[0m             case 'count_providers':
[7m    [0m [91m                                  ~[0m
[96msrc/bot/bot.update.ts[0m:[93m1156[0m:[93m13[0m - [91merror[0m[90m TS1128: [0mDeclaration or statement expected.

[7m1156[0m             case 'list_structural':
[7m    [0m [91m            ~~~~[0m
[96msrc/bot/bot.update.ts[0m:[93m1156[0m:[93m35[0m - [91merror[0m[90m TS1005: [0m';' expected.

[7m1156[0m             case 'list_structural':
[7m    [0m [91m                                  ~[0m
[96msrc/bot/bot.update.ts[0m:[93m1158[0m:[93m13[0m - [91merror[0m[90m TS1128: [0mDeclaration or statement expected.

[7m1158[0m             case 'provider_search':
[7m    [0m [91m            ~~~~[0m
[96msrc/bot/bot.update.ts[0m:[93m1158[0m:[93m35[0m - [91merror[0m[90m TS1005: [0m';' expected.

[7m1158[0m             case 'provider_search':
[7m    [0m [91m                                  ~[0m
[96msrc/bot/bot.update.ts[0m:[93m1160[0m:[93m13[0m - [91merror[0m[90m TS1128: [0mDeclaration or statement expected.

[7m1160[0m             case 'vaccination_indicators':
[7m    [0m [91m            ~~~~[0m
[96msrc/bot/bot.update.ts[0m:[93m1160[0m:[93m42[0m - [91merror[0m[90m TS1005: [0m';' expected.

[7m1160[0m             case 'vaccination_indicators':
[7m    [0m [91m                                         ~[0m
[96msrc/bot/bot.update.ts[0m:[93m1162[0m:[93m21[0m - [91merror[0m[90m TS2304: [0mCannot find name 'userId'.

[7m1162[0m                 if (userId) this.userState.delete(userId);
[7m    [0m [91m                    ~~~~~~[0m
[96msrc/bot/bot.update.ts[0m:[93m1162[0m:[93m29[0m - [91merror[0m[90m TS2532: [0mObject is possibly 'undefined'.

[7m1162[0m                 if (userId) this.userState.delete(userId);
[7m    [0m [91m                            ~~~~[0m
[96msrc/bot/bot.update.ts[0m:[93m1162[0m:[93m51[0m - [91merror[0m[90m TS2304: [0mCannot find name 'userId'.

[7m1162[0m                 if (userId) this.userState.delete(userId);
[7m    [0m [91m                                                  ~~~~~~[0m
[96msrc/bot/bot.update.ts[0m:[93m1164[0m:[93m13[0m - [91merror[0m[90m TS1128: [0mDeclaration or statement expected.

[7m1164[0m             default:
[7m    [0m [91m            ~~~~~~~[0m
[96msrc/bot/bot.update.ts[0m:[93m1164[0m:[93m20[0m - [91merror[0m[90m TS1128: [0mDeclaration or statement expected.

[7m1164[0m             default:
[7m    [0m [91m                   ~[0m
[96msrc/bot/bot.update.ts[0m:[93m1167[0m:[93m5[0m - [91merror[0m[90m TS1128: [0mDeclaration or statement expected.

[7m1167[0m     }
[7m    [0m [91m    ~[0m
[96msrc/bot/bot.update.ts[0m:[93m1170[0m:[93m5[0m - [91merror[0m[90m TS1128: [0mDeclaration or statement expected.

[7m1170[0m     private async handleSexualHealthQuery(ctx: Context, text: string): Promise<boolean> {
[7m    [0m [91m    ~~~~~~~[0m
[96msrc/bot/bot.update.ts[0m:[93m1170[0m:[93m13[0m - [91merror[0m[90m TS1434: [0mUnexpected keyword or identifier.

[7m1170[0m     private async handleSexualHealthQuery(ctx: Context, text: string): Promise<boolean> {
[7m    [0m [91m            ~~~~~[0m
[96msrc/bot/bot.update.ts[0m:[93m1170[0m:[93m13[0m - [91merror[0m[90m TS2304: [0mCannot find name 'async'.

[7m1170[0m     private async handleSexualHealthQuery(ctx: Context, text: string): Promise<boolean> {
[7m    [0m [91m            ~~~~~[0m
[96msrc/bot/bot.update.ts[0m:[93m1170[0m:[93m19[0m - [91merror[0m[90m TS2304: [0mCannot find name 'handleSexualHealthQuery'.

[7m1170[0m     private async handleSexualHealthQuery(ctx: Context, text: string): Promise<boolean> {
[7m    [0m [91m                  ~~~~~~~~~~~~~~~~~~~~~~~[0m
[96msrc/bot/bot.update.ts[0m:[93m1170[0m:[93m43[0m - [91merror[0m[90m TS2304: [0mCannot find name 'ctx'.

[7m1170[0m     private async handleSexualHealthQuery(ctx: Context, text: string): Promise<boolean> {
[7m    [0m [91m                                          ~~~[0m
[96msrc/bot/bot.update.ts[0m:[93m1170[0m:[93m46[0m - [91merror[0m[90m TS1005: [0m',' expected.

[7m1170[0m     private async handleSexualHealthQuery(ctx: Context, text: string): Promise<boolean> {
[7m    [0m [91m                                             ~[0m
[96msrc/bot/bot.update.ts[0m:[93m1170[0m:[93m57[0m - [91merror[0m[90m TS2304: [0mCannot find name 'text'.

[7m1170[0m     private async handleSexualHealthQuery(ctx: Context, text: string): Promise<boolean> {
[7m    [0m [91m                                                        ~~~~[0m
[96msrc/bot/bot.update.ts[0m:[93m1170[0m:[93m61[0m - [91merror[0m[90m TS1005: [0m',' expected.

[7m1170[0m     private async handleSexualHealthQuery(ctx: Context, text: string): Promise<boolean> {
[7m    [0m [91m                                                            ~[0m
[96msrc/bot/bot.update.ts[0m:[93m1170[0m:[93m63[0m - [91merror[0m[90m TS2693: [0m'string' only refers to a type, but is being used as a value here.

[7m1170[0m     private async handleSexualHealthQuery(ctx: Context, text: string): Promise<boolean> {
[7m    [0m [91m                                                              ~~~~~~[0m
[96msrc/bot/bot.update.ts[0m:[93m1170[0m:[93m70[0m - [91merror[0m[90m TS1005: [0m';' expected.

[7m1170[0m     private async handleSexualHealthQuery(ctx: Context, text: string): Promise<boolean> {
[7m    [0m [91m                                                                     ~[0m
[96msrc/bot/bot.update.ts[0m:[93m1170[0m:[93m72[0m - [91merror[0m[90m TS2365: [0mOperator '>' cannot be applied to types 'boolean' and '{ const: any; if(results: any): any; }'.

[7m1170[0m     private async handleSexualHealthQuery(ctx: Context, text: string): Promise<boolean> {
[7m    [0m [91m                                                                       ~~~~~~~~~~~~~~~~~~[0m
[7m1171[0m         const results = await this.sexualHealthService.searchByKeyword(text);
[7m    [0m [91m~~~~~~~~~~~~~~~~~~~~~~~~~~~~~~~~~~~~~~~~~~~~~~~~~~~~~~~~~~~~~~~~~~~~~~~~~~~~~[0m
[7m1172[0m         if (results && results.length > 0) {
[7m    [0m [91m~~~~~~~~~~~~~~~~~~~[0m
[96msrc/bot/bot.update.ts[0m:[93m1170[0m:[93m80[0m - [91merror[0m[90m TS2693: [0m'boolean' only refers to a type, but is being used as a value here.

[7m1170[0m     private async handleSexualHealthQuery(ctx: Context, text: string): Promise<boolean> {
[7m    [0m [91m                                                                               ~~~~~~~[0m
[96msrc/bot/bot.update.ts[0m:[93m1171[0m:[93m15[0m - [91merror[0m[90m TS1005: [0m':' expected.

[7m1171[0m         const results = await this.sexualHealthService.searchByKeyword(text);
[7m    [0m [91m              ~~~~~~~[0m
[96msrc/bot/bot.update.ts[0m:[93m1171[0m:[93m15[0m - [91merror[0m[90m TS2304: [0mCannot find name 'results'.

[7m1171[0m         const results = await this.sexualHealthService.searchByKeyword(text);
[7m    [0m [91m              ~~~~~~~[0m
[96msrc/bot/bot.update.ts[0m:[93m1171[0m:[93m31[0m - [91merror[0m[90m TS2532: [0mObject is possibly 'undefined'.

[7m1171[0m         const results = await this.sexualHealthService.searchByKeyword(text);
[7m    [0m [91m                              ~~~~[0m
[96msrc/bot/bot.update.ts[0m:[93m1171[0m:[93m72[0m - [91merror[0m[90m TS2304: [0mCannot find name 'text'.

[7m1171[0m         const results = await this.sexualHealthService.searchByKeyword(text);
[7m    [0m [91m                                                                       ~~~~[0m
[96msrc/bot/bot.update.ts[0m:[93m1171[0m:[93m77[0m - [91merror[0m[90m TS1005: [0m',' expected.

[7m1171[0m         const results = await this.sexualHealthService.searchByKeyword(text);
[7m    [0m [91m                                                                            ~[0m
[96msrc/bot/bot.update.ts[0m:[93m1172[0m:[93m21[0m - [91merror[0m[90m TS1005: [0m',' expected.

[7m1172[0m         if (results && results.length > 0) {
[7m    [0m [91m                    ~~[0m
[96msrc/bot/bot.update.ts[0m:[93m1172[0m:[93m24[0m - [91merror[0m[90m TS2304: [0mCannot find name 'results'.

[7m1172[0m         if (results && results.length > 0) {
[7m    [0m [91m                       ~~~~~~~[0m
[96msrc/bot/bot.update.ts[0m:[93m1172[0m:[93m42[0m - [91merror[0m[90m TS1005: [0m';' expected.

[7m1172[0m         if (results && results.length > 0) {
[7m    [0m [91m                                         ~[0m
[96msrc/bot/bot.update.ts[0m:[93m1173[0m:[93m28[0m - [91merror[0m[90m TS2304: [0mCannot find name 'results'.

[7m1173[0m             const answer = results[0].respuesta;
[7m    [0m [91m                           ~~~~~~~[0m
[96msrc/bot/bot.update.ts[0m:[93m1174[0m:[93m19[0m - [91merror[0m[90m TS2532: [0mObject is possibly 'undefined'.

[7m1174[0m             await this.sendLongMessage(ctx, answer);
[7m    [0m [91m                  ~~~~[0m
[96msrc/bot/bot.update.ts[0m:[93m1174[0m:[93m40[0m - [91merror[0m[90m TS2304: [0mCannot find name 'ctx'.

[7m1174[0m             await this.sendLongMessage(ctx, answer);
[7m    [0m [91m                                       ~~~[0m
[96msrc/bot/bot.update.ts[0m:[93m1178[0m:[93m5[0m - [91merror[0m[90m TS1128: [0mDeclaration or statement expected.

[7m1178[0m     }
[7m    [0m [91m    ~[0m
[96msrc/bot/bot.update.ts[0m:[93m1181[0m:[93m5[0m - [91merror[0m[90m TS1128: [0mDeclaration or statement expected.

[7m1181[0m     private async handleGeneralQuery(ctx: Context, text: string, preFetchedContext?: string): Promise<void> {
[7m    [0m [91m    ~~~~~~~[0m
[96msrc/bot/bot.update.ts[0m:[93m1181[0m:[93m13[0m - [91merror[0m[90m TS1434: [0mUnexpected keyword or identifier.

[7m1181[0m     private async handleGeneralQuery(ctx: Context, text: string, preFetchedContext?: string): Promise<void> {
[7m    [0m [91m            ~~~~~[0m
[96msrc/bot/bot.update.ts[0m:[93m1181[0m:[93m13[0m - [91merror[0m[90m TS2304: [0mCannot find name 'async'.

[7m1181[0m     private async handleGeneralQuery(ctx: Context, text: string, preFetchedContext?: string): Promise<void> {
[7m    [0m [91m            ~~~~~[0m
[96msrc/bot/bot.update.ts[0m:[93m1181[0m:[93m19[0m - [91merror[0m[90m TS2304: [0mCannot find name 'handleGeneralQuery'.

[7m1181[0m     private async handleGeneralQuery(ctx: Context, text: string, preFetchedContext?: string): Promise<void> {
[7m    [0m [91m                  ~~~~~~~~~~~~~~~~~~[0m
[96msrc/bot/bot.update.ts[0m:[93m1181[0m:[93m38[0m - [91merror[0m[90m TS2304: [0mCannot find name 'ctx'.

[7m1181[0m     private async handleGeneralQuery(ctx: Context, text: string, preFetchedContext?: string): Promise<void> {
[7m    [0m [91m                                     ~~~[0m
[96msrc/bot/bot.update.ts[0m:[93m1181[0m:[93m41[0m - [91merror[0m[90m TS1005: [0m',' expected.

[7m1181[0m     private async handleGeneralQuery(ctx: Context, text: string, preFetchedContext?: string): Promise<void> {
[7m    [0m [91m                                        ~[0m
[96msrc/bot/bot.update.ts[0m:[93m1181[0m:[93m52[0m - [91merror[0m[90m TS2304: [0mCannot find name 'text'.

[7m1181[0m     private async handleGeneralQuery(ctx: Context, text: string, preFetchedContext?: string): Promise<void> {
[7m    [0m [91m                                                   ~~~~[0m
[96msrc/bot/bot.update.ts[0m:[93m1181[0m:[93m56[0m - [91merror[0m[90m TS1005: [0m',' expected.

[7m1181[0m     private async handleGeneralQuery(ctx: Context, text: string, preFetchedContext?: string): Promise<void> {
[7m    [0m [91m                                                       ~[0m
[96msrc/bot/bot.update.ts[0m:[93m1181[0m:[93m58[0m - [91merror[0m[90m TS2693: [0m'string' only refers to a type, but is being used as a value here.

[7m1181[0m     private async handleGeneralQuery(ctx: Context, text: string, preFetchedContext?: string): Promise<void> {
[7m    [0m [91m                                                         ~~~~~~[0m
[96msrc/bot/bot.update.ts[0m:[93m1181[0m:[93m66[0m - [91merror[0m[90m TS2304: [0mCannot find name 'preFetchedContext'.

[7m1181[0m     private async handleGeneralQuery(ctx: Context, text: string, preFetchedContext?: string): Promise<void> {
[7m    [0m [91m                                                                 ~~~~~~~~~~~~~~~~~[0m
[96msrc/bot/bot.update.ts[0m:[93m1181[0m:[93m84[0m - [91merror[0m[90m TS1109: [0mExpression expected.

[7m1181[0m     private async handleGeneralQuery(ctx: Context, text: string, preFetchedContext?: string): Promise<void> {
[7m    [0m [91m                                                                                   ~[0m
[96msrc/bot/bot.update.ts[0m:[93m1181[0m:[93m86[0m - [91merror[0m[90m TS2693: [0m'string' only refers to a type, but is being used as a value here.

[7m1181[0m     private async handleGeneralQuery(ctx: Context, text: string, preFetchedContext?: string): Promise<void> {
[7m    [0m [91m                                                                                     ~~~~~~[0m
[96msrc/bot/bot.update.ts[0m:[93m1181[0m:[93m93[0m - [91merror[0m[90m TS1005: [0m';' expected.

[7m1181[0m     private async handleGeneralQuery(ctx: Context, text: string, preFetchedContext?: string): Promise<void> {
[7m    [0m [91m                                                                                            ~[0m
[96msrc/bot/bot.update.ts[0m:[93m1181[0m:[93m95[0m - [91merror[0m[90m TS2365: [0mOperator '>' cannot be applied to types 'boolean' and '{ const: any; let: any; augmentedPrompt: any; if(contextData: any): any; }'.

[7m1181[0m     private async handleGeneralQuery(ctx: Context, text: string, preFetchedContext?: string): Promise<void> {
[7m    [0m [91m                                                                                              ~~~~~~~~~~~~~~~[0m
[7m1182[0m         const contextData = preFetchedContext || (await this.statsService.getSummary(text));
[7m    [0m [91m~~~~~~~~~~~~~~~~~~~~~~~~~~~~~~~~~~~~~~~~~~~~~~~~~~~~~~~~~~~~~~~~~~~~~~~~~~~~~~~~~~~~~~~~~~~~[0m
[7m ...[0m 
[7m1184[0m         let augmentedPrompt = text;
[7m    [0m [91m~~~~~~~~~~~~~~~~~~~~~~~~~~~~~~~~~~~[0m
[7m1185[0m         if (contextData && !contextData.includes('[INFO]')) {
[7m    [0m [91m~~~~~~~~~~~~~~~~~~~~~~~[0m
[96msrc/bot/bot.update.ts[0m:[93m1181[0m:[93m103[0m - [91merror[0m[90m TS2532: [0mObject is possibly 'undefined'.

[7m1181[0m     private async handleGeneralQuery(ctx: Context, text: string, preFetchedContext?: string): Promise<void> {
[7m    [0m [91m                                                                                                      ~~~~[0m
[96msrc/bot/bot.update.ts[0m:[93m1181[0m:[93m107[0m - [91merror[0m[90m TS1109: [0mExpression expected.

[7m1181[0m     private async handleGeneralQuery(ctx: Context, text: string, preFetchedContext?: string): Promise<void> {
[7m    [0m [91m                                                                                                          ~[0m
[96msrc/bot/bot.update.ts[0m:[93m1182[0m:[93m15[0m - [91merror[0m[90m TS1005: [0m':' expected.

[7m1182[0m         const contextData = preFetchedContext || (await this.statsService.getSummary(text));
[7m    [0m [91m              ~~~~~~~~~~~[0m
[96msrc/bot/bot.update.ts[0m:[93m1182[0m:[93m15[0m - [91merror[0m[90m TS2304: [0mCannot find name 'contextData'.

[7m1182[0m         const contextData = preFetchedContext || (await this.statsService.getSummary(text));
[7m    [0m [91m              ~~~~~~~~~~~[0m
[96msrc/bot/bot.update.ts[0m:[93m1182[0m:[93m29[0m - [91merror[0m[90m TS2304: [0mCannot find name 'preFetchedContext'.

[7m1182[0m         const contextData = preFetchedContext || (await this.statsService.getSummary(text));
[7m    [0m [91m                            ~~~~~~~~~~~~~~~~~[0m
[96msrc/bot/bot.update.ts[0m:[93m1182[0m:[93m57[0m - [91merror[0m[90m TS2532: [0mObject is possibly 'undefined'.

[7m1182[0m         const contextData = preFetchedContext || (await this.statsService.getSummary(text));
[7m    [0m [91m                                                        ~~~~[0m
[96msrc/bot/bot.update.ts[0m:[93m1182[0m:[93m86[0m - [91merror[0m[90m TS2304: [0mCannot find name 'text'.

[7m1182[0m         const contextData = preFetchedContext || (await this.statsService.getSummary(text));
[7m    [0m [91m                                                                                     ~~~~[0m
[96msrc/bot/bot.update.ts[0m:[93m1182[0m:[93m92[0m - [91merror[0m[90m TS1005: [0m',' expected.

[7m1182[0m         const contextData = preFetchedContext || (await this.statsService.getSummary(text));
[7m    [0m [91m                                                                                           ~[0m
[96msrc/bot/bot.update.ts[0m:[93m1184[0m:[93m9[0m - [91merror[0m[90m TS18004: [0mNo value exists in scope for the shorthand property 'let'. Either declare one or provide an initializer.

[7m1184[0m         let augmentedPrompt = text;
[7m    [0m [91m        ~~~[0m
[96msrc/bot/bot.update.ts[0m:[93m1184[0m:[93m13[0m - [91merror[0m[90m TS1005: [0m',' expected.

[7m1184[0m         let augmentedPrompt = text;
[7m    [0m [91m            ~~~~~~~~~~~~~~~[0m
[96msrc/bot/bot.update.ts[0m:[93m1184[0m:[93m31[0m - [91merror[0m[90m TS18004: [0mNo value exists in scope for the shorthand property 'text'. Either declare one or provide an initializer.

[7m1184[0m         let augmentedPrompt = text;
[7m    [0m [91m                              ~~~~[0m
[96msrc/bot/bot.update.ts[0m:[93m1184[0m:[93m35[0m - [91merror[0m[90m TS1005: [0m',' expected.

[7m1184[0m         let augmentedPrompt = text;
[7m    [0m [91m                                  ~[0m
[96msrc/bot/bot.update.ts[0m:[93m1185[0m:[93m25[0m - [91merror[0m[90m TS1005: [0m',' expected.

[7m1185[0m         if (contextData && !contextData.includes('[INFO]')) {
[7m    [0m [91m                        ~~[0m
[96msrc/bot/bot.update.ts[0m:[93m1185[0m:[93m29[0m - [91merror[0m[90m TS2304: [0mCannot find name 'contextData'.

[7m1185[0m         if (contextData && !contextData.includes('[INFO]')) {
[7m    [0m [91m                            ~~~~~~~~~~~[0m
[96msrc/bot/bot.update.ts[0m:[93m1185[0m:[93m59[0m - [91merror[0m[90m TS1005: [0m';' expected.

[7m1185[0m         if (contextData && !contextData.includes('[INFO]')) {
[7m    [0m [91m                                                          ~[0m
[96msrc/bot/bot.update.ts[0m:[93m1186[0m:[93m13[0m - [91merror[0m[90m TS2304: [0mCannot find name 'augmentedPrompt'.

[7m1186[0m             augmentedPrompt = `
[7m    [0m [91m            ~~~~~~~~~~~~~~~[0m
[96msrc/bot/bot.update.ts[0m:[93m1188[0m:[93m3[0m - [91merror[0m[90m TS2304: [0mCannot find name 'contextData'.

[7m1188[0m ${contextData}
[7m    [0m [91m  ~~~~~~~~~~~[0m
[96msrc/bot/bot.update.ts[0m:[93m1195[0m:[93m13[0m - [91merror[0m[90m TS2304: [0mCannot find name 'text'.

[7m1195[0m Consulta: ${text}
[7m    [0m [91m            ~~~~[0m
[96msrc/bot/bot.update.ts[0m:[93m1197[0m:[93m11[0m - [91merror[0m[90m TS1128: [0mDeclaration or statement expected.

[7m1197[0m         } else {
[7m    [0m [91m          ~~~~[0m
[96msrc/bot/bot.update.ts[0m:[93m1198[0m:[93m13[0m - [91merror[0m[90m TS2304: [0mCannot find name 'augmentedPrompt'.

[7m1198[0m             augmentedPrompt = `Consulta: ${text}
[7m    [0m [91m            ~~~~~~~~~~~~~~~[0m
[96msrc/bot/bot.update.ts[0m:[93m1198[0m:[93m44[0m - [91merror[0m[90m TS2304: [0mCannot find name 'text'.

[7m1198[0m             augmentedPrompt = `Consulta: ${text}
[7m    [0m [91m                                           ~~~~[0m
[96msrc/bot/bot.update.ts[0m:[93m1204[0m:[93m42[0m - [91merror[0m[90m TS2304: [0mCannot find name 'text'.

[7m1204[0m             const norm = normalizeString(text);
[7m    [0m [91m                                         ~~~~[0m
[96msrc/bot/bot.update.ts[0m:[93m1209[0m:[93m23[0m - [91merror[0m[90m TS2304: [0mCannot find name 'ctx'.

[7m1209[0m                 await ctx.reply(await this.mentalHealthQuestionsService.getAvailableQuestions(), {
[7m    [0m [91m                      ~~~[0m
[96msrc/bot/bot.update.ts[0m:[93m1209[0m:[93m39[0m - [91merror[0m[90m TS2532: [0mObject is possibly 'undefined'.

[7m1209[0m                 await ctx.reply(await this.mentalHealthQuestionsService.getAvailableQuestions(), {
[7m    [0m [91m                                      ~~~~[0m
[96msrc/bot/bot.update.ts[0m:[93m1216[0m:[93m23[0m - [91merror[0m[90m TS2304: [0mCannot find name 'ctx'.

[7m1216[0m                 await ctx.reply(await this.mentalHealthQuestionsService.getAvailableQuestions(), { parse_mode: 'Markdown' });
[7m    [0m [91m                      ~~~[0m
[96msrc/bot/bot.update.ts[0m:[93m1216[0m:[93m39[0m - [91merror[0m[90m TS2532: [0mObject is possibly 'undefined'.

[7m1216[0m                 await ctx.reply(await this.mentalHealthQuestionsService.getAvailableQuestions(), { parse_mode: 'Markdown' });
[7m    [0m [91m                                      ~~~~[0m
[96msrc/bot/bot.update.ts[0m:[93m1220[0m:[93m23[0m - [91merror[0m[90m TS2304: [0mCannot find name 'ctx'.

[7m1220[0m                 await ctx.reply(await this.saludPublicaQuestionsService.getAvailableQuestions(), { parse_mode: 'Markdown' });
[7m    [0m [91m                      ~~~[0m
[96msrc/bot/bot.update.ts[0m:[93m1220[0m:[93m39[0m - [91merror[0m[90m TS2532: [0mObject is possibly 'undefined'.

[7m1220[0m                 await ctx.reply(await this.saludPublicaQuestionsService.getAvailableQuestions(), { parse_mode: 'Markdown' });
[7m    [0m [91m                                      ~~~~[0m
[96msrc/bot/bot.update.ts[0m:[93m1225[0m:[93m23[0m - [91merror[0m[90m TS2304: [0mCannot find name 'ctx'.

[7m1225[0m                 await ctx.reply(await this.predictiveQuestionsService.getAvailableQuestions(), { parse_mode: 'Markdown' });
[7m    [0m [91m                      ~~~[0m
[96msrc/bot/bot.update.ts[0m:[93m1225[0m:[93m39[0m - [91merror[0m[90m TS2532: [0mObject is possibly 'undefined'.

[7m1225[0m                 await ctx.reply(await this.predictiveQuestionsService.getAvailableQuestions(), { parse_mode: 'Markdown' });
[7m    [0m [91m                                      ~~~~[0m
[96msrc/bot/bot.update.ts[0m:[93m1229[0m:[93m23[0m - [91merror[0m[90m TS2304: [0mCannot find name 'ctx'.

[7m1229[0m                 await ctx.reply(await this.airQualityQuestionsService.getAvailableQuestions(), { parse_mode: 'Markdown' });
[7m    [0m [91m                      ~~~[0m
[96msrc/bot/bot.update.ts[0m:[93m1229[0m:[93m39[0m - [91merror[0m[90m TS2532: [0mObject is possibly 'undefined'.

[7m1229[0m                 await ctx.reply(await this.airQualityQuestionsService.getAvailableQuestions(), { parse_mode: 'Markdown' });
[7m    [0m [91m                                      ~~~~[0m
[96msrc/bot/bot.update.ts[0m:[93m1234[0m:[93m21[0m - [91merror[0m[90m TS2532: [0mObject is possibly 'undefined'.

[7m1234[0m                 if (this.vaccinationService && typeof this.vaccinationService.getAvailableQuestions === 'function') {
[7m    [0m [91m                    ~~~~[0m
[96msrc/bot/bot.update.ts[0m:[93m1234[0m:[93m55[0m - [91merror[0m[90m TS2532: [0mObject is possibly 'undefined'.

[7m1234[0m                 if (this.vaccinationService && typeof this.vaccinationService.getAvailableQuestions === 'function') {
[7m    [0m [91m                                                      ~~~~[0m
[96msrc/bot/bot.update.ts[0m:[93m1235[0m:[93m27[0m - [91merror[0m[90m TS2304: [0mCannot find name 'ctx'.

[7m1235[0m                     await ctx.reply(await this.vaccinationService.getAvailableQuestions(), { parse_mode: 'Markdown' });
[7m    [0m [91m                          ~~~[0m
[96msrc/bot/bot.update.ts[0m:[93m1235[0m:[93m43[0m - [91merror[0m[90m TS2532: [0mObject is possibly 'undefined'.

[7m1235[0m                     await ctx.reply(await this.vaccinationService.getAvailableQuestions(), { parse_mode: 'Markdown' });
[7m    [0m [91m                                          ~~~~[0m
[96msrc/bot/bot.update.ts[0m:[93m1240[0m:[93m23[0m - [91merror[0m[90m TS2304: [0mCannot find name 'ctx'.

[7m1240[0m                 await ctx.reply(await this.graphicsQuestionsService.getAvailableQuestions(), { parse_mode: 'Markdown' });
[7m    [0m [91m                      ~~~[0m
[96msrc/bot/bot.update.ts[0m:[93m1240[0m:[93m39[0m - [91merror[0m[90m TS2532: [0mObject is possibly 'undefined'.

[7m1240[0m                 await ctx.reply(await this.graphicsQuestionsService.getAvailableQuestions(), { parse_mode: 'Markdown' });
[7m    [0m [91m                                      ~~~~[0m
[96msrc/bot/bot.update.ts[0m:[93m1245[0m:[93m41[0m - [91merror[0m[90m TS2532: [0mObject is possibly 'undefined'.

[7m1245[0m                 const respuesta = await this.saludPublicaQuestionsService.processPublicHealthQuery(text);
[7m    [0m [91m                                        ~~~~[0m
[96msrc/bot/bot.update.ts[0m:[93m1245[0m:[93m100[0m - [91merror[0m[90m TS2304: [0mCannot find name 'text'.

[7m1245[0m                 const respuesta = await this.saludPublicaQuestionsService.processPublicHealthQuery(text);
[7m    [0m [91m                                                                                                   ~~~~[0m
[96msrc/bot/bot.update.ts[0m:[93m1247[0m:[93m27[0m - [91merror[0m[90m TS2304: [0mCannot find name 'ctx'.

[7m1247[0m                     await ctx.reply(respuesta, { parse_mode: 'Markdown' });
[7m    [0m [91m                          ~~~[0m
[96msrc/bot/bot.update.ts[0m:[93m1252[0m:[93m36[0m - [91merror[0m[90m TS2532: [0mObject is possibly 'undefined'.

[7m1252[0m             const response = await this.genkitService.generateResponse(augmentedPrompt);
[7m    [0m [91m                                   ~~~~[0m
[96msrc/bot/bot.update.ts[0m:[93m1252[0m:[93m72[0m - [91merror[0m[90m TS2304: [0mCannot find name 'augmentedPrompt'.

[7m1252[0m             const response = await this.genkitService.generateResponse(augmentedPrompt);
[7m    [0m [91m                                                                       ~~~~~~~~~~~~~~~[0m
[96msrc/bot/bot.update.ts[0m:[93m1253[0m:[93m19[0m - [91merror[0m[90m TS2532: [0mObject is possibly 'undefined'.

[7m1253[0m             await this.sendLongMessage(ctx, response);
[7m    [0m [91m                  ~~~~[0m
[96msrc/bot/bot.update.ts[0m:[93m1253[0m:[93m40[0m - [91merror[0m[90m TS2304: [0mCannot find name 'ctx'.

[7m1253[0m             await this.sendLongMessage(ctx, response);
[7m    [0m [91m                                       ~~~[0m
[96msrc/bot/bot.update.ts[0m:[93m1255[0m:[93m13[0m - [91merror[0m[90m TS2532: [0mObject is possibly 'undefined'.

[7m1255[0m             this.logger.error(`Error en handleGeneralQuery: ${error.message}`);
[7m    [0m [91m            ~~~~[0m
[96msrc/bot/bot.update.ts[0m:[93m1256[0m:[93m19[0m - [91merror[0m[90m TS2304: [0mCannot find name 'ctx'.

[7m1256[0m             await ctx.reply(
[7m    [0m [91m                  ~~~[0m
[96msrc/bot/bot.update.ts[0m:[93m1260[0m:[93m5[0m - [91merror[0m[90m TS1128: [0mDeclaration or statement expected.

[7m1260[0m     }
[7m    [0m [91m    ~[0m
[96msrc/bot/bot.update.ts[0m:[93m1263[0m:[93m5[0m - [91merror[0m[90m TS1128: [0mDeclaration or statement expected.

[7m1263[0m     private async handleRiskAnalysis(
[7m    [0m [91m    ~~~~~~~[0m
[96msrc/bot/bot.update.ts[0m:[93m1263[0m:[93m13[0m - [91merror[0m[90m TS1434: [0mUnexpected keyword or identifier.

[7m1263[0m     private async handleRiskAnalysis(
[7m    [0m [91m            ~~~~~[0m
[96msrc/bot/bot.update.ts[0m:[93m1263[0m:[93m13[0m - [91merror[0m[90m TS2304: [0mCannot find name 'async'.

[7m1263[0m     private async handleRiskAnalysis(
[7m    [0m [91m            ~~~~~[0m
[96msrc/bot/bot.update.ts[0m:[93m1263[0m:[93m19[0m - [91merror[0m[90m TS2304: [0mCannot find name 'handleRiskAnalysis'.

[7m1263[0m     private async handleRiskAnalysis(
[7m    [0m [91m                  ~~~~~~~~~~~~~~~~~~[0m
[96msrc/bot/bot.update.ts[0m:[93m1264[0m:[93m9[0m - [91merror[0m[90m TS2304: [0mCannot find name 'ctx'.

[7m1264[0m         ctx: Context,
[7m    [0m [91m        ~~~[0m
[96msrc/bot/bot.update.ts[0m:[93m1264[0m:[93m12[0m - [91merror[0m[90m TS1005: [0m',' expected.

[7m1264[0m         ctx: Context,
[7m    [0m [91m           ~[0m
[96msrc/bot/bot.update.ts[0m:[93m1265[0m:[93m9[0m - [91merror[0m[90m TS2304: [0mCannot find name 'text'.

[7m1265[0m         text: string,
[7m    [0m [91m        ~~~~[0m
[96msrc/bot/bot.update.ts[0m:[93m1265[0m:[93m13[0m - [91merror[0m[90m TS1005: [0m',' expected.

[7m1265[0m         text: string,
[7m    [0m [91m            ~[0m
[96msrc/bot/bot.update.ts[0m:[93m1265[0m:[93m15[0m - [91merror[0m[90m TS2693: [0m'string' only refers to a type, but is being used as a value here.

[7m1265[0m         text: string,
[7m    [0m [91m              ~~~~~~[0m
[96msrc/bot/bot.update.ts[0m:[93m1266[0m:[93m9[0m - [91merror[0m[90m TS2304: [0mCannot find name 'detectedRegion'.

[7m1266[0m         detectedRegion?: string,
[7m    [0m [91m        ~~~~~~~~~~~~~~[0m
[96msrc/bot/bot.update.ts[0m:[93m1266[0m:[93m24[0m - [91merror[0m[90m TS1109: [0mExpression expected.

[7m1266[0m         detectedRegion?: string,
[7m    [0m [91m                       ~[0m
[96msrc/bot/bot.update.ts[0m:[93m1266[0m:[93m26[0m - [91merror[0m[90m TS2693: [0m'string' only refers to a type, but is being used as a value here.

[7m1266[0m         detectedRegion?: string,
[7m    [0m [91m                         ~~~~~~[0m
[96msrc/bot/bot.update.ts[0m:[93m1267[0m:[93m6[0m - [91merror[0m[90m TS1005: [0m';' expected.

[7m1267[0m     ): Promise<boolean> {
[7m    [0m [91m     ~[0m
[96msrc/bot/bot.update.ts[0m:[93m1267[0m:[93m8[0m - [91merror[0m[90m TS2365: [0mOperator '>' cannot be applied to types 'boolean' and '{ const: any; if(: any, isRiskAnalysis: any): any; if(norm: any): any; if(event: any): boolean | undefined; return: boolean; "": any; }'.

[7m1267[0m     ): Promise<boolean> {
[7m    [0m [91m       ~~~~~~~~~~~~~~~~~~[0m
[7m1268[0m         const norm = normalizeString(text);
[7m    [0m [91m~~~~~~~~~~~~~~~~~~~~~~~~~~~~~~~~~~~~~~~~~~~[0m
[7m ...[0m 
[7m1306[0m         return false;
[7m    [0m [91m~~~~~~~~~~~~~~~~~~~~~[0m
[7m1307[0m     }
[7m    [0m [91m~~~~~[0m
[96msrc/bot/bot.update.ts[0m:[93m1267[0m:[93m16[0m - [91merror[0m[90m TS2693: [0m'boolean' only refers to a type, but is being used as a value here.

[7m1267[0m     ): Promise<boolean> {
[7m    [0m [91m               ~~~~~~~[0m
[96msrc/bot/bot.update.ts[0m:[93m1268[0m:[93m15[0m - [91merror[0m[90m TS1005: [0m':' expected.

[7m1268[0m         const norm = normalizeString(text);
[7m    [0m [91m              ~~~~[0m
[96msrc/bot/bot.update.ts[0m:[93m1268[0m:[93m15[0m - [91merror[0m[90m TS2448: [0mBlock-scoped variable 'norm' used before its declaration.

[7m1268[0m         const norm = normalizeString(text);
[7m    [0m [91m              ~~~~[0m

  [96msrc/bot/bot.update.ts[0m:[93m1755[0m:[93m19[0m
    [7m1755[0m             const norm = normalizeString(text);
    [7m    [0m [96m                  ~~~~[0m
    'norm' is declared here.
[96msrc/bot/bot.update.ts[0m:[93m1268[0m:[93m15[0m - [91merror[0m[90m TS2588: [0mCannot assign to 'norm' because it is a constant.

[7m1268[0m         const norm = normalizeString(text);
[7m    [0m [91m              ~~~~[0m
[96msrc/bot/bot.update.ts[0m:[93m1268[0m:[93m38[0m - [91merror[0m[90m TS2304: [0mCannot find name 'text'.

[7m1268[0m         const norm = normalizeString(text);
[7m    [0m [91m                                     ~~~~[0m
[96msrc/bot/bot.update.ts[0m:[93m1268[0m:[93m43[0m - [91merror[0m[90m TS1005: [0m',' expected.

[7m1268[0m         const norm = normalizeString(text);
[7m    [0m [91m                                          ~[0m
[96msrc/bot/bot.update.ts[0m:[93m1269[0m:[93m15[0m - [91merror[0m[90m TS1005: [0m':' expected.

[7m1269[0m         const userId = ctx.from?.id;
[7m    [0m [91m              ~~~~~~[0m
[96msrc/bot/bot.update.ts[0m:[93m1269[0m:[93m15[0m - [91merror[0m[90m TS2304: [0mCannot find name 'userId'.

[7m1269[0m         const userId = ctx.from?.id;
[7m    [0m [91m              ~~~~~~[0m
[96msrc/bot/bot.update.ts[0m:[93m1269[0m:[93m24[0m - [91merror[0m[90m TS2304: [0mCannot find name 'ctx'.

[7m1269[0m         const userId = ctx.from?.id;
[7m    [0m [91m                       ~~~[0m
[96msrc/bot/bot.update.ts[0m:[93m1269[0m:[93m36[0m - [91merror[0m[90m TS1005: [0m',' expected.

[7m1269[0m         const userId = ctx.from?.id;
[7m    [0m [91m                                   ~[0m
[96msrc/bot/bot.update.ts[0m:[93m1270[0m:[93m15[0m - [91merror[0m[90m TS1005: [0m':' expected.

[7m1270[0m         const pending = userId ? this.userState.get(userId) : null;
[7m    [0m [91m              ~~~~~~~[0m
[96msrc/bot/bot.update.ts[0m:[93m1270[0m:[93m15[0m - [91merror[0m[90m TS2630: [0mCannot assign to 'pending' because it is a function.

[7m1270[0m         const pending = userId ? this.userState.get(userId) : null;
[7m    [0m [91m              ~~~~~~~[0m
[96msrc/bot/bot.update.ts[0m:[93m1270[0m:[93m25[0m - [91merror[0m[90m TS2304: [0mCannot find name 'userId'.

[7m1270[0m         const pending = userId ? this.userState.get(userId) : null;
[7m    [0m [91m                        ~~~~~~[0m
[96msrc/bot/bot.update.ts[0m:[93m1270[0m:[93m34[0m - [91merror[0m[90m TS2532: [0mObject is possibly 'undefined'.

[7m1270[0m         const pending = userId ? this.userState.get(userId) : null;
[7m    [0m [91m                                 ~~~~[0m
[96msrc/bot/bot.update.ts[0m:[93m1270[0m:[93m53[0m - [91merror[0m[90m TS2304: [0mCannot find name 'userId'.

[7m1270[0m         const pending = userId ? this.userState.get(userId) : null;
[7m    [0m [91m                                                    ~~~~~~[0m
[96msrc/bot/bot.update.ts[0m:[93m1270[0m:[93m67[0m - [91merror[0m[90m TS1005: [0m',' expected.

[7m1270[0m         const pending = userId ? this.userState.get(userId) : null;
[7m    [0m [91m                                                                  ~[0m
[96msrc/bot/bot.update.ts[0m:[93m1272[0m:[93m15[0m - [91merror[0m[90m TS1005: [0m':' expected.

[7m1272[0m         const isRiskAnalysis =
[7m    [0m [91m              ~~~~~~~~~~~~~~[0m
[96msrc/bot/bot.update.ts[0m:[93m1272[0m:[93m15[0m - [91merror[0m[90m TS2304: [0mCannot find name 'isRiskAnalysis'.

[7m1272[0m         const isRiskAnalysis =
[7m    [0m [91m              ~~~~~~~~~~~~~~[0m
[96msrc/bot/bot.update.ts[0m:[93m1273[0m:[93m15[0m - [91merror[0m[90m TS2448: [0mBlock-scoped variable 'norm' used before its declaration.

[7m1273[0m             ((norm.includes('riesgo') || norm.includes('analizar')) &&
[7m    [0m [91m              ~~~~[0m

  [96msrc/bot/bot.update.ts[0m:[93m1755[0m:[93m19[0m
    [7m1755[0m             const norm = normalizeString(text);
    [7m    [0m [96m                  ~~~~[0m
    'norm' is declared here.
[96msrc/bot/bot.update.ts[0m:[93m1273[0m:[93m42[0m - [91merror[0m[90m TS2448: [0mBlock-scoped variable 'norm' used before its declaration.

[7m1273[0m             ((norm.includes('riesgo') || norm.includes('analizar')) &&
[7m    [0m [91m                                         ~~~~[0m

  [96msrc/bot/bot.update.ts[0m:[93m1755[0m:[93m19[0m
    [7m1755[0m             const norm = normalizeString(text);
    [7m    [0m [96m                  ~~~~[0m
    'norm' is declared here.
[96msrc/bot/bot.update.ts[0m:[93m1274[0m:[93m18[0m - [91merror[0m[90m TS2448: [0mBlock-scoped variable 'norm' used before its declaration.

[7m1274[0m                 !norm.includes(' vs ')) ||
[7m    [0m [91m                 ~~~~[0m

  [96msrc/bot/bot.update.ts[0m:[93m1755[0m:[93m19[0m
    [7m1755[0m             const norm = normalizeString(text);
    [7m    [0m [96m                  ~~~~[0m
    'norm' is declared here.
[96msrc/bot/bot.update.ts[0m:[93m1275[0m:[93m22[0m - [91merror[0m[90m TS2339: [0mProperty 'intent' does not exist on type '(reason?: string | undefined) => void'.

[7m1275[0m             pending?.intent === 'risk_analysis';
[7m    [0m [91m                     ~~~~~~[0m
[96msrc/bot/bot.update.ts[0m:[93m1275[0m:[93m48[0m - [91merror[0m[90m TS1005: [0m',' expected.

[7m1275[0m             pending?.intent === 'risk_analysis';
[7m    [0m [91m                                               ~[0m
[96msrc/bot/bot.update.ts[0m:[93m1277[0m:[93m13[0m - [91merror[0m[90m TS1003: [0mIdentifier expected.

[7m1277[0m         if (!isRiskAnalysis) return false;
[7m    [0m [91m            ~[0m
[96msrc/bot/bot.update.ts[0m:[93m1277[0m:[93m30[0m - [91merror[0m[90m TS1005: [0m'{' expected.

[7m1277[0m         if (!isRiskAnalysis) return false;
[7m    [0m [91m                             ~~~~~~[0m
[96msrc/bot/bot.update.ts[0m:[93m1277[0m:[93m37[0m - [91merror[0m[90m TS1005: [0m':' expected.

[7m1277[0m         if (!isRiskAnalysis) return false;
[7m    [0m [91m                                    ~~~~~[0m
[96msrc/bot/bot.update.ts[0m:[93m1277[0m:[93m42[0m - [91merror[0m[90m TS1005: [0m',' expected.

[7m1277[0m         if (!isRiskAnalysis) return false;
[7m    [0m [91m                                         ~[0m
[96msrc/bot/bot.update.ts[0m:[93m1278[0m:[93m17[0m - [91merror[0m[90m TS1005: [0m',' expected.

[7m1278[0m         if (norm.includes('calidad del aire')) return false;
[7m    [0m [91m                ~[0m
[96msrc/bot/bot.update.ts[0m:[93m1278[0m:[93m46[0m - [91merror[0m[90m TS1005: [0m',' expected.

[7m1278[0m         if (norm.includes('calidad del aire')) return false;
[7m    [0m [91m                                             ~[0m
[96msrc/bot/bot.update.ts[0m:[93m1278[0m:[93m55[0m - [91merror[0m[90m TS1005: [0m':' expected.

[7m1278[0m         if (norm.includes('calidad del aire')) return false;
[7m    [0m [91m                                                      ~~~~~[0m
[96msrc/bot/bot.update.ts[0m:[93m1278[0m:[93m60[0m - [91merror[0m[90m TS1005: [0m',' expected.

[7m1278[0m         if (norm.includes('calidad del aire')) return false;
[7m    [0m [91m                                                           ~[0m
[96msrc/bot/bot.update.ts[0m:[93m1280[0m:[93m15[0m - [91merror[0m[90m TS1005: [0m':' expected.

[7m1280[0m         const event = this.extractRiskEvent(norm, pending);
[7m    [0m [91m              ~~~~~[0m
[96msrc/bot/bot.update.ts[0m:[93m1280[0m:[93m23[0m - [91merror[0m[90m TS2532: [0mObject is possibly 'undefined'.

[7m1280[0m         const event = this.extractRiskEvent(norm, pending);
[7m    [0m [91m                      ~~~~[0m
[96msrc/bot/bot.update.ts[0m:[93m1280[0m:[93m45[0m - [91merror[0m[90m TS2448: [0mBlock-scoped variable 'norm' used before its declaration.

[7m1280[0m         const event = this.extractRiskEvent(norm, pending);
[7m    [0m [91m                                            ~~~~[0m

  [96msrc/bot/bot.update.ts[0m:[93m1755[0m:[93m19[0m
    [7m1755[0m             const norm = normalizeString(text);
    [7m    [0m [96m                  ~~~~[0m
    'norm' is declared here.
[96msrc/bot/bot.update.ts[0m:[93m1280[0m:[93m59[0m - [91merror[0m[90m TS1005: [0m',' expected.

[7m1280[0m         const event = this.extractRiskEvent(norm, pending);
[7m    [0m [91m                                                          ~[0m
[96msrc/bot/bot.update.ts[0m:[93m1284[0m:[93m22[0m - [91merror[0m[90m TS2304: [0mCannot find name 'detectedRegion'.

[7m1284[0m                 if (!detectedRegion) {
[7m    [0m [91m                     ~~~~~~~~~~~~~~[0m
[96msrc/bot/bot.update.ts[0m:[93m1285[0m:[93m27[0m - [91merror[0m[90m TS2304: [0mCannot find name 'ctx'.

[7m1285[0m                     await ctx.reply(
[7m    [0m [91m                          ~~~[0m
[96msrc/bot/bot.update.ts[0m:[93m1289[0m:[93m25[0m - [91merror[0m[90m TS2304: [0mCannot find name 'userId'.

[7m1289[0m                     if (userId) {
[7m    [0m [91m                        ~~~~~~[0m
[96msrc/bot/bot.update.ts[0m:[93m1290[0m:[93m44[0m - [91merror[0m[90m TS2304: [0mCannot find name 'userId'.

[7m1290[0m                         this.userState.set(userId, { intent: 'risk_analysis', data: { event } });
[7m    [0m [91m                                           ~~~~~~[0m
[96msrc/bot/bot.update.ts[0m:[93m1295[0m:[93m96[0m - [91merror[0m[90m TS2304: [0mCannot find name 'detectedRegion'.

[7m1295[0m                 const analysis = await this.predictiveQuestionsService.clasificarRiesgo(event, detectedRegion);
[7m    [0m [91m                                                                                               ~~~~~~~~~~~~~~[0m
[96msrc/bot/bot.update.ts[0m:[93m1296[0m:[93m21[0m - [91merror[0m[90m TS2304: [0mCannot find name 'userId'.

[7m1296[0m                 if (userId) this.userState.delete(userId);
[7m    [0m [91m                    ~~~~~~[0m
[96msrc/bot/bot.update.ts[0m:[93m1296[0m:[93m51[0m - [91merror[0m[90m TS2304: [0mCannot find name 'userId'.

[7m1296[0m                 if (userId) this.userState.delete(userId);
[7m    [0m [91m                                                  ~~~~~~[0m
[96msrc/bot/bot.update.ts[0m:[93m1298[0m:[93m48[0m - [91merror[0m[90m TS2304: [0mCannot find name 'ctx'.

[7m1298[0m                     await this.sendLongMessage(ctx, analysis, { parse_mode: 'Markdown' });
[7m    [0m [91m                                               ~~~[0m
[96msrc/bot/bot.update.ts[0m:[93m1306[0m:[93m9[0m - [91merror[0m[90m TS1005: [0m',' expected.

[7m1306[0m         return false;
[7m    [0m [91m        ~~~~~~[0m
[96msrc/bot/bot.update.ts[0m:[93m1306[0m:[93m16[0m - [91merror[0m[90m TS1005: [0m':' expected.

[7m1306[0m         return false;
[7m    [0m [91m               ~~~~~[0m
[96msrc/bot/bot.update.ts[0m:[93m1306[0m:[93m21[0m - [91merror[0m[90m TS1005: [0m',' expected.

[7m1306[0m         return false;
[7m    [0m [91m                    ~[0m
[96msrc/bot/bot.update.ts[0m:[93m1309[0m:[93m5[0m - [91merror[0m[90m TS1128: [0mDeclaration or statement expected.

[7m1309[0m     private extractRiskEvent(norm: string, pending: UserState | null | undefined): string | undefined {
[7m    [0m [91m    ~~~~~~~[0m
[96msrc/bot/bot.update.ts[0m:[93m1309[0m:[93m13[0m - [91merror[0m[90m TS2304: [0mCannot find name 'extractRiskEvent'.

[7m1309[0m     private extractRiskEvent(norm: string, pending: UserState | null | undefined): string | undefined {
[7m    [0m [91m            ~~~~~~~~~~~~~~~~[0m
[96msrc/bot/bot.update.ts[0m:[93m1309[0m:[93m30[0m - [91merror[0m[90m TS2448: [0mBlock-scoped variable 'norm' used before its declaration.

[7m1309[0m     private extractRiskEvent(norm: string, pending: UserState | null | undefined): string | undefined {
[7m    [0m [91m                             ~~~~[0m

  [96msrc/bot/bot.update.ts[0m:[93m1755[0m:[93m19[0m
    [7m1755[0m             const norm = normalizeString(text);
    [7m    [0m [96m                  ~~~~[0m
    'norm' is declared here.
[96msrc/bot/bot.update.ts[0m:[93m1309[0m:[93m34[0m - [91merror[0m[90m TS1005: [0m',' expected.

[7m1309[0m     private extractRiskEvent(norm: string, pending: UserState | null | undefined): string | undefined {
[7m    [0m [91m                                 ~[0m
[96msrc/bot/bot.update.ts[0m:[93m1309[0m:[93m36[0m - [91merror[0m[90m TS2693: [0m'string' only refers to a type, but is being used as a value here.

[7m1309[0m     private extractRiskEvent(norm: string, pending: UserState | null | undefined): string | undefined {
[7m    [0m [91m                                   ~~~~~~[0m
[96msrc/bot/bot.update.ts[0m:[93m1309[0m:[93m51[0m - [91merror[0m[90m TS1005: [0m',' expected.

[7m1309[0m     private extractRiskEvent(norm: string, pending: UserState | null | undefined): string | undefined {
[7m    [0m [91m                                                  ~[0m
[96msrc/bot/bot.update.ts[0m:[93m1309[0m:[93m53[0m - [91merror[0m[90m TS2693: [0m'UserState' only refers to a type, but is being used as a value here.

[7m1309[0m     private extractRiskEvent(norm: string, pending: UserState | null | undefined): string | undefined {
[7m    [0m [91m                                                    ~~~~~~~~~[0m
[96msrc/bot/bot.update.ts[0m:[93m1309[0m:[93m65[0m - [91merror[0m[90m TS18050: [0mThe value 'null' cannot be used here.

[7m1309[0m     private extractRiskEvent(norm: string, pending: UserState | null | undefined): string | undefined {
[7m    [0m [91m                                                                ~~~~[0m
[96msrc/bot/bot.update.ts[0m:[93m1309[0m:[93m72[0m - [91merror[0m[90m TS18050: [0mThe value 'undefined' cannot be used here.

[7m1309[0m     private extractRiskEvent(norm: string, pending: UserState | null | undefined): string | undefined {
[7m    [0m [91m                                                                       ~~~~~~~~~[0m
[96msrc/bot/bot.update.ts[0m:[93m1309[0m:[93m82[0m - [91merror[0m[90m TS1005: [0m';' expected.

[7m1309[0m     private extractRiskEvent(norm: string, pending: UserState | null | undefined): string | undefined {
[7m    [0m [91m                                                                                 ~[0m
[96msrc/bot/bot.update.ts[0m:[93m1309[0m:[93m84[0m - [91merror[0m[90m TS2693: [0m'string' only refers to a type, but is being used as a value here.

[7m1309[0m     private extractRiskEvent(norm: string, pending: UserState | null | undefined): string | undefined {
[7m    [0m [91m                                                                                   ~~~~~~[0m
[96msrc/bot/bot.update.ts[0m:[93m1309[0m:[93m93[0m - [91merror[0m[90m TS18050: [0mThe value 'undefined' cannot be used here.

[7m1309[0m     private extractRiskEvent(norm: string, pending: UserState | null | undefined): string | undefined {
[7m    [0m [91m                                                                                            ~~~~~~~~~[0m
[96msrc/bot/bot.update.ts[0m:[93m1309[0m:[93m103[0m - [91merror[0m[90m TS1005: [0m';' expected.

[7m1309[0m     private extractRiskEvent(norm: string, pending: UserState | null | undefined): string | undefined {
[7m    [0m [91m                                                                                                      ~[0m
[96msrc/bot/bot.update.ts[0m:[93m1314[0m:[93m39[0m - [91merror[0m[90m TS2339: [0mProperty 'data' does not exist on type '(reason?: string | undefined) => void'.

[7m1314[0m         const fromPending = (pending?.data as { event?: string } | undefined)?.event;
[7m    [0m [91m                                      ~~~~[0m
[96msrc/bot/bot.update.ts[0m:[93m1316[0m:[93m31[0m - [91merror[0m[90m TS2448: [0mBlock-scoped variable 'norm' used before its declaration.

[7m1316[0m         const fallbackMatch = norm.match(/(?:riesgo de|analizar riesgo de)\s+([a-záéíóúñ\s]+?)(?:\s+en\s+|$)/);
[7m    [0m [91m                              ~~~~[0m

  [96msrc/bot/bot.update.ts[0m:[93m1755[0m:[93m19[0m
    [7m1755[0m             const norm = normalizeString(text);
    [7m    [0m [96m                  ~~~~[0m
    'norm' is declared here.
[96msrc/bot/bot.update.ts[0m:[93m1317[0m:[93m30[0m - [91merror[0m[90m TS18047: [0m'fallbackMatch' is possibly 'null'.

[7m1317[0m         if (fallbackMatch && fallbackMatch[1]) {
[7m    [0m [91m                             ~~~~~~~~~~~~~[0m
[96msrc/bot/bot.update.ts[0m:[93m1324[0m:[93m5[0m - [91merror[0m[90m TS1128: [0mDeclaration or statement expected.

[7m1324[0m     private detectRegion(text: string): string | undefined {
[7m    [0m [91m    ~~~~~~~[0m
[96msrc/bot/bot.update.ts[0m:[93m1324[0m:[93m13[0m - [91merror[0m[90m TS2304: [0mCannot find name 'detectRegion'.

[7m1324[0m     private detectRegion(text: string): string | undefined {
[7m    [0m [91m            ~~~~~~~~~~~~[0m
[96msrc/bot/bot.update.ts[0m:[93m1324[0m:[93m26[0m - [91merror[0m[90m TS2304: [0mCannot find name 'text'.

[7m1324[0m     private detectRegion(text: string): string | undefined {
[7m    [0m [91m                         ~~~~[0m
[96msrc/bot/bot.update.ts[0m:[93m1324[0m:[93m30[0m - [91merror[0m[90m TS1005: [0m',' expected.

[7m1324[0m     private detectRegion(text: string): string | undefined {
[7m    [0m [91m                             ~[0m
[96msrc/bot/bot.update.ts[0m:[93m1324[0m:[93m32[0m - [91merror[0m[90m TS2693: [0m'string' only refers to a type, but is being used as a value here.

[7m1324[0m     private detectRegion(text: string): string | undefined {
[7m    [0m [91m                               ~~~~~~[0m
[96msrc/bot/bot.update.ts[0m:[93m1324[0m:[93m39[0m - [91merror[0m[90m TS1005: [0m';' expected.

[7m1324[0m     private detectRegion(text: string): string | undefined {
[7m    [0m [91m                                      ~[0m
[96msrc/bot/bot.update.ts[0m:[93m1324[0m:[93m41[0m - [91merror[0m[90m TS2693: [0m'string' only refers to a type, but is being used as a value here.

[7m1324[0m     private detectRegion(text: string): string | undefined {
[7m    [0m [91m                                        ~~~~~~[0m
[96msrc/bot/bot.update.ts[0m:[93m1324[0m:[93m50[0m - [91merror[0m[90m TS18050: [0mThe value 'undefined' cannot be used here.

[7m1324[0m     private detectRegion(text: string): string | undefined {
[7m    [0m [91m                                                 ~~~~~~~~~[0m
[96msrc/bot/bot.update.ts[0m:[93m1324[0m:[93m60[0m - [91merror[0m[90m TS1005: [0m';' expected.

[7m1324[0m     private detectRegion(text: string): string | undefined {
[7m    [0m [91m                                                           ~[0m
[96msrc/bot/bot.update.ts[0m:[93m1327[0m:[93m41[0m - [91merror[0m[90m TS2304: [0mCannot find name 'text'.

[7m1327[0m         const cleanText = normalizeText(text);
[7m    [0m [91m                                        ~~~~[0m
[96msrc/bot/bot.update.ts[0m:[93m1339[0m:[93m27[0m - [91merror[0m[90m TS2304: [0mCannot find name 'text'.

[7m1339[0m         const matchAire = text.match(/aire\s+en\s+([a-zA-ZáéíóúÁÉÍÓÚñÑ\s]+?)(?:\s*[,]|$)/i);
[7m    [0m [91m                          ~~~~[0m
[96msrc/bot/bot.update.ts[0m:[93m1348[0m:[93m5[0m - [91merror[0m[90m TS1128: [0mDeclaration or statement expected.

[7m1348[0m     private async handleGreeting(ctx: Context, text: string): Promise<boolean> {
[7m    [0m [91m    ~~~~~~~[0m
[96msrc/bot/bot.update.ts[0m:[93m1348[0m:[93m13[0m - [91merror[0m[90m TS1434: [0mUnexpected keyword or identifier.

[7m1348[0m     private async handleGreeting(ctx: Context, text: string): Promise<boolean> {
[7m    [0m [91m            ~~~~~[0m
[96msrc/bot/bot.update.ts[0m:[93m1348[0m:[93m13[0m - [91merror[0m[90m TS2304: [0mCannot find name 'async'.

[7m1348[0m     private async handleGreeting(ctx: Context, text: string): Promise<boolean> {
[7m    [0m [91m            ~~~~~[0m
[96msrc/bot/bot.update.ts[0m:[93m1348[0m:[93m19[0m - [91merror[0m[90m TS2304: [0mCannot find name 'handleGreeting'.

[7m1348[0m     private async handleGreeting(ctx: Context, text: string): Promise<boolean> {
[7m    [0m [91m                  ~~~~~~~~~~~~~~[0m
[96msrc/bot/bot.update.ts[0m:[93m1348[0m:[93m34[0m - [91merror[0m[90m TS2304: [0mCannot find name 'ctx'.

[7m1348[0m     private async handleGreeting(ctx: Context, text: string): Promise<boolean> {
[7m    [0m [91m                                 ~~~[0m
[96msrc/bot/bot.update.ts[0m:[93m1348[0m:[93m37[0m - [91merror[0m[90m TS1005: [0m',' expected.

[7m1348[0m     private async handleGreeting(ctx: Context, text: string): Promise<boolean> {
[7m    [0m [91m                                    ~[0m
[96msrc/bot/bot.update.ts[0m:[93m1348[0m:[93m48[0m - [91merror[0m[90m TS2304: [0mCannot find name 'text'.

[7m1348[0m     private async handleGreeting(ctx: Context, text: string): Promise<boolean> {
[7m    [0m [91m                                               ~~~~[0m
[96msrc/bot/bot.update.ts[0m:[93m1348[0m:[93m52[0m - [91merror[0m[90m TS1005: [0m',' expected.

[7m1348[0m     private async handleGreeting(ctx: Context, text: string): Promise<boolean> {
[7m    [0m [91m                                                   ~[0m
[96msrc/bot/bot.update.ts[0m:[93m1348[0m:[93m54[0m - [91merror[0m[90m TS2693: [0m'string' only refers to a type, but is being used as a value here.

[7m1348[0m     private async handleGreeting(ctx: Context, text: string): Promise<boolean> {
[7m    [0m [91m                                                     ~~~~~~[0m
[96msrc/bot/bot.update.ts[0m:[93m1348[0m:[93m61[0m - [91merror[0m[90m TS1005: [0m';' expected.

[7m1348[0m     private async handleGreeting(ctx: Context, text: string): Promise<boolean> {
[7m    [0m [91m                                                            ~[0m
[96msrc/bot/bot.update.ts[0m:[93m1348[0m:[93m63[0m - [91merror[0m[90m TS2365: [0mOperator '>' cannot be applied to types 'boolean' and '{ const: boolean; this: any; if(userId: any): any; }'.

[7m1348[0m     private async handleGreeting(ctx: Context, text: string): Promise<boolean> {
[7m    [0m [91m                                                              ~~~~~~~~~~~~~~~~~~[0m
[7m1349[0m         const userId = ctx.from?.id;
[7m    [0m [91m~~~~~~~~~~~~~~~~~~~~~~~~~~~~~~~~~~~~[0m
[7m ...[0m 
[7m1353[0m 
[7m    [0m [91m[0m
[7m1354[0m         if (userId && !(await this.userService.hasBeenGreeted(userId))) {
[7m    [0m [91m~~~~~~~~~~~~~~~~~~[0m
[96msrc/bot/bot.update.ts[0m:[93m1348[0m:[93m71[0m - [91merror[0m[90m TS2693: [0m'boolean' only refers to a type, but is being used as a value here.

[7m1348[0m     private async handleGreeting(ctx: Context, text: string): Promise<boolean> {
[7m    [0m [91m                                                                      ~~~~~~~[0m
[96msrc/bot/bot.update.ts[0m:[93m1349[0m:[93m15[0m - [91merror[0m[90m TS1005: [0m':' expected.

[7m1349[0m         const userId = ctx.from?.id;
[7m    [0m [91m              ~~~~~~[0m
[96msrc/bot/bot.update.ts[0m:[93m1349[0m:[93m15[0m - [91merror[0m[90m TS2304: [0mCannot find name 'userId'.

[7m1349[0m         const userId = ctx.from?.id;
[7m    [0m [91m              ~~~~~~[0m
[96msrc/bot/bot.update.ts[0m:[93m1349[0m:[93m24[0m - [91merror[0m[90m TS2304: [0mCannot find name 'ctx'.

[7m1349[0m         const userId = ctx.from?.id;
[7m    [0m [91m                       ~~~[0m
[96msrc/bot/bot.update.ts[0m:[93m1349[0m:[93m36[0m - [91merror[0m[90m TS1005: [0m',' expected.

[7m1349[0m         const userId = ctx.from?.id;
[7m    [0m [91m                                   ~[0m
[96msrc/bot/bot.update.ts[0m:[93m1350[0m:[93m15[0m - [91merror[0m[90m TS1005: [0m':' expected.

[7m1350[0m         const isGreeting = GREETING_REGEX.test(text.trim());
[7m    [0m [91m              ~~~~~~~~~~[0m
[96msrc/bot/bot.update.ts[0m:[93m1350[0m:[93m15[0m - [91merror[0m[90m TS2304: [0mCannot find name 'isGreeting'.

[7m1350[0m         const isGreeting = GREETING_REGEX.test(text.trim());
[7m    [0m [91m              ~~~~~~~~~~[0m
[96msrc/bot/bot.update.ts[0m:[93m1350[0m:[93m48[0m - [91merror[0m[90m TS2304: [0mCannot find name 'text'.

[7m1350[0m         const isGreeting = GREETING_REGEX.test(text.trim());
[7m    [0m [91m                                               ~~~~[0m
[96msrc/bot/bot.update.ts[0m:[93m1350[0m:[93m60[0m - [91merror[0m[90m TS1005: [0m',' expected.

[7m1350[0m         const isGreeting = GREETING_REGEX.test(text.trim());
[7m    [0m [91m                                                           ~[0m
[96msrc/bot/bot.update.ts[0m:[93m1352[0m:[93m13[0m - [91merror[0m[90m TS1005: [0m':' expected.

[7m1352[0m         this.logger.log(`handleGreeting - userId=${userId}, isGreeting=${isGreeting}`);
[7m    [0m [91m            ~[0m
[96msrc/bot/bot.update.ts[0m:[93m1352[0m:[93m52[0m - [91merror[0m[90m TS2304: [0mCannot find name 'userId'.

[7m1352[0m         this.logger.log(`handleGreeting - userId=${userId}, isGreeting=${isGreeting}`);
[7m    [0m [91m                                                   ~~~~~~[0m
[96msrc/bot/bot.update.ts[0m:[93m1352[0m:[93m74[0m - [91merror[0m[90m TS2304: [0mCannot find name 'isGreeting'.

[7m1352[0m         this.logger.log(`handleGreeting - userId=${userId}, isGreeting=${isGreeting}`);
[7m    [0m [91m                                                                         ~~~~~~~~~~[0m
[96msrc/bot/bot.update.ts[0m:[93m1352[0m:[93m87[0m - [91merror[0m[90m TS1005: [0m',' expected.

[7m1352[0m         this.logger.log(`handleGreeting - userId=${userId}, isGreeting=${isGreeting}`);
[7m    [0m [91m                                                                                      ~[0m
[96msrc/bot/bot.update.ts[0m:[93m1354[0m:[93m20[0m - [91merror[0m[90m TS1005: [0m',' expected.

[7m1354[0m         if (userId && !(await this.userService.hasBeenGreeted(userId))) {
[7m    [0m [91m                   ~~[0m
[96msrc/bot/bot.update.ts[0m:[93m1354[0m:[93m31[0m - [91merror[0m[90m TS2532: [0mObject is possibly 'undefined'.

[7m1354[0m         if (userId && !(await this.userService.hasBeenGreeted(userId))) {
[7m    [0m [91m                              ~~~~[0m
[96msrc/bot/bot.update.ts[0m:[93m1354[0m:[93m63[0m - [91merror[0m[90m TS2304: [0mCannot find name 'userId'.

[7m1354[0m         if (userId && !(await this.userService.hasBeenGreeted(userId))) {
[7m    [0m [91m                                                              ~~~~~~[0m
[96msrc/bot/bot.update.ts[0m:[93m1354[0m:[93m71[0m - [91merror[0m[90m TS1005: [0m';' expected.

[7m1354[0m         if (userId && !(await this.userService.hasBeenGreeted(userId))) {
[7m    [0m [91m                                                                      ~[0m
[96msrc/bot/bot.update.ts[0m:[93m1355[0m:[93m13[0m - [91merror[0m[90m TS2532: [0mObject is possibly 'undefined'.

[7m1355[0m             this.logger.log(`Greeting new user`);
[7m    [0m [91m            ~~~~[0m
[96msrc/bot/bot.update.ts[0m:[93m1357[0m:[93m11[0m - [91merror[0m[90m TS1128: [0mDeclaration or statement expected.

[7m1357[0m         } else if (isGreeting) {
[7m    [0m [91m          ~~~~[0m
[96msrc/bot/bot.update.ts[0m:[93m1357[0m:[93m20[0m - [91merror[0m[90m TS2304: [0mCannot find name 'isGreeting'.

[7m1357[0m         } else if (isGreeting) {
[7m    [0m [91m                   ~~~~~~~~~~[0m
[96msrc/bot/bot.update.ts[0m:[93m1358[0m:[93m13[0m - [91merror[0m[90m TS2532: [0mObject is possibly 'undefined'.

[7m1358[0m             this.logger.log(`Greeting existing user`);
[7m    [0m [91m            ~~~~[0m
[96msrc/bot/bot.update.ts[0m:[93m1359[0m:[93m31[0m - [91merror[0m[90m TS2304: [0mCannot find name 'ctx'.

[7m1359[0m             const firstName = ctx.from?.first_name || 'usuario';
[7m    [0m [91m                              ~~~[0m
[96msrc/bot/bot.update.ts[0m:[93m1360[0m:[93m19[0m - [91merror[0m[90m TS2304: [0mCannot find name 'ctx'.

[7m1360[0m             await ctx.reply(
[7m    [0m [91m                  ~~~[0m
[96msrc/bot/bot.update.ts[0m:[93m1363[0m:[93m3[0m - [91merror[0m[90m TS2532: [0mObject is possibly 'undefined'.

[7m1363[0m ${this.getCommonQuestionMenu()}`,
[7m    [0m [91m  ~~~~[0m
[96msrc/bot/bot.update.ts[0m:[93m1369[0m:[93m9[0m - [91merror[0m[90m TS2532: [0mObject is possibly 'undefined'.

[7m1369[0m         this.logger.log(`No greeting detected`);
[7m    [0m [91m        ~~~~[0m
[96msrc/bot/bot.update.ts[0m:[93m1371[0m:[93m5[0m - [91merror[0m[90m TS1128: [0mDeclaration or statement expected.

[7m1371[0m     }
[7m    [0m [91m    ~[0m
[96msrc/bot/bot.update.ts[0m:[93m1374[0m:[93m5[0m - [91merror[0m[90m TS1128: [0mDeclaration or statement expected.

[7m1374[0m     private async handleYopalQuery(ctx: Context, text: string): Promise<boolean> {
[7m    [0m [91m    ~~~~~~~[0m
[96msrc/bot/bot.update.ts[0m:[93m1374[0m:[93m13[0m - [91merror[0m[90m TS1434: [0mUnexpected keyword or identifier.

[7m1374[0m     private async handleYopalQuery(ctx: Context, text: string): Promise<boolean> {
[7m    [0m [91m            ~~~~~[0m
[96msrc/bot/bot.update.ts[0m:[93m1374[0m:[93m13[0m - [91merror[0m[90m TS2304: [0mCannot find name 'async'.

[7m1374[0m     private async handleYopalQuery(ctx: Context, text: string): Promise<boolean> {
[7m    [0m [91m            ~~~~~[0m
[96msrc/bot/bot.update.ts[0m:[93m1374[0m:[93m19[0m - [91merror[0m[90m TS2304: [0mCannot find name 'handleYopalQuery'.

[7m1374[0m     private async handleYopalQuery(ctx: Context, text: string): Promise<boolean> {
[7m    [0m [91m                  ~~~~~~~~~~~~~~~~[0m
[96msrc/bot/bot.update.ts[0m:[93m1374[0m:[93m36[0m - [91merror[0m[90m TS2304: [0mCannot find name 'ctx'.

[7m1374[0m     private async handleYopalQuery(ctx: Context, text: string): Promise<boolean> {
[7m    [0m [91m                                   ~~~[0m
[96msrc/bot/bot.update.ts[0m:[93m1374[0m:[93m39[0m - [91merror[0m[90m TS1005: [0m',' expected.

[7m1374[0m     private async handleYopalQuery(ctx: Context, text: string): Promise<boolean> {
[7m    [0m [91m                                      ~[0m
[96msrc/bot/bot.update.ts[0m:[93m1374[0m:[93m50[0m - [91merror[0m[90m TS2304: [0mCannot find name 'text'.

[7m1374[0m     private async handleYopalQuery(ctx: Context, text: string): Promise<boolean> {
[7m    [0m [91m                                                 ~~~~[0m
[96msrc/bot/bot.update.ts[0m:[93m1374[0m:[93m54[0m - [91merror[0m[90m TS1005: [0m',' expected.

[7m1374[0m     private async handleYopalQuery(ctx: Context, text: string): Promise<boolean> {
[7m    [0m [91m                                                     ~[0m
[96msrc/bot/bot.update.ts[0m:[93m1374[0m:[93m56[0m - [91merror[0m[90m TS2693: [0m'string' only refers to a type, but is being used as a value here.

[7m1374[0m     private async handleYopalQuery(ctx: Context, text: string): Promise<boolean> {
[7m    [0m [91m                                                       ~~~~~~[0m
[96msrc/bot/bot.update.ts[0m:[93m1374[0m:[93m63[0m - [91merror[0m[90m TS1005: [0m';' expected.

[7m1374[0m     private async handleYopalQuery(ctx: Context, text: string): Promise<boolean> {
[7m    [0m [91m                                                              ~[0m
[96msrc/bot/bot.update.ts[0m:[93m1374[0m:[93m65[0m - [91merror[0m[90m TS2365: [0mOperator '>' cannot be applied to types 'boolean' and '{ const: boolean; if(norm: any): any; "": any; }'.

[7m1374[0m     private async handleYopalQuery(ctx: Context, text: string): Promise<boolean> {
[7m    [0m [91m                                                                ~~~~~~~~~~~~~~~~~~[0m
[7m1375[0m         const norm = normalizeString(text);
[7m    [0m [91m~~~~~~~~~~~~~~~~~~~~~~~~~~~~~~~~~~~~~~~~~~~[0m
[7m ...[0m 
[7m1383[0m         // excluyo calidad del aire
[7m    [0m [91m~~~~~~~~~~~~~~~~~~~~~~~~~~~~~~~~~~~[0m
[7m1384[0m         if (norm.includes('calidad') || norm.includes('aire') || norm.includes('mental')) {
[7m    [0m [91m~~~~~~~~~~~~~~~~~~~~~~~~~~~~~~~~~~~~~~~~~~~~~~~~~~~~~~~~~~~~~~~~~~~~~~~~~~~~~~~~~~~~~~~~~[0m
[96msrc/bot/bot.update.ts[0m:[93m1374[0m:[93m73[0m - [91merror[0m[90m TS2693: [0m'boolean' only refers to a type, but is being used as a value here.

[7m1374[0m     private async handleYopalQuery(ctx: Context, text: string): Promise<boolean> {
[7m    [0m [91m                                                                        ~~~~~~~[0m
[96msrc/bot/bot.update.ts[0m:[93m1375[0m:[93m15[0m - [91merror[0m[90m TS1005: [0m':' expected.

[7m1375[0m         const norm = normalizeString(text);
[7m    [0m [91m              ~~~~[0m
[96msrc/bot/bot.update.ts[0m:[93m1375[0m:[93m15[0m - [91merror[0m[90m TS2448: [0mBlock-scoped variable 'norm' used before its declaration.

[7m1375[0m         const norm = normalizeString(text);
[7m    [0m [91m              ~~~~[0m

  [96msrc/bot/bot.update.ts[0m:[93m1755[0m:[93m19[0m
    [7m1755[0m             const norm = normalizeString(text);
    [7m    [0m [96m                  ~~~~[0m
    'norm' is declared here.
[96msrc/bot/bot.update.ts[0m:[93m1375[0m:[93m15[0m - [91merror[0m[90m TS2588: [0mCannot assign to 'norm' because it is a constant.

[7m1375[0m         const norm = normalizeString(text);
[7m    [0m [91m              ~~~~[0m
[96msrc/bot/bot.update.ts[0m:[93m1375[0m:[93m38[0m - [91merror[0m[90m TS2304: [0mCannot find name 'text'.

[7m1375[0m         const norm = normalizeString(text);
[7m    [0m [91m                                     ~~~~[0m
[96msrc/bot/bot.update.ts[0m:[93m1375[0m:[93m43[0m - [91merror[0m[90m TS1005: [0m',' expected.

[7m1375[0m         const norm = normalizeString(text);
[7m    [0m [91m                                          ~[0m
[96msrc/bot/bot.update.ts[0m:[93m1376[0m:[93m15[0m - [91merror[0m[90m TS1005: [0m':' expected.

[7m1376[0m         const cleanQuery = norm.replace(/\s+/g, '').replace(/k/g, 'c');
[7m    [0m [91m              ~~~~~~~~~~[0m
[96msrc/bot/bot.update.ts[0m:[93m1376[0m:[93m15[0m - [91merror[0m[90m TS2304: [0mCannot find name 'cleanQuery'.

[7m1376[0m         const cleanQuery = norm.replace(/\s+/g, '').replace(/k/g, 'c');
[7m    [0m [91m              ~~~~~~~~~~[0m
[96msrc/bot/bot.update.ts[0m:[93m1376[0m:[93m28[0m - [91merror[0m[90m TS2448: [0mBlock-scoped variable 'norm' used before its declaration.

[7m1376[0m         const cleanQuery = norm.replace(/\s+/g, '').replace(/k/g, 'c');
[7m    [0m [91m                           ~~~~[0m

  [96msrc/bot/bot.update.ts[0m:[93m1755[0m:[93m19[0m
    [7m1755[0m             const norm = normalizeString(text);
    [7m    [0m [96m                  ~~~~[0m
    'norm' is declared here.
[96msrc/bot/bot.update.ts[0m:[93m1376[0m:[93m71[0m - [91merror[0m[90m TS1005: [0m',' expected.

[7m1376[0m         const cleanQuery = norm.replace(/\s+/g, '').replace(/k/g, 'c');
[7m    [0m [91m                                                                      ~[0m
[96msrc/bot/bot.update.ts[0m:[93m1378[0m:[93m15[0m - [91merror[0m[90m TS1005: [0m':' expected.

[7m1378[0m         const isYopalQuery = YOPAL_KEYWORDS.some(keyword =>
[7m    [0m [91m              ~~~~~~~~~~~~[0m
[96msrc/bot/bot.update.ts[0m:[93m1378[0m:[93m15[0m - [91merror[0m[90m TS2304: [0mCannot find name 'isYopalQuery'.

[7m1378[0m         const isYopalQuery = YOPAL_KEYWORDS.some(keyword =>
[7m    [0m [91m              ~~~~~~~~~~~~[0m
[96msrc/bot/bot.update.ts[0m:[93m1379[0m:[93m13[0m - [91merror[0m[90m TS2304: [0mCannot find name 'cleanQuery'.

[7m1379[0m             cleanQuery.includes(keyword.replace(/k/g, 'c'))
[7m    [0m [91m            ~~~~~~~~~~[0m
[96msrc/bot/bot.update.ts[0m:[93m1380[0m:[93m10[0m - [91merror[0m[90m TS1005: [0m',' expected.

[7m1380[0m         );
[7m    [0m [91m         ~[0m
[96msrc/bot/bot.update.ts[0m:[93m1384[0m:[93m17[0m - [91merror[0m[90m TS1005: [0m',' expected.

[7m1384[0m         if (norm.includes('calidad') || norm.includes('aire') || norm.includes('mental')) {
[7m    [0m [91m                ~[0m
[96msrc/bot/bot.update.ts[0m:[93m1384[0m:[93m41[0m - [91merror[0m[90m TS2448: [0mBlock-scoped variable 'norm' used before its declaration.

[7m1384[0m         if (norm.includes('calidad') || norm.includes('aire') || norm.includes('mental')) {
[7m    [0m [91m                                        ~~~~[0m

  [96msrc/bot/bot.update.ts[0m:[93m1755[0m:[93m19[0m
    [7m1755[0m             const norm = normalizeString(text);
    [7m    [0m [96m                  ~~~~[0m
    'norm' is declared here.
[96msrc/bot/bot.update.ts[0m:[93m1384[0m:[93m66[0m - [91merror[0m[90m TS2448: [0mBlock-scoped variable 'norm' used before its declaration.

[7m1384[0m         if (norm.includes('calidad') || norm.includes('aire') || norm.includes('mental')) {
[7m    [0m [91m                                                                 ~~~~[0m

  [96msrc/bot/bot.update.ts[0m:[93m1755[0m:[93m19[0m
    [7m1755[0m             const norm = normalizeString(text);
    [7m    [0m [96m                  ~~~~[0m
    'norm' is declared here.
[96msrc/bot/bot.update.ts[0m:[93m1384[0m:[93m89[0m - [91merror[0m[90m TS1005: [0m',' expected.

[7m1384[0m         if (norm.includes('calidad') || norm.includes('aire') || norm.includes('mental')) {
[7m    [0m [91m                                                                                        ~[0m
[96msrc/bot/bot.update.ts[0m:[93m1384[0m:[93m91[0m - [91merror[0m[90m TS1136: [0mProperty assignment expected.

[7m1384[0m         if (norm.includes('calidad') || norm.includes('aire') || norm.includes('mental')) {
[7m    [0m [91m                                                                                          ~[0m
[96msrc/bot/bot.update.ts[0m:[93m1389[0m:[93m15[0m - [91merror[0m[90m TS2304: [0mCannot find name 'isYopalQuery'.

[7m1389[0m         if ((!isYopalQuery) || norm.includes('analizar riesgo') || norm.includes('analisis de riesgo') || norm.includes('riesgo de')
[7m    [0m [91m              ~~~~~~~~~~~~[0m
[96msrc/bot/bot.update.ts[0m:[93m1389[0m:[93m32[0m - [91merror[0m[90m TS2448: [0mBlock-scoped variable 'norm' used before its declaration.

[7m1389[0m         if ((!isYopalQuery) || norm.includes('analizar riesgo') || norm.includes('analisis de riesgo') || norm.includes('riesgo de')
[7m    [0m [91m                               ~~~~[0m

  [96msrc/bot/bot.update.ts[0m:[93m1755[0m:[93m19[0m
    [7m1755[0m             const norm = normalizeString(text);
    [7m    [0m [96m                  ~~~~[0m
    'norm' is declared here.
[96msrc/bot/bot.update.ts[0m:[93m1389[0m:[93m68[0m - [91merror[0m[90m TS2448: [0mBlock-scoped variable 'norm' used before its declaration.

[7m1389[0m         if ((!isYopalQuery) || norm.includes('analizar riesgo') || norm.includes('analisis de riesgo') || norm.includes('riesgo de')
[7m    [0m [91m                                                                   ~~~~[0m

  [96msrc/bot/bot.update.ts[0m:[93m1755[0m:[93m19[0m
    [7m1755[0m             const norm = normalizeString(text);
    [7m    [0m [96m                  ~~~~[0m
    'norm' is declared here.
[96msrc/bot/bot.update.ts[0m:[93m1389[0m:[93m107[0m - [91merror[0m[90m TS2448: [0mBlock-scoped variable 'norm' used before its declaration.

[7m1389[0m         if ((!isYopalQuery) || norm.includes('analizar riesgo') || norm.includes('analisis de riesgo') || norm.includes('riesgo de')
[7m    [0m [91m                                                                                                          ~~~~[0m

  [96msrc/bot/bot.update.ts[0m:[93m1755[0m:[93m19[0m
    [7m1755[0m             const norm = normalizeString(text);
    [7m    [0m [96m                  ~~~~[0m
    'norm' is declared here.
[96msrc/bot/bot.update.ts[0m:[93m1390[0m:[93m16[0m - [91merror[0m[90m TS2448: [0mBlock-scoped variable 'norm' used before its declaration.

[7m1390[0m             || norm.includes('riesgos') || norm.includes('riesgo'))
[7m    [0m [91m               ~~~~[0m

  [96msrc/bot/bot.update.ts[0m:[93m1755[0m:[93m19[0m
    [7m1755[0m             const norm = normalizeString(text);
    [7m    [0m [96m                  ~~~~[0m
    'norm' is declared here.
[96msrc/bot/bot.update.ts[0m:[93m1390[0m:[93m44[0m - [91merror[0m[90m TS2448: [0mBlock-scoped variable 'norm' used before its declaration.

[7m1390[0m             || norm.includes('riesgos') || norm.includes('riesgo'))
[7m    [0m [91m                                           ~~~~[0m

  [96msrc/bot/bot.update.ts[0m:[93m1755[0m:[93m19[0m
    [7m1755[0m             const norm = normalizeString(text);
    [7m    [0m [96m                  ~~~~[0m
    'norm' is declared here.
[96msrc/bot/bot.update.ts[0m:[93m1395[0m:[93m14[0m - [91merror[0m[90m TS2448: [0mBlock-scoped variable 'norm' used before its declaration.

[7m1395[0m             (norm.includes('vacunas') && norm.includes('municipios') && norm.includes('departamentos')) ||
[7m    [0m [91m             ~~~~[0m

  [96msrc/bot/bot.update.ts[0m:[93m1755[0m:[93m19[0m
    [7m1755[0m             const norm = normalizeString(text);
    [7m    [0m [96m                  ~~~~[0m
    'norm' is declared here.
[96msrc/bot/bot.update.ts[0m:[93m1395[0m:[93m42[0m - [91merror[0m[90m TS2448: [0mBlock-scoped variable 'norm' used before its declaration.

[7m1395[0m             (norm.includes('vacunas') && norm.includes('municipios') && norm.includes('departamentos')) ||
[7m    [0m [91m                                         ~~~~[0m

  [96msrc/bot/bot.update.ts[0m:[93m1755[0m:[93m19[0m
    [7m1755[0m             const norm = normalizeString(text);
    [7m    [0m [96m                  ~~~~[0m
    'norm' is declared here.
[96msrc/bot/bot.update.ts[0m:[93m1395[0m:[93m73[0m - [91merror[0m[90m TS2448: [0mBlock-scoped variable 'norm' used before its declaration.

[7m1395[0m             (norm.includes('vacunas') && norm.includes('municipios') && norm.includes('departamentos')) ||
[7m    [0m [91m                                                                        ~~~~[0m

  [96msrc/bot/bot.update.ts[0m:[93m1755[0m:[93m19[0m
    [7m1755[0m             const norm = normalizeString(text);
    [7m    [0m [96m                  ~~~~[0m
    'norm' is declared here.
[96msrc/bot/bot.update.ts[0m:[93m1396[0m:[93m14[0m - [91merror[0m[90m TS2448: [0mBlock-scoped variable 'norm' used before its declaration.

[7m1396[0m             (norm.includes('vacunas') && norm.includes('municipios')) ||
[7m    [0m [91m             ~~~~[0m

  [96msrc/bot/bot.update.ts[0m:[93m1755[0m:[93m19[0m
    [7m1755[0m             const norm = normalizeString(text);
    [7m    [0m [96m                  ~~~~[0m
    'norm' is declared here.
[96msrc/bot/bot.update.ts[0m:[93m1396[0m:[93m42[0m - [91merror[0m[90m TS2448: [0mBlock-scoped variable 'norm' used before its declaration.

[7m1396[0m             (norm.includes('vacunas') && norm.includes('municipios')) ||
[7m    [0m [91m                                         ~~~~[0m

  [96msrc/bot/bot.update.ts[0m:[93m1755[0m:[93m19[0m
    [7m1755[0m             const norm = normalizeString(text);
    [7m    [0m [96m                  ~~~~[0m
    'norm' is declared here.
[96msrc/bot/bot.update.ts[0m:[93m1397[0m:[93m14[0m - [91merror[0m[90m TS2448: [0mBlock-scoped variable 'norm' used before its declaration.

[7m1397[0m             (norm.includes('vacunas') && norm.includes('departamentos')) ||
[7m    [0m [91m             ~~~~[0m

  [96msrc/bot/bot.update.ts[0m:[93m1755[0m:[93m19[0m
    [7m1755[0m             const norm = normalizeString(text);
    [7m    [0m [96m                  ~~~~[0m
    'norm' is declared here.
[96msrc/bot/bot.update.ts[0m:[93m1397[0m:[93m42[0m - [91merror[0m[90m TS2448: [0mBlock-scoped variable 'norm' used before its declaration.

[7m1397[0m             (norm.includes('vacunas') && norm.includes('departamentos')) ||
[7m    [0m [91m                                         ~~~~[0m

  [96msrc/bot/bot.update.ts[0m:[93m1755[0m:[93m19[0m
    [7m1755[0m             const norm = normalizeString(text);
    [7m    [0m [96m                  ~~~~[0m
    'norm' is declared here.
[96msrc/bot/bot.update.ts[0m:[93m1398[0m:[93m14[0m - [91merror[0m[90m TS2448: [0mBlock-scoped variable 'norm' used before its declaration.

[7m1398[0m             (norm.includes('vacunacion') && norm.includes('municipios') && norm.includes('departamentos')) ||
[7m    [0m [91m             ~~~~[0m

  [96msrc/bot/bot.update.ts[0m:[93m1755[0m:[93m19[0m
    [7m1755[0m             const norm = normalizeString(text);
    [7m    [0m [96m                  ~~~~[0m
    'norm' is declared here.
[96msrc/bot/bot.update.ts[0m:[93m1398[0m:[93m45[0m - [91merror[0m[90m TS2448: [0mBlock-scoped variable 'norm' used before its declaration.

[7m1398[0m             (norm.includes('vacunacion') && norm.includes('municipios') && norm.includes('departamentos')) ||
[7m    [0m [91m                                            ~~~~[0m

  [96msrc/bot/bot.update.ts[0m:[93m1755[0m:[93m19[0m
    [7m1755[0m             const norm = normalizeString(text);
    [7m    [0m [96m                  ~~~~[0m
    'norm' is declared here.
[96msrc/bot/bot.update.ts[0m:[93m1398[0m:[93m76[0m - [91merror[0m[90m TS2448: [0mBlock-scoped variable 'norm' used before its declaration.

[7m1398[0m             (norm.includes('vacunacion') && norm.includes('municipios') && norm.includes('departamentos')) ||
[7m    [0m [91m                                                                           ~~~~[0m

  [96msrc/bot/bot.update.ts[0m:[93m1755[0m:[93m19[0m
    [7m1755[0m             const norm = normalizeString(text);
    [7m    [0m [96m                  ~~~~[0m
    'norm' is declared here.
[96msrc/bot/bot.update.ts[0m:[93m1399[0m:[93m14[0m - [91merror[0m[90m TS2448: [0mBlock-scoped variable 'norm' used before its declaration.

[7m1399[0m             (norm.includes('vacunacion') && norm.includes('municipios')) ||
[7m    [0m [91m             ~~~~[0m

  [96msrc/bot/bot.update.ts[0m:[93m1755[0m:[93m19[0m
    [7m1755[0m             const norm = normalizeString(text);
    [7m    [0m [96m                  ~~~~[0m
    'norm' is declared here.
[96msrc/bot/bot.update.ts[0m:[93m1399[0m:[93m45[0m - [91merror[0m[90m TS2448: [0mBlock-scoped variable 'norm' used before its declaration.

[7m1399[0m             (norm.includes('vacunacion') && norm.includes('municipios')) ||
[7m    [0m [91m                                            ~~~~[0m

  [96msrc/bot/bot.update.ts[0m:[93m1755[0m:[93m19[0m
    [7m1755[0m             const norm = normalizeString(text);
    [7m    [0m [96m                  ~~~~[0m
    'norm' is declared here.
[96msrc/bot/bot.update.ts[0m:[93m1400[0m:[93m14[0m - [91merror[0m[90m TS2448: [0mBlock-scoped variable 'norm' used before its declaration.

[7m1400[0m             (norm.includes('vacunacion') && norm.includes('departamentos')) ||
[7m    [0m [91m             ~~~~[0m

  [96msrc/bot/bot.update.ts[0m:[93m1755[0m:[93m19[0m
    [7m1755[0m             const norm = normalizeString(text);
    [7m    [0m [96m                  ~~~~[0m
    'norm' is declared here.
[96msrc/bot/bot.update.ts[0m:[93m1400[0m:[93m45[0m - [91merror[0m[90m TS2448: [0mBlock-scoped variable 'norm' used before its declaration.

[7m1400[0m             (norm.includes('vacunacion') && norm.includes('departamentos')) ||
[7m    [0m [91m                                            ~~~~[0m

  [96msrc/bot/bot.update.ts[0m:[93m1755[0m:[93m19[0m
    [7m1755[0m             const norm = normalizeString(text);
    [7m    [0m [96m                  ~~~~[0m
    'norm' is declared here.
[96msrc/bot/bot.update.ts[0m:[93m1401[0m:[93m13[0m - [91merror[0m[90m TS2448: [0mBlock-scoped variable 'norm' used before its declaration.

[7m1401[0m             norm.includes('vacunas') || norm.includes('vacunacion')
[7m    [0m [91m            ~~~~[0m

  [96msrc/bot/bot.update.ts[0m:[93m1755[0m:[93m19[0m
    [7m1755[0m             const norm = normalizeString(text);
    [7m    [0m [96m                  ~~~~[0m
    'norm' is declared here.
[96msrc/bot/bot.update.ts[0m:[93m1401[0m:[93m41[0m - [91merror[0m[90m TS2448: [0mBlock-scoped variable 'norm' used before its declaration.

[7m1401[0m             norm.includes('vacunas') || norm.includes('vacunacion')
[7m    [0m [91m                                        ~~~~[0m

  [96msrc/bot/bot.update.ts[0m:[93m1755[0m:[93m19[0m
    [7m1755[0m             const norm = normalizeString(text);
    [7m    [0m [96m                  ~~~~[0m
    'norm' is declared here.
[96msrc/bot/bot.update.ts[0m:[93m1406[0m:[93m33[0m - [91merror[0m[90m TS2532: [0mObject is possibly 'undefined'.

[7m1406[0m         const respuesta = await this.yopalQuestionsService.processYopalQuery(text);
[7m    [0m [91m                                ~~~~[0m
[96msrc/bot/bot.update.ts[0m:[93m1406[0m:[93m78[0m - [91merror[0m[90m TS2304: [0mCannot find name 'text'.

[7m1406[0m         const respuesta = await this.yopalQuestionsService.processYopalQuery(text);
[7m    [0m [91m                                                                             ~~~~[0m
[96msrc/bot/bot.update.ts[0m:[93m1409[0m:[93m15[0m - [91merror[0m[90m TS2532: [0mObject is possibly 'undefined'.

[7m1409[0m         await this.sendLongMessage(ctx, respuesta, { parse_mode: 'Markdown' });
[7m    [0m [91m              ~~~~[0m
[96msrc/bot/bot.update.ts[0m:[93m1409[0m:[93m36[0m - [91merror[0m[90m TS2304: [0mCannot find name 'ctx'.

[7m1409[0m         await this.sendLongMessage(ctx, respuesta, { parse_mode: 'Markdown' });
[7m    [0m [91m                                   ~~~[0m
[96msrc/bot/bot.update.ts[0m:[93m1411[0m:[93m5[0m - [91merror[0m[90m TS1128: [0mDeclaration or statement expected.

[7m1411[0m     }
[7m    [0m [91m    ~[0m
[96msrc/bot/bot.update.ts[0m:[93m1414[0m:[93m5[0m - [91merror[0m[90m TS1128: [0mDeclaration or statement expected.

[7m1414[0m     private async requestLocationForNearbyProviders(ctx: Context, userId?: number): Promise<void> {
[7m    [0m [91m    ~~~~~~~[0m
[96msrc/bot/bot.update.ts[0m:[93m1414[0m:[93m13[0m - [91merror[0m[90m TS1434: [0mUnexpected keyword or identifier.

[7m1414[0m     private async requestLocationForNearbyProviders(ctx: Context, userId?: number): Promise<void> {
[7m    [0m [91m            ~~~~~[0m
[96msrc/bot/bot.update.ts[0m:[93m1414[0m:[93m13[0m - [91merror[0m[90m TS2304: [0mCannot find name 'async'.

[7m1414[0m     private async requestLocationForNearbyProviders(ctx: Context, userId?: number): Promise<void> {
[7m    [0m [91m            ~~~~~[0m
[96msrc/bot/bot.update.ts[0m:[93m1414[0m:[93m19[0m - [91merror[0m[90m TS2304: [0mCannot find name 'requestLocationForNearbyProviders'.

[7m1414[0m     private async requestLocationForNearbyProviders(ctx: Context, userId?: number): Promise<void> {
[7m    [0m [91m                  ~~~~~~~~~~~~~~~~~~~~~~~~~~~~~~~~~[0m
[96msrc/bot/bot.update.ts[0m:[93m1414[0m:[93m53[0m - [91merror[0m[90m TS2304: [0mCannot find name 'ctx'.

[7m1414[0m     private async requestLocationForNearbyProviders(ctx: Context, userId?: number): Promise<void> {
[7m    [0m [91m                                                    ~~~[0m
[96msrc/bot/bot.update.ts[0m:[93m1414[0m:[93m56[0m - [91merror[0m[90m TS1005: [0m',' expected.

[7m1414[0m     private async requestLocationForNearbyProviders(ctx: Context, userId?: number): Promise<void> {
[7m    [0m [91m                                                       ~[0m
[96msrc/bot/bot.update.ts[0m:[93m1414[0m:[93m67[0m - [91merror[0m[90m TS2304: [0mCannot find name 'userId'.

[7m1414[0m     private async requestLocationForNearbyProviders(ctx: Context, userId?: number): Promise<void> {
[7m    [0m [91m                                                                  ~~~~~~[0m
[96msrc/bot/bot.update.ts[0m:[93m1414[0m:[93m74[0m - [91merror[0m[90m TS1109: [0mExpression expected.

[7m1414[0m     private async requestLocationForNearbyProviders(ctx: Context, userId?: number): Promise<void> {
[7m    [0m [91m                                                                         ~[0m
[96msrc/bot/bot.update.ts[0m:[93m1414[0m:[93m76[0m - [91merror[0m[90m TS2693: [0m'number' only refers to a type, but is being used as a value here.

[7m1414[0m     private async requestLocationForNearbyProviders(ctx: Context, userId?: number): Promise<void> {
[7m    [0m [91m                                                                           ~~~~~~[0m
[96msrc/bot/bot.update.ts[0m:[93m1414[0m:[93m83[0m - [91merror[0m[90m TS1005: [0m';' expected.

[7m1414[0m     private async requestLocationForNearbyProviders(ctx: Context, userId?: number): Promise<void> {
[7m    [0m [91m                                                                                  ~[0m
[96msrc/bot/bot.update.ts[0m:[93m1414[0m:[93m85[0m - [91merror[0m[90m TS2365: [0mOperator '>' cannot be applied to types 'boolean' and '{ const: string; await: any; ctx: any; "": any; if(userId: any): any; }'.

[7m1414[0m     private async requestLocationForNearbyProviders(ctx: Context, userId?: number): Promise<void> {
[7m    [0m [91m                                                                                    ~~~~~~~~~~~~~~~[0m
[7m1415[0m         const replyText =
[7m    [0m [91m~~~~~~~~~~~~~~~~~~~~~~~~~[0m
[7m ...[0m 
[7m1423[0m         });
[7m    [0m [91m~~~~~~~~~~~[0m
[7m1424[0m         if (userId !== undefined) {
[7m    [0m [91m~~~~~~~~~~~~~~~~~~[0m
[96msrc/bot/bot.update.ts[0m:[93m1414[0m:[93m93[0m - [91merror[0m[90m TS2532: [0mObject is possibly 'undefined'.

[7m1414[0m     private async requestLocationForNearbyProviders(ctx: Context, userId?: number): Promise<void> {
[7m    [0m [91m                                                                                            ~~~~[0m
[96msrc/bot/bot.update.ts[0m:[93m1414[0m:[93m97[0m - [91merror[0m[90m TS1109: [0mExpression expected.

[7m1414[0m     private async requestLocationForNearbyProviders(ctx: Context, userId?: number): Promise<void> {
[7m    [0m [91m                                                                                                ~[0m
[96msrc/bot/bot.update.ts[0m:[93m1415[0m:[93m15[0m - [91merror[0m[90m TS1005: [0m':' expected.

[7m1415[0m         const replyText =
[7m    [0m [91m              ~~~~~~~~~[0m
[96msrc/bot/bot.update.ts[0m:[93m1415[0m:[93m15[0m - [91merror[0m[90m TS2304: [0mCannot find name 'replyText'.

[7m1415[0m         const replyText =
[7m    [0m [91m              ~~~~~~~~~[0m
[96msrc/bot/bot.update.ts[0m:[93m1416[0m:[93m199[0m - [91merror[0m[90m TS1005: [0m',' expected.

[7m1416[0m             '📍 Por ahora te puedo ayudar a buscar prestadores de servicios de salud en Yopal, en un radio de 5Km cercanos, por favor comparte tu ubicación usando el botón de ubicación de Telegram.';
[7m    [0m [91m                                                                                                                                                                                                      ~[0m
[96msrc/bot/bot.update.ts[0m:[93m1417[0m:[93m9[0m - [91merror[0m[90m TS18004: [0mNo value exists in scope for the shorthand property 'await'. Either declare one or provide an initializer.

[7m1417[0m         await ctx.reply(replyText, {
[7m    [0m [91m        ~~~~~[0m
[96msrc/bot/bot.update.ts[0m:[93m1417[0m:[93m15[0m - [91merror[0m[90m TS1005: [0m',' expected.

[7m1417[0m         await ctx.reply(replyText, {
[7m    [0m [91m              ~~~[0m
[96msrc/bot/bot.update.ts[0m:[93m1417[0m:[93m15[0m - [91merror[0m[90m TS18004: [0mNo value exists in scope for the shorthand property 'ctx'. Either declare one or provide an initializer.

[7m1417[0m         await ctx.reply(replyText, {
[7m    [0m [91m              ~~~[0m
[96msrc/bot/bot.update.ts[0m:[93m1417[0m:[93m18[0m - [91merror[0m[90m TS1005: [0m',' expected.

[7m1417[0m         await ctx.reply(replyText, {
[7m    [0m [91m                 ~[0m
[96msrc/bot/bot.update.ts[0m:[93m1417[0m:[93m25[0m - [91merror[0m[90m TS2304: [0mCannot find name 'replyText'.

[7m1417[0m         await ctx.reply(replyText, {
[7m    [0m [91m                        ~~~~~~~~~[0m
[96msrc/bot/bot.update.ts[0m:[93m1423[0m:[93m11[0m - [91merror[0m[90m TS1005: [0m',' expected.

[7m1423[0m         });
[7m    [0m [91m          ~[0m
[96msrc/bot/bot.update.ts[0m:[93m1424[0m:[93m20[0m - [91merror[0m[90m TS1005: [0m',' expected.

[7m1424[0m         if (userId !== undefined) {
[7m    [0m [91m                   ~~~[0m
[96msrc/bot/bot.update.ts[0m:[93m1424[0m:[93m33[0m - [91merror[0m[90m TS1005: [0m';' expected.

[7m1424[0m         if (userId !== undefined) {
[7m    [0m [91m                                ~[0m
[96msrc/bot/bot.update.ts[0m:[93m1425[0m:[93m13[0m - [91merror[0m[90m TS2532: [0mObject is possibly 'undefined'.

[7m1425[0m             this.userState.set(userId, { intent: 'provider_search_location' });
[7m    [0m [91m            ~~~~[0m
[96msrc/bot/bot.update.ts[0m:[93m1425[0m:[93m32[0m - [91merror[0m[90m TS2304: [0mCannot find name 'userId'.

[7m1425[0m             this.userState.set(userId, { intent: 'provider_search_location' });
[7m    [0m [91m                               ~~~~~~[0m
[96msrc/bot/bot.update.ts[0m:[93m1427[0m:[93m5[0m - [91merror[0m[90m TS1128: [0mDeclaration or statement expected.

[7m1427[0m     }
[7m    [0m [91m    ~[0m
[96msrc/bot/bot.update.ts[0m:[93m1430[0m:[93m5[0m - [91merror[0m[90m TS1128: [0mDeclaration or statement expected.

[7m1430[0m     private async handleStructuralDataQuery(
[7m    [0m [91m    ~~~~~~~[0m
[96msrc/bot/bot.update.ts[0m:[93m1430[0m:[93m13[0m - [91merror[0m[90m TS1434: [0mUnexpected keyword or identifier.

[7m1430[0m     private async handleStructuralDataQuery(
[7m    [0m [91m            ~~~~~[0m
[96msrc/bot/bot.update.ts[0m:[93m1430[0m:[93m13[0m - [91merror[0m[90m TS2304: [0mCannot find name 'async'.

[7m1430[0m     private async handleStructuralDataQuery(
[7m    [0m [91m            ~~~~~[0m
[96msrc/bot/bot.update.ts[0m:[93m1430[0m:[93m19[0m - [91merror[0m[90m TS2304: [0mCannot find name 'handleStructuralDataQuery'.

[7m1430[0m     private async handleStructuralDataQuery(
[7m    [0m [91m                  ~~~~~~~~~~~~~~~~~~~~~~~~~[0m
[96msrc/bot/bot.update.ts[0m:[93m1431[0m:[93m9[0m - [91merror[0m[90m TS2304: [0mCannot find name 'ctx'.

[7m1431[0m         ctx: Context,
[7m    [0m [91m        ~~~[0m
[96msrc/bot/bot.update.ts[0m:[93m1431[0m:[93m12[0m - [91merror[0m[90m TS1005: [0m',' expected.

[7m1431[0m         ctx: Context,
[7m    [0m [91m           ~[0m
[96msrc/bot/bot.update.ts[0m:[93m1432[0m:[93m9[0m - [91merror[0m[90m TS2304: [0mCannot find name 'text'.

[7m1432[0m         text: string,
[7m    [0m [91m        ~~~~[0m
[96msrc/bot/bot.update.ts[0m:[93m1432[0m:[93m13[0m - [91merror[0m[90m TS1005: [0m',' expected.

[7m1432[0m         text: string,
[7m    [0m [91m            ~[0m
[96msrc/bot/bot.update.ts[0m:[93m1432[0m:[93m15[0m - [91merror[0m[90m TS2693: [0m'string' only refers to a type, but is being used as a value here.

[7m1432[0m         text: string,
[7m    [0m [91m              ~~~~~~[0m
[96msrc/bot/bot.update.ts[0m:[93m1433[0m:[93m9[0m - [91merror[0m[90m TS2304: [0mCannot find name 'detectedRegion'.

[7m1433[0m         detectedRegion?: string,
[7m    [0m [91m        ~~~~~~~~~~~~~~[0m
[96msrc/bot/bot.update.ts[0m:[93m1433[0m:[93m24[0m - [91merror[0m[90m TS1109: [0mExpression expected.

[7m1433[0m         detectedRegion?: string,
[7m    [0m [91m                       ~[0m
[96msrc/bot/bot.update.ts[0m:[93m1433[0m:[93m26[0m - [91merror[0m[90m TS2693: [0m'string' only refers to a type, but is being used as a value here.

[7m1433[0m         detectedRegion?: string,
[7m    [0m [91m                         ~~~~~~[0m
[96msrc/bot/bot.update.ts[0m:[93m1434[0m:[93m6[0m - [91merror[0m[90m TS1005: [0m';' expected.

[7m1434[0m     ): Promise<boolean> {
[7m    [0m [91m     ~[0m
[96msrc/bot/bot.update.ts[0m:[93m1434[0m:[93m8[0m - [91merror[0m[90m TS2365: [0mOperator '>' cannot be applied to types 'boolean' and '{ const: any; if(: any, result: any): any; if(result: any): any; "": any; return: boolean; }'.

[7m1434[0m     ): Promise<boolean> {
[7m    [0m [91m       ~~~~~~~~~~~~~~~~~~[0m
[7m1435[0m         const userId = ctx.from?.id;
[7m    [0m [91m~~~~~~~~~~~~~~~~~~~~~~~~~~~~~~~~~~~~[0m
[7m ...[0m 
[7m1439[0m 
[7m    [0m [91m[0m
[7m1440[0m         if (result.needsLocation && result.response) {
[7m    [0m [91m~~~~~~~~~~~~~~~~~~~~~~~~~~~~~~~~~~~~~~~~~~~~~~~~~~~~[0m
[96msrc/bot/bot.update.ts[0m:[93m1434[0m:[93m16[0m - [91merror[0m[90m TS2693: [0m'boolean' only refers to a type, but is being used as a value here.

[7m1434[0m     ): Promise<boolean> {
[7m    [0m [91m               ~~~~~~~[0m
[96msrc/bot/bot.update.ts[0m:[93m1435[0m:[93m15[0m - [91merror[0m[90m TS1005: [0m':' expected.

[7m1435[0m         const userId = ctx.from?.id;
[7m    [0m [91m              ~~~~~~[0m
[96msrc/bot/bot.update.ts[0m:[93m1435[0m:[93m15[0m - [91merror[0m[90m TS2304: [0mCannot find name 'userId'.

[7m1435[0m         const userId = ctx.from?.id;
[7m    [0m [91m              ~~~~~~[0m
[96msrc/bot/bot.update.ts[0m:[93m1435[0m:[93m24[0m - [91merror[0m[90m TS2304: [0mCannot find name 'ctx'.

[7m1435[0m         const userId = ctx.from?.id;
[7m    [0m [91m                       ~~~[0m
[96msrc/bot/bot.update.ts[0m:[93m1435[0m:[93m36[0m - [91merror[0m[90m TS1005: [0m',' expected.

[7m1435[0m         const userId = ctx.from?.id;
[7m    [0m [91m                                   ~[0m
[96msrc/bot/bot.update.ts[0m:[93m1436[0m:[93m15[0m - [91merror[0m[90m TS1005: [0m':' expected.

[7m1436[0m         const result = await this.saludPublicaQuestionsService.handleStructuralDataQuery(text, detectedRegion);
[7m    [0m [91m              ~~~~~~[0m
[96msrc/bot/bot.update.ts[0m:[93m1436[0m:[93m15[0m - [91merror[0m[90m TS2588: [0mCannot assign to 'result' because it is a constant.

[7m1436[0m         const result = await this.saludPublicaQuestionsService.handleStructuralDataQuery(text, detectedRegion);
[7m    [0m [91m              ~~~~~~[0m
[96msrc/bot/bot.update.ts[0m:[93m1436[0m:[93m30[0m - [91merror[0m[90m TS2532: [0mObject is possibly 'undefined'.

[7m1436[0m         const result = await this.saludPublicaQuestionsService.handleStructuralDataQuery(text, detectedRegion);
[7m    [0m [91m                             ~~~~[0m
[96msrc/bot/bot.update.ts[0m:[93m1436[0m:[93m90[0m - [91merror[0m[90m TS2304: [0mCannot find name 'text'.

[7m1436[0m         const result = await this.saludPublicaQuestionsService.handleStructuralDataQuery(text, detectedRegion);
[7m    [0m [91m                                                                                         ~~~~[0m
[96msrc/bot/bot.update.ts[0m:[93m1436[0m:[93m96[0m - [91merror[0m[90m TS2304: [0mCannot find name 'detectedRegion'.

[7m1436[0m         const result = await this.saludPublicaQuestionsService.handleStructuralDataQuery(text, detectedRegion);
[7m    [0m [91m                                                                                               ~~~~~~~~~~~~~~[0m
[96msrc/bot/bot.update.ts[0m:[93m1436[0m:[93m111[0m - [91merror[0m[90m TS1005: [0m',' expected.

[7m1436[0m         const result = await this.saludPublicaQuestionsService.handleStructuralDataQuery(text, detectedRegion);
[7m    [0m [91m                                                                                                              ~[0m
[96msrc/bot/bot.update.ts[0m:[93m1438[0m:[93m13[0m - [91merror[0m[90m TS1003: [0mIdentifier expected.

[7m1438[0m         if (!result.handled) return false;
[7m    [0m [91m            ~[0m
[96msrc/bot/bot.update.ts[0m:[93m1438[0m:[93m20[0m - [91merror[0m[90m TS1005: [0m',' expected.

[7m1438[0m         if (!result.handled) return false;
[7m    [0m [91m                   ~[0m
[96msrc/bot/bot.update.ts[0m:[93m1438[0m:[93m28[0m - [91merror[0m[90m TS1005: [0m',' expected.

[7m1438[0m         if (!result.handled) return false;
[7m    [0m [91m                           ~[0m
[96msrc/bot/bot.update.ts[0m:[93m1438[0m:[93m37[0m - [91merror[0m[90m TS1005: [0m':' expected.

[7m1438[0m         if (!result.handled) return false;
[7m    [0m [91m                                    ~~~~~[0m
[96msrc/bot/bot.update.ts[0m:[93m1438[0m:[93m42[0m - [91merror[0m[90m TS1005: [0m',' expected.

[7m1438[0m         if (!result.handled) return false;
[7m    [0m [91m                                         ~[0m
[96msrc/bot/bot.update.ts[0m:[93m1440[0m:[93m19[0m - [91merror[0m[90m TS1005: [0m',' expected.

[7m1440[0m         if (result.needsLocation && result.response) {
[7m    [0m [91m                  ~[0m
[96msrc/bot/bot.update.ts[0m:[93m1440[0m:[93m52[0m - [91merror[0m[90m TS1005: [0m',' expected.

[7m1440[0m         if (result.needsLocation && result.response) {
[7m    [0m [91m                                                   ~[0m
[96msrc/bot/bot.update.ts[0m:[93m1440[0m:[93m54[0m - [91merror[0m[90m TS1136: [0mProperty assignment expected.

[7m1440[0m         if (result.needsLocation && result.response) {
[7m    [0m [91m                                                     ~[0m
[96msrc/bot/bot.update.ts[0m:[93m1441[0m:[93m19[0m - [91merror[0m[90m TS2304: [0mCannot find name 'ctx'.

[7m1441[0m             await ctx.reply(result.response, { parse_mode: 'Markdown' });
[7m    [0m [91m                  ~~~[0m
[96msrc/bot/bot.update.ts[0m:[93m1442[0m:[93m17[0m - [91merror[0m[90m TS2304: [0mCannot find name 'userId'.

[7m1442[0m             if (userId && result.intent) this.userState.set(userId, { intent: result.intent });
[7m    [0m [91m                ~~~~~~[0m
[96msrc/bot/bot.update.ts[0m:[93m1442[0m:[93m42[0m - [91merror[0m[90m TS2532: [0mObject is possibly 'undefined'.

[7m1442[0m             if (userId && result.intent) this.userState.set(userId, { intent: result.intent });
[7m    [0m [91m                                         ~~~~[0m
[96msrc/bot/bot.update.ts[0m:[93m1442[0m:[93m61[0m - [91merror[0m[90m TS2304: [0mCannot find name 'userId'.

[7m1442[0m             if (userId && result.intent) this.userState.set(userId, { intent: result.intent });
[7m    [0m [91m                                                            ~~~~~~[0m
[96msrc/bot/bot.update.ts[0m:[93m1447[0m:[93m17[0m - [91merror[0m[90m TS2304: [0mCannot find name 'userId'.

[7m1447[0m             if (userId) this.userState.delete(userId);
[7m    [0m [91m                ~~~~~~[0m
[96msrc/bot/bot.update.ts[0m:[93m1447[0m:[93m25[0m - [91merror[0m[90m TS2532: [0mObject is possibly 'undefined'.

[7m1447[0m             if (userId) this.userState.delete(userId);
[7m    [0m [91m                        ~~~~[0m
[96msrc/bot/bot.update.ts[0m:[93m1447[0m:[93m47[0m - [91merror[0m[90m TS2304: [0mCannot find name 'userId'.

[7m1447[0m             if (userId) this.userState.delete(userId);
[7m    [0m [91m                                              ~~~~~~[0m
[96msrc/bot/bot.update.ts[0m:[93m1448[0m:[93m19[0m - [91merror[0m[90m TS2532: [0mObject is possibly 'undefined'.

[7m1448[0m             await this.sendLongMessage(ctx, result.response, { parse_mode: 'Markdown' });
[7m    [0m [91m                  ~~~~[0m
[96msrc/bot/bot.update.ts[0m:[93m1448[0m:[93m40[0m - [91merror[0m[90m TS2304: [0mCannot find name 'ctx'.

[7m1448[0m             await this.sendLongMessage(ctx, result.response, { parse_mode: 'Markdown' });
[7m    [0m [91m                                       ~~~[0m
[96msrc/bot/bot.update.ts[0m:[93m1452[0m:[93m5[0m - [91merror[0m[90m TS1128: [0mDeclaration or statement expected.

[7m1452[0m     }
[7m    [0m [91m    ~[0m
[96msrc/bot/bot.update.ts[0m:[93m1455[0m:[93m5[0m - [91merror[0m[90m TS1128: [0mDeclaration or statement expected.

[7m1455[0m     private async handleProviderSearch(
[7m    [0m [91m    ~~~~~~~[0m
[96msrc/bot/bot.update.ts[0m:[93m1455[0m:[93m13[0m - [91merror[0m[90m TS1434: [0mUnexpected keyword or identifier.

[7m1455[0m     private async handleProviderSearch(
[7m    [0m [91m            ~~~~~[0m
[96msrc/bot/bot.update.ts[0m:[93m1455[0m:[93m13[0m - [91merror[0m[90m TS2304: [0mCannot find name 'async'.

[7m1455[0m     private async handleProviderSearch(
[7m    [0m [91m            ~~~~~[0m
[96msrc/bot/bot.update.ts[0m:[93m1455[0m:[93m19[0m - [91merror[0m[90m TS2304: [0mCannot find name 'handleProviderSearch'.

[7m1455[0m     private async handleProviderSearch(
[7m    [0m [91m                  ~~~~~~~~~~~~~~~~~~~~[0m
[96msrc/bot/bot.update.ts[0m:[93m1456[0m:[93m9[0m - [91merror[0m[90m TS2304: [0mCannot find name 'ctx'.

[7m1456[0m         ctx: Context,
[7m    [0m [91m        ~~~[0m
[96msrc/bot/bot.update.ts[0m:[93m1456[0m:[93m12[0m - [91merror[0m[90m TS1005: [0m',' expected.

[7m1456[0m         ctx: Context,
[7m    [0m [91m           ~[0m
[96msrc/bot/bot.update.ts[0m:[93m1457[0m:[93m9[0m - [91merror[0m[90m TS2304: [0mCannot find name 'text'.

[7m1457[0m         text: string,
[7m    [0m [91m        ~~~~[0m
[96msrc/bot/bot.update.ts[0m:[93m1457[0m:[93m13[0m - [91merror[0m[90m TS1005: [0m',' expected.

[7m1457[0m         text: string,
[7m    [0m [91m            ~[0m
[96msrc/bot/bot.update.ts[0m:[93m1457[0m:[93m15[0m - [91merror[0m[90m TS2693: [0m'string' only refers to a type, but is being used as a value here.

[7m1457[0m         text: string,
[7m    [0m [91m              ~~~~~~[0m
[96msrc/bot/bot.update.ts[0m:[93m1458[0m:[93m9[0m - [91merror[0m[90m TS2304: [0mCannot find name 'detectedRegion'.

[7m1458[0m         detectedRegion?: string,
[7m    [0m [91m        ~~~~~~~~~~~~~~[0m
[96msrc/bot/bot.update.ts[0m:[93m1458[0m:[93m24[0m - [91merror[0m[90m TS1109: [0mExpression expected.

[7m1458[0m         detectedRegion?: string,
[7m    [0m [91m                       ~[0m
[96msrc/bot/bot.update.ts[0m:[93m1458[0m:[93m26[0m - [91merror[0m[90m TS2693: [0m'string' only refers to a type, but is being used as a value here.

[7m1458[0m         detectedRegion?: string,
[7m    [0m [91m                         ~~~~~~[0m
[96msrc/bot/bot.update.ts[0m:[93m1459[0m:[93m6[0m - [91merror[0m[90m TS1005: [0m';' expected.

[7m1459[0m     ): Promise<boolean> {
[7m    [0m [91m     ~[0m
[96msrc/bot/bot.update.ts[0m:[93m1459[0m:[93m8[0m - [91merror[0m[90m TS2365: [0mOperator '>' cannot be applied to types 'boolean' and '{ const: any; if(norm: any): any; if(providerCapabilities: any): boolean; "": any; return: boolean; }'.

[7m1459[0m     ): Promise<boolean> {
[7m    [0m [91m       ~~~~~~~~~~~~~~~~~~[0m
[7m1460[0m         const userId = ctx.from?.id;
[7m    [0m [91m~~~~~~~~~~~~~~~~~~~~~~~~~~~~~~~~~~~~[0m
[7m ...[0m 
[7m1482[0m             norm.includes('biologico') || norm.includes('biol_gico') || norm.includes('cobertura')
[7m    [0m [91m~~~~~~~~~~~~~~~~~~~~~~~~~~~~~~~~~~~~~~~~~~~~~~~~~~~~~~~~~~~~~~~~~~~~~~~~~~~~~~~~~~~~~~~~~~~~~~~~~~[0m
[7m1483[0m         ) {
[7m    [0m [91m~~~~~~~~~[0m
[96msrc/bot/bot.update.ts[0m:[93m1459[0m:[93m16[0m - [91merror[0m[90m TS2693: [0m'boolean' only refers to a type, but is being used as a value here.

[7m1459[0m     ): Promise<boolean> {
[7m    [0m [91m               ~~~~~~~[0m
[96msrc/bot/bot.update.ts[0m:[93m1460[0m:[93m15[0m - [91merror[0m[90m TS1005: [0m':' expected.

[7m1460[0m         const userId = ctx.from?.id;
[7m    [0m [91m              ~~~~~~[0m
[96msrc/bot/bot.update.ts[0m:[93m1460[0m:[93m15[0m - [91merror[0m[90m TS2304: [0mCannot find name 'userId'.

[7m1460[0m         const userId = ctx.from?.id;
[7m    [0m [91m              ~~~~~~[0m
[96msrc/bot/bot.update.ts[0m:[93m1460[0m:[93m24[0m - [91merror[0m[90m TS2304: [0mCannot find name 'ctx'.

[7m1460[0m         const userId = ctx.from?.id;
[7m    [0m [91m                       ~~~[0m
[96msrc/bot/bot.update.ts[0m:[93m1460[0m:[93m36[0m - [91merror[0m[90m TS1005: [0m',' expected.

[7m1460[0m         const userId = ctx.from?.id;
[7m    [0m [91m                                   ~[0m
[96msrc/bot/bot.update.ts[0m:[93m1461[0m:[93m15[0m - [91merror[0m[90m TS1005: [0m':' expected.

[7m1461[0m         const norm = normalizeString(text);
[7m    [0m [91m              ~~~~[0m
[96msrc/bot/bot.update.ts[0m:[93m1461[0m:[93m15[0m - [91merror[0m[90m TS2448: [0mBlock-scoped variable 'norm' used before its declaration.

[7m1461[0m         const norm = normalizeString(text);
[7m    [0m [91m              ~~~~[0m

  [96msrc/bot/bot.update.ts[0m:[93m1755[0m:[93m19[0m
    [7m1755[0m             const norm = normalizeString(text);
    [7m    [0m [96m                  ~~~~[0m
    'norm' is declared here.
[96msrc/bot/bot.update.ts[0m:[93m1461[0m:[93m15[0m - [91merror[0m[90m TS2588: [0mCannot assign to 'norm' because it is a constant.

[7m1461[0m         const norm = normalizeString(text);
[7m    [0m [91m              ~~~~[0m
[96msrc/bot/bot.update.ts[0m:[93m1461[0m:[93m38[0m - [91merror[0m[90m TS2304: [0mCannot find name 'text'.

[7m1461[0m         const norm = normalizeString(text);
[7m    [0m [91m                                     ~~~~[0m
[96msrc/bot/bot.update.ts[0m:[93m1461[0m:[93m43[0m - [91merror[0m[90m TS1005: [0m',' expected.

[7m1461[0m         const norm = normalizeString(text);
[7m    [0m [91m                                          ~[0m
[96msrc/bot/bot.update.ts[0m:[93m1464[0m:[93m17[0m - [91merror[0m[90m TS1005: [0m',' expected.

[7m1464[0m             norm.includes('analizar riesgo') ||
[7m    [0m [91m                ~[0m
[96msrc/bot/bot.update.ts[0m:[93m1465[0m:[93m13[0m - [91merror[0m[90m TS2448: [0mBlock-scoped variable 'norm' used before its declaration.

[7m1465[0m             norm.includes('analisis de riesgo') ||
[7m    [0m [91m            ~~~~[0m

  [96msrc/bot/bot.update.ts[0m:[93m1755[0m:[93m19[0m
    [7m1755[0m             const norm = normalizeString(text);
    [7m    [0m [96m                  ~~~~[0m
    'norm' is declared here.
[96msrc/bot/bot.update.ts[0m:[93m1466[0m:[93m13[0m - [91merror[0m[90m TS2448: [0mBlock-scoped variable 'norm' used before its declaration.

[7m1466[0m             norm.includes('analisis de riesgo') ||
[7m    [0m [91m            ~~~~[0m

  [96msrc/bot/bot.update.ts[0m:[93m1755[0m:[93m19[0m
    [7m1755[0m             const norm = normalizeString(text);
    [7m    [0m [96m                  ~~~~[0m
    'norm' is declared here.
[96msrc/bot/bot.update.ts[0m:[93m1467[0m:[93m13[0m - [91merror[0m[90m TS2448: [0mBlock-scoped variable 'norm' used before its declaration.

[7m1467[0m             norm.includes('clasificar riesgo') ||
[7m    [0m [91m            ~~~~[0m

  [96msrc/bot/bot.update.ts[0m:[93m1755[0m:[93m19[0m
    [7m1755[0m             const norm = normalizeString(text);
    [7m    [0m [96m                  ~~~~[0m
    'norm' is declared here.
[96msrc/bot/bot.update.ts[0m:[93m1468[0m:[93m13[0m - [91merror[0m[90m TS2448: [0mBlock-scoped variable 'norm' used before its declaration.

[7m1468[0m             norm.includes('riesgos') ||
[7m    [0m [91m            ~~~~[0m

  [96msrc/bot/bot.update.ts[0m:[93m1755[0m:[93m19[0m
    [7m1755[0m             const norm = normalizeString(text);
    [7m    [0m [96m                  ~~~~[0m
    'norm' is declared here.
[96msrc/bot/bot.update.ts[0m:[93m1469[0m:[93m13[0m - [91merror[0m[90m TS2448: [0mBlock-scoped variable 'norm' used before its declaration.

[7m1469[0m             norm.includes('riesgo') ||
[7m    [0m [91m            ~~~~[0m

  [96msrc/bot/bot.update.ts[0m:[93m1755[0m:[93m19[0m
    [7m1755[0m             const norm = normalizeString(text);
    [7m    [0m [96m                  ~~~~[0m
    'norm' is declared here.
[96msrc/bot/bot.update.ts[0m:[93m1470[0m:[93m13[0m - [91merror[0m[90m TS2448: [0mBlock-scoped variable 'norm' used before its declaration.

[7m1470[0m             norm.includes('riesgo de')
[7m    [0m [91m            ~~~~[0m

  [96msrc/bot/bot.update.ts[0m:[93m1755[0m:[93m19[0m
    [7m1755[0m             const norm = normalizeString(text);
    [7m    [0m [96m                  ~~~~[0m
    'norm' is declared here.
[96msrc/bot/bot.update.ts[0m:[93m1471[0m:[93m9[0m - [91merror[0m[90m TS1005: [0m',' expected.

[7m1471[0m         ) return false;
[7m    [0m [91m        ~[0m
[96msrc/bot/bot.update.ts[0m:[93m1471[0m:[93m18[0m - [91merror[0m[90m TS1005: [0m':' expected.

[7m1471[0m         ) return false;
[7m    [0m [91m                 ~~~~~[0m
[96msrc/bot/bot.update.ts[0m:[93m1471[0m:[93m23[0m - [91merror[0m[90m TS1005: [0m',' expected.

[7m1471[0m         ) return false;
[7m    [0m [91m                      ~[0m
[96msrc/bot/bot.update.ts[0m:[93m1473[0m:[93m15[0m - [91merror[0m[90m TS1005: [0m':' expected.

[7m1473[0m         const providerCapabilities = await this.saludPublicaQuestionsService.processProviderCapabilitiesQuery(text);
[7m    [0m [91m              ~~~~~~~~~~~~~~~~~~~~[0m
[96msrc/bot/bot.update.ts[0m:[93m1473[0m:[93m15[0m - [91merror[0m[90m TS2448: [0mBlock-scoped variable 'providerCapabilities' used before its declaration.

[7m1473[0m         const providerCapabilities = await this.saludPublicaQuestionsService.processProviderCapabilitiesQuery(text);
[7m    [0m [91m              ~~~~~~~~~~~~~~~~~~~~[0m

  [96msrc/bot/bot.update.ts[0m:[93m1856[0m:[93m15[0m
    [7m1856[0m         const providerCapabilities = await this.saludPublicaQuestionsService.processProviderCapabilitiesQuery(text);
    [7m    [0m [96m              ~~~~~~~~~~~~~~~~~~~~[0m
    'providerCapabilities' is declared here.
[96msrc/bot/bot.update.ts[0m:[93m1473[0m:[93m15[0m - [91merror[0m[90m TS2588: [0mCannot assign to 'providerCapabilities' because it is a constant.

[7m1473[0m         const providerCapabilities = await this.saludPublicaQuestionsService.processProviderCapabilitiesQuery(text);
[7m    [0m [91m              ~~~~~~~~~~~~~~~~~~~~[0m
[96msrc/bot/bot.update.ts[0m:[93m1473[0m:[93m44[0m - [91merror[0m[90m TS2532: [0mObject is possibly 'undefined'.

[7m1473[0m         const providerCapabilities = await this.saludPublicaQuestionsService.processProviderCapabilitiesQuery(text);
[7m    [0m [91m                                           ~~~~[0m
[96msrc/bot/bot.update.ts[0m:[93m1473[0m:[93m111[0m - [91merror[0m[90m TS2304: [0mCannot find name 'text'.

[7m1473[0m         const providerCapabilities = await this.saludPublicaQuestionsService.processProviderCapabilitiesQuery(text);
[7m    [0m [91m                                                                                                              ~~~~[0m
[96msrc/bot/bot.update.ts[0m:[93m1473[0m:[93m116[0m - [91merror[0m[90m TS1005: [0m',' expected.

[7m1473[0m         const providerCapabilities = await this.saludPublicaQuestionsService.processProviderCapabilitiesQuery(text);
[7m    [0m [91m                                                                                                                   ~[0m
[96msrc/bot/bot.update.ts[0m:[93m1475[0m:[93m40[0m - [91merror[0m[90m TS2304: [0mCannot find name 'ctx'.

[7m1475[0m             await this.sendLongMessage(ctx, providerCapabilities, { parse_mode: 'Markdown' });
[7m    [0m [91m                                       ~~~[0m
[96msrc/bot/bot.update.ts[0m:[93m1480[0m:[93m9[0m - [91merror[0m[90m TS1005: [0m',' expected.

[7m1480[0m         if (
[7m    [0m [91m        ~~[0m
[96msrc/bot/bot.update.ts[0m:[93m1481[0m:[93m17[0m - [91merror[0m[90m TS1005: [0m',' expected.

[7m1481[0m             norm.includes('vacunacion') || norm.includes('vacunación') || norm.includes('vacunas') || norm.includes('vacun') ||
[7m    [0m [91m                ~[0m
[96msrc/bot/bot.update.ts[0m:[93m1481[0m:[93m44[0m - [91merror[0m[90m TS2448: [0mBlock-scoped variable 'norm' used before its declaration.

[7m1481[0m             norm.includes('vacunacion') || norm.includes('vacunación') || norm.includes('vacunas') || norm.includes('vacun') ||
[7m    [0m [91m                                           ~~~~[0m

  [96msrc/bot/bot.update.ts[0m:[93m1755[0m:[93m19[0m
    [7m1755[0m             const norm = normalizeString(text);
    [7m    [0m [96m                  ~~~~[0m
    'norm' is declared here.
[96msrc/bot/bot.update.ts[0m:[93m1481[0m:[93m75[0m - [91merror[0m[90m TS2448: [0mBlock-scoped variable 'norm' used before its declaration.

[7m1481[0m             norm.includes('vacunacion') || norm.includes('vacunación') || norm.includes('vacunas') || norm.includes('vacun') ||
[7m    [0m [91m                                                                          ~~~~[0m

  [96msrc/bot/bot.update.ts[0m:[93m1755[0m:[93m19[0m
    [7m1755[0m             const norm = normalizeString(text);
    [7m    [0m [96m                  ~~~~[0m
    'norm' is declared here.
[96msrc/bot/bot.update.ts[0m:[93m1481[0m:[93m103[0m - [91merror[0m[90m TS2448: [0mBlock-scoped variable 'norm' used before its declaration.

[7m1481[0m             norm.includes('vacunacion') || norm.includes('vacunación') || norm.includes('vacunas') || norm.includes('vacun') ||
[7m    [0m [91m                                                                                                      ~~~~[0m

  [96msrc/bot/bot.update.ts[0m:[93m1755[0m:[93m19[0m
    [7m1755[0m             const norm = normalizeString(text);
    [7m    [0m [96m                  ~~~~[0m
    'norm' is declared here.
[96msrc/bot/bot.update.ts[0m:[93m1482[0m:[93m13[0m - [91merror[0m[90m TS2448: [0mBlock-scoped variable 'norm' used before its declaration.

[7m1482[0m             norm.includes('biologico') || norm.includes('biol_gico') || norm.includes('cobertura')
[7m    [0m [91m            ~~~~[0m

  [96msrc/bot/bot.update.ts[0m:[93m1755[0m:[93m19[0m
    [7m1755[0m             const norm = normalizeString(text);
    [7m    [0m [96m                  ~~~~[0m
    'norm' is declared here.
[96msrc/bot/bot.update.ts[0m:[93m1482[0m:[93m43[0m - [91merror[0m[90m TS2448: [0mBlock-scoped variable 'norm' used before its declaration.

[7m1482[0m             norm.includes('biologico') || norm.includes('biol_gico') || norm.includes('cobertura')
[7m    [0m [91m                                          ~~~~[0m

  [96msrc/bot/bot.update.ts[0m:[93m1755[0m:[93m19[0m
    [7m1755[0m             const norm = normalizeString(text);
    [7m    [0m [96m                  ~~~~[0m
    'norm' is declared here.
[96msrc/bot/bot.update.ts[0m:[93m1482[0m:[93m73[0m - [91merror[0m[90m TS2448: [0mBlock-scoped variable 'norm' used before its declaration.

[7m1482[0m             norm.includes('biologico') || norm.includes('biol_gico') || norm.includes('cobertura')
[7m    [0m [91m                                                                        ~~~~[0m

  [96msrc/bot/bot.update.ts[0m:[93m1755[0m:[93m19[0m
    [7m1755[0m             const norm = normalizeString(text);
    [7m    [0m [96m                  ~~~~[0m
    'norm' is declared here.
[96msrc/bot/bot.update.ts[0m:[93m1483[0m:[93m9[0m - [91merror[0m[90m TS1005: [0m',' expected.

[7m1483[0m         ) {
[7m    [0m [91m        ~[0m
[96msrc/bot/bot.update.ts[0m:[93m1483[0m:[93m11[0m - [91merror[0m[90m TS1136: [0mProperty assignment expected.

[7m1483[0m         ) {
[7m    [0m [91m          ~[0m
[96msrc/bot/bot.update.ts[0m:[93m1489[0m:[93m13[0m - [91merror[0m[90m TS2448: [0mBlock-scoped variable 'norm' used before its declaration.

[7m1489[0m             norm.includes('informacion') &&
[7m    [0m [91m            ~~~~[0m

  [96msrc/bot/bot.update.ts[0m:[93m1755[0m:[93m19[0m
    [7m1755[0m             const norm = normalizeString(text);
    [7m    [0m [96m                  ~~~~[0m
    'norm' is declared here.
[96msrc/bot/bot.update.ts[0m:[93m1490[0m:[93m14[0m - [91merror[0m[90m TS2448: [0mBlock-scoped variable 'norm' used before its declaration.

[7m1490[0m             (norm.includes('vacunacion') || norm.includes('vacunación') || norm.includes('vacunas') || norm.includes('vacun'))
[7m    [0m [91m             ~~~~[0m

  [96msrc/bot/bot.update.ts[0m:[93m1755[0m:[93m19[0m
    [7m1755[0m             const norm = normalizeString(text);
    [7m    [0m [96m                  ~~~~[0m
    'norm' is declared here.
[96msrc/bot/bot.update.ts[0m:[93m1490[0m:[93m45[0m - [91merror[0m[90m TS2448: [0mBlock-scoped variable 'norm' used before its declaration.

[7m1490[0m             (norm.includes('vacunacion') || norm.includes('vacunación') || norm.includes('vacunas') || norm.includes('vacun'))
[7m    [0m [91m                                            ~~~~[0m

  [96msrc/bot/bot.update.ts[0m:[93m1755[0m:[93m19[0m
    [7m1755[0m             const norm = normalizeString(text);
    [7m    [0m [96m                  ~~~~[0m
    'norm' is declared here.
[96msrc/bot/bot.update.ts[0m:[93m1490[0m:[93m76[0m - [91merror[0m[90m TS2448: [0mBlock-scoped variable 'norm' used before its declaration.

[7m1490[0m             (norm.includes('vacunacion') || norm.includes('vacunación') || norm.includes('vacunas') || norm.includes('vacun'))
[7m    [0m [91m                                                                           ~~~~[0m

  [96msrc/bot/bot.update.ts[0m:[93m1755[0m:[93m19[0m
    [7m1755[0m             const norm = normalizeString(text);
    [7m    [0m [96m                  ~~~~[0m
    'norm' is declared here.
[96msrc/bot/bot.update.ts[0m:[93m1490[0m:[93m104[0m - [91merror[0m[90m TS2448: [0mBlock-scoped variable 'norm' used before its declaration.

[7m1490[0m             (norm.includes('vacunacion') || norm.includes('vacunación') || norm.includes('vacunas') || norm.includes('vacun'))
[7m    [0m [91m                                                                                                       ~~~~[0m

  [96msrc/bot/bot.update.ts[0m:[93m1755[0m:[93m19[0m
    [7m1755[0m             const norm = normalizeString(text);
    [7m    [0m [96m                  ~~~~[0m
    'norm' is declared here.
[96msrc/bot/bot.update.ts[0m:[93m1492[0m:[93m17[0m - [91merror[0m[90m TS2532: [0mObject is possibly 'undefined'.

[7m1492[0m             if (this.vaccinationService && typeof this.vaccinationService.getAvailableQuestions === 'function') {
[7m    [0m [91m                ~~~~[0m
[96msrc/bot/bot.update.ts[0m:[93m1492[0m:[93m51[0m - [91merror[0m[90m TS2532: [0mObject is possibly 'undefined'.

[7m1492[0m             if (this.vaccinationService && typeof this.vaccinationService.getAvailableQuestions === 'function') {
[7m    [0m [91m                                                  ~~~~[0m
[96msrc/bot/bot.update.ts[0m:[93m1493[0m:[93m33[0m - [91merror[0m[90m TS2532: [0mObject is possibly 'undefined'.

[7m1493[0m                 const q = await this.vaccinationService.getAvailableQuestions();
[7m    [0m [91m                                ~~~~[0m
[96msrc/bot/bot.update.ts[0m:[93m1494[0m:[93m23[0m - [91merror[0m[90m TS2304: [0mCannot find name 'ctx'.

[7m1494[0m                 await ctx.reply(q, { parse_mode: 'Markdown' });
[7m    [0m [91m                      ~~~[0m
[96msrc/bot/bot.update.ts[0m:[93m1499[0m:[93m15[0m - [91merror[0m[90m TS2451: [0mCannot redeclare block-scoped variable 'result'.

[7m1499[0m         const result = await this.saludPublicaQuestionsService.handleProviderSearchQuery(text, detectedRegion);
[7m    [0m [91m              ~~~~~~[0m
[96msrc/bot/bot.update.ts[0m:[93m1499[0m:[93m30[0m - [91merror[0m[90m TS2532: [0mObject is possibly 'undefined'.

[7m1499[0m         const result = await this.saludPublicaQuestionsService.handleProviderSearchQuery(text, detectedRegion);
[7m    [0m [91m                             ~~~~[0m
[96msrc/bot/bot.update.ts[0m:[93m1499[0m:[93m90[0m - [91merror[0m[90m TS2304: [0mCannot find name 'text'.

[7m1499[0m         const result = await this.saludPublicaQuestionsService.handleProviderSearchQuery(text, detectedRegion);
[7m    [0m [91m                                                                                         ~~~~[0m
[96msrc/bot/bot.update.ts[0m:[93m1499[0m:[93m96[0m - [91merror[0m[90m TS2304: [0mCannot find name 'detectedRegion'.

[7m1499[0m         const result = await this.saludPublicaQuestionsService.handleProviderSearchQuery(text, detectedRegion);
[7m    [0m [91m                                                                                               ~~~~~~~~~~~~~~[0m
[96msrc/bot/bot.update.ts[0m:[93m1504[0m:[93m23[0m - [91merror[0m[90m TS2532: [0mObject is possibly 'undefined'.

[7m1504[0m                 await this.requestLocationForNearbyProviders(ctx, userId);
[7m    [0m [91m                      ~~~~[0m
[96msrc/bot/bot.update.ts[0m:[93m1504[0m:[93m62[0m - [91merror[0m[90m TS2304: [0mCannot find name 'ctx'.

[7m1504[0m                 await this.requestLocationForNearbyProviders(ctx, userId);
[7m    [0m [91m                                                             ~~~[0m
[96msrc/bot/bot.update.ts[0m:[93m1504[0m:[93m67[0m - [91merror[0m[90m TS2304: [0mCannot find name 'userId'.

[7m1504[0m                 await this.requestLocationForNearbyProviders(ctx, userId);
[7m    [0m [91m                                                                  ~~~~~~[0m
[96msrc/bot/bot.update.ts[0m:[93m1506[0m:[93m23[0m - [91merror[0m[90m TS2304: [0mCannot find name 'ctx'.

[7m1506[0m                 await ctx.reply(result.response);
[7m    [0m [91m                      ~~~[0m
[96msrc/bot/bot.update.ts[0m:[93m1507[0m:[93m21[0m - [91merror[0m[90m TS2304: [0mCannot find name 'userId'.

[7m1507[0m                 if (userId && result.intent) this.userState.set(userId, { intent: result.intent });
[7m    [0m [91m                    ~~~~~~[0m
[96msrc/bot/bot.update.ts[0m:[93m1507[0m:[93m46[0m - [91merror[0m[90m TS2532: [0mObject is possibly 'undefined'.

[7m1507[0m                 if (userId && result.intent) this.userState.set(userId, { intent: result.intent });
[7m    [0m [91m                                             ~~~~[0m
[96msrc/bot/bot.update.ts[0m:[93m1507[0m:[93m65[0m - [91merror[0m[90m TS2304: [0mCannot find name 'userId'.

[7m1507[0m                 if (userId && result.intent) this.userState.set(userId, { intent: result.intent });
[7m    [0m [91m                                                                ~~~~~~[0m
[96msrc/bot/bot.update.ts[0m:[93m1513[0m:[93m17[0m - [91merror[0m[90m TS2304: [0mCannot find name 'userId'.

[7m1513[0m             if (userId) this.userState.delete(userId);
[7m    [0m [91m                ~~~~~~[0m
[96msrc/bot/bot.update.ts[0m:[93m1513[0m:[93m25[0m - [91merror[0m[90m TS2532: [0mObject is possibly 'undefined'.

[7m1513[0m             if (userId) this.userState.delete(userId);
[7m    [0m [91m                        ~~~~[0m
[96msrc/bot/bot.update.ts[0m:[93m1513[0m:[93m47[0m - [91merror[0m[90m TS2304: [0mCannot find name 'userId'.

[7m1513[0m             if (userId) this.userState.delete(userId);
[7m    [0m [91m                                              ~~~~~~[0m
[96msrc/bot/bot.update.ts[0m:[93m1514[0m:[93m19[0m - [91merror[0m[90m TS2532: [0mObject is possibly 'undefined'.

[7m1514[0m             await this.sendLongMessage(ctx, result.response, { parse_mode: 'Markdown' });
[7m    [0m [91m                  ~~~~[0m
[96msrc/bot/bot.update.ts[0m:[93m1514[0m:[93m40[0m - [91merror[0m[90m TS2304: [0mCannot find name 'ctx'.

[7m1514[0m             await this.sendLongMessage(ctx, result.response, { parse_mode: 'Markdown' });
[7m    [0m [91m                                       ~~~[0m
[96msrc/bot/bot.update.ts[0m:[93m1518[0m:[93m5[0m - [91merror[0m[90m TS1128: [0mDeclaration or statement expected.

[7m1518[0m     }
[7m    [0m [91m    ~[0m
[96msrc/bot/bot.update.ts[0m:[93m1521[0m:[93m5[0m - [91merror[0m[90m TS1128: [0mDeclaration or statement expected.

[7m1521[0m     private async handlePrediction(ctx: Context, text: string): Promise<boolean> {
[7m    [0m [91m    ~~~~~~~[0m
[96msrc/bot/bot.update.ts[0m:[93m1521[0m:[93m13[0m - [91merror[0m[90m TS1434: [0mUnexpected keyword or identifier.

[7m1521[0m     private async handlePrediction(ctx: Context, text: string): Promise<boolean> {
[7m    [0m [91m            ~~~~~[0m
[96msrc/bot/bot.update.ts[0m:[93m1521[0m:[93m13[0m - [91merror[0m[90m TS2304: [0mCannot find name 'async'.

[7m1521[0m     private async handlePrediction(ctx: Context, text: string): Promise<boolean> {
[7m    [0m [91m            ~~~~~[0m
[96msrc/bot/bot.update.ts[0m:[93m1521[0m:[93m19[0m - [91merror[0m[90m TS2304: [0mCannot find name 'handlePrediction'.

[7m1521[0m     private async handlePrediction(ctx: Context, text: string): Promise<boolean> {
[7m    [0m [91m                  ~~~~~~~~~~~~~~~~[0m
[96msrc/bot/bot.update.ts[0m:[93m1521[0m:[93m36[0m - [91merror[0m[90m TS2304: [0mCannot find name 'ctx'.

[7m1521[0m     private async handlePrediction(ctx: Context, text: string): Promise<boolean> {
[7m    [0m [91m                                   ~~~[0m
[96msrc/bot/bot.update.ts[0m:[93m1521[0m:[93m39[0m - [91merror[0m[90m TS1005: [0m',' expected.

[7m1521[0m     private async handlePrediction(ctx: Context, text: string): Promise<boolean> {
[7m    [0m [91m                                      ~[0m
[96msrc/bot/bot.update.ts[0m:[93m1521[0m:[93m50[0m - [91merror[0m[90m TS2304: [0mCannot find name 'text'.

[7m1521[0m     private async handlePrediction(ctx: Context, text: string): Promise<boolean> {
[7m    [0m [91m                                                 ~~~~[0m
[96msrc/bot/bot.update.ts[0m:[93m1521[0m:[93m54[0m - [91merror[0m[90m TS1005: [0m',' expected.

[7m1521[0m     private async handlePrediction(ctx: Context, text: string): Promise<boolean> {
[7m    [0m [91m                                                     ~[0m
[96msrc/bot/bot.update.ts[0m:[93m1521[0m:[93m56[0m - [91merror[0m[90m TS2693: [0m'string' only refers to a type, but is being used as a value here.

[7m1521[0m     private async handlePrediction(ctx: Context, text: string): Promise<boolean> {
[7m    [0m [91m                                                       ~~~~~~[0m
[96msrc/bot/bot.update.ts[0m:[93m1521[0m:[93m63[0m - [91merror[0m[90m TS1005: [0m';' expected.

[7m1521[0m     private async handlePrediction(ctx: Context, text: string): Promise<boolean> {
[7m    [0m [91m                                                              ~[0m
[96msrc/bot/bot.update.ts[0m:[93m1521[0m:[93m65[0m - [91merror[0m[90m TS2365: [0mOperator '>' cannot be applied to types 'boolean' and '{ const: any; if(await: any, this: any): any; if(await: any, this: any): any; if(lowerText: any): any; "": any; return: boolean; }'.

[7m1521[0m     private async handlePrediction(ctx: Context, text: string): Promise<boolean> {
[7m    [0m [91m                                                                ~~~~~~~~~~~~~~~~~~[0m
[7m1522[0m         const lowerText = text.toLowerCase();
[7m    [0m [91m~~~~~~~~~~~~~~~~~~~~~~~~~~~~~~~~~~~~~~~~~~~~~[0m
[7m ...[0m 
[7m1537[0m             lowerText.includes('alerta temprana')
[7m    [0m [91m~~~~~~~~~~~~~~~~~~~~~~~~~~~~~~~~~~~~~~~~~~~~~~~~~[0m
[7m1538[0m         ) {
[7m    [0m [91m~~~~~~~~~[0m
[96msrc/bot/bot.update.ts[0m:[93m1521[0m:[93m73[0m - [91merror[0m[90m TS2693: [0m'boolean' only refers to a type, but is being used as a value here.

[7m1521[0m     private async handlePrediction(ctx: Context, text: string): Promise<boolean> {
[7m    [0m [91m                                                                        ~~~~~~~[0m
[96msrc/bot/bot.update.ts[0m:[93m1522[0m:[93m15[0m - [91merror[0m[90m TS1005: [0m':' expected.

[7m1522[0m         const lowerText = text.toLowerCase();
[7m    [0m [91m              ~~~~~~~~~[0m
[96msrc/bot/bot.update.ts[0m:[93m1522[0m:[93m15[0m - [91merror[0m[90m TS2304: [0mCannot find name 'lowerText'.

[7m1522[0m         const lowerText = text.toLowerCase();
[7m    [0m [91m              ~~~~~~~~~[0m
[96msrc/bot/bot.update.ts[0m:[93m1522[0m:[93m27[0m - [91merror[0m[90m TS2304: [0mCannot find name 'text'.

[7m1522[0m         const lowerText = text.toLowerCase();
[7m    [0m [91m                          ~~~~[0m
[96msrc/bot/bot.update.ts[0m:[93m1522[0m:[93m45[0m - [91merror[0m[90m TS1005: [0m',' expected.

[7m1522[0m         const lowerText = text.toLowerCase();
[7m    [0m [91m                                            ~[0m
[96msrc/bot/bot.update.ts[0m:[93m1523[0m:[93m15[0m - [91merror[0m[90m TS1005: [0m':' expected.

[7m1523[0m         const userId = ctx.from?.id;
[7m    [0m [91m              ~~~~~~[0m
[96msrc/bot/bot.update.ts[0m:[93m1523[0m:[93m15[0m - [91merror[0m[90m TS2304: [0mCannot find name 'userId'.

[7m1523[0m         const userId = ctx.from?.id;
[7m    [0m [91m              ~~~~~~[0m
[96msrc/bot/bot.update.ts[0m:[93m1523[0m:[93m24[0m - [91merror[0m[90m TS2304: [0mCannot find name 'ctx'.

[7m1523[0m         const userId = ctx.from?.id;
[7m    [0m [91m                       ~~~[0m
[96msrc/bot/bot.update.ts[0m:[93m1523[0m:[93m36[0m - [91merror[0m[90m TS1005: [0m',' expected.

[7m1523[0m         const userId = ctx.from?.id;
[7m    [0m [91m                                   ~[0m
[96msrc/bot/bot.update.ts[0m:[93m1524[0m:[93m15[0m - [91merror[0m[90m TS1005: [0m':' expected.

[7m1524[0m         const pending = userId ? this.userState.get(userId) : null;
[7m    [0m [91m              ~~~~~~~[0m
[96msrc/bot/bot.update.ts[0m:[93m1524[0m:[93m15[0m - [91merror[0m[90m TS2630: [0mCannot assign to 'pending' because it is a function.

[7m1524[0m         const pending = userId ? this.userState.get(userId) : null;
[7m    [0m [91m              ~~~~~~~[0m
[96msrc/bot/bot.update.ts[0m:[93m1524[0m:[93m25[0m - [91merror[0m[90m TS2304: [0mCannot find name 'userId'.

[7m1524[0m         const pending = userId ? this.userState.get(userId) : null;
[7m    [0m [91m                        ~~~~~~[0m
[96msrc/bot/bot.update.ts[0m:[93m1524[0m:[93m34[0m - [91merror[0m[90m TS2532: [0mObject is possibly 'undefined'.

[7m1524[0m         const pending = userId ? this.userState.get(userId) : null;
[7m    [0m [91m                                 ~~~~[0m
[96msrc/bot/bot.update.ts[0m:[93m1524[0m:[93m53[0m - [91merror[0m[90m TS2304: [0mCannot find name 'userId'.

[7m1524[0m         const pending = userId ? this.userState.get(userId) : null;
[7m    [0m [91m                                                    ~~~~~~[0m
[96msrc/bot/bot.update.ts[0m:[93m1524[0m:[93m67[0m - [91merror[0m[90m TS1005: [0m',' expected.

[7m1524[0m         const pending = userId ? this.userState.get(userId) : null;
[7m    [0m [91m                                                                  ~[0m
[96msrc/bot/bot.update.ts[0m:[93m1526[0m:[93m19[0m - [91merror[0m[90m TS1005: [0m',' expected.

[7m1526[0m         if (await this.handleRiskPrediction(ctx, text, lowerText, userId, pending)) return true;
[7m    [0m [91m                  ~~~~[0m
[96msrc/bot/bot.update.ts[0m:[93m1526[0m:[93m19[0m - [91merror[0m[90m TS2680: [0mA 'this' parameter must be the first parameter.

[7m1526[0m         if (await this.handleRiskPrediction(ctx, text, lowerText, userId, pending)) return true;
[7m    [0m [91m                  ~~~~[0m
[96msrc/bot/bot.update.ts[0m:[93m1526[0m:[93m23[0m - [91merror[0m[90m TS1005: [0m',' expected.

[7m1526[0m         if (await this.handleRiskPrediction(ctx, text, lowerText, userId, pending)) return true;
[7m    [0m [91m                      ~[0m
[96msrc/bot/bot.update.ts[0m:[93m1526[0m:[93m45[0m - [91merror[0m[90m TS2304: [0mCannot find name 'ctx'.

[7m1526[0m         if (await this.handleRiskPrediction(ctx, text, lowerText, userId, pending)) return true;
[7m    [0m [91m                                            ~~~[0m
[96msrc/bot/bot.update.ts[0m:[93m1526[0m:[93m50[0m - [91merror[0m[90m TS2304: [0mCannot find name 'text'.

[7m1526[0m         if (await this.handleRiskPrediction(ctx, text, lowerText, userId, pending)) return true;
[7m    [0m [91m                                                 ~~~~[0m
[96msrc/bot/bot.update.ts[0m:[93m1526[0m:[93m56[0m - [91merror[0m[90m TS2304: [0mCannot find name 'lowerText'.

[7m1526[0m         if (await this.handleRiskPrediction(ctx, text, lowerText, userId, pending)) return true;
[7m    [0m [91m                                                       ~~~~~~~~~[0m
[96msrc/bot/bot.update.ts[0m:[93m1526[0m:[93m67[0m - [91merror[0m[90m TS2304: [0mCannot find name 'userId'.

[7m1526[0m         if (await this.handleRiskPrediction(ctx, text, lowerText, userId, pending)) return true;
[7m    [0m [91m                                                                  ~~~~~~[0m
[96msrc/bot/bot.update.ts[0m:[93m1526[0m:[93m83[0m - [91merror[0m[90m TS1005: [0m',' expected.

[7m1526[0m         if (await this.handleRiskPrediction(ctx, text, lowerText, userId, pending)) return true;
[7m    [0m [91m                                                                                  ~[0m
[96msrc/bot/bot.update.ts[0m:[93m1526[0m:[93m92[0m - [91merror[0m[90m TS1005: [0m':' expected.

[7m1526[0m         if (await this.handleRiskPrediction(ctx, text, lowerText, userId, pending)) return true;
[7m    [0m [91m                                                                                           ~~~~[0m
[96msrc/bot/bot.update.ts[0m:[93m1526[0m:[93m96[0m - [91merror[0m[90m TS1005: [0m',' expected.

[7m1526[0m         if (await this.handleRiskPrediction(ctx, text, lowerText, userId, pending)) return true;
[7m    [0m [91m                                                                                               ~[0m
[96msrc/bot/bot.update.ts[0m:[93m1527[0m:[93m19[0m - [91merror[0m[90m TS1005: [0m',' expected.

[7m1527[0m         if (await this.handleCasePrediction(ctx, lowerText, userId, pending)) return true;
[7m    [0m [91m                  ~~~~[0m
[96msrc/bot/bot.update.ts[0m:[93m1527[0m:[93m19[0m - [91merror[0m[90m TS2680: [0mA 'this' parameter must be the first parameter.

[7m1527[0m         if (await this.handleCasePrediction(ctx, lowerText, userId, pending)) return true;
[7m    [0m [91m                  ~~~~[0m
[96msrc/bot/bot.update.ts[0m:[93m1527[0m:[93m23[0m - [91merror[0m[90m TS1005: [0m',' expected.

[7m1527[0m         if (await this.handleCasePrediction(ctx, lowerText, userId, pending)) return true;
[7m    [0m [91m                      ~[0m
[96msrc/bot/bot.update.ts[0m:[93m1527[0m:[93m45[0m - [91merror[0m[90m TS2304: [0mCannot find name 'ctx'.

[7m1527[0m         if (await this.handleCasePrediction(ctx, lowerText, userId, pending)) return true;
[7m    [0m [91m                                            ~~~[0m
[96msrc/bot/bot.update.ts[0m:[93m1527[0m:[93m50[0m - [91merror[0m[90m TS2304: [0mCannot find name 'lowerText'.

[7m1527[0m         if (await this.handleCasePrediction(ctx, lowerText, userId, pending)) return true;
[7m    [0m [91m                                                 ~~~~~~~~~[0m
[96msrc/bot/bot.update.ts[0m:[93m1527[0m:[93m61[0m - [91merror[0m[90m TS2304: [0mCannot find name 'userId'.

[7m1527[0m         if (await this.handleCasePrediction(ctx, lowerText, userId, pending)) return true;
[7m    [0m [91m                                                            ~~~~~~[0m
[96msrc/bot/bot.update.ts[0m:[93m1527[0m:[93m77[0m - [91merror[0m[90m TS1005: [0m',' expected.

[7m1527[0m         if (await this.handleCasePrediction(ctx, lowerText, userId, pending)) return true;
[7m    [0m [91m                                                                            ~[0m
[96msrc/bot/bot.update.ts[0m:[93m1527[0m:[93m86[0m - [91merror[0m[90m TS1005: [0m':' expected.

[7m1527[0m         if (await this.handleCasePrediction(ctx, lowerText, userId, pending)) return true;
[7m    [0m [91m                                                                                     ~~~~[0m
[96msrc/bot/bot.update.ts[0m:[93m1527[0m:[93m90[0m - [91merror[0m[90m TS1005: [0m',' expected.

[7m1527[0m         if (await this.handleCasePrediction(ctx, lowerText, userId, pending)) return true;
[7m    [0m [91m                                                                                         ~[0m
[96msrc/bot/bot.update.ts[0m:[93m1530[0m:[93m22[0m - [91merror[0m[90m TS1005: [0m',' expected.

[7m1530[0m             lowerText.includes('prediccion') ||
[7m    [0m [91m                     ~[0m
[96msrc/bot/bot.update.ts[0m:[93m1531[0m:[93m13[0m - [91merror[0m[90m TS2304: [0mCannot find name 'lowerText'.

[7m1531[0m             lowerText.includes('pronostico') ||
[7m    [0m [91m            ~~~~~~~~~[0m
[96msrc/bot/bot.update.ts[0m:[93m1532[0m:[93m13[0m - [91merror[0m[90m TS2304: [0mCannot find name 'lowerText'.

[7m1532[0m             lowerText.includes('que puedes predecir') ||
[7m    [0m [91m            ~~~~~~~~~[0m
[96msrc/bot/bot.update.ts[0m:[93m1533[0m:[93m13[0m - [91merror[0m[90m TS2304: [0mCannot find name 'lowerText'.

[7m1533[0m             lowerText.includes('predecir') ||
[7m    [0m [91m            ~~~~~~~~~[0m
[96msrc/bot/bot.update.ts[0m:[93m1534[0m:[93m13[0m - [91merror[0m[90m TS2304: [0mCannot find name 'lowerText'.

[7m1534[0m             lowerText.includes('proyeccion') ||
[7m    [0m [91m            ~~~~~~~~~[0m
[96msrc/bot/bot.update.ts[0m:[93m1535[0m:[93m13[0m - [91merror[0m[90m TS2304: [0mCannot find name 'lowerText'.

[7m1535[0m             lowerText.includes('clasificar riesgo') ||
[7m    [0m [91m            ~~~~~~~~~[0m
[96msrc/bot/bot.update.ts[0m:[93m1536[0m:[93m13[0m - [91merror[0m[90m TS2304: [0mCannot find name 'lowerText'.

[7m1536[0m             lowerText.includes('puedes predecir riesgos') ||
[7m    [0m [91m            ~~~~~~~~~[0m
[96msrc/bot/bot.update.ts[0m:[93m1537[0m:[93m13[0m - [91merror[0m[90m TS2304: [0mCannot find name 'lowerText'.

[7m1537[0m             lowerText.includes('alerta temprana')
[7m    [0m [91m            ~~~~~~~~~[0m
[96msrc/bot/bot.update.ts[0m:[93m1538[0m:[93m9[0m - [91merror[0m[90m TS1005: [0m',' expected.

[7m1538[0m         ) {
[7m    [0m [91m        ~[0m
[96msrc/bot/bot.update.ts[0m:[93m1538[0m:[93m11[0m - [91merror[0m[90m TS1136: [0mProperty assignment expected.

[7m1538[0m         ) {
[7m    [0m [91m          ~[0m
[96msrc/bot/bot.update.ts[0m:[93m1539[0m:[93m19[0m - [91merror[0m[90m TS2532: [0mObject is possibly 'undefined'.

[7m1539[0m             await this.sendPredictiveOverview(ctx);
[7m    [0m [91m                  ~~~~[0m
[96msrc/bot/bot.update.ts[0m:[93m1539[0m:[93m47[0m - [91merror[0m[90m TS2304: [0mCannot find name 'ctx'.

[7m1539[0m             await this.sendPredictiveOverview(ctx);
[7m    [0m [91m                                              ~~~[0m
[96msrc/bot/bot.update.ts[0m:[93m1544[0m:[93m5[0m - [91merror[0m[90m TS1128: [0mDeclaration or statement expected.

[7m1544[0m     }
[7m    [0m [91m    ~[0m
[96msrc/bot/bot.update.ts[0m:[93m1546[0m:[93m5[0m - [91merror[0m[90m TS1128: [0mDeclaration or statement expected.

[7m1546[0m     private async sendPredictiveOverview(ctx: Context): Promise<void> {
[7m    [0m [91m    ~~~~~~~[0m
[96msrc/bot/bot.update.ts[0m:[93m1546[0m:[93m13[0m - [91merror[0m[90m TS1434: [0mUnexpected keyword or identifier.

[7m1546[0m     private async sendPredictiveOverview(ctx: Context): Promise<void> {
[7m    [0m [91m            ~~~~~[0m
[96msrc/bot/bot.update.ts[0m:[93m1546[0m:[93m13[0m - [91merror[0m[90m TS2304: [0mCannot find name 'async'.

[7m1546[0m     private async sendPredictiveOverview(ctx: Context): Promise<void> {
[7m    [0m [91m            ~~~~~[0m
[96msrc/bot/bot.update.ts[0m:[93m1546[0m:[93m19[0m - [91merror[0m[90m TS2304: [0mCannot find name 'sendPredictiveOverview'.

[7m1546[0m     private async sendPredictiveOverview(ctx: Context): Promise<void> {
[7m    [0m [91m                  ~~~~~~~~~~~~~~~~~~~~~~[0m
[96msrc/bot/bot.update.ts[0m:[93m1546[0m:[93m42[0m - [91merror[0m[90m TS2304: [0mCannot find name 'ctx'.

[7m1546[0m     private async sendPredictiveOverview(ctx: Context): Promise<void> {
[7m    [0m [91m                                         ~~~[0m
[96msrc/bot/bot.update.ts[0m:[93m1546[0m:[93m45[0m - [91merror[0m[90m TS1005: [0m',' expected.

[7m1546[0m     private async sendPredictiveOverview(ctx: Context): Promise<void> {
[7m    [0m [91m                                            ~[0m
[96msrc/bot/bot.update.ts[0m:[93m1546[0m:[93m55[0m - [91merror[0m[90m TS1005: [0m';' expected.

[7m1546[0m     private async sendPredictiveOverview(ctx: Context): Promise<void> {
[7m    [0m [91m                                                      ~[0m
[96msrc/bot/bot.update.ts[0m:[93m1546[0m:[93m57[0m - [91merror[0m[90m TS2365: [0mOperator '>' cannot be applied to types 'boolean' and '{ const: string; let: any; availableLocations: never[]; try: { const: unknown[]; availableLocations: any; }; catch(error: any): void; if(availableLocations: any): any; "": boolean; }'.

[7m1546[0m     private async sendPredictiveOverview(ctx: Context): Promise<void> {
[7m    [0m [91m                                                        ~~~~~~~~~~~~~~~[0m
[7m1547[0m         const eventsList = RISK_EVENTS.slice(0, 8).map(e => `• ${e}`).join('\n');
[7m    [0m [91m~~~~~~~~~~~~~~~~~~~~~~~~~~~~~~~~~~~~~~~~~~~~~~~~~~~~~~~~~~~~~~~~~~~~~~~~~~~~~~~~~[0m
[7m ...[0m 
[7m1562[0m 
[7m    [0m [91m[0m
[7m1563[0m         if (availableLocations.length === 0) {
[7m    [0m [91m~~~~~~~~~~~~~~~~~~~~~~~~~~~~~~~~~~~~~~~~~~~~[0m
[96msrc/bot/bot.update.ts[0m:[93m1546[0m:[93m65[0m - [91merror[0m[90m TS2532: [0mObject is possibly 'undefined'.

[7m1546[0m     private async sendPredictiveOverview(ctx: Context): Promise<void> {
[7m    [0m [91m                                                                ~~~~[0m
[96msrc/bot/bot.update.ts[0m:[93m1546[0m:[93m69[0m - [91merror[0m[90m TS1109: [0mExpression expected.

[7m1546[0m     private async sendPredictiveOverview(ctx: Context): Promise<void> {
[7m    [0m [91m                                                                    ~[0m
[96msrc/bot/bot.update.ts[0m:[93m1547[0m:[93m15[0m - [91merror[0m[90m TS1005: [0m':' expected.

[7m1547[0m         const eventsList = RISK_EVENTS.slice(0, 8).map(e => `• ${e}`).join('\n');
[7m    [0m [91m              ~~~~~~~~~~[0m
[96msrc/bot/bot.update.ts[0m:[93m1547[0m:[93m15[0m - [91merror[0m[90m TS2304: [0mCannot find name 'eventsList'.

[7m1547[0m         const eventsList = RISK_EVENTS.slice(0, 8).map(e => `• ${e}`).join('\n');
[7m    [0m [91m              ~~~~~~~~~~[0m
[96msrc/bot/bot.update.ts[0m:[93m1547[0m:[93m81[0m - [91merror[0m[90m TS1005: [0m',' expected.

[7m1547[0m         const eventsList = RISK_EVENTS.slice(0, 8).map(e => `• ${e}`).join('\n');
[7m    [0m [91m                                                                                ~[0m
[96msrc/bot/bot.update.ts[0m:[93m1549[0m:[93m9[0m - [91merror[0m[90m TS18004: [0mNo value exists in scope for the shorthand property 'let'. Either declare one or provide an initializer.

[7m1549[0m         let availableLocations: string[] = [];
[7m    [0m [91m        ~~~[0m
[96msrc/bot/bot.update.ts[0m:[93m1549[0m:[93m13[0m - [91merror[0m[90m TS1005: [0m',' expected.

[7m1549[0m         let availableLocations: string[] = [];
[7m    [0m [91m            ~~~~~~~~~~~~~~~~~~[0m
[96msrc/bot/bot.update.ts[0m:[93m1549[0m:[93m33[0m - [91merror[0m[90m TS2693: [0m'string' only refers to a type, but is being used as a value here.

[7m1549[0m         let availableLocations: string[] = [];
[7m    [0m [91m                                ~~~~~~[0m
[96msrc/bot/bot.update.ts[0m:[93m1549[0m:[93m40[0m - [91merror[0m[90m TS1011: [0mAn element access expression should take an argument.

[7m1549[0m         let availableLocations: string[] = [];
[7m    [0m [91m                                       [0m
[96msrc/bot/bot.update.ts[0m:[93m1549[0m:[93m46[0m - [91merror[0m[90m TS1005: [0m',' expected.

[7m1549[0m         let availableLocations: string[] = [];
[7m    [0m [91m                                             ~[0m
[96msrc/bot/bot.update.ts[0m:[93m1550[0m:[93m13[0m - [91merror[0m[90m TS1005: [0m':' expected.

[7m1550[0m         try {
[7m    [0m [91m            ~[0m
[96msrc/bot/bot.update.ts[0m:[93m1551[0m:[93m19[0m - [91merror[0m[90m TS1005: [0m':' expected.

[7m1551[0m             const [vaccinationDeptos, airQualityMunis] = await Promise.all([
[7m    [0m [91m                  ~[0m
[96msrc/bot/bot.update.ts[0m:[93m1551[0m:[93m20[0m - [91merror[0m[90m TS2304: [0mCannot find name 'vaccinationDeptos'.

[7m1551[0m             const [vaccinationDeptos, airQualityMunis] = await Promise.all([
[7m    [0m [91m                   ~~~~~~~~~~~~~~~~~[0m
[96msrc/bot/bot.update.ts[0m:[93m1551[0m:[93m39[0m - [91merror[0m[90m TS2304: [0mCannot find name 'airQualityMunis'.

[7m1551[0m             const [vaccinationDeptos, airQualityMunis] = await Promise.all([
[7m    [0m [91m                                      ~~~~~~~~~~~~~~~[0m
[96msrc/bot/bot.update.ts[0m:[93m1552[0m:[93m17[0m - [91merror[0m[90m TS2532: [0mObject is possibly 'undefined'.

[7m1552[0m                 this.vaccinationService.getAllDepartament(),
[7m    [0m [91m                ~~~~[0m
[96msrc/bot/bot.update.ts[0m:[93m1553[0m:[93m17[0m - [91merror[0m[90m TS2532: [0mObject is possibly 'undefined'.

[7m1553[0m                 this.airQualityService.getAllMunicipios(),
[7m    [0m [91m                ~~~~[0m
[96msrc/bot/bot.update.ts[0m:[93m1554[0m:[93m15[0m - [91merror[0m[90m TS1005: [0m',' expected.

[7m1554[0m             ]);
[7m    [0m [91m              ~[0m
[96msrc/bot/bot.update.ts[0m:[93m1556[0m:[93m19[0m - [91merror[0m[90m TS1005: [0m':' expected.

[7m1556[0m             const combined = [...vaccinationDeptos, ...airQualityMunis];
[7m    [0m [91m                  ~~~~~~~~[0m
[96msrc/bot/bot.update.ts[0m:[93m1556[0m:[93m19[0m - [91merror[0m[90m TS2304: [0mCannot find name 'combined'.

[7m1556[0m             const combined = [...vaccinationDeptos, ...airQualityMunis];
[7m    [0m [91m                  ~~~~~~~~[0m
[96msrc/bot/bot.update.ts[0m:[93m1556[0m:[93m34[0m - [91merror[0m[90m TS2304: [0mCannot find name 'vaccinationDeptos'.

[7m1556[0m             const combined = [...vaccinationDeptos, ...airQualityMunis];
[7m    [0m [91m                                 ~~~~~~~~~~~~~~~~~[0m
[96msrc/bot/bot.update.ts[0m:[93m1556[0m:[93m56[0m - [91merror[0m[90m TS2304: [0mCannot find name 'airQualityMunis'.

[7m1556[0m             const combined = [...vaccinationDeptos, ...airQualityMunis];
[7m    [0m [91m                                                       ~~~~~~~~~~~~~~~[0m
[96msrc/bot/bot.update.ts[0m:[93m1556[0m:[93m72[0m - [91merror[0m[90m TS1005: [0m',' expected.

[7m1556[0m             const combined = [...vaccinationDeptos, ...airQualityMunis];
[7m    [0m [91m                                                                       ~[0m
[96msrc/bot/bot.update.ts[0m:[93m1557[0m:[93m19[0m - [91merror[0m[90m TS1005: [0m':' expected.

[7m1557[0m             const unique = Array.from(new Set(combined.map(l => l.trim()))).filter(l => l.length > 2);
[7m    [0m [91m                  ~~~~~~[0m
[96msrc/bot/bot.update.ts[0m:[93m1557[0m:[93m19[0m - [91merror[0m[90m TS2304: [0mCannot find name 'unique'.

[7m1557[0m             const unique = Array.from(new Set(combined.map(l => l.trim()))).filter(l => l.length > 2);
[7m    [0m [91m                  ~~~~~~[0m
[96msrc/bot/bot.update.ts[0m:[93m1557[0m:[93m47[0m - [91merror[0m[90m TS2304: [0mCannot find name 'combined'.

[7m1557[0m             const unique = Array.from(new Set(combined.map(l => l.trim()))).filter(l => l.length > 2);
[7m    [0m [91m                                              ~~~~~~~~[0m
[96msrc/bot/bot.update.ts[0m:[93m1557[0m:[93m89[0m - [91merror[0m[90m TS18046: [0m'l' is of type 'unknown'.

[7m1557[0m             const unique = Array.from(new Set(combined.map(l => l.trim()))).filter(l => l.length > 2);
[7m    [0m [91m                                                                                        ~[0m
[96msrc/bot/bot.update.ts[0m:[93m1557[0m:[93m102[0m - [91merror[0m[90m TS1005: [0m',' expected.

[7m1557[0m             const unique = Array.from(new Set(combined.map(l => l.trim()))).filter(l => l.length > 2);
[7m    [0m [91m                                                                                                     ~[0m
[96msrc/bot/bot.update.ts[0m:[93m1558[0m:[93m34[0m - [91merror[0m[90m TS2304: [0mCannot find name 'unique'.

[7m1558[0m             availableLocations = unique.slice(0, 10);
[7m    [0m [91m                                 ~~~~~~[0m
[96msrc/bot/bot.update.ts[0m:[93m1558[0m:[93m53[0m - [91merror[0m[90m TS1005: [0m',' expected.

[7m1558[0m             availableLocations = unique.slice(0, 10);
[7m    [0m [91m                                                    ~[0m
[96msrc/bot/bot.update.ts[0m:[93m1559[0m:[93m11[0m - [91merror[0m[90m TS1005: [0m',' expected.

[7m1559[0m         } catch (error) {
[7m    [0m [91m          ~~~~~[0m
[96msrc/bot/bot.update.ts[0m:[93m1563[0m:[93m9[0m - [91merror[0m[90m TS1005: [0m',' expected.

[7m1563[0m         if (availableLocations.length === 0) {
[7m    [0m [91m        ~~[0m
[96msrc/bot/bot.update.ts[0m:[93m1563[0m:[93m31[0m - [91merror[0m[90m TS1005: [0m',' expected.

[7m1563[0m         if (availableLocations.length === 0) {
[7m    [0m [91m                              ~[0m
[96msrc/bot/bot.update.ts[0m:[93m1563[0m:[93m44[0m - [91merror[0m[90m TS1005: [0m',' expected.

[7m1563[0m         if (availableLocations.length === 0) {
[7m    [0m [91m                                           ~[0m
[96msrc/bot/bot.update.ts[0m:[93m1563[0m:[93m46[0m - [91merror[0m[90m TS1136: [0mProperty assignment expected.

[7m1563[0m         if (availableLocations.length === 0) {
[7m    [0m [91m                                             ~[0m
[96msrc/bot/bot.update.ts[0m:[93m1564[0m:[93m13[0m - [91merror[0m[90m TS2304: [0mCannot find name 'availableLocations'.

[7m1564[0m             availableLocations = ['Norte de Santander', 'Antioquia', 'Valle del Cauca', 'Boyacá', 'Casanare (Yopal)', 'Meta', 'Cundinamarca'];
[7m    [0m [91m            ~~~~~~~~~~~~~~~~~~[0m
[96msrc/bot/bot.update.ts[0m:[93m1567[0m:[93m31[0m - [91merror[0m[90m TS2304: [0mCannot find name 'availableLocations'.

[7m1567[0m         const locationsList = availableLocations.map(l => `**${l}**`).join(', ');
[7m    [0m [91m                              ~~~~~~~~~~~~~~~~~~[0m
[96msrc/bot/bot.update.ts[0m:[93m1570[0m:[93m16[0m - [91merror[0m[90m TS2304: [0mCannot find name 'eventsList'.

[7m1570[0m             `${eventsList}\n\n` +
[7m    [0m [91m               ~~~~~~~~~~[0m
[96msrc/bot/bot.update.ts[0m:[93m1575[0m:[93m15[0m - [91merror[0m[90m TS2532: [0mObject is possibly 'undefined'.

[7m1575[0m         await this.sendLongMessage(ctx, message, { parse_mode: 'Markdown' });
[7m    [0m [91m              ~~~~[0m
[96msrc/bot/bot.update.ts[0m:[93m1575[0m:[93m36[0m - [91merror[0m[90m TS2304: [0mCannot find name 'ctx'.

[7m1575[0m         await this.sendLongMessage(ctx, message, { parse_mode: 'Markdown' });
[7m    [0m [91m                                   ~~~[0m
[96msrc/bot/bot.update.ts[0m:[93m1576[0m:[93m5[0m - [91merror[0m[90m TS1128: [0mDeclaration or statement expected.

[7m1576[0m     }
[7m    [0m [91m    ~[0m
[96msrc/bot/bot.update.ts[0m:[93m1578[0m:[93m5[0m - [91merror[0m[90m TS1128: [0mDeclaration or statement expected.

[7m1578[0m     private async handleRiskPrediction(
[7m    [0m [91m    ~~~~~~~[0m
[96msrc/bot/bot.update.ts[0m:[93m1578[0m:[93m13[0m - [91merror[0m[90m TS1434: [0mUnexpected keyword or identifier.

[7m1578[0m     private async handleRiskPrediction(
[7m    [0m [91m            ~~~~~[0m
[96msrc/bot/bot.update.ts[0m:[93m1578[0m:[93m13[0m - [91merror[0m[90m TS2304: [0mCannot find name 'async'.

[7m1578[0m     private async handleRiskPrediction(
[7m    [0m [91m            ~~~~~[0m
[96msrc/bot/bot.update.ts[0m:[93m1578[0m:[93m19[0m - [91merror[0m[90m TS2304: [0mCannot find name 'handleRiskPrediction'.

[7m1578[0m     private async handleRiskPrediction(
[7m    [0m [91m                  ~~~~~~~~~~~~~~~~~~~~[0m
[96msrc/bot/bot.update.ts[0m:[93m1579[0m:[93m9[0m - [91merror[0m[90m TS2304: [0mCannot find name 'ctx'.

[7m1579[0m         ctx: Context,
[7m    [0m [91m        ~~~[0m
[96msrc/bot/bot.update.ts[0m:[93m1579[0m:[93m12[0m - [91merror[0m[90m TS1005: [0m',' expected.

[7m1579[0m         ctx: Context,
[7m    [0m [91m           ~[0m
[96msrc/bot/bot.update.ts[0m:[93m1580[0m:[93m9[0m - [91merror[0m[90m TS2304: [0mCannot find name 'text'.

[7m1580[0m         text: string,
[7m    [0m [91m        ~~~~[0m
[96msrc/bot/bot.update.ts[0m:[93m1580[0m:[93m13[0m - [91merror[0m[90m TS1005: [0m',' expected.

[7m1580[0m         text: string,
[7m    [0m [91m            ~[0m
[96msrc/bot/bot.update.ts[0m:[93m1580[0m:[93m15[0m - [91merror[0m[90m TS2693: [0m'string' only refers to a type, but is being used as a value here.

[7m1580[0m         text: string,
[7m    [0m [91m              ~~~~~~[0m
[96msrc/bot/bot.update.ts[0m:[93m1581[0m:[93m9[0m - [91merror[0m[90m TS2304: [0mCannot find name 'lowerText'.

[7m1581[0m         lowerText: string,
[7m    [0m [91m        ~~~~~~~~~[0m
[96msrc/bot/bot.update.ts[0m:[93m1581[0m:[93m18[0m - [91merror[0m[90m TS1005: [0m',' expected.

[7m1581[0m         lowerText: string,
[7m    [0m [91m                 ~[0m
[96msrc/bot/bot.update.ts[0m:[93m1581[0m:[93m20[0m - [91merror[0m[90m TS2693: [0m'string' only refers to a type, but is being used as a value here.

[7m1581[0m         lowerText: string,
[7m    [0m [91m                   ~~~~~~[0m
[96msrc/bot/bot.update.ts[0m:[93m1582[0m:[93m9[0m - [91merror[0m[90m TS2304: [0mCannot find name 'userId'.

[7m1582[0m         userId: number | undefined,
[7m    [0m [91m        ~~~~~~[0m
[96msrc/bot/bot.update.ts[0m:[93m1582[0m:[93m15[0m - [91merror[0m[90m TS1005: [0m',' expected.

[7m1582[0m         userId: number | undefined,
[7m    [0m [91m              ~[0m
[96msrc/bot/bot.update.ts[0m:[93m1582[0m:[93m17[0m - [91merror[0m[90m TS2693: [0m'number' only refers to a type, but is being used as a value here.

[7m1582[0m         userId: number | undefined,
[7m    [0m [91m                ~~~~~~[0m
[96msrc/bot/bot.update.ts[0m:[93m1582[0m:[93m26[0m - [91merror[0m[90m TS18050: [0mThe value 'undefined' cannot be used here.

[7m1582[0m         userId: number | undefined,
[7m    [0m [91m                         ~~~~~~~~~[0m
[96msrc/bot/bot.update.ts[0m:[93m1583[0m:[93m16[0m - [91merror[0m[90m TS1005: [0m',' expected.

[7m1583[0m         pending: UserState | null | undefined,
[7m    [0m [91m               ~[0m
[96msrc/bot/bot.update.ts[0m:[93m1583[0m:[93m18[0m - [91merror[0m[90m TS2693: [0m'UserState' only refers to a type, but is being used as a value here.

[7m1583[0m         pending: UserState | null | undefined,
[7m    [0m [91m                 ~~~~~~~~~[0m
[96msrc/bot/bot.update.ts[0m:[93m1583[0m:[93m30[0m - [91merror[0m[90m TS18050: [0mThe value 'null' cannot be used here.

[7m1583[0m         pending: UserState | null | undefined,
[7m    [0m [91m                             ~~~~[0m
[96msrc/bot/bot.update.ts[0m:[93m1583[0m:[93m37[0m - [91merror[0m[90m TS18050: [0mThe value 'undefined' cannot be used here.

[7m1583[0m         pending: UserState | null | undefined,
[7m    [0m [91m                                    ~~~~~~~~~[0m
[96msrc/bot/bot.update.ts[0m:[93m1584[0m:[93m6[0m - [91merror[0m[90m TS1005: [0m';' expected.

[7m1584[0m     ): Promise<boolean> {
[7m    [0m [91m     ~[0m
[96msrc/bot/bot.update.ts[0m:[93m1584[0m:[93m8[0m - [91merror[0m[90m TS2365: [0mOperator '>' cannot be applied to types 'boolean' and '{ const: any; if(: any, isRiskPred: any): any; if(: any, finalEventName: any): void; return: boolean; let: any; finalEventName: any; }'.

[7m1584[0m     ): Promise<boolean> {
[7m    [0m [91m       ~~~~~~~~~~~~~~~~~~[0m
[7m1585[0m         const isRiskPred = lowerText.includes('predecir riesgo') || pending?.intent === 'predict_risk';
[7m    [0m [91m~~~~~~~~~~~~~~~~~~~~~~~~~~~~~~~~~~~~~~~~~~~~~~~~~~~~~~~~~~~~~~~~~~~~~~~~~~~~~~~~~~~~~~~~~~~~~~~~~~~~~~~[0m
[7m ...[0m 
[7m1597[0m 
[7m    [0m [91m[0m
[7m1598[0m         if (!region && !lowerText.includes(' en ')) {
[7m    [0m [91m~~~~~~~~~~~~~~~~~~~[0m
[96msrc/bot/bot.update.ts[0m:[93m1584[0m:[93m16[0m - [91merror[0m[90m TS2693: [0m'boolean' only refers to a type, but is being used as a value here.

[7m1584[0m     ): Promise<boolean> {
[7m    [0m [91m               ~~~~~~~[0m
[96msrc/bot/bot.update.ts[0m:[93m1585[0m:[93m15[0m - [91merror[0m[90m TS1005: [0m':' expected.

[7m1585[0m         const isRiskPred = lowerText.includes('predecir riesgo') || pending?.intent === 'predict_risk';
[7m    [0m [91m              ~~~~~~~~~~[0m
[96msrc/bot/bot.update.ts[0m:[93m1585[0m:[93m15[0m - [91merror[0m[90m TS2304: [0mCannot find name 'isRiskPred'.

[7m1585[0m         const isRiskPred = lowerText.includes('predecir riesgo') || pending?.intent === 'predict_risk';
[7m    [0m [91m              ~~~~~~~~~~[0m
[96msrc/bot/bot.update.ts[0m:[93m1585[0m:[93m28[0m - [91merror[0m[90m TS2304: [0mCannot find name 'lowerText'.

[7m1585[0m         const isRiskPred = lowerText.includes('predecir riesgo') || pending?.intent === 'predict_risk';
[7m    [0m [91m                           ~~~~~~~~~[0m
[96msrc/bot/bot.update.ts[0m:[93m1585[0m:[93m78[0m - [91merror[0m[90m TS2339: [0mProperty 'intent' does not exist on type '(reason?: string | undefined) => void'.

[7m1585[0m         const isRiskPred = lowerText.includes('predecir riesgo') || pending?.intent === 'predict_risk';
[7m    [0m [91m                                                                             ~~~~~~[0m
[96msrc/bot/bot.update.ts[0m:[93m1585[0m:[93m103[0m - [91merror[0m[90m TS1005: [0m',' expected.

[7m1585[0m         const isRiskPred = lowerText.includes('predecir riesgo') || pending?.intent === 'predict_risk';
[7m    [0m [91m                                                                                                      ~[0m
[96msrc/bot/bot.update.ts[0m:[93m1586[0m:[93m13[0m - [91merror[0m[90m TS1003: [0mIdentifier expected.

[7m1586[0m         if (!isRiskPred) return false;
[7m    [0m [91m            ~[0m
[96msrc/bot/bot.update.ts[0m:[93m1586[0m:[93m26[0m - [91merror[0m[90m TS1005: [0m'{' expected.

[7m1586[0m         if (!isRiskPred) return false;
[7m    [0m [91m                         ~~~~~~[0m
[96msrc/bot/bot.update.ts[0m:[93m1586[0m:[93m33[0m - [91merror[0m[90m TS1005: [0m':' expected.

[7m1586[0m         if (!isRiskPred) return false;
[7m    [0m [91m                                ~~~~~[0m
[96msrc/bot/bot.update.ts[0m:[93m1586[0m:[93m38[0m - [91merror[0m[90m TS1005: [0m',' expected.

[7m1586[0m         if (!isRiskPred) return false;
[7m    [0m [91m                                     ~[0m
[96msrc/bot/bot.update.ts[0m:[93m1588[0m:[93m15[0m - [91merror[0m[90m TS1005: [0m':' expected.

[7m1588[0m         const parts = lowerText.replace('predecir riesgo de', '').split(' en ');
[7m    [0m [91m              ~~~~~[0m
[96msrc/bot/bot.update.ts[0m:[93m1588[0m:[93m15[0m - [91merror[0m[90m TS2304: [0mCannot find name 'parts'.

[7m1588[0m         const parts = lowerText.replace('predecir riesgo de', '').split(' en ');
[7m    [0m [91m              ~~~~~[0m
[96msrc/bot/bot.update.ts[0m:[93m1588[0m:[93m23[0m - [91merror[0m[90m TS2304: [0mCannot find name 'lowerText'.

[7m1588[0m         const parts = lowerText.replace('predecir riesgo de', '').split(' en ');
[7m    [0m [91m                      ~~~~~~~~~[0m
[96msrc/bot/bot.update.ts[0m:[93m1588[0m:[93m80[0m - [91merror[0m[90m TS1005: [0m',' expected.

[7m1588[0m         const parts = lowerText.replace('predecir riesgo de', '').split(' en ');
[7m    [0m [91m                                                                               ~[0m
[96msrc/bot/bot.update.ts[0m:[93m1589[0m:[93m15[0m - [91merror[0m[90m TS1005: [0m':' expected.

[7m1589[0m         const eventName = pending?.data ? (pending.data as { event?: string }).event : undefined;
[7m    [0m [91m              ~~~~~~~~~[0m
[96msrc/bot/bot.update.ts[0m:[93m1589[0m:[93m15[0m - [91merror[0m[90m TS2304: [0mCannot find name 'eventName'.

[7m1589[0m         const eventName = pending?.data ? (pending.data as { event?: string }).event : undefined;
[7m    [0m [91m              ~~~~~~~~~[0m
[96msrc/bot/bot.update.ts[0m:[93m1589[0m:[93m36[0m - [91merror[0m[90m TS2339: [0mProperty 'data' does not exist on type '(reason?: string | undefined) => void'.

[7m1589[0m         const eventName = pending?.data ? (pending.data as { event?: string }).event : undefined;
[7m    [0m [91m                                   ~~~~[0m
[96msrc/bot/bot.update.ts[0m:[93m1589[0m:[93m52[0m - [91merror[0m[90m TS2339: [0mProperty 'data' does not exist on type '(reason?: string | undefined) => void'.

[7m1589[0m         const eventName = pending?.data ? (pending.data as { event?: string }).event : undefined;
[7m    [0m [91m                                                   ~~~~[0m
[96msrc/bot/bot.update.ts[0m:[93m1589[0m:[93m97[0m - [91merror[0m[90m TS1005: [0m',' expected.

[7m1589[0m         const eventName = pending?.data ? (pending.data as { event?: string }).event : undefined;
[7m    [0m [91m                                                                                                ~[0m
[96msrc/bot/bot.update.ts[0m:[93m1590[0m:[93m9[0m - [91merror[0m[90m TS18004: [0mNo value exists in scope for the shorthand property 'let'. Either declare one or provide an initializer.

[7m1590[0m         let finalEventName = eventName || parts[0].trim();
[7m    [0m [91m        ~~~[0m
[96msrc/bot/bot.update.ts[0m:[93m1590[0m:[93m13[0m - [91merror[0m[90m TS1005: [0m',' expected.

[7m1590[0m         let finalEventName = eventName || parts[0].trim();
[7m    [0m [91m            ~~~~~~~~~~~~~~[0m
[96msrc/bot/bot.update.ts[0m:[93m1590[0m:[93m30[0m - [91merror[0m[90m TS2304: [0mCannot find name 'eventName'.

[7m1590[0m         let finalEventName = eventName || parts[0].trim();
[7m    [0m [91m                             ~~~~~~~~~[0m
[96msrc/bot/bot.update.ts[0m:[93m1590[0m:[93m43[0m - [91merror[0m[90m TS2304: [0mCannot find name 'parts'.

[7m1590[0m         let finalEventName = eventName || parts[0].trim();
[7m    [0m [91m                                          ~~~~~[0m
[96msrc/bot/bot.update.ts[0m:[93m1590[0m:[93m58[0m - [91merror[0m[90m TS1005: [0m',' expected.

[7m1590[0m         let finalEventName = eventName || parts[0].trim();
[7m    [0m [91m                                                         ~[0m
[96msrc/bot/bot.update.ts[0m:[93m1591[0m:[93m15[0m - [91merror[0m[90m TS1005: [0m':' expected.

[7m1591[0m         const region = this.detectRegion(text);
[7m    [0m [91m              ~~~~~~[0m
[96msrc/bot/bot.update.ts[0m:[93m1591[0m:[93m15[0m - [91merror[0m[90m TS2448: [0mBlock-scoped variable 'region' used before its declaration.

[7m1591[0m         const region = this.detectRegion(text);
[7m    [0m [91m              ~~~~~~[0m

  [96msrc/bot/bot.update.ts[0m:[93m1694[0m:[93m13[0m
    [7m1694[0m         let region = detectedRegion;
    [7m    [0m [96m            ~~~~~~[0m
    'region' is declared here.
[96msrc/bot/bot.update.ts[0m:[93m1591[0m:[93m24[0m - [91merror[0m[90m TS2532: [0mObject is possibly 'undefined'.

[7m1591[0m         const region = this.detectRegion(text);
[7m    [0m [91m                       ~~~~[0m
[96msrc/bot/bot.update.ts[0m:[93m1591[0m:[93m42[0m - [91merror[0m[90m TS2304: [0mCannot find name 'text'.

[7m1591[0m         const region = this.detectRegion(text);
[7m    [0m [91m                                         ~~~~[0m
[96msrc/bot/bot.update.ts[0m:[93m1591[0m:[93m47[0m - [91merror[0m[90m TS1005: [0m',' expected.

[7m1591[0m         const region = this.detectRegion(text);
[7m    [0m [91m                                              ~[0m
[96msrc/bot/bot.update.ts[0m:[93m1592[0m:[93m15[0m - [91merror[0m[90m TS1005: [0m':' expected.

[7m1592[0m         const departamento = region || 'Antioquia';
[7m    [0m [91m              ~~~~~~~~~~~~[0m
[96msrc/bot/bot.update.ts[0m:[93m1592[0m:[93m15[0m - [91merror[0m[90m TS2304: [0mCannot find name 'departamento'.

[7m1592[0m         const departamento = region || 'Antioquia';
[7m    [0m [91m              ~~~~~~~~~~~~[0m
[96msrc/bot/bot.update.ts[0m:[93m1592[0m:[93m30[0m - [91merror[0m[90m TS2448: [0mBlock-scoped variable 'region' used before its declaration.

[7m1592[0m         const departamento = region || 'Antioquia';
[7m    [0m [91m                             ~~~~~~[0m

  [96msrc/bot/bot.update.ts[0m:[93m1694[0m:[93m13[0m
    [7m1694[0m         let region = detectedRegion;
    [7m    [0m [96m            ~~~~~~[0m
    'region' is declared here.
[96msrc/bot/bot.update.ts[0m:[93m1592[0m:[93m51[0m - [91merror[0m[90m TS1005: [0m',' expected.

[7m1592[0m         const departamento = region || 'Antioquia';
[7m    [0m [91m                                                  ~[0m
[96msrc/bot/bot.update.ts[0m:[93m1594[0m:[93m13[0m - [91merror[0m[90m TS1003: [0mIdentifier expected.

[7m1594[0m         if (!finalEventName) {
[7m    [0m [91m            ~[0m
[96msrc/bot/bot.update.ts[0m:[93m1595[0m:[93m65[0m - [91merror[0m[90m TS2304: [0mCannot find name 'lowerText'.

[7m1595[0m             finalEventName = RISK_ANALYSIS_KEYWORDS.find((k) => lowerText.includes(k)) || '';
[7m    [0m [91m                                                                ~~~~~~~~~[0m
[96msrc/bot/bot.update.ts[0m:[93m1598[0m:[93m9[0m - [91merror[0m[90m TS1005: [0m',' expected.

[7m1598[0m         if (!region && !lowerText.includes(' en ')) {
[7m    [0m [91m        ~~[0m
[96msrc/bot/bot.update.ts[0m:[93m1598[0m:[93m13[0m - [91merror[0m[90m TS1003: [0mIdentifier expected.

[7m1598[0m         if (!region && !lowerText.includes(' en ')) {
[7m    [0m [91m            ~[0m
[96msrc/bot/bot.update.ts[0m:[93m1598[0m:[93m21[0m - [91merror[0m[90m TS1005: [0m',' expected.

[7m1598[0m         if (!region && !lowerText.includes(' en ')) {
[7m    [0m [91m                    ~~[0m
[96msrc/bot/bot.update.ts[0m:[93m1598[0m:[93m25[0m - [91merror[0m[90m TS2304: [0mCannot find name 'lowerText'.

[7m1598[0m         if (!region && !lowerText.includes(' en ')) {
[7m    [0m [91m                        ~~~~~~~~~[0m
[96msrc/bot/bot.update.ts[0m:[93m1598[0m:[93m51[0m - [91merror[0m[90m TS1005: [0m';' expected.

[7m1598[0m         if (!region && !lowerText.includes(' en ')) {
[7m    [0m [91m                                                  ~[0m
[96msrc/bot/bot.update.ts[0m:[93m1599[0m:[93m17[0m - [91merror[0m[90m TS2304: [0mCannot find name 'finalEventName'.

[7m1599[0m             if (finalEventName) {
[7m    [0m [91m                ~~~~~~~~~~~~~~[0m
[96msrc/bot/bot.update.ts[0m:[93m1601[0m:[93m49[0m - [91merror[0m[90m TS2532: [0mObject is possibly 'undefined'.

[7m1601[0m                     const clasificacion = await this.predictiveQuestionsService.clasificarRiesgo(finalEventName, departamento);
[7m    [0m [91m                                                ~~~~[0m
[96msrc/bot/bot.update.ts[0m:[93m1601[0m:[93m98[0m - [91merror[0m[90m TS2304: [0mCannot find name 'finalEventName'.

[7m1601[0m                     const clasificacion = await this.predictiveQuestionsService.clasificarRiesgo(finalEventName, departamento);
[7m    [0m [91m                                                                                                 ~~~~~~~~~~~~~~[0m
[96msrc/bot/bot.update.ts[0m:[93m1601[0m:[93m114[0m - [91merror[0m[90m TS2304: [0mCannot find name 'departamento'.

[7m1601[0m                     const clasificacion = await this.predictiveQuestionsService.clasificarRiesgo(finalEventName, departamento);
[7m    [0m [91m                                                                                                                 ~~~~~~~~~~~~[0m
[96msrc/bot/bot.update.ts[0m:[93m1603[0m:[93m29[0m - [91merror[0m[90m TS2304: [0mCannot find name 'userId'.

[7m1603[0m                         if (userId !== undefined) this.userState.delete(userId!);
[7m    [0m [91m                            ~~~~~~[0m
[96msrc/bot/bot.update.ts[0m:[93m1603[0m:[93m51[0m - [91merror[0m[90m TS2532: [0mObject is possibly 'undefined'.

[7m1603[0m                         if (userId !== undefined) this.userState.delete(userId!);
[7m    [0m [91m                                                  ~~~~[0m
[96msrc/bot/bot.update.ts[0m:[93m1603[0m:[93m73[0m - [91merror[0m[90m TS2304: [0mCannot find name 'userId'.

[7m1603[0m                         if (userId !== undefined) this.userState.delete(userId!);
[7m    [0m [91m                                                                        ~~~~~~[0m
[96msrc/bot/bot.update.ts[0m:[93m1604[0m:[93m31[0m - [91merror[0m[90m TS2532: [0mObject is possibly 'undefined'.

[7m1604[0m                         await this.sendLongMessage(ctx, clasificacion, { parse_mode: 'Markdown' });
[7m    [0m [91m                              ~~~~[0m
[96msrc/bot/bot.update.ts[0m:[93m1604[0m:[93m52[0m - [91merror[0m[90m TS2304: [0mCannot find name 'ctx'.

[7m1604[0m                         await this.sendLongMessage(ctx, clasificacion, { parse_mode: 'Markdown' });
[7m    [0m [91m                                                   ~~~[0m
[96msrc/bot/bot.update.ts[0m:[93m1608[0m:[93m21[0m - [91merror[0m[90m TS2532: [0mObject is possibly 'undefined'.

[7m1608[0m                     this.logger.warn(`Error en clasificarRiesgo para ${finalEventName} en ${departamento}: ${error.message}`);
[7m    [0m [91m                    ~~~~[0m
[96msrc/bot/bot.update.ts[0m:[93m1608[0m:[93m72[0m - [91merror[0m[90m TS2304: [0mCannot find name 'finalEventName'.

[7m1608[0m                     this.logger.warn(`Error en clasificarRiesgo para ${finalEventName} en ${departamento}: ${error.message}`);
[7m    [0m [91m                                                                       ~~~~~~~~~~~~~~[0m
[96msrc/bot/bot.update.ts[0m:[93m1608[0m:[93m93[0m - [91merror[0m[90m TS2304: [0mCannot find name 'departamento'.

[7m1608[0m                     this.logger.warn(`Error en clasificarRiesgo para ${finalEventName} en ${departamento}: ${error.message}`);
[7m    [0m [91m                                                                                            ~~~~~~~~~~~~[0m
[96msrc/bot/bot.update.ts[0m:[93m1610[0m:[93m42[0m - [91merror[0m[90m TS2532: [0mObject is possibly 'undefined'.

[7m1610[0m                 const prediction = await this.predictionService.predictRisk(departamento, finalEventName);
[7m    [0m [91m                                         ~~~~[0m
[96msrc/bot/bot.update.ts[0m:[93m1610[0m:[93m77[0m - [91merror[0m[90m TS2304: [0mCannot find name 'departamento'.

[7m1610[0m                 const prediction = await this.predictionService.predictRisk(departamento, finalEventName);
[7m    [0m [91m                                                                            ~~~~~~~~~~~~[0m
[96msrc/bot/bot.update.ts[0m:[93m1610[0m:[93m91[0m - [91merror[0m[90m TS2304: [0mCannot find name 'finalEventName'.

[7m1610[0m                 const prediction = await this.predictionService.predictRisk(departamento, finalEventName);
[7m    [0m [91m                                                                                          ~~~~~~~~~~~~~~[0m
[96msrc/bot/bot.update.ts[0m:[93m1611[0m:[93m21[0m - [91merror[0m[90m TS2304: [0mCannot find name 'userId'.

[7m1611[0m                 if (userId !== undefined) this.userState.delete(userId!);
[7m    [0m [91m                    ~~~~~~[0m
[96msrc/bot/bot.update.ts[0m:[93m1611[0m:[93m43[0m - [91merror[0m[90m TS2532: [0mObject is possibly 'undefined'.

[7m1611[0m                 if (userId !== undefined) this.userState.delete(userId!);
[7m    [0m [91m                                          ~~~~[0m
[96msrc/bot/bot.update.ts[0m:[93m1611[0m:[93m65[0m - [91merror[0m[90m TS2304: [0mCannot find name 'userId'.

[7m1611[0m                 if (userId !== undefined) this.userState.delete(userId!);
[7m    [0m [91m                                                                ~~~~~~[0m
[96msrc/bot/bot.update.ts[0m:[93m1612[0m:[93m23[0m - [91merror[0m[90m TS2532: [0mObject is possibly 'undefined'.

[7m1612[0m                 await this.sendLongMessage(ctx, prediction);
[7m    [0m [91m                      ~~~~[0m
[96msrc/bot/bot.update.ts[0m:[93m1612[0m:[93m44[0m - [91merror[0m[90m TS2304: [0mCannot find name 'ctx'.

[7m1612[0m                 await this.sendLongMessage(ctx, prediction);
[7m    [0m [91m                                           ~~~[0m
[96msrc/bot/bot.update.ts[0m:[93m1615[0m:[93m19[0m - [91merror[0m[90m TS2304: [0mCannot find name 'ctx'.

[7m1615[0m             await ctx.reply(`🔮 ¿En qué **municipio o departamento** deseas realizar la predicción de riesgo para **${finalEventName}**?`, { parse_mode: 'Markdown' });
[7m    [0m [91m                  ~~~[0m
[96msrc/bot/bot.update.ts[0m:[93m1615[0m:[93m119[0m - [91merror[0m[90m TS2304: [0mCannot find name 'finalEventName'.

[7m1615[0m             await ctx.reply(`🔮 ¿En qué **municipio o departamento** deseas realizar la predicción de riesgo para **${finalEventName}**?`, { parse_mode: 'Markdown' });
[7m    [0m [91m                                                                                                                      ~~~~~~~~~~~~~~[0m
[96msrc/bot/bot.update.ts[0m:[93m1616[0m:[93m17[0m - [91merror[0m[90m TS2304: [0mCannot find name 'userId'.

[7m1616[0m             if (userId) this.userState.set(userId, { intent: 'predict_risk', data: { event: finalEventName } });
[7m    [0m [91m                ~~~~~~[0m
[96msrc/bot/bot.update.ts[0m:[93m1616[0m:[93m25[0m - [91merror[0m[90m TS2532: [0mObject is possibly 'undefined'.

[7m1616[0m             if (userId) this.userState.set(userId, { intent: 'predict_risk', data: { event: finalEventName } });
[7m    [0m [91m                        ~~~~[0m
[96msrc/bot/bot.update.ts[0m:[93m1616[0m:[93m44[0m - [91merror[0m[90m TS2304: [0mCannot find name 'userId'.

[7m1616[0m             if (userId) this.userState.set(userId, { intent: 'predict_risk', data: { event: finalEventName } });
[7m    [0m [91m                                           ~~~~~~[0m
[96msrc/bot/bot.update.ts[0m:[93m1616[0m:[93m93[0m - [91merror[0m[90m TS2304: [0mCannot find name 'finalEventName'.

[7m1616[0m             if (userId) this.userState.set(userId, { intent: 'predict_risk', data: { event: finalEventName } });
[7m    [0m [91m                                                                                            ~~~~~~~~~~~~~~[0m
[96msrc/bot/bot.update.ts[0m:[93m1621[0m:[93m41[0m - [91merror[0m[90m TS2532: [0mObject is possibly 'undefined'.

[7m1621[0m             const clasificacion = await this.predictiveQuestionsService.clasificarRiesgo(finalEventName, departamento);
[7m    [0m [91m                                        ~~~~[0m
[96msrc/bot/bot.update.ts[0m:[93m1621[0m:[93m90[0m - [91merror[0m[90m TS2304: [0mCannot find name 'finalEventName'.

[7m1621[0m             const clasificacion = await this.predictiveQuestionsService.clasificarRiesgo(finalEventName, departamento);
[7m    [0m [91m                                                                                         ~~~~~~~~~~~~~~[0m
[96msrc/bot/bot.update.ts[0m:[93m1621[0m:[93m106[0m - [91merror[0m[90m TS2304: [0mCannot find name 'departamento'.

[7m1621[0m             const clasificacion = await this.predictiveQuestionsService.clasificarRiesgo(finalEventName, departamento);
[7m    [0m [91m                                                                                                         ~~~~~~~~~~~~[0m
[96msrc/bot/bot.update.ts[0m:[93m1623[0m:[93m21[0m - [91merror[0m[90m TS2304: [0mCannot find name 'userId'.

[7m1623[0m                 if (userId !== undefined) this.userState.delete(userId!);
[7m    [0m [91m                    ~~~~~~[0m
[96msrc/bot/bot.update.ts[0m:[93m1623[0m:[93m43[0m - [91merror[0m[90m TS2532: [0mObject is possibly 'undefined'.

[7m1623[0m                 if (userId !== undefined) this.userState.delete(userId!);
[7m    [0m [91m                                          ~~~~[0m
[96msrc/bot/bot.update.ts[0m:[93m1623[0m:[93m65[0m - [91merror[0m[90m TS2304: [0mCannot find name 'userId'.

[7m1623[0m                 if (userId !== undefined) this.userState.delete(userId!);
[7m    [0m [91m                                                                ~~~~~~[0m
[96msrc/bot/bot.update.ts[0m:[93m1624[0m:[93m23[0m - [91merror[0m[90m TS2532: [0mObject is possibly 'undefined'.

[7m1624[0m                 await this.sendLongMessage(ctx, clasificacion, { parse_mode: 'Markdown' });
[7m    [0m [91m                      ~~~~[0m
[96msrc/bot/bot.update.ts[0m:[93m1624[0m:[93m44[0m - [91merror[0m[90m TS2304: [0mCannot find name 'ctx'.

[7m1624[0m                 await this.sendLongMessage(ctx, clasificacion, { parse_mode: 'Markdown' });
[7m    [0m [91m                                           ~~~[0m
[96msrc/bot/bot.update.ts[0m:[93m1628[0m:[93m13[0m - [91merror[0m[90m TS2532: [0mObject is possibly 'undefined'.

[7m1628[0m             this.logger.warn(`Error en clasificarRiesgo para ${finalEventName} en ${departamento}: ${error.message}`);
[7m    [0m [91m            ~~~~[0m
[96msrc/bot/bot.update.ts[0m:[93m1628[0m:[93m64[0m - [91merror[0m[90m TS2304: [0mCannot find name 'finalEventName'.

[7m1628[0m             this.logger.warn(`Error en clasificarRiesgo para ${finalEventName} en ${departamento}: ${error.message}`);
[7m    [0m [91m                                                               ~~~~~~~~~~~~~~[0m
[96msrc/bot/bot.update.ts[0m:[93m1628[0m:[93m85[0m - [91merror[0m[90m TS2304: [0mCannot find name 'departamento'.

[7m1628[0m             this.logger.warn(`Error en clasificarRiesgo para ${finalEventName} en ${departamento}: ${error.message}`);
[7m    [0m [91m                                                                                    ~~~~~~~~~~~~[0m
[96msrc/bot/bot.update.ts[0m:[93m1631[0m:[93m34[0m - [91merror[0m[90m TS2532: [0mObject is possibly 'undefined'.

[7m1631[0m         const prediction = await this.predictionService.predictRisk(departamento, finalEventName);
[7m    [0m [91m                                 ~~~~[0m
[96msrc/bot/bot.update.ts[0m:[93m1631[0m:[93m69[0m - [91merror[0m[90m TS2304: [0mCannot find name 'departamento'.

[7m1631[0m         const prediction = await this.predictionService.predictRisk(departamento, finalEventName);
[7m    [0m [91m                                                                    ~~~~~~~~~~~~[0m
[96msrc/bot/bot.update.ts[0m:[93m1631[0m:[93m83[0m - [91merror[0m[90m TS2304: [0mCannot find name 'finalEventName'.

[7m1631[0m         const prediction = await this.predictionService.predictRisk(departamento, finalEventName);
[7m    [0m [91m                                                                                  ~~~~~~~~~~~~~~[0m
[96msrc/bot/bot.update.ts[0m:[93m1632[0m:[93m13[0m - [91merror[0m[90m TS2304: [0mCannot find name 'userId'.

[7m1632[0m         if (userId !== undefined) this.userState.delete(userId!);
[7m    [0m [91m            ~~~~~~[0m
[96msrc/bot/bot.update.ts[0m:[93m1632[0m:[93m35[0m - [91merror[0m[90m TS2532: [0mObject is possibly 'undefined'.

[7m1632[0m         if (userId !== undefined) this.userState.delete(userId!);
[7m    [0m [91m                                  ~~~~[0m
[96msrc/bot/bot.update.ts[0m:[93m1632[0m:[93m57[0m - [91merror[0m[90m TS2304: [0mCannot find name 'userId'.

[7m1632[0m         if (userId !== undefined) this.userState.delete(userId!);
[7m    [0m [91m                                                        ~~~~~~[0m
[96msrc/bot/bot.update.ts[0m:[93m1633[0m:[93m15[0m - [91merror[0m[90m TS2532: [0mObject is possibly 'undefined'.

[7m1633[0m         await this.sendLongMessage(ctx, prediction);
[7m    [0m [91m              ~~~~[0m
[96msrc/bot/bot.update.ts[0m:[93m1633[0m:[93m36[0m - [91merror[0m[90m TS2304: [0mCannot find name 'ctx'.

[7m1633[0m         await this.sendLongMessage(ctx, prediction);
[7m    [0m [91m                                   ~~~[0m
[96msrc/bot/bot.update.ts[0m:[93m1635[0m:[93m5[0m - [91merror[0m[90m TS1128: [0mDeclaration or statement expected.

[7m1635[0m     }
[7m    [0m [91m    ~[0m
[96msrc/bot/bot.update.ts[0m:[93m1637[0m:[93m5[0m - [91merror[0m[90m TS1128: [0mDeclaration or statement expected.

[7m1637[0m     private async handleCasePrediction(
[7m    [0m [91m    ~~~~~~~[0m
[96msrc/bot/bot.update.ts[0m:[93m1637[0m:[93m13[0m - [91merror[0m[90m TS1434: [0mUnexpected keyword or identifier.

[7m1637[0m     private async handleCasePrediction(
[7m    [0m [91m            ~~~~~[0m
[96msrc/bot/bot.update.ts[0m:[93m1637[0m:[93m13[0m - [91merror[0m[90m TS2304: [0mCannot find name 'async'.

[7m1637[0m     private async handleCasePrediction(
[7m    [0m [91m            ~~~~~[0m
[96msrc/bot/bot.update.ts[0m:[93m1637[0m:[93m19[0m - [91merror[0m[90m TS2304: [0mCannot find name 'handleCasePrediction'.

[7m1637[0m     private async handleCasePrediction(
[7m    [0m [91m                  ~~~~~~~~~~~~~~~~~~~~[0m
[96msrc/bot/bot.update.ts[0m:[93m1638[0m:[93m9[0m - [91merror[0m[90m TS2304: [0mCannot find name 'ctx'.

[7m1638[0m         ctx: Context,
[7m    [0m [91m        ~~~[0m
[96msrc/bot/bot.update.ts[0m:[93m1638[0m:[93m12[0m - [91merror[0m[90m TS1005: [0m',' expected.

[7m1638[0m         ctx: Context,
[7m    [0m [91m           ~[0m
[96msrc/bot/bot.update.ts[0m:[93m1639[0m:[93m9[0m - [91merror[0m[90m TS2304: [0mCannot find name 'lowerText'.

[7m1639[0m         lowerText: string,
[7m    [0m [91m        ~~~~~~~~~[0m
[96msrc/bot/bot.update.ts[0m:[93m1639[0m:[93m18[0m - [91merror[0m[90m TS1005: [0m',' expected.

[7m1639[0m         lowerText: string,
[7m    [0m [91m                 ~[0m
[96msrc/bot/bot.update.ts[0m:[93m1639[0m:[93m20[0m - [91merror[0m[90m TS2693: [0m'string' only refers to a type, but is being used as a value here.

[7m1639[0m         lowerText: string,
[7m    [0m [91m                   ~~~~~~[0m
[96msrc/bot/bot.update.ts[0m:[93m1640[0m:[93m9[0m - [91merror[0m[90m TS2304: [0mCannot find name 'userId'.

[7m1640[0m         userId: number | undefined,
[7m    [0m [91m        ~~~~~~[0m
[96msrc/bot/bot.update.ts[0m:[93m1640[0m:[93m15[0m - [91merror[0m[90m TS1005: [0m',' expected.

[7m1640[0m         userId: number | undefined,
[7m    [0m [91m              ~[0m
[96msrc/bot/bot.update.ts[0m:[93m1640[0m:[93m17[0m - [91merror[0m[90m TS2693: [0m'number' only refers to a type, but is being used as a value here.

[7m1640[0m         userId: number | undefined,
[7m    [0m [91m                ~~~~~~[0m
[96msrc/bot/bot.update.ts[0m:[93m1640[0m:[93m26[0m - [91merror[0m[90m TS18050: [0mThe value 'undefined' cannot be used here.

[7m1640[0m         userId: number | undefined,
[7m    [0m [91m                         ~~~~~~~~~[0m
[96msrc/bot/bot.update.ts[0m:[93m1641[0m:[93m16[0m - [91merror[0m[90m TS1005: [0m',' expected.

[7m1641[0m         pending: UserState | null | undefined,
[7m    [0m [91m               ~[0m
[96msrc/bot/bot.update.ts[0m:[93m1641[0m:[93m18[0m - [91merror[0m[90m TS2693: [0m'UserState' only refers to a type, but is being used as a value here.

[7m1641[0m         pending: UserState | null | undefined,
[7m    [0m [91m                 ~~~~~~~~~[0m
[96msrc/bot/bot.update.ts[0m:[93m1641[0m:[93m30[0m - [91merror[0m[90m TS18050: [0mThe value 'null' cannot be used here.

[7m1641[0m         pending: UserState | null | undefined,
[7m    [0m [91m                             ~~~~[0m
[96msrc/bot/bot.update.ts[0m:[93m1641[0m:[93m37[0m - [91merror[0m[90m TS18050: [0mThe value 'undefined' cannot be used here.

[7m1641[0m         pending: UserState | null | undefined,
[7m    [0m [91m                                    ~~~~~~~~~[0m
[96msrc/bot/bot.update.ts[0m:[93m1642[0m:[93m6[0m - [91merror[0m[90m TS1005: [0m';' expected.

[7m1642[0m     ): Promise<boolean> {
[7m    [0m [91m     ~[0m
[96msrc/bot/bot.update.ts[0m:[93m1642[0m:[93m8[0m - [91merror[0m[90m TS2365: [0mOperator '>' cannot be applied to types 'boolean' and '{ const: any; if(: any, isCasePred: any): any; if(: any, eventName: any): boolean; if(: any, resultado: any): any; return: boolean; "": any; }'.

[7m1642[0m     ): Promise<boolean> {
[7m    [0m [91m       ~~~~~~~~~~~~~~~~~~[0m
[7m1643[0m         const isCasePred = lowerText.startsWith('predecir casos') || pending?.intent === 'predict_cases';
[7m    [0m [91m~~~~~~~~~~~~~~~~~~~~~~~~~~~~~~~~~~~~~~~~~~~~~~~~~~~~~~~~~~~~~~~~~~~~~~~~~~~~~~~~~~~~~~~~~~~~~~~~~~~~~~~~~[0m
[7m ...[0m 
[7m1652[0m         const resultado = await this.saludPublicaService.procesarPregunta(eventName);
[7m    [0m [91m~~~~~~~~~~~~~~~~~~~~~~~~~~~~~~~~~~~~~~~~~~~~~~~~~~~~~~~~~~~~~~~~~~~~~~~~~~~~~~~~~~~~~[0m
[7m1653[0m         if (!resultado.evento) {
[7m    [0m [91m~~~~~~~~~~~~~~~~~~~~~~~~~~~~~~[0m
[96msrc/bot/bot.update.ts[0m:[93m1642[0m:[93m16[0m - [91merror[0m[90m TS2693: [0m'boolean' only refers to a type, but is being used as a value here.

[7m1642[0m     ): Promise<boolean> {
[7m    [0m [91m               ~~~~~~~[0m
[96msrc/bot/bot.update.ts[0m:[93m1643[0m:[93m15[0m - [91merror[0m[90m TS1005: [0m':' expected.

[7m1643[0m         const isCasePred = lowerText.startsWith('predecir casos') || pending?.intent === 'predict_cases';
[7m    [0m [91m              ~~~~~~~~~~[0m
[96msrc/bot/bot.update.ts[0m:[93m1643[0m:[93m15[0m - [91merror[0m[90m TS2304: [0mCannot find name 'isCasePred'.

[7m1643[0m         const isCasePred = lowerText.startsWith('predecir casos') || pending?.intent === 'predict_cases';
[7m    [0m [91m              ~~~~~~~~~~[0m
[96msrc/bot/bot.update.ts[0m:[93m1643[0m:[93m28[0m - [91merror[0m[90m TS2304: [0mCannot find name 'lowerText'.

[7m1643[0m         const isCasePred = lowerText.startsWith('predecir casos') || pending?.intent === 'predict_cases';
[7m    [0m [91m                           ~~~~~~~~~[0m
[96msrc/bot/bot.update.ts[0m:[93m1643[0m:[93m79[0m - [91merror[0m[90m TS2339: [0mProperty 'intent' does not exist on type '(reason?: string | undefined) => void'.

[7m1643[0m         const isCasePred = lowerText.startsWith('predecir casos') || pending?.intent === 'predict_cases';
[7m    [0m [91m                                                                              ~~~~~~[0m
[96msrc/bot/bot.update.ts[0m:[93m1643[0m:[93m105[0m - [91merror[0m[90m TS1005: [0m',' expected.

[7m1643[0m         const isCasePred = lowerText.startsWith('predecir casos') || pending?.intent === 'predict_cases';
[7m    [0m [91m                                                                                                        ~[0m
[96msrc/bot/bot.update.ts[0m:[93m1644[0m:[93m13[0m - [91merror[0m[90m TS1003: [0mIdentifier expected.

[7m1644[0m         if (!isCasePred) return false;
[7m    [0m [91m            ~[0m
[96msrc/bot/bot.update.ts[0m:[93m1644[0m:[93m26[0m - [91merror[0m[90m TS1005: [0m'{' expected.

[7m1644[0m         if (!isCasePred) return false;
[7m    [0m [91m                         ~~~~~~[0m
[96msrc/bot/bot.update.ts[0m:[93m1644[0m:[93m33[0m - [91merror[0m[90m TS1005: [0m':' expected.

[7m1644[0m         if (!isCasePred) return false;
[7m    [0m [91m                                ~~~~~[0m
[96msrc/bot/bot.update.ts[0m:[93m1644[0m:[93m38[0m - [91merror[0m[90m TS1005: [0m',' expected.

[7m1644[0m         if (!isCasePred) return false;
[7m    [0m [91m                                     ~[0m
[96msrc/bot/bot.update.ts[0m:[93m1646[0m:[93m15[0m - [91merror[0m[90m TS1005: [0m':' expected.

[7m1646[0m         const eventName = lowerText.replace('predecir casos', '').trim();
[7m    [0m [91m              ~~~~~~~~~[0m
[96msrc/bot/bot.update.ts[0m:[93m1646[0m:[93m15[0m - [91merror[0m[90m TS2304: [0mCannot find name 'eventName'.

[7m1646[0m         const eventName = lowerText.replace('predecir casos', '').trim();
[7m    [0m [91m              ~~~~~~~~~[0m
[96msrc/bot/bot.update.ts[0m:[93m1646[0m:[93m27[0m - [91merror[0m[90m TS2304: [0mCannot find name 'lowerText'.

[7m1646[0m         const eventName = lowerText.replace('predecir casos', '').trim();
[7m    [0m [91m                          ~~~~~~~~~[0m
[96msrc/bot/bot.update.ts[0m:[93m1646[0m:[93m73[0m - [91merror[0m[90m TS1005: [0m',' expected.

[7m1646[0m         const eventName = lowerText.replace('predecir casos', '').trim();
[7m    [0m [91m                                                                        ~[0m
[96msrc/bot/bot.update.ts[0m:[93m1647[0m:[93m13[0m - [91merror[0m[90m TS1003: [0mIdentifier expected.

[7m1647[0m         if (!eventName) {
[7m    [0m [91m            ~[0m
[96msrc/bot/bot.update.ts[0m:[93m1648[0m:[93m40[0m - [91merror[0m[90m TS2304: [0mCannot find name 'ctx'.

[7m1648[0m             await this.sendLongMessage(ctx, "Por favor, especifica un evento. Ejemplo: 'predecir casos dengue'");
[7m    [0m [91m                                       ~~~[0m
[96msrc/bot/bot.update.ts[0m:[93m1652[0m:[93m9[0m - [91merror[0m[90m TS1005: [0m',' expected.

[7m1652[0m         const resultado = await this.saludPublicaService.procesarPregunta(eventName);
[7m    [0m [91m        ~~~~~[0m
[96msrc/bot/bot.update.ts[0m:[93m1652[0m:[93m15[0m - [91merror[0m[90m TS1005: [0m':' expected.

[7m1652[0m         const resultado = await this.saludPublicaService.procesarPregunta(eventName);
[7m    [0m [91m              ~~~~~~~~~[0m
[96msrc/bot/bot.update.ts[0m:[93m1652[0m:[93m15[0m - [91merror[0m[90m TS2448: [0mBlock-scoped variable 'resultado' used before its declaration.

[7m1652[0m         const resultado = await this.saludPublicaService.procesarPregunta(eventName);
[7m    [0m [91m              ~~~~~~~~~[0m

  [96msrc/bot/bot.update.ts[0m:[93m1760[0m:[93m19[0m
    [7m1760[0m             const resultado = await this.saludPublicaService.procesarPregunta(text);
    [7m    [0m [96m                  ~~~~~~~~~[0m
    'resultado' is declared here.
[96msrc/bot/bot.update.ts[0m:[93m1652[0m:[93m15[0m - [91merror[0m[90m TS2588: [0mCannot assign to 'resultado' because it is a constant.

[7m1652[0m         const resultado = await this.saludPublicaService.procesarPregunta(eventName);
[7m    [0m [91m              ~~~~~~~~~[0m
[96msrc/bot/bot.update.ts[0m:[93m1652[0m:[93m33[0m - [91merror[0m[90m TS2532: [0mObject is possibly 'undefined'.

[7m1652[0m         const resultado = await this.saludPublicaService.procesarPregunta(eventName);
[7m    [0m [91m                                ~~~~[0m
[96msrc/bot/bot.update.ts[0m:[93m1652[0m:[93m75[0m - [91merror[0m[90m TS2304: [0mCannot find name 'eventName'.

[7m1652[0m         const resultado = await this.saludPublicaService.procesarPregunta(eventName);
[7m    [0m [91m                                                                          ~~~~~~~~~[0m
[96msrc/bot/bot.update.ts[0m:[93m1652[0m:[93m85[0m - [91merror[0m[90m TS1005: [0m',' expected.

[7m1652[0m         const resultado = await this.saludPublicaService.procesarPregunta(eventName);
[7m    [0m [91m                                                                                    ~[0m
[96msrc/bot/bot.update.ts[0m:[93m1653[0m:[93m13[0m - [91merror[0m[90m TS1003: [0mIdentifier expected.

[7m1653[0m         if (!resultado.evento) {
[7m    [0m [91m            ~[0m
[96msrc/bot/bot.update.ts[0m:[93m1653[0m:[93m23[0m - [91merror[0m[90m TS1005: [0m',' expected.

[7m1653[0m         if (!resultado.evento) {
[7m    [0m [91m                      ~[0m
[96msrc/bot/bot.update.ts[0m:[93m1653[0m:[93m30[0m - [91merror[0m[90m TS1005: [0m',' expected.

[7m1653[0m         if (!resultado.evento) {
[7m    [0m [91m                             ~[0m
[96msrc/bot/bot.update.ts[0m:[93m1653[0m:[93m32[0m - [91merror[0m[90m TS1136: [0mProperty assignment expected.

[7m1653[0m         if (!resultado.evento) {
[7m    [0m [91m                               ~[0m
[96msrc/bot/bot.update.ts[0m:[93m1654[0m:[93m19[0m - [91merror[0m[90m TS2532: [0mObject is possibly 'undefined'.

[7m1654[0m             await this.sendLongMessage(ctx, 'No encontré ese evento para predecir.');
[7m    [0m [91m                  ~~~~[0m
[96msrc/bot/bot.update.ts[0m:[93m1654[0m:[93m40[0m - [91merror[0m[90m TS2304: [0mCannot find name 'ctx'.

[7m1654[0m             await this.sendLongMessage(ctx, 'No encontré ese evento para predecir.');
[7m    [0m [91m                                       ~~~[0m
[96msrc/bot/bot.update.ts[0m:[93m1658[0m:[93m36[0m - [91merror[0m[90m TS2532: [0mObject is possibly 'undefined'.

[7m1658[0m         const temporalData = await this.healthDataService.getTemporalSeries(resultado.evento.nombre_del_evento);
[7m    [0m [91m                                   ~~~~[0m
[96msrc/bot/bot.update.ts[0m:[93m1658[0m:[93m77[0m - [91merror[0m[90m TS2448: [0mBlock-scoped variable 'resultado' used before its declaration.

[7m1658[0m         const temporalData = await this.healthDataService.getTemporalSeries(resultado.evento.nombre_del_evento);
[7m    [0m [91m                                                                            ~~~~~~~~~[0m

  [96msrc/bot/bot.update.ts[0m:[93m1760[0m:[93m19[0m
    [7m1760[0m             const resultado = await this.saludPublicaService.procesarPregunta(text);
    [7m    [0m [96m                  ~~~~~~~~~[0m
    'resultado' is declared here.
[96msrc/bot/bot.update.ts[0m:[93m1660[0m:[93m28[0m - [91merror[0m[90m TS2532: [0mObject is possibly 'undefined'.

[7m1660[0m         const prediccion = this.healthStatsService.predictNextValue(cases);
[7m    [0m [91m                           ~~~~[0m
[96msrc/bot/bot.update.ts[0m:[93m1661[0m:[93m13[0m - [91merror[0m[90m TS2304: [0mCannot find name 'userId'.

[7m1661[0m         if (userId !== undefined) this.userState.delete(userId!);
[7m    [0m [91m            ~~~~~~[0m
[96msrc/bot/bot.update.ts[0m:[93m1661[0m:[93m35[0m - [91merror[0m[90m TS2532: [0mObject is possibly 'undefined'.

[7m1661[0m         if (userId !== undefined) this.userState.delete(userId!);
[7m    [0m [91m                                  ~~~~[0m
[96msrc/bot/bot.update.ts[0m:[93m1661[0m:[93m57[0m - [91merror[0m[90m TS2304: [0mCannot find name 'userId'.

[7m1661[0m         if (userId !== undefined) this.userState.delete(userId!);
[7m    [0m [91m                                                        ~~~~~~[0m
[96msrc/bot/bot.update.ts[0m:[93m1662[0m:[93m15[0m - [91merror[0m[90m TS2532: [0mObject is possibly 'undefined'.

[7m1662[0m         await this.sendLongMessage(
[7m    [0m [91m              ~~~~[0m
[96msrc/bot/bot.update.ts[0m:[93m1663[0m:[93m13[0m - [91merror[0m[90m TS2304: [0mCannot find name 'ctx'.

[7m1663[0m             ctx,
[7m    [0m [91m            ~~~[0m
[96msrc/bot/bot.update.ts[0m:[93m1664[0m:[93m37[0m - [91merror[0m[90m TS2448: [0mBlock-scoped variable 'resultado' used before its declaration.

[7m1664[0m             `📊 **Predicción para ${resultado.evento.nombre_del_evento}:**
[7m    [0m [91m                                    ~~~~~~~~~[0m

  [96msrc/bot/bot.update.ts[0m:[93m1760[0m:[93m19[0m
    [7m1760[0m             const resultado = await this.saludPublicaService.procesarPregunta(text);
    [7m    [0m [96m                  ~~~~~~~~~[0m
    'resultado' is declared here.
[96msrc/bot/bot.update.ts[0m:[93m1669[0m:[93m5[0m - [91merror[0m[90m TS1128: [0mDeclaration or statement expected.

[7m1669[0m     }
[7m    [0m [91m    ~[0m
[96msrc/bot/bot.update.ts[0m:[93m1672[0m:[93m5[0m - [91merror[0m[90m TS1128: [0mDeclaration or statement expected.

[7m1672[0m     private async handleAirQualityQuery(
[7m    [0m [91m    ~~~~~~~[0m
[96msrc/bot/bot.update.ts[0m:[93m1672[0m:[93m13[0m - [91merror[0m[90m TS1434: [0mUnexpected keyword or identifier.

[7m1672[0m     private async handleAirQualityQuery(
[7m    [0m [91m            ~~~~~[0m
[96msrc/bot/bot.update.ts[0m:[93m1672[0m:[93m13[0m - [91merror[0m[90m TS2304: [0mCannot find name 'async'.

[7m1672[0m     private async handleAirQualityQuery(
[7m    [0m [91m            ~~~~~[0m
[96msrc/bot/bot.update.ts[0m:[93m1672[0m:[93m19[0m - [91merror[0m[90m TS2304: [0mCannot find name 'handleAirQualityQuery'.

[7m1672[0m     private async handleAirQualityQuery(
[7m    [0m [91m                  ~~~~~~~~~~~~~~~~~~~~~[0m
[96msrc/bot/bot.update.ts[0m:[93m1673[0m:[93m9[0m - [91merror[0m[90m TS2304: [0mCannot find name 'ctx'.

[7m1673[0m         ctx: Context,
[7m    [0m [91m        ~~~[0m
[96msrc/bot/bot.update.ts[0m:[93m1673[0m:[93m12[0m - [91merror[0m[90m TS1005: [0m',' expected.

[7m1673[0m         ctx: Context,
[7m    [0m [91m           ~[0m
[96msrc/bot/bot.update.ts[0m:[93m1674[0m:[93m9[0m - [91merror[0m[90m TS2304: [0mCannot find name 'text'.

[7m1674[0m         text: string,
[7m    [0m [91m        ~~~~[0m
[96msrc/bot/bot.update.ts[0m:[93m1674[0m:[93m13[0m - [91merror[0m[90m TS1005: [0m',' expected.

[7m1674[0m         text: string,
[7m    [0m [91m            ~[0m
[96msrc/bot/bot.update.ts[0m:[93m1674[0m:[93m15[0m - [91merror[0m[90m TS2693: [0m'string' only refers to a type, but is being used as a value here.

[7m1674[0m         text: string,
[7m    [0m [91m              ~~~~~~[0m
[96msrc/bot/bot.update.ts[0m:[93m1675[0m:[93m9[0m - [91merror[0m[90m TS2304: [0mCannot find name 'detectedRegion'.

[7m1675[0m         detectedRegion?: string,
[7m    [0m [91m        ~~~~~~~~~~~~~~[0m
[96msrc/bot/bot.update.ts[0m:[93m1675[0m:[93m24[0m - [91merror[0m[90m TS1109: [0mExpression expected.

[7m1675[0m         detectedRegion?: string,
[7m    [0m [91m                       ~[0m
[96msrc/bot/bot.update.ts[0m:[93m1675[0m:[93m26[0m - [91merror[0m[90m TS2693: [0m'string' only refers to a type, but is being used as a value here.

[7m1675[0m         detectedRegion?: string,
[7m    [0m [91m                         ~~~~~~[0m
[96msrc/bot/bot.update.ts[0m:[93m1676[0m:[93m6[0m - [91merror[0m[90m TS1005: [0m';' expected.

[7m1676[0m     ): Promise<boolean> {
[7m    [0m [91m     ~[0m
[96msrc/bot/bot.update.ts[0m:[93m1676[0m:[93m8[0m - [91merror[0m[90m TS2365: [0mOperator '>' cannot be applied to types 'boolean' and '{ const: any; if(airQualityCapabilities: any, tipo: any): any; }'.

[7m1676[0m     ): Promise<boolean> {
[7m    [0m [91m       ~~~~~~~~~~~~~~~~~~[0m
[7m1677[0m         const norm = text.toLowerCase();
[7m    [0m [91m~~~~~~~~~~~~~~~~~~~~~~~~~~~~~~~~~~~~~~~~[0m
[7m ...[0m 
[7m1681[0m         const airQualityCapabilities = await this.airQualityQuestionsService.processAirQualityQuery(text);
[7m    [0m [91m~~~~~~~~~~~~~~~~~~~~~~~~~~~~~~~~~~~~~~~~~~~~~~~~~~~~~~~~~~~~~~~~~~~~~~~~~~~~~~~~~~~~~~~~~~~~~~~~~~~~~~~~~~[0m
[7m1682[0m         if (airQualityCapabilities?.tipo === 'listado') {
[7m    [0m [91m~~~~~~~~~~~~~~~~~~~~~~~~~~~~~~~~~~~~~~~~[0m
[96msrc/bot/bot.update.ts[0m:[93m1676[0m:[93m8[0m - [91merror[0m[90m TS2367: [0mThis comparison appears to be unintentional because the types 'boolean' and 'string' have no overlap.

[7m1676[0m     ): Promise<boolean> {
[7m    [0m [91m       ~~~~~~~~~~~~~~~~~~[0m
[7m1677[0m         const norm = text.toLowerCase();
[7m    [0m [91m~~~~~~~~~~~~~~~~~~~~~~~~~~~~~~~~~~~~~~~~[0m
[7m ...[0m 
[7m1681[0m         const airQualityCapabilities = await this.airQualityQuestionsService.processAirQualityQuery(text);
[7m    [0m [91m~~~~~~~~~~~~~~~~~~~~~~~~~~~~~~~~~~~~~~~~~~~~~~~~~~~~~~~~~~~~~~~~~~~~~~~~~~~~~~~~~~~~~~~~~~~~~~~~~~~~~~~~~~[0m
[7m1682[0m         if (airQualityCapabilities?.tipo === 'listado') {
[7m    [0m [91m~~~~~~~~~~~~~~~~~~~~~~~~~~~~~~~~~~~~~~~~~~~~~~~~~~~~~~[0m
[96msrc/bot/bot.update.ts[0m:[93m1676[0m:[93m16[0m - [91merror[0m[90m TS2693: [0m'boolean' only refers to a type, but is being used as a value here.

[7m1676[0m     ): Promise<boolean> {
[7m    [0m [91m               ~~~~~~~[0m
[96msrc/bot/bot.update.ts[0m:[93m1677[0m:[93m15[0m - [91merror[0m[90m TS1005: [0m':' expected.

[7m1677[0m         const norm = text.toLowerCase();
[7m    [0m [91m              ~~~~[0m
[96msrc/bot/bot.update.ts[0m:[93m1677[0m:[93m15[0m - [91merror[0m[90m TS2448: [0mBlock-scoped variable 'norm' used before its declaration.

[7m1677[0m         const norm = text.toLowerCase();
[7m    [0m [91m              ~~~~[0m

  [96msrc/bot/bot.update.ts[0m:[93m1755[0m:[93m19[0m
    [7m1755[0m             const norm = normalizeString(text);
    [7m    [0m [96m                  ~~~~[0m
    'norm' is declared here.
[96msrc/bot/bot.update.ts[0m:[93m1677[0m:[93m15[0m - [91merror[0m[90m TS2588: [0mCannot assign to 'norm' because it is a constant.

[7m1677[0m         const norm = text.toLowerCase();
[7m    [0m [91m              ~~~~[0m
[96msrc/bot/bot.update.ts[0m:[93m1677[0m:[93m22[0m - [91merror[0m[90m TS2304: [0mCannot find name 'text'.

[7m1677[0m         const norm = text.toLowerCase();
[7m    [0m [91m                     ~~~~[0m
[96msrc/bot/bot.update.ts[0m:[93m1677[0m:[93m40[0m - [91merror[0m[90m TS1005: [0m',' expected.

[7m1677[0m         const norm = text.toLowerCase();
[7m    [0m [91m                                       ~[0m
[96msrc/bot/bot.update.ts[0m:[93m1678[0m:[93m15[0m - [91merror[0m[90m TS1005: [0m':' expected.

[7m1678[0m         const userId = ctx.from?.id;
[7m    [0m [91m              ~~~~~~[0m
[96msrc/bot/bot.update.ts[0m:[93m1678[0m:[93m15[0m - [91merror[0m[90m TS2304: [0mCannot find name 'userId'.

[7m1678[0m         const userId = ctx.from?.id;
[7m    [0m [91m              ~~~~~~[0m
[96msrc/bot/bot.update.ts[0m:[93m1678[0m:[93m24[0m - [91merror[0m[90m TS2304: [0mCannot find name 'ctx'.

[7m1678[0m         const userId = ctx.from?.id;
[7m    [0m [91m                       ~~~[0m
[96msrc/bot/bot.update.ts[0m:[93m1678[0m:[93m36[0m - [91merror[0m[90m TS1005: [0m',' expected.

[7m1678[0m         const userId = ctx.from?.id;
[7m    [0m [91m                                   ~[0m
[96msrc/bot/bot.update.ts[0m:[93m1679[0m:[93m15[0m - [91merror[0m[90m TS1005: [0m':' expected.

[7m1679[0m         const pending = userId ? this.userState.get(userId) : null;
[7m    [0m [91m              ~~~~~~~[0m
[96msrc/bot/bot.update.ts[0m:[93m1679[0m:[93m15[0m - [91merror[0m[90m TS2630: [0mCannot assign to 'pending' because it is a function.

[7m1679[0m         const pending = userId ? this.userState.get(userId) : null;
[7m    [0m [91m              ~~~~~~~[0m
[96msrc/bot/bot.update.ts[0m:[93m1679[0m:[93m25[0m - [91merror[0m[90m TS2304: [0mCannot find name 'userId'.

[7m1679[0m         const pending = userId ? this.userState.get(userId) : null;
[7m    [0m [91m                        ~~~~~~[0m
[96msrc/bot/bot.update.ts[0m:[93m1679[0m:[93m34[0m - [91merror[0m[90m TS2532: [0mObject is possibly 'undefined'.

[7m1679[0m         const pending = userId ? this.userState.get(userId) : null;
[7m    [0m [91m                                 ~~~~[0m
[96msrc/bot/bot.update.ts[0m:[93m1679[0m:[93m53[0m - [91merror[0m[90m TS2304: [0mCannot find name 'userId'.

[7m1679[0m         const pending = userId ? this.userState.get(userId) : null;
[7m    [0m [91m                                                    ~~~~~~[0m
[96msrc/bot/bot.update.ts[0m:[93m1679[0m:[93m67[0m - [91merror[0m[90m TS1005: [0m',' expected.

[7m1679[0m         const pending = userId ? this.userState.get(userId) : null;
[7m    [0m [91m                                                                  ~[0m
[96msrc/bot/bot.update.ts[0m:[93m1681[0m:[93m15[0m - [91merror[0m[90m TS1005: [0m':' expected.

[7m1681[0m         const airQualityCapabilities = await this.airQualityQuestionsService.processAirQualityQuery(text);
[7m    [0m [91m              ~~~~~~~~~~~~~~~~~~~~~~[0m
[96msrc/bot/bot.update.ts[0m:[93m1681[0m:[93m15[0m - [91merror[0m[90m TS2304: [0mCannot find name 'airQualityCapabilities'.

[7m1681[0m         const airQualityCapabilities = await this.airQualityQuestionsService.processAirQualityQuery(text);
[7m    [0m [91m              ~~~~~~~~~~~~~~~~~~~~~~[0m
[96msrc/bot/bot.update.ts[0m:[93m1681[0m:[93m46[0m - [91merror[0m[90m TS2532: [0mObject is possibly 'undefined'.

[7m1681[0m         const airQualityCapabilities = await this.airQualityQuestionsService.processAirQualityQuery(text);
[7m    [0m [91m                                             ~~~~[0m
[96msrc/bot/bot.update.ts[0m:[93m1681[0m:[93m101[0m - [91merror[0m[90m TS2304: [0mCannot find name 'text'.

[7m1681[0m         const airQualityCapabilities = await this.airQualityQuestionsService.processAirQualityQuery(text);
[7m    [0m [91m                                                                                                    ~~~~[0m
[96msrc/bot/bot.update.ts[0m:[93m1681[0m:[93m106[0m - [91merror[0m[90m TS1005: [0m',' expected.

[7m1681[0m         const airQualityCapabilities = await this.airQualityQuestionsService.processAirQualityQuery(text);
[7m    [0m [91m                                                                                                         ~[0m
[96msrc/bot/bot.update.ts[0m:[93m1682[0m:[93m35[0m - [91merror[0m[90m TS1005: [0m',' expected.

[7m1682[0m         if (airQualityCapabilities?.tipo === 'listado') {
[7m    [0m [91m                                  ~~[0m
[96msrc/bot/bot.update.ts[0m:[93m1682[0m:[93m42[0m - [91merror[0m[90m TS1005: [0m',' expected.

[7m1682[0m         if (airQualityCapabilities?.tipo === 'listado') {
[7m    [0m [91m                                         ~~~[0m
[96msrc/bot/bot.update.ts[0m:[93m1682[0m:[93m55[0m - [91merror[0m[90m TS1005: [0m';' expected.

[7m1682[0m         if (airQualityCapabilities?.tipo === 'listado') {
[7m    [0m [91m                                                      ~[0m
[96msrc/bot/bot.update.ts[0m:[93m1683[0m:[93m19[0m - [91merror[0m[90m TS2304: [0mCannot find name 'ctx'.

[7m1683[0m             await ctx.reply(airQualityCapabilities.respuesta, { parse_mode: 'Markdown' });
[7m    [0m [91m                  ~~~[0m
[96msrc/bot/bot.update.ts[0m:[93m1683[0m:[93m29[0m - [91merror[0m[90m TS2304: [0mCannot find name 'airQualityCapabilities'.

[7m1683[0m             await ctx.reply(airQualityCapabilities.respuesta, { parse_mode: 'Markdown' });
[7m    [0m [91m                            ~~~~~~~~~~~~~~~~~~~~~~[0m
[96msrc/bot/bot.update.ts[0m:[93m1688[0m:[93m14[0m - [91merror[0m[90m TS2448: [0mBlock-scoped variable 'norm' used before its declaration.

[7m1688[0m             !norm.includes('calidad del aire') &&
[7m    [0m [91m             ~~~~[0m

  [96msrc/bot/bot.update.ts[0m:[93m1755[0m:[93m19[0m
    [7m1755[0m             const norm = normalizeString(text);
    [7m    [0m [96m                  ~~~~[0m
    'norm' is declared here.
[96msrc/bot/bot.update.ts[0m:[93m1689[0m:[93m14[0m - [91merror[0m[90m TS2448: [0mBlock-scoped variable 'norm' used before its declaration.

[7m1689[0m             !norm.includes('calidad aire') &&
[7m    [0m [91m             ~~~~[0m

  [96msrc/bot/bot.update.ts[0m:[93m1755[0m:[93m19[0m
    [7m1755[0m             const norm = normalizeString(text);
    [7m    [0m [96m                  ~~~~[0m
    'norm' is declared here.
[96msrc/bot/bot.update.ts[0m:[93m1690[0m:[93m14[0m - [91merror[0m[90m TS2448: [0mBlock-scoped variable 'norm' used before its declaration.

[7m1690[0m             !norm.includes('aire') &&
[7m    [0m [91m             ~~~~[0m

  [96msrc/bot/bot.update.ts[0m:[93m1755[0m:[93m19[0m
    [7m1755[0m             const norm = normalizeString(text);
    [7m    [0m [96m                  ~~~~[0m
    'norm' is declared here.
[96msrc/bot/bot.update.ts[0m:[93m1691[0m:[93m22[0m - [91merror[0m[90m TS2339: [0mProperty 'intent' does not exist on type '(reason?: string | undefined) => void'.

[7m1691[0m             pending?.intent !== 'air_quality'
[7m    [0m [91m                     ~~~~~~[0m
[96msrc/bot/bot.update.ts[0m:[93m1694[0m:[93m22[0m - [91merror[0m[90m TS2304: [0mCannot find name 'detectedRegion'.

[7m1694[0m         let region = detectedRegion;
[7m    [0m [91m                     ~~~~~~~~~~~~~~[0m
[96msrc/bot/bot.update.ts[0m:[93m1696[0m:[93m38[0m - [91merror[0m[90m TS2448: [0mBlock-scoped variable 'norm' used before its declaration.

[7m1696[0m             const matchCalidadAire = norm.match(/calidad\s+(?:del\s+)?aire\s+en\s+([a-z\s]+?)(?:\s*[,]|$)/i);
[7m    [0m [91m                                     ~~~~[0m

  [96msrc/bot/bot.update.ts[0m:[93m1755[0m:[93m19[0m
    [7m1755[0m             const norm = normalizeString(text);
    [7m    [0m [96m                  ~~~~[0m
    'norm' is declared here.
[96msrc/bot/bot.update.ts[0m:[93m1697[0m:[93m37[0m - [91merror[0m[90m TS18047: [0m'matchCalidadAire' is possibly 'null'.

[7m1697[0m             if (matchCalidadAire && matchCalidadAire[1]) {
[7m    [0m [91m                                    ~~~~~~~~~~~~~~~~[0m
[96msrc/bot/bot.update.ts[0m:[93m1698[0m:[93m26[0m - [91merror[0m[90m TS18047: [0m'matchCalidadAire' is possibly 'null'.

[7m1698[0m                 region = matchCalidadAire[1].trim().toUpperCase();
[7m    [0m [91m                         ~~~~~~~~~~~~~~~~[0m
[96msrc/bot/bot.update.ts[0m:[93m1705[0m:[93m37[0m - [91merror[0m[90m TS2532: [0mObject is possibly 'undefined'.

[7m1705[0m                 const munis = await this.airQualityService.getAllMunicipios();
[7m    [0m [91m                                    ~~~~[0m
[96msrc/bot/bot.update.ts[0m:[93m1710[0m:[93m17[0m - [91merror[0m[90m TS2532: [0mObject is possibly 'undefined'.

[7m1710[0m                 this.logger.warn(`Error obteniendo municipios: ${e.message}`);
[7m    [0m [91m                ~~~~[0m
[96msrc/bot/bot.update.ts[0m:[93m1712[0m:[93m19[0m - [91merror[0m[90m TS2304: [0mCannot find name 'ctx'.

[7m1712[0m             await ctx.reply(
[7m    [0m [91m                  ~~~[0m
[96msrc/bot/bot.update.ts[0m:[93m1719[0m:[93m17[0m - [91merror[0m[90m TS2304: [0mCannot find name 'userId'.

[7m1719[0m             if (userId) this.userState.set(userId, { intent: 'air_quality' });
[7m    [0m [91m                ~~~~~~[0m
[96msrc/bot/bot.update.ts[0m:[93m1719[0m:[93m25[0m - [91merror[0m[90m TS2532: [0mObject is possibly 'undefined'.

[7m1719[0m             if (userId) this.userState.set(userId, { intent: 'air_quality' });
[7m    [0m [91m                        ~~~~[0m
[96msrc/bot/bot.update.ts[0m:[93m1719[0m:[93m44[0m - [91merror[0m[90m TS2304: [0mCannot find name 'userId'.

[7m1719[0m             if (userId) this.userState.set(userId, { intent: 'air_quality' });
[7m    [0m [91m                                           ~~~~~~[0m
[96msrc/bot/bot.update.ts[0m:[93m1723[0m:[93m32[0m - [91merror[0m[90m TS2532: [0mObject is possibly 'undefined'.

[7m1723[0m         const aireData = await this.airQualityService.getAirQualityByMunicipio(region);
[7m    [0m [91m                               ~~~~[0m
[96msrc/bot/bot.update.ts[0m:[93m1726[0m:[93m17[0m - [91merror[0m[90m TS2304: [0mCannot find name 'userId'.

[7m1726[0m             if (userId !== undefined) this.userState.delete(userId!);
[7m    [0m [91m                ~~~~~~[0m
[96msrc/bot/bot.update.ts[0m:[93m1726[0m:[93m39[0m - [91merror[0m[90m TS2532: [0mObject is possibly 'undefined'.

[7m1726[0m             if (userId !== undefined) this.userState.delete(userId!);
[7m    [0m [91m                                      ~~~~[0m
[96msrc/bot/bot.update.ts[0m:[93m1726[0m:[93m61[0m - [91merror[0m[90m TS2304: [0mCannot find name 'userId'.

[7m1726[0m             if (userId !== undefined) this.userState.delete(userId!);
[7m    [0m [91m                                                            ~~~~~~[0m
[96msrc/bot/bot.update.ts[0m:[93m1731[0m:[93m19[0m - [91merror[0m[90m TS2532: [0mObject is possibly 'undefined'.

[7m1731[0m             await this.sendLongMessage(ctx, `🍃 **Indicadores ambientales en ${region}:**\n${variables}`);
[7m    [0m [91m                  ~~~~[0m
[96msrc/bot/bot.update.ts[0m:[93m1731[0m:[93m40[0m - [91merror[0m[90m TS2304: [0mCannot find name 'ctx'.

[7m1731[0m             await this.sendLongMessage(ctx, `🍃 **Indicadores ambientales en ${region}:**\n${variables}`);
[7m    [0m [91m                                       ~~~[0m
[96msrc/bot/bot.update.ts[0m:[93m1734[0m:[93m17[0m - [91merror[0m[90m TS2304: [0mCannot find name 'userId'.

[7m1734[0m             if (userId !== undefined) this.userState.delete(userId!);
[7m    [0m [91m                ~~~~~~[0m
[96msrc/bot/bot.update.ts[0m:[93m1734[0m:[93m39[0m - [91merror[0m[90m TS2532: [0mObject is possibly 'undefined'.

[7m1734[0m             if (userId !== undefined) this.userState.delete(userId!);
[7m    [0m [91m                                      ~~~~[0m
[96msrc/bot/bot.update.ts[0m:[93m1734[0m:[93m61[0m - [91merror[0m[90m TS2304: [0mCannot find name 'userId'.

[7m1734[0m             if (userId !== undefined) this.userState.delete(userId!);
[7m    [0m [91m                                                            ~~~~~~[0m
[96msrc/bot/bot.update.ts[0m:[93m1735[0m:[93m19[0m - [91merror[0m[90m TS2304: [0mCannot find name 'ctx'.

[7m1735[0m             await ctx.reply(`⚠️ No encontré datos de calidad del aire para **${region}**. Asegúrate de que el nombre del municipio sea correcto.`);
[7m    [0m [91m                  ~~~[0m
[96msrc/bot/bot.update.ts[0m:[93m1738[0m:[93m5[0m - [91merror[0m[90m TS1128: [0mDeclaration or statement expected.

[7m1738[0m     }
[7m    [0m [91m    ~[0m
[96msrc/bot/bot.update.ts[0m:[93m1741[0m:[93m5[0m - [91merror[0m[90m TS1128: [0mDeclaration or statement expected.

[7m1741[0m     private async handleSaludPublica(
[7m    [0m [91m    ~~~~~~~[0m
[96msrc/bot/bot.update.ts[0m:[93m1741[0m:[93m13[0m - [91merror[0m[90m TS1434: [0mUnexpected keyword or identifier.

[7m1741[0m     private async handleSaludPublica(
[7m    [0m [91m            ~~~~~[0m
[96msrc/bot/bot.update.ts[0m:[93m1741[0m:[93m13[0m - [91merror[0m[90m TS2304: [0mCannot find name 'async'.

[7m1741[0m     private async handleSaludPublica(
[7m    [0m [91m            ~~~~~[0m
[96msrc/bot/bot.update.ts[0m:[93m1741[0m:[93m19[0m - [91merror[0m[90m TS2304: [0mCannot find name 'handleSaludPublica'.

[7m1741[0m     private async handleSaludPublica(
[7m    [0m [91m                  ~~~~~~~~~~~~~~~~~~[0m
[96msrc/bot/bot.update.ts[0m:[93m1742[0m:[93m9[0m - [91merror[0m[90m TS2304: [0mCannot find name 'ctx'.

[7m1742[0m         ctx: Context,
[7m    [0m [91m        ~~~[0m
[96msrc/bot/bot.update.ts[0m:[93m1742[0m:[93m12[0m - [91merror[0m[90m TS1005: [0m',' expected.

[7m1742[0m         ctx: Context,
[7m    [0m [91m           ~[0m
[96msrc/bot/bot.update.ts[0m:[93m1743[0m:[93m9[0m - [91merror[0m[90m TS2304: [0mCannot find name 'text'.

[7m1743[0m         text: string,
[7m    [0m [91m        ~~~~[0m
[96msrc/bot/bot.update.ts[0m:[93m1743[0m:[93m13[0m - [91merror[0m[90m TS1005: [0m',' expected.

[7m1743[0m         text: string,
[7m    [0m [91m            ~[0m
[96msrc/bot/bot.update.ts[0m:[93m1743[0m:[93m15[0m - [91merror[0m[90m TS2693: [0m'string' only refers to a type, but is being used as a value here.

[7m1743[0m         text: string,
[7m    [0m [91m              ~~~~~~[0m
[96msrc/bot/bot.update.ts[0m:[93m1744[0m:[93m9[0m - [91merror[0m[90m TS2304: [0mCannot find name 'detectedRegion'.

[7m1744[0m         detectedRegion?: string,
[7m    [0m [91m        ~~~~~~~~~~~~~~[0m
[96msrc/bot/bot.update.ts[0m:[93m1744[0m:[93m24[0m - [91merror[0m[90m TS1109: [0mExpression expected.

[7m1744[0m         detectedRegion?: string,
[7m    [0m [91m                       ~[0m
[96msrc/bot/bot.update.ts[0m:[93m1744[0m:[93m26[0m - [91merror[0m[90m TS2693: [0m'string' only refers to a type, but is being used as a value here.

[7m1744[0m         detectedRegion?: string,
[7m    [0m [91m                         ~~~~~~[0m
[96msrc/bot/bot.update.ts[0m:[93m1745[0m:[93m6[0m - [91merror[0m[90m TS1005: [0m';' expected.

[7m1745[0m     ): Promise<boolean> {
[7m    [0m [91m     ~[0m
[96msrc/bot/bot.update.ts[0m:[93m1745[0m:[93m8[0m - [91merror[0m[90m TS2365: [0mOperator '>' cannot be applied to types 'boolean' and '{ try: any; }'.

[7m1745[0m     ): Promise<boolean> {
[7m    [0m [91m       ~~~~~~~~~~~~~~~~~~[0m
[7m1746[0m         try {
[7m    [0m [91m~~~~~~~~~~~~~[0m
[7m ...[0m 
[7m1749[0m 
[7m    [0m [91m[0m
[7m1750[0m             if (detectedRegion && pending?.intent === 'health_event_analysis' && pending.data) {
[7m    [0m [91m~~~~~~~~~~~~~~~~~~~~~~~~~~~~~~~~~~~~~~~~~~~~~~~~~~~~~~~~~~~~~~~~~~~~~~~~~~~~~~~~~~~~~~~~~~~~~~[0m
[96msrc/bot/bot.update.ts[0m:[93m1745[0m:[93m16[0m - [91merror[0m[90m TS2693: [0m'boolean' only refers to a type, but is being used as a value here.

[7m1745[0m     ): Promise<boolean> {
[7m    [0m [91m               ~~~~~~~[0m
[96msrc/bot/bot.update.ts[0m:[93m1746[0m:[93m13[0m - [91merror[0m[90m TS1005: [0m':' expected.

[7m1746[0m         try {
[7m    [0m [91m            ~[0m
[96msrc/bot/bot.update.ts[0m:[93m1746[0m:[93m13[0m - [91merror[0m[90m TS2872: [0mThis kind of expression is always truthy.

[7m1746[0m         try {
[7m    [0m [91m            ~[0m
[7m1747[0m             const userId = ctx.from?.id;
[7m    [0m [91m~~~~~~~~~~~~~~~~~~~~~~~~~~~~~~~~~~~~~~~~[0m
[7m ...[0m 
[7m1749[0m 
[7m    [0m [91m[0m
[7m1750[0m             if (detectedRegion && pending?.intent === 'health_event_analysis' && pending.data) {
[7m    [0m [91m~~~~~~~~~~~~~~~~~~~~~~~~~~~~~~[0m
[96msrc/bot/bot.update.ts[0m:[93m1747[0m:[93m19[0m - [91merror[0m[90m TS1005: [0m':' expected.

[7m1747[0m             const userId = ctx.from?.id;
[7m    [0m [91m                  ~~~~~~[0m
[96msrc/bot/bot.update.ts[0m:[93m1747[0m:[93m19[0m - [91merror[0m[90m TS2304: [0mCannot find name 'userId'.

[7m1747[0m             const userId = ctx.from?.id;
[7m    [0m [91m                  ~~~~~~[0m
[96msrc/bot/bot.update.ts[0m:[93m1747[0m:[93m28[0m - [91merror[0m[90m TS2304: [0mCannot find name 'ctx'.

[7m1747[0m             const userId = ctx.from?.id;
[7m    [0m [91m                           ~~~[0m
[96msrc/bot/bot.update.ts[0m:[93m1747[0m:[93m40[0m - [91merror[0m[90m TS1005: [0m',' expected.

[7m1747[0m             const userId = ctx.from?.id;
[7m    [0m [91m                                       ~[0m
[96msrc/bot/bot.update.ts[0m:[93m1748[0m:[93m19[0m - [91merror[0m[90m TS1005: [0m':' expected.

[7m1748[0m             const pending = userId ? this.userState.get(userId) : null;
[7m    [0m [91m                  ~~~~~~~[0m
[96msrc/bot/bot.update.ts[0m:[93m1748[0m:[93m19[0m - [91merror[0m[90m TS2630: [0mCannot assign to 'pending' because it is a function.

[7m1748[0m             const pending = userId ? this.userState.get(userId) : null;
[7m    [0m [91m                  ~~~~~~~[0m
[96msrc/bot/bot.update.ts[0m:[93m1748[0m:[93m29[0m - [91merror[0m[90m TS2304: [0mCannot find name 'userId'.

[7m1748[0m             const pending = userId ? this.userState.get(userId) : null;
[7m    [0m [91m                            ~~~~~~[0m
[96msrc/bot/bot.update.ts[0m:[93m1748[0m:[93m38[0m - [91merror[0m[90m TS2532: [0mObject is possibly 'undefined'.

[7m1748[0m             const pending = userId ? this.userState.get(userId) : null;
[7m    [0m [91m                                     ~~~~[0m
[96msrc/bot/bot.update.ts[0m:[93m1748[0m:[93m57[0m - [91merror[0m[90m TS2304: [0mCannot find name 'userId'.

[7m1748[0m             const pending = userId ? this.userState.get(userId) : null;
[7m    [0m [91m                                                        ~~~~~~[0m
[96msrc/bot/bot.update.ts[0m:[93m1748[0m:[93m71[0m - [91merror[0m[90m TS1005: [0m',' expected.

[7m1748[0m             const pending = userId ? this.userState.get(userId) : null;
[7m    [0m [91m                                                                      ~[0m
[96msrc/bot/bot.update.ts[0m:[93m1750[0m:[93m32[0m - [91merror[0m[90m TS1005: [0m',' expected.

[7m1750[0m             if (detectedRegion && pending?.intent === 'health_event_analysis' && pending.data) {
[7m    [0m [91m                               ~~[0m
[96msrc/bot/bot.update.ts[0m:[93m1750[0m:[93m44[0m - [91merror[0m[90m TS2339: [0mProperty 'intent' does not exist on type '(reason?: string | undefined) => void'.

[7m1750[0m             if (detectedRegion && pending?.intent === 'health_event_analysis' && pending.data) {
[7m    [0m [91m                                           ~~~~~~[0m
[96msrc/bot/bot.update.ts[0m:[93m1750[0m:[93m90[0m - [91merror[0m[90m TS2339: [0mProperty 'data' does not exist on type '(reason?: string | undefined) => void'.

[7m1750[0m             if (detectedRegion && pending?.intent === 'health_event_analysis' && pending.data) {
[7m    [0m [91m                                                                                         ~~~~[0m
[96msrc/bot/bot.update.ts[0m:[93m1750[0m:[93m94[0m - [91merror[0m[90m TS1005: [0m',' expected.

[7m1750[0m             if (detectedRegion && pending?.intent === 'health_event_analysis' && pending.data) {
[7m    [0m [91m                                                                                             ~[0m
[96msrc/bot/bot.update.ts[0m:[93m1750[0m:[93m96[0m - [91merror[0m[90m TS1136: [0mProperty assignment expected.

[7m1750[0m             if (detectedRegion && pending?.intent === 'health_event_analysis' && pending.data) {
[7m    [0m [91m                                                                                               ~[0m
[96msrc/bot/bot.update.ts[0m:[93m1751[0m:[93m23[0m - [91merror[0m[90m TS2532: [0mObject is possibly 'undefined'.

[7m1751[0m                 await this.executeHealthEventAnalysis(ctx, (pending.data as { event: HealthEvent }).event, detectedRegion);
[7m    [0m [91m                      ~~~~[0m
[96msrc/bot/bot.update.ts[0m:[93m1751[0m:[93m55[0m - [91merror[0m[90m TS2304: [0mCannot find name 'ctx'.

[7m1751[0m                 await this.executeHealthEventAnalysis(ctx, (pending.data as { event: HealthEvent }).event, detectedRegion);
[7m    [0m [91m                                                      ~~~[0m
[96msrc/bot/bot.update.ts[0m:[93m1751[0m:[93m69[0m - [91merror[0m[90m TS2339: [0mProperty 'data' does not exist on type '(reason?: string | undefined) => void'.

[7m1751[0m                 await this.executeHealthEventAnalysis(ctx, (pending.data as { event: HealthEvent }).event, detectedRegion);
[7m    [0m [91m                                                                    ~~~~[0m
[96msrc/bot/bot.update.ts[0m:[93m1751[0m:[93m108[0m - [91merror[0m[90m TS2304: [0mCannot find name 'detectedRegion'.

[7m1751[0m                 await this.executeHealthEventAnalysis(ctx, (pending.data as { event: HealthEvent }).event, detectedRegion);
[7m    [0m [91m                                                                                                           ~~~~~~~~~~~~~~[0m
[96msrc/bot/bot.update.ts[0m:[93m1752[0m:[93m21[0m - [91merror[0m[90m TS2304: [0mCannot find name 'userId'.

[7m1752[0m                 if (userId !== undefined) this.userState.delete(userId!);
[7m    [0m [91m                    ~~~~~~[0m
[96msrc/bot/bot.update.ts[0m:[93m1752[0m:[93m43[0m - [91merror[0m[90m TS2532: [0mObject is possibly 'undefined'.

[7m1752[0m                 if (userId !== undefined) this.userState.delete(userId!);
[7m    [0m [91m                                          ~~~~[0m
[96msrc/bot/bot.update.ts[0m:[93m1752[0m:[93m65[0m - [91merror[0m[90m TS2304: [0mCannot find name 'userId'.

[7m1752[0m                 if (userId !== undefined) this.userState.delete(userId!);
[7m    [0m [91m                                                                ~~~~~~[0m
[96msrc/bot/bot.update.ts[0m:[93m1755[0m:[93m42[0m - [91merror[0m[90m TS2304: [0mCannot find name 'text'.

[7m1755[0m             const norm = normalizeString(text);
[7m    [0m [91m                                         ~~~~[0m
[96msrc/bot/bot.update.ts[0m:[93m1756[0m:[93m17[0m - [91merror[0m[90m TS2532: [0mObject is possibly 'undefined'.

[7m1756[0m             if (this.isPublicHealthCapabilitiesQuery(norm)) {
[7m    [0m [91m                ~~~~[0m
[96msrc/bot/bot.update.ts[0m:[93m1760[0m:[93m37[0m - [91merror[0m[90m TS2532: [0mObject is possibly 'undefined'.

[7m1760[0m             const resultado = await this.saludPublicaService.procesarPregunta(text);
[7m    [0m [91m                                    ~~~~[0m
[96msrc/bot/bot.update.ts[0m:[93m1760[0m:[93m79[0m - [91merror[0m[90m TS2304: [0mCannot find name 'text'.

[7m1760[0m             const resultado = await this.saludPublicaService.procesarPregunta(text);
[7m    [0m [91m                                                                              ~~~~[0m
[96msrc/bot/bot.update.ts[0m:[93m1765[0m:[93m26[0m - [91merror[0m[90m TS2304: [0mCannot find name 'detectedRegion'.

[7m1765[0m                     if (!detectedRegion) {
[7m    [0m [91m                         ~~~~~~~~~~~~~~[0m
[96msrc/bot/bot.update.ts[0m:[93m1766[0m:[93m31[0m - [91merror[0m[90m TS2304: [0mCannot find name 'ctx'.

[7m1766[0m                         await ctx.reply(
[7m    [0m [91m                              ~~~[0m
[96msrc/bot/bot.update.ts[0m:[93m1770[0m:[93m29[0m - [91merror[0m[90m TS2304: [0mCannot find name 'userId'.

[7m1770[0m                         if (userId) this.userState.set(userId, { intent: 'health_event_analysis', data: { event: resultado.evento } });
[7m    [0m [91m                            ~~~~~~[0m
[96msrc/bot/bot.update.ts[0m:[93m1770[0m:[93m37[0m - [91merror[0m[90m TS2532: [0mObject is possibly 'undefined'.

[7m1770[0m                         if (userId) this.userState.set(userId, { intent: 'health_event_analysis', data: { event: resultado.evento } });
[7m    [0m [91m                                    ~~~~[0m
[96msrc/bot/bot.update.ts[0m:[93m1770[0m:[93m56[0m - [91merror[0m[90m TS2304: [0mCannot find name 'userId'.

[7m1770[0m                         if (userId) this.userState.set(userId, { intent: 'health_event_analysis', data: { event: resultado.evento } });
[7m    [0m [91m                                                       ~~~~~~[0m
[96msrc/bot/bot.update.ts[0m:[93m1773[0m:[93m27[0m - [91merror[0m[90m TS2532: [0mObject is possibly 'undefined'.

[7m1773[0m                     await this.executeHealthEventAnalysis(ctx, resultado.evento, detectedRegion);
[7m    [0m [91m                          ~~~~[0m
[96msrc/bot/bot.update.ts[0m:[93m1773[0m:[93m59[0m - [91merror[0m[90m TS2304: [0mCannot find name 'ctx'.

[7m1773[0m                     await this.executeHealthEventAnalysis(ctx, resultado.evento, detectedRegion);
[7m    [0m [91m                                                          ~~~[0m
[96msrc/bot/bot.update.ts[0m:[93m1773[0m:[93m82[0m - [91merror[0m[90m TS2304: [0mCannot find name 'detectedRegion'.

[7m1773[0m                     await this.executeHealthEventAnalysis(ctx, resultado.evento, detectedRegion);
[7m    [0m [91m                                                                                 ~~~~~~~~~~~~~~[0m
[96msrc/bot/bot.update.ts[0m:[93m1776[0m:[93m27[0m - [91merror[0m[90m TS2532: [0mObject is possibly 'undefined'.

[7m1776[0m                     await this.sendLongMessage(ctx, resultado.contenido);
[7m    [0m [91m                          ~~~~[0m
[96msrc/bot/bot.update.ts[0m:[93m1776[0m:[93m48[0m - [91merror[0m[90m TS2304: [0mCannot find name 'ctx'.

[7m1776[0m                     await this.sendLongMessage(ctx, resultado.contenido);
[7m    [0m [91m                                               ~~~[0m
[96msrc/bot/bot.update.ts[0m:[93m1780[0m:[93m9[0m - [91merror[0m[90m TS1128: [0mDeclaration or statement expected.

[7m1780[0m         } catch (err) {
[7m    [0m [91m        ~[0m
[96msrc/bot/bot.update.ts[0m:[93m1780[0m:[93m11[0m - [91merror[0m[90m TS1005: [0m'try' expected.

[7m1780[0m         } catch (err) {
[7m    [0m [91m          ~~~~~[0m
[96msrc/bot/bot.update.ts[0m:[93m1781[0m:[93m13[0m - [91merror[0m[90m TS2532: [0mObject is possibly 'undefined'.

[7m1781[0m             this.logger.error(`Error en handleSaludPublica: ${err.message}`);
[7m    [0m [91m            ~~~~[0m
[96msrc/bot/bot.update.ts[0m:[93m1784[0m:[93m5[0m - [91merror[0m[90m TS1128: [0mDeclaration or statement expected.

[7m1784[0m     }
[7m    [0m [91m    ~[0m
[96msrc/bot/bot.update.ts[0m:[93m1786[0m:[93m5[0m - [91merror[0m[90m TS1128: [0mDeclaration or statement expected.

[7m1786[0m     private isPublicHealthCapabilitiesQuery(norm: string): boolean {
[7m    [0m [91m    ~~~~~~~[0m
[96msrc/bot/bot.update.ts[0m:[93m1786[0m:[93m13[0m - [91merror[0m[90m TS2304: [0mCannot find name 'isPublicHealthCapabilitiesQuery'.

[7m1786[0m     private isPublicHealthCapabilitiesQuery(norm: string): boolean {
[7m    [0m [91m            ~~~~~~~~~~~~~~~~~~~~~~~~~~~~~~~[0m
[96msrc/bot/bot.update.ts[0m:[93m1786[0m:[93m49[0m - [91merror[0m[90m TS1005: [0m',' expected.

[7m1786[0m     private isPublicHealthCapabilitiesQuery(norm: string): boolean {
[7m    [0m [91m                                                ~[0m
[96msrc/bot/bot.update.ts[0m:[93m1786[0m:[93m51[0m - [91merror[0m[90m TS2693: [0m'string' only refers to a type, but is being used as a value here.

[7m1786[0m     private isPublicHealthCapabilitiesQuery(norm: string): boolean {
[7m    [0m [91m                                                  ~~~~~~[0m
[96msrc/bot/bot.update.ts[0m:[93m1786[0m:[93m58[0m - [91merror[0m[90m TS1005: [0m';' expected.

[7m1786[0m     private isPublicHealthCapabilitiesQuery(norm: string): boolean {
[7m    [0m [91m                                                         ~[0m
[96msrc/bot/bot.update.ts[0m:[93m1786[0m:[93m60[0m - [91merror[0m[90m TS1434: [0mUnexpected keyword or identifier.

[7m1786[0m     private isPublicHealthCapabilitiesQuery(norm: string): boolean {
[7m    [0m [91m                                                           ~~~~~~~[0m
[96msrc/bot/bot.update.ts[0m:[93m1786[0m:[93m60[0m - [91merror[0m[90m TS2693: [0m'boolean' only refers to a type, but is being used as a value here.

[7m1786[0m     private isPublicHealthCapabilitiesQuery(norm: string): boolean {
[7m    [0m [91m                                                           ~~~~~~~[0m
[96msrc/bot/bot.update.ts[0m:[93m1798[0m:[93m5[0m - [91merror[0m[90m TS1128: [0mDeclaration or statement expected.

[7m1798[0m     private async executeHealthEventAnalysis(ctx: Context, event: HealthEvent, region: string): Promise<void> {
[7m    [0m [91m    ~~~~~~~[0m
[96msrc/bot/bot.update.ts[0m:[93m1798[0m:[93m13[0m - [91merror[0m[90m TS1434: [0mUnexpected keyword or identifier.

[7m1798[0m     private async executeHealthEventAnalysis(ctx: Context, event: HealthEvent, region: string): Promise<void> {
[7m    [0m [91m            ~~~~~[0m
[96msrc/bot/bot.update.ts[0m:[93m1798[0m:[93m13[0m - [91merror[0m[90m TS2304: [0mCannot find name 'async'.

[7m1798[0m     private async executeHealthEventAnalysis(ctx: Context, event: HealthEvent, region: string): Promise<void> {
[7m    [0m [91m            ~~~~~[0m
[96msrc/bot/bot.update.ts[0m:[93m1798[0m:[93m19[0m - [91merror[0m[90m TS2304: [0mCannot find name 'executeHealthEventAnalysis'.

[7m1798[0m     private async executeHealthEventAnalysis(ctx: Context, event: HealthEvent, region: string): Promise<void> {
[7m    [0m [91m                  ~~~~~~~~~~~~~~~~~~~~~~~~~~[0m
[96msrc/bot/bot.update.ts[0m:[93m1798[0m:[93m46[0m - [91merror[0m[90m TS2304: [0mCannot find name 'ctx'.

[7m1798[0m     private async executeHealthEventAnalysis(ctx: Context, event: HealthEvent, region: string): Promise<void> {
[7m    [0m [91m                                             ~~~[0m
[96msrc/bot/bot.update.ts[0m:[93m1798[0m:[93m49[0m - [91merror[0m[90m TS1005: [0m',' expected.

[7m1798[0m     private async executeHealthEventAnalysis(ctx: Context, event: HealthEvent, region: string): Promise<void> {
[7m    [0m [91m                                                ~[0m
[96msrc/bot/bot.update.ts[0m:[93m1798[0m:[93m65[0m - [91merror[0m[90m TS1005: [0m',' expected.

[7m1798[0m     private async executeHealthEventAnalysis(ctx: Context, event: HealthEvent, region: string): Promise<void> {
[7m    [0m [91m                                                                ~[0m
[96msrc/bot/bot.update.ts[0m:[93m1798[0m:[93m67[0m - [91merror[0m[90m TS2693: [0m'HealthEvent' only refers to a type, but is being used as a value here.

[7m1798[0m     private async executeHealthEventAnalysis(ctx: Context, event: HealthEvent, region: string): Promise<void> {
[7m    [0m [91m                                                                  ~~~~~~~~~~~[0m
[96msrc/bot/bot.update.ts[0m:[93m1798[0m:[93m86[0m - [91merror[0m[90m TS1005: [0m',' expected.

[7m1798[0m     private async executeHealthEventAnalysis(ctx: Context, event: HealthEvent, region: string): Promise<void> {
[7m    [0m [91m                                                                                     ~[0m
[96msrc/bot/bot.update.ts[0m:[93m1798[0m:[93m88[0m - [91merror[0m[90m TS2693: [0m'string' only refers to a type, but is being used as a value here.

[7m1798[0m     private async executeHealthEventAnalysis(ctx: Context, event: HealthEvent, region: string): Promise<void> {
[7m    [0m [91m                                                                                       ~~~~~~[0m
[96msrc/bot/bot.update.ts[0m:[93m1798[0m:[93m95[0m - [91merror[0m[90m TS1005: [0m';' expected.

[7m1798[0m     private async executeHealthEventAnalysis(ctx: Context, event: HealthEvent, region: string): Promise<void> {
[7m    [0m [91m                                                                                              ~[0m
[96msrc/bot/bot.update.ts[0m:[93m1798[0m:[93m105[0m - [91merror[0m[90m TS2532: [0mObject is possibly 'undefined'.

[7m1798[0m     private async executeHealthEventAnalysis(ctx: Context, event: HealthEvent, region: string): Promise<void> {
[7m    [0m [91m                                                                                                        ~~~~[0m
[96msrc/bot/bot.update.ts[0m:[93m1798[0m:[93m109[0m - [91merror[0m[90m TS1109: [0mExpression expected.

[7m1798[0m     private async executeHealthEventAnalysis(ctx: Context, event: HealthEvent, region: string): Promise<void> {
[7m    [0m [91m                                                                                                            ~[0m
[96msrc/bot/bot.update.ts[0m:[93m1798[0m:[93m111[0m - [91merror[0m[90m TS2349: [0mThis expression is not callable.
  Type '{ const: any; let: any; respuestaFinal: any; this: any; }' has no call signatures.

[7m1798[0m     private async executeHealthEventAnalysis(ctx: Context, event: HealthEvent, region: string): Promise<void> {
[7m    [0m [91m                                                                                                              ~[0m
[7m1799[0m         const { contenido } = await this.saludPublicaService._formatearRespuesta({ evento: event }, 'detalle');
[7m    [0m [91m~~~~~~~~~~~~~~~~~~~~~~~~~~~~~~~~~~~~~~~~~~~~~~~~~~~~~~~~~~~~~~~~~~~~~~~~~~~~~~~~~~~~~~~~~~~~~~~~~~~~~~~~~~~~~~~[0m
[7m ...[0m 
[7m1804[0m         const analisis = await this.saludAnaliticaService.analizarRiesgoEvento(event.nombre_del_evento, region);
[7m    [0m [91m~~~~~~~~~~~~~~~~~~~~~~~~~~~~~~~~~~~~~~~~~~~~~~~~~~~~~~~~~~~~~~~~~~~~~~~~~~~~~~~~~~~~~~~~~~~~~~~~~~~~~~~~~~~~~~~~[0m
[7m1805[0m         respuestaFinal += `\n\n${analisis}`;
[7m    [0m [91m~~~~~~~~~~~~~~~~~~~~~~~~~[0m
[96msrc/bot/bot.update.ts[0m:[93m1799[0m:[93m15[0m - [91merror[0m[90m TS1005: [0m':' expected.

[7m1799[0m         const { contenido } = await this.saludPublicaService._formatearRespuesta({ evento: event }, 'detalle');
[7m    [0m [91m              ~[0m
[96msrc/bot/bot.update.ts[0m:[93m1799[0m:[93m17[0m - [91merror[0m[90m TS18004: [0mNo value exists in scope for the shorthand property 'contenido'. Either declare one or provide an initializer.

[7m1799[0m         const { contenido } = await this.saludPublicaService._formatearRespuesta({ evento: event }, 'detalle');
[7m    [0m [91m                ~~~~~~~~~[0m
[96msrc/bot/bot.update.ts[0m:[93m1799[0m:[93m37[0m - [91merror[0m[90m TS2532: [0mObject is possibly 'undefined'.

[7m1799[0m         const { contenido } = await this.saludPublicaService._formatearRespuesta({ evento: event }, 'detalle');
[7m    [0m [91m                                    ~~~~[0m
[96msrc/bot/bot.update.ts[0m:[93m1799[0m:[93m111[0m - [91merror[0m[90m TS1005: [0m',' expected.

[7m1799[0m         const { contenido } = await this.saludPublicaService._formatearRespuesta({ evento: event }, 'detalle');
[7m    [0m [91m                                                                                                              ~[0m
[96msrc/bot/bot.update.ts[0m:[93m1800[0m:[93m9[0m - [91merror[0m[90m TS18004: [0mNo value exists in scope for the shorthand property 'let'. Either declare one or provide an initializer.

[7m1800[0m         let respuestaFinal = contenido;
[7m    [0m [91m        ~~~[0m
[96msrc/bot/bot.update.ts[0m:[93m1800[0m:[93m13[0m - [91merror[0m[90m TS1005: [0m',' expected.

[7m1800[0m         let respuestaFinal = contenido;
[7m    [0m [91m            ~~~~~~~~~~~~~~[0m
[96msrc/bot/bot.update.ts[0m:[93m1800[0m:[93m30[0m - [91merror[0m[90m TS18004: [0mNo value exists in scope for the shorthand property 'contenido'. Either declare one or provide an initializer.

[7m1800[0m         let respuestaFinal = contenido;
[7m    [0m [91m                             ~~~~~~~~~[0m
[96msrc/bot/bot.update.ts[0m:[93m1800[0m:[93m39[0m - [91merror[0m[90m TS1005: [0m',' expected.

[7m1800[0m         let respuestaFinal = contenido;
[7m    [0m [91m                                      ~[0m
[96msrc/bot/bot.update.ts[0m:[93m1802[0m:[93m13[0m - [91merror[0m[90m TS1005: [0m':' expected.

[7m1802[0m         this.logger.log(`Llamando analizarRiesgoEvento para ${event.nombre_del_evento} en ${region}`);
[7m    [0m [91m            ~[0m
[96msrc/bot/bot.update.ts[0m:[93m1802[0m:[93m63[0m - [91merror[0m[90m TS18048: [0m'event' is possibly 'undefined'.

[7m1802[0m         this.logger.log(`Llamando analizarRiesgoEvento para ${event.nombre_del_evento} en ${region}`);
[7m    [0m [91m                                                              ~~~~~[0m
[96msrc/bot/bot.update.ts[0m:[93m1802[0m:[93m69[0m - [91merror[0m[90m TS2339: [0mProperty 'nombre_del_evento' does not exist on type 'Event'.

[7m1802[0m         this.logger.log(`Llamando analizarRiesgoEvento para ${event.nombre_del_evento} en ${region}`);
[7m    [0m [91m                                                                    ~~~~~~~~~~~~~~~~~[0m
[96msrc/bot/bot.update.ts[0m:[93m1802[0m:[93m102[0m - [91merror[0m[90m TS1005: [0m',' expected.

[7m1802[0m         this.logger.log(`Llamando analizarRiesgoEvento para ${event.nombre_del_evento} en ${region}`);
[7m    [0m [91m                                                                                                     ~[0m
[96msrc/bot/bot.update.ts[0m:[93m1804[0m:[93m15[0m - [91merror[0m[90m TS1005: [0m':' expected.

[7m1804[0m         const analisis = await this.saludAnaliticaService.analizarRiesgoEvento(event.nombre_del_evento, region);
[7m    [0m [91m              ~~~~~~~~[0m
[96msrc/bot/bot.update.ts[0m:[93m1804[0m:[93m15[0m - [91merror[0m[90m TS2304: [0mCannot find name 'analisis'.

[7m1804[0m         const analisis = await this.saludAnaliticaService.analizarRiesgoEvento(event.nombre_del_evento, region);
[7m    [0m [91m              ~~~~~~~~[0m
[96msrc/bot/bot.update.ts[0m:[93m1804[0m:[93m32[0m - [91merror[0m[90m TS2532: [0mObject is possibly 'undefined'.

[7m1804[0m         const analisis = await this.saludAnaliticaService.analizarRiesgoEvento(event.nombre_del_evento, region);
[7m    [0m [91m                               ~~~~[0m
[96msrc/bot/bot.update.ts[0m:[93m1804[0m:[93m80[0m - [91merror[0m[90m TS18048: [0m'event' is possibly 'undefined'.

[7m1804[0m         const analisis = await this.saludAnaliticaService.analizarRiesgoEvento(event.nombre_del_evento, region);
[7m    [0m [91m                                                                               ~~~~~[0m
[96msrc/bot/bot.update.ts[0m:[93m1804[0m:[93m86[0m - [91merror[0m[90m TS2339: [0mProperty 'nombre_del_evento' does not exist on type 'Event'.

[7m1804[0m         const analisis = await this.saludAnaliticaService.analizarRiesgoEvento(event.nombre_del_evento, region);
[7m    [0m [91m                                                                                     ~~~~~~~~~~~~~~~~~[0m
[96msrc/bot/bot.update.ts[0m:[93m1804[0m:[93m112[0m - [91merror[0m[90m TS1005: [0m',' expected.

[7m1804[0m         const analisis = await this.saludAnaliticaService.analizarRiesgoEvento(event.nombre_del_evento, region);
[7m    [0m [91m                                                                                                               ~[0m
[96msrc/bot/bot.update.ts[0m:[93m1805[0m:[93m9[0m - [91merror[0m[90m TS18004: [0mNo value exists in scope for the shorthand property 'respuestaFinal'. Either declare one or provide an initializer.

[7m1805[0m         respuestaFinal += `\n\n${analisis}`;
[7m    [0m [91m        ~~~~~~~~~~~~~~[0m
[96msrc/bot/bot.update.ts[0m:[93m1805[0m:[93m24[0m - [91merror[0m[90m TS1005: [0m',' expected.

[7m1805[0m         respuestaFinal += `\n\n${analisis}`;
[7m    [0m [91m                       ~~[0m
[96msrc/bot/bot.update.ts[0m:[93m1805[0m:[93m27[0m - [91merror[0m[90m TS1136: [0mProperty assignment expected.

[7m1805[0m         respuestaFinal += `\n\n${analisis}`;
[7m    [0m [91m                          ~~~~~~~[0m
[96msrc/bot/bot.update.ts[0m:[93m1805[0m:[93m34[0m - [91merror[0m[90m TS2304: [0mCannot find name 'analisis'.

[7m1805[0m         respuestaFinal += `\n\n${analisis}`;
[7m    [0m [91m                                 ~~~~~~~~[0m
[96msrc/bot/bot.update.ts[0m:[93m1808[0m:[93m13[0m - [91merror[0m[90m TS18048: [0m'event' is possibly 'undefined'.

[7m1808[0m             event.nombre_del_evento.toLowerCase().includes(k)
[7m    [0m [91m            ~~~~~[0m
[96msrc/bot/bot.update.ts[0m:[93m1808[0m:[93m19[0m - [91merror[0m[90m TS2339: [0mProperty 'nombre_del_evento' does not exist on type 'Event'.

[7m1808[0m             event.nombre_del_evento.toLowerCase().includes(k)
[7m    [0m [91m                  ~~~~~~~~~~~~~~~~~[0m
[96msrc/bot/bot.update.ts[0m:[93m1813[0m:[93m40[0m - [91merror[0m[90m TS2532: [0mObject is possibly 'undefined'.

[7m1813[0m                 const aireData = await this.airQualityService.getAirQualityByMunicipio(region);
[7m    [0m [91m                                       ~~~~[0m
[96msrc/bot/bot.update.ts[0m:[93m1821[0m:[93m21[0m - [91merror[0m[90m TS2304: [0mCannot find name 'respuestaFinal'.

[7m1821[0m                     respuestaFinal += `\n\n🍃 **Indicadores ambientales en ${region}:**\n${variables}\n(Nota: Los datos de salud pública mostrados son estadísticas nacionales consolidadas).`;
[7m    [0m [91m                    ~~~~~~~~~~~~~~[0m
[96msrc/bot/bot.update.ts[0m:[93m1823[0m:[93m21[0m - [91merror[0m[90m TS2304: [0mCannot find name 'respuestaFinal'.

[7m1823[0m                     respuestaFinal += `\n\n(Nota: Los datos de salud pública mostrados son estadísticas nacionales consolidadas. No se encontraron datos ambientales locales para ${region}).`;
[7m    [0m [91m                    ~~~~~~~~~~~~~~[0m
[96msrc/bot/bot.update.ts[0m:[93m1826[0m:[93m17[0m - [91merror[0m[90m TS2304: [0mCannot find name 'respuestaFinal'.

[7m1826[0m                 respuestaFinal += `\n\n(Nota: Los datos de salud pública mostrados son estadísticas nacionales consolidadas).`;
[7m    [0m [91m                ~~~~~~~~~~~~~~[0m
[96msrc/bot/bot.update.ts[0m:[93m1829[0m:[93m13[0m - [91merror[0m[90m TS2304: [0mCannot find name 'respuestaFinal'.

[7m1829[0m             respuestaFinal += `\n\n(Nota: Los datos de salud pública mostrados son estadísticas nacionales consolidadas).`;
[7m    [0m [91m            ~~~~~~~~~~~~~~[0m
[96msrc/bot/bot.update.ts[0m:[93m1832[0m:[93m15[0m - [91merror[0m[90m TS2532: [0mObject is possibly 'undefined'.

[7m1832[0m         await this.sendLongMessage(ctx, respuestaFinal);
[7m    [0m [91m              ~~~~[0m
[96msrc/bot/bot.update.ts[0m:[93m1832[0m:[93m36[0m - [91merror[0m[90m TS2304: [0mCannot find name 'ctx'.

[7m1832[0m         await this.sendLongMessage(ctx, respuestaFinal);
[7m    [0m [91m                                   ~~~[0m
[96msrc/bot/bot.update.ts[0m:[93m1832[0m:[93m41[0m - [91merror[0m[90m TS2304: [0mCannot find name 'respuestaFinal'.

[7m1832[0m         await this.sendLongMessage(ctx, respuestaFinal);
[7m    [0m [91m                                        ~~~~~~~~~~~~~~[0m
[96msrc/bot/bot.update.ts[0m:[93m1833[0m:[93m5[0m - [91merror[0m[90m TS1128: [0mDeclaration or statement expected.

[7m1833[0m     }
[7m    [0m [91m    ~[0m
[96msrc/bot/bot.update.ts[0m:[93m1836[0m:[93m5[0m - [91merror[0m[90m TS1128: [0mDeclaration or statement expected.

[7m1836[0m     private async handleServiceCapabilitiesQuery(ctx: Context, text: string): Promise<boolean> {
[7m    [0m [91m    ~~~~~~~[0m
[96msrc/bot/bot.update.ts[0m:[93m1836[0m:[93m13[0m - [91merror[0m[90m TS1434: [0mUnexpected keyword or identifier.

[7m1836[0m     private async handleServiceCapabilitiesQuery(ctx: Context, text: string): Promise<boolean> {
[7m    [0m [91m            ~~~~~[0m
[96msrc/bot/bot.update.ts[0m:[93m1836[0m:[93m13[0m - [91merror[0m[90m TS2304: [0mCannot find name 'async'.

[7m1836[0m     private async handleServiceCapabilitiesQuery(ctx: Context, text: string): Promise<boolean> {
[7m    [0m [91m            ~~~~~[0m
[96msrc/bot/bot.update.ts[0m:[93m1836[0m:[93m19[0m - [91merror[0m[90m TS2304: [0mCannot find name 'handleServiceCapabilitiesQuery'.

[7m1836[0m     private async handleServiceCapabilitiesQuery(ctx: Context, text: string): Promise<boolean> {
[7m    [0m [91m                  ~~~~~~~~~~~~~~~~~~~~~~~~~~~~~~[0m
[96msrc/bot/bot.update.ts[0m:[93m1836[0m:[93m50[0m - [91merror[0m[90m TS2304: [0mCannot find name 'ctx'.

[7m1836[0m     private async handleServiceCapabilitiesQuery(ctx: Context, text: string): Promise<boolean> {
[7m    [0m [91m                                                 ~~~[0m
[96msrc/bot/bot.update.ts[0m:[93m1836[0m:[93m53[0m - [91merror[0m[90m TS1005: [0m',' expected.

[7m1836[0m     private async handleServiceCapabilitiesQuery(ctx: Context, text: string): Promise<boolean> {
[7m    [0m [91m                                                    ~[0m
[96msrc/bot/bot.update.ts[0m:[93m1836[0m:[93m64[0m - [91merror[0m[90m TS2304: [0mCannot find name 'text'.

[7m1836[0m     private async handleServiceCapabilitiesQuery(ctx: Context, text: string): Promise<boolean> {
[7m    [0m [91m                                                               ~~~~[0m
[96msrc/bot/bot.update.ts[0m:[93m1836[0m:[93m68[0m - [91merror[0m[90m TS1005: [0m',' expected.

[7m1836[0m     private async handleServiceCapabilitiesQuery(ctx: Context, text: string): Promise<boolean> {
[7m    [0m [91m                                                                   ~[0m
[96msrc/bot/bot.update.ts[0m:[93m1836[0m:[93m70[0m - [91merror[0m[90m TS2693: [0m'string' only refers to a type, but is being used as a value here.

[7m1836[0m     private async handleServiceCapabilitiesQuery(ctx: Context, text: string): Promise<boolean> {
[7m    [0m [91m                                                                     ~~~~~~[0m
[96msrc/bot/bot.update.ts[0m:[93m1836[0m:[93m77[0m - [91merror[0m[90m TS1005: [0m';' expected.

[7m1836[0m     private async handleServiceCapabilitiesQuery(ctx: Context, text: string): Promise<boolean> {
[7m    [0m [91m                                                                            ~[0m
[96msrc/bot/bot.update.ts[0m:[93m1836[0m:[93m79[0m - [91merror[0m[90m TS2365: [0mOperator '>' cannot be applied to types 'boolean' and '{ const: any; this: any; if(riskResponse: any): boolean; if(airQualityResponse: any, tipo: any): any; }'.

[7m1836[0m     private async handleServiceCapabilitiesQuery(ctx: Context, text: string): Promise<boolean> {
[7m    [0m [91m                                                                              ~~~~~~~~~~~~~~~~~~[0m
[7m1837[0m         const norm = normalizeString(text);
[7m    [0m [91m~~~~~~~~~~~~~~~~~~~~~~~~~~~~~~~~~~~~~~~~~~~[0m
[7m ...[0m 
[7m1850[0m         const airQualityResponse = await this.airQualityQuestionsService.processAirQualityQuery(text);
[7m    [0m [91m~~~~~~~~~~~~~~~~~~~~~~~~~~~~~~~~~~~~~~~~~~~~~~~~~~~~~~~~~~~~~~~~~~~~~~~~~~~~~~~~~~~~~~~~~~~~~~~~~~~~~~[0m
[7m1851[0m         if (airQualityResponse?.tipo === 'listado') {
[7m    [0m [91m~~~~~~~~~~~~~~~~~~~~~~~~~~~~~~~~~~~~[0m
[96msrc/bot/bot.update.ts[0m:[93m1836[0m:[93m79[0m - [91merror[0m[90m TS2367: [0mThis comparison appears to be unintentional because the types 'boolean' and 'string' have no overlap.

[7m1836[0m     private async handleServiceCapabilitiesQuery(ctx: Context, text: string): Promise<boolean> {
[7m    [0m [91m                                                                              ~~~~~~~~~~~~~~~~~~[0m
[7m1837[0m         const norm = normalizeString(text);
[7m    [0m [91m~~~~~~~~~~~~~~~~~~~~~~~~~~~~~~~~~~~~~~~~~~~[0m
[7m ...[0m 
[7m1850[0m         const airQualityResponse = await this.airQualityQuestionsService.processAirQualityQuery(text);
[7m    [0m [91m~~~~~~~~~~~~~~~~~~~~~~~~~~~~~~~~~~~~~~~~~~~~~~~~~~~~~~~~~~~~~~~~~~~~~~~~~~~~~~~~~~~~~~~~~~~~~~~~~~~~~~[0m
[7m1851[0m         if (airQualityResponse?.tipo === 'listado') {
[7m    [0m [91m~~~~~~~~~~~~~~~~~~~~~~~~~~~~~~~~~~~~~~~~~~~~~~~~~~[0m
[96msrc/bot/bot.update.ts[0m:[93m1836[0m:[93m87[0m - [91merror[0m[90m TS2693: [0m'boolean' only refers to a type, but is being used as a value here.

[7m1836[0m     private async handleServiceCapabilitiesQuery(ctx: Context, text: string): Promise<boolean> {
[7m    [0m [91m                                                                                      ~~~~~~~[0m
[96msrc/bot/bot.update.ts[0m:[93m1837[0m:[93m15[0m - [91merror[0m[90m TS1005: [0m':' expected.

[7m1837[0m         const norm = normalizeString(text);
[7m    [0m [91m              ~~~~[0m
[96msrc/bot/bot.update.ts[0m:[93m1837[0m:[93m15[0m - [91merror[0m[90m TS2588: [0mCannot assign to 'norm' because it is a constant.

[7m1837[0m         const norm = normalizeString(text);
[7m    [0m [91m              ~~~~[0m
[96msrc/bot/bot.update.ts[0m:[93m1837[0m:[93m38[0m - [91merror[0m[90m TS2304: [0mCannot find name 'text'.

[7m1837[0m         const norm = normalizeString(text);
[7m    [0m [91m                                     ~~~~[0m
[96msrc/bot/bot.update.ts[0m:[93m1837[0m:[93m43[0m - [91merror[0m[90m TS1005: [0m',' expected.

[7m1837[0m         const norm = normalizeString(text);
[7m    [0m [91m                                          ~[0m
[96msrc/bot/bot.update.ts[0m:[93m1838[0m:[93m15[0m - [91merror[0m[90m TS1005: [0m':' expected.

[7m1838[0m         const userId = ctx.from?.id;
[7m    [0m [91m              ~~~~~~[0m
[96msrc/bot/bot.update.ts[0m:[93m1838[0m:[93m15[0m - [91merror[0m[90m TS2304: [0mCannot find name 'userId'.

[7m1838[0m         const userId = ctx.from?.id;
[7m    [0m [91m              ~~~~~~[0m
[96msrc/bot/bot.update.ts[0m:[93m1838[0m:[93m24[0m - [91merror[0m[90m TS2304: [0mCannot find name 'ctx'.

[7m1838[0m         const userId = ctx.from?.id;
[7m    [0m [91m                       ~~~[0m
[96msrc/bot/bot.update.ts[0m:[93m1838[0m:[93m36[0m - [91merror[0m[90m TS1005: [0m',' expected.

[7m1838[0m         const userId = ctx.from?.id;
[7m    [0m [91m                                   ~[0m
[96msrc/bot/bot.update.ts[0m:[93m1839[0m:[93m13[0m - [91merror[0m[90m TS1005: [0m':' expected.

[7m1839[0m         this.logger.log(`handleServiceCapabilitiesQuery - userId=${userId}, norm="${norm}"`);
[7m    [0m [91m            ~[0m
[96msrc/bot/bot.update.ts[0m:[93m1839[0m:[93m68[0m - [91merror[0m[90m TS2304: [0mCannot find name 'userId'.

[7m1839[0m         this.logger.log(`handleServiceCapabilitiesQuery - userId=${userId}, norm="${norm}"`);
[7m    [0m [91m                                                                   ~~~~~~[0m
[96msrc/bot/bot.update.ts[0m:[93m1839[0m:[93m93[0m - [91merror[0m[90m TS1005: [0m',' expected.

[7m1839[0m         this.logger.log(`handleServiceCapabilitiesQuery - userId=${userId}, norm="${norm}"`);
[7m    [0m [91m                                                                                            ~[0m
[96msrc/bot/bot.update.ts[0m:[93m1841[0m:[93m15[0m - [91merror[0m[90m TS1005: [0m':' expected.

[7m1841[0m         const riskResponse = await this.predictiveQuestionsService.processPredictiveQuery(text);
[7m    [0m [91m              ~~~~~~~~~~~~[0m
[96msrc/bot/bot.update.ts[0m:[93m1841[0m:[93m15[0m - [91merror[0m[90m TS2304: [0mCannot find name 'riskResponse'.

[7m1841[0m         const riskResponse = await this.predictiveQuestionsService.processPredictiveQuery(text);
[7m    [0m [91m              ~~~~~~~~~~~~[0m
[96msrc/bot/bot.update.ts[0m:[93m1841[0m:[93m36[0m - [91merror[0m[90m TS2532: [0mObject is possibly 'undefined'.

[7m1841[0m         const riskResponse = await this.predictiveQuestionsService.processPredictiveQuery(text);
[7m    [0m [91m                                   ~~~~[0m
[96msrc/bot/bot.update.ts[0m:[93m1841[0m:[93m91[0m - [91merror[0m[90m TS2304: [0mCannot find name 'text'.

[7m1841[0m         const riskResponse = await this.predictiveQuestionsService.processPredictiveQuery(text);
[7m    [0m [91m                                                                                          ~~~~[0m
[96msrc/bot/bot.update.ts[0m:[93m1841[0m:[93m96[0m - [91merror[0m[90m TS1005: [0m',' expected.

[7m1841[0m         const riskResponse = await this.predictiveQuestionsService.processPredictiveQuery(text);
[7m    [0m [91m                                                                                               ~[0m
[96msrc/bot/bot.update.ts[0m:[93m1843[0m:[93m19[0m - [91merror[0m[90m TS2304: [0mCannot find name 'ctx'.

[7m1843[0m             await ctx.reply(riskResponse.respuesta, { parse_mode: 'Markdown' });
[7m    [0m [91m                  ~~~[0m
[96msrc/bot/bot.update.ts[0m:[93m1844[0m:[93m60[0m - [91merror[0m[90m TS2304: [0mCannot find name 'userId'.

[7m1844[0m             if (riskResponse.tipo === 'listado_riesgos' && userId) {
[7m    [0m [91m                                                           ~~~~~~[0m
[96msrc/bot/bot.update.ts[0m:[93m1845[0m:[93m36[0m - [91merror[0m[90m TS2304: [0mCannot find name 'userId'.

[7m1845[0m                 this.userState.set(userId, { intent: 'predict_risk' });
[7m    [0m [91m                                   ~~~~~~[0m
[96msrc/bot/bot.update.ts[0m:[93m1850[0m:[93m9[0m - [91merror[0m[90m TS1005: [0m',' expected.

[7m1850[0m         const airQualityResponse = await this.airQualityQuestionsService.processAirQualityQuery(text);
[7m    [0m [91m        ~~~~~[0m
[96msrc/bot/bot.update.ts[0m:[93m1850[0m:[93m15[0m - [91merror[0m[90m TS1005: [0m':' expected.

[7m1850[0m         const airQualityResponse = await this.airQualityQuestionsService.processAirQualityQuery(text);
[7m    [0m [91m              ~~~~~~~~~~~~~~~~~~[0m
[96msrc/bot/bot.update.ts[0m:[93m1850[0m:[93m15[0m - [91merror[0m[90m TS2304: [0mCannot find name 'airQualityResponse'.

[7m1850[0m         const airQualityResponse = await this.airQualityQuestionsService.processAirQualityQuery(text);
[7m    [0m [91m              ~~~~~~~~~~~~~~~~~~[0m
[96msrc/bot/bot.update.ts[0m:[93m1850[0m:[93m42[0m - [91merror[0m[90m TS2532: [0mObject is possibly 'undefined'.

[7m1850[0m         const airQualityResponse = await this.airQualityQuestionsService.processAirQualityQuery(text);
[7m    [0m [91m                                         ~~~~[0m
[96msrc/bot/bot.update.ts[0m:[93m1850[0m:[93m97[0m - [91merror[0m[90m TS2304: [0mCannot find name 'text'.

[7m1850[0m         const airQualityResponse = await this.airQualityQuestionsService.processAirQualityQuery(text);
[7m    [0m [91m                                                                                                ~~~~[0m
[96msrc/bot/bot.update.ts[0m:[93m1850[0m:[93m102[0m - [91merror[0m[90m TS1005: [0m',' expected.

[7m1850[0m         const airQualityResponse = await this.airQualityQuestionsService.processAirQualityQuery(text);
[7m    [0m [91m                                                                                                     ~[0m
[96msrc/bot/bot.update.ts[0m:[93m1851[0m:[93m31[0m - [91merror[0m[90m TS1005: [0m',' expected.

[7m1851[0m         if (airQualityResponse?.tipo === 'listado') {
[7m    [0m [91m                              ~~[0m
[96msrc/bot/bot.update.ts[0m:[93m1851[0m:[93m38[0m - [91merror[0m[90m TS1005: [0m',' expected.

[7m1851[0m         if (airQualityResponse?.tipo === 'listado') {
[7m    [0m [91m                                     ~~~[0m
[96msrc/bot/bot.update.ts[0m:[93m1851[0m:[93m51[0m - [91merror[0m[90m TS1005: [0m';' expected.

[7m1851[0m         if (airQualityResponse?.tipo === 'listado') {
[7m    [0m [91m                                                  ~[0m
[96msrc/bot/bot.update.ts[0m:[93m1852[0m:[93m19[0m - [91merror[0m[90m TS2304: [0mCannot find name 'ctx'.

[7m1852[0m             await ctx.reply(airQualityResponse.respuesta, { parse_mode: 'Markdown' });
[7m    [0m [91m                  ~~~[0m
[96msrc/bot/bot.update.ts[0m:[93m1852[0m:[93m29[0m - [91merror[0m[90m TS2304: [0mCannot find name 'airQualityResponse'.

[7m1852[0m             await ctx.reply(airQualityResponse.respuesta, { parse_mode: 'Markdown' });
[7m    [0m [91m                            ~~~~~~~~~~~~~~~~~~[0m
[96msrc/bot/bot.update.ts[0m:[93m1856[0m:[93m44[0m - [91merror[0m[90m TS2532: [0mObject is possibly 'undefined'.

[7m1856[0m         const providerCapabilities = await this.saludPublicaQuestionsService.processProviderCapabilitiesQuery(text);
[7m    [0m [91m                                           ~~~~[0m
[96msrc/bot/bot.update.ts[0m:[93m1856[0m:[93m111[0m - [91merror[0m[90m TS2304: [0mCannot find name 'text'.

[7m1856[0m         const providerCapabilities = await this.saludPublicaQuestionsService.processProviderCapabilitiesQuery(text);
[7m    [0m [91m                                                                                                              ~~~~[0m
[96msrc/bot/bot.update.ts[0m:[93m1858[0m:[93m19[0m - [91merror[0m[90m TS2532: [0mObject is possibly 'undefined'.

[7m1858[0m             await this.sendLongMessage(ctx, providerCapabilities, { parse_mode: 'Markdown' });
[7m    [0m [91m                  ~~~~[0m
[96msrc/bot/bot.update.ts[0m:[93m1858[0m:[93m40[0m - [91merror[0m[90m TS2304: [0mCannot find name 'ctx'.

[7m1858[0m             await this.sendLongMessage(ctx, providerCapabilities, { parse_mode: 'Markdown' });
[7m    [0m [91m                                       ~~~[0m
[96msrc/bot/bot.update.ts[0m:[93m1862[0m:[93m19[0m - [91merror[0m[90m TS2532: [0mObject is possibly 'undefined'.

[7m1862[0m         if (await this.handleGraphicsCapabilitiesQuery(ctx, norm, text)) return true;
[7m    [0m [91m                  ~~~~[0m
[96msrc/bot/bot.update.ts[0m:[93m1862[0m:[93m56[0m - [91merror[0m[90m TS2304: [0mCannot find name 'ctx'.

[7m1862[0m         if (await this.handleGraphicsCapabilitiesQuery(ctx, norm, text)) return true;
[7m    [0m [91m                                                       ~~~[0m
[96msrc/bot/bot.update.ts[0m:[93m1862[0m:[93m67[0m - [91merror[0m[90m TS2304: [0mCannot find name 'text'.

[7m1862[0m         if (await this.handleGraphicsCapabilitiesQuery(ctx, norm, text)) return true;
[7m    [0m [91m                                                                  ~~~~[0m
[96msrc/bot/bot.update.ts[0m:[93m1865[0m:[93m5[0m - [91merror[0m[90m TS1128: [0mDeclaration or statement expected.

[7m1865[0m     }
[7m    [0m [91m    ~[0m
[96msrc/bot/bot.update.ts[0m:[93m1867[0m:[93m5[0m - [91merror[0m[90m TS1128: [0mDeclaration or statement expected.

[7m1867[0m     private async handlePredictiveCapabilitiesQuery(ctx: Context, norm: string): Promise<boolean> {
[7m    [0m [91m    ~~~~~~~[0m
[96msrc/bot/bot.update.ts[0m:[93m1867[0m:[93m13[0m - [91merror[0m[90m TS1434: [0mUnexpected keyword or identifier.

[7m1867[0m     private async handlePredictiveCapabilitiesQuery(ctx: Context, norm: string): Promise<boolean> {
[7m    [0m [91m            ~~~~~[0m
[96msrc/bot/bot.update.ts[0m:[93m1867[0m:[93m13[0m - [91merror[0m[90m TS2304: [0mCannot find name 'async'.

[7m1867[0m     private async handlePredictiveCapabilitiesQuery(ctx: Context, norm: string): Promise<boolean> {
[7m    [0m [91m            ~~~~~[0m
[96msrc/bot/bot.update.ts[0m:[93m1867[0m:[93m19[0m - [91merror[0m[90m TS2304: [0mCannot find name 'handlePredictiveCapabilitiesQuery'.

[7m1867[0m     private async handlePredictiveCapabilitiesQuery(ctx: Context, norm: string): Promise<boolean> {
[7m    [0m [91m                  ~~~~~~~~~~~~~~~~~~~~~~~~~~~~~~~~~[0m
[96msrc/bot/bot.update.ts[0m:[93m1867[0m:[93m53[0m - [91merror[0m[90m TS2304: [0mCannot find name 'ctx'.

[7m1867[0m     private async handlePredictiveCapabilitiesQuery(ctx: Context, norm: string): Promise<boolean> {
[7m    [0m [91m                                                    ~~~[0m
[96msrc/bot/bot.update.ts[0m:[93m1867[0m:[93m56[0m - [91merror[0m[90m TS1005: [0m',' expected.

[7m1867[0m     private async handlePredictiveCapabilitiesQuery(ctx: Context, norm: string): Promise<boolean> {
[7m    [0m [91m                                                       ~[0m
[96msrc/bot/bot.update.ts[0m:[93m1867[0m:[93m71[0m - [91merror[0m[90m TS1005: [0m',' expected.

[7m1867[0m     private async handlePredictiveCapabilitiesQuery(ctx: Context, norm: string): Promise<boolean> {
[7m    [0m [91m                                                                      ~[0m
[96msrc/bot/bot.update.ts[0m:[93m1867[0m:[93m73[0m - [91merror[0m[90m TS2693: [0m'string' only refers to a type, but is being used as a value here.

[7m1867[0m     private async handlePredictiveCapabilitiesQuery(ctx: Context, norm: string): Promise<boolean> {
[7m    [0m [91m                                                                        ~~~~~~[0m
[96msrc/bot/bot.update.ts[0m:[93m1867[0m:[93m80[0m - [91merror[0m[90m TS1005: [0m';' expected.

[7m1867[0m     private async handlePredictiveCapabilitiesQuery(ctx: Context, norm: string): Promise<boolean> {
[7m    [0m [91m                                                                               ~[0m
[96msrc/bot/bot.update.ts[0m:[93m1867[0m:[93m82[0m - [91merror[0m[90m TS2365: [0mOperator '>' cannot be applied to types 'boolean' and '{ if(norm: any): any; "": any; }'.

[7m1867[0m     private async handlePredictiveCapabilitiesQuery(ctx: Context, norm: string): Promise<boolean> {
[7m    [0m [91m                                                                                 ~~~~~~~~~~~~~~~~~~[0m
[7m1868[0m         if (
[7m    [0m [91m~~~~~~~~~~~~[0m
[7m ...[0m 
[7m1883[0m             norm.includes('que info tienes de predicciones')
[7m    [0m [91m~~~~~~~~~~~~~~~~~~~~~~~~~~~~~~~~~~~~~~~~~~~~~~~~~~~~~~~~~~~~[0m
[7m1884[0m         ) {
[7m    [0m [91m~~~~~~~~~[0m
[96msrc/bot/bot.update.ts[0m:[93m1867[0m:[93m90[0m - [91merror[0m[90m TS2693: [0m'boolean' only refers to a type, but is being used as a value here.

[7m1867[0m     private async handlePredictiveCapabilitiesQuery(ctx: Context, norm: string): Promise<boolean> {
[7m    [0m [91m                                                                                         ~~~~~~~[0m
[96msrc/bot/bot.update.ts[0m:[93m1869[0m:[93m17[0m - [91merror[0m[90m TS1005: [0m',' expected.

[7m1869[0m             norm.includes('riesgos') ||
[7m    [0m [91m                ~[0m
[96msrc/bot/bot.update.ts[0m:[93m1884[0m:[93m9[0m - [91merror[0m[90m TS1005: [0m',' expected.

[7m1884[0m         ) {
[7m    [0m [91m        ~[0m
[96msrc/bot/bot.update.ts[0m:[93m1884[0m:[93m11[0m - [91merror[0m[90m TS1136: [0mProperty assignment expected.

[7m1884[0m         ) {
[7m    [0m [91m          ~[0m
[96msrc/bot/bot.update.ts[0m:[93m1885[0m:[93m31[0m - [91merror[0m[90m TS2532: [0mObject is possibly 'undefined'.

[7m1885[0m             const respuesta = this.predictiveQuestionsService.getAvailableQuestions();
[7m    [0m [91m                              ~~~~[0m
[96msrc/bot/bot.update.ts[0m:[93m1886[0m:[93m19[0m - [91merror[0m[90m TS2304: [0mCannot find name 'ctx'.

[7m1886[0m             await ctx.reply(respuesta, { parse_mode: 'Markdown' });
[7m    [0m [91m                  ~~~[0m
[96msrc/bot/bot.update.ts[0m:[93m1890[0m:[93m5[0m - [91merror[0m[90m TS1128: [0mDeclaration or statement expected.

[7m1890[0m     }
[7m    [0m [91m    ~[0m
[96msrc/bot/bot.update.ts[0m:[93m1892[0m:[93m5[0m - [91merror[0m[90m TS1128: [0mDeclaration or statement expected.

[7m1892[0m     private async handleGraphicsCapabilitiesQuery(ctx: Context, norm: string, text: string): Promise<boolean> {
[7m    [0m [91m    ~~~~~~~[0m
[96msrc/bot/bot.update.ts[0m:[93m1892[0m:[93m13[0m - [91merror[0m[90m TS1434: [0mUnexpected keyword or identifier.

[7m1892[0m     private async handleGraphicsCapabilitiesQuery(ctx: Context, norm: string, text: string): Promise<boolean> {
[7m    [0m [91m            ~~~~~[0m
[96msrc/bot/bot.update.ts[0m:[93m1892[0m:[93m13[0m - [91merror[0m[90m TS2304: [0mCannot find name 'async'.

[7m1892[0m     private async handleGraphicsCapabilitiesQuery(ctx: Context, norm: string, text: string): Promise<boolean> {
[7m    [0m [91m            ~~~~~[0m
[96msrc/bot/bot.update.ts[0m:[93m1892[0m:[93m19[0m - [91merror[0m[90m TS2304: [0mCannot find name 'handleGraphicsCapabilitiesQuery'.

[7m1892[0m     private async handleGraphicsCapabilitiesQuery(ctx: Context, norm: string, text: string): Promise<boolean> {
[7m    [0m [91m                  ~~~~~~~~~~~~~~~~~~~~~~~~~~~~~~~[0m
[96msrc/bot/bot.update.ts[0m:[93m1892[0m:[93m51[0m - [91merror[0m[90m TS2304: [0mCannot find name 'ctx'.

[7m1892[0m     private async handleGraphicsCapabilitiesQuery(ctx: Context, norm: string, text: string): Promise<boolean> {
[7m    [0m [91m                                                  ~~~[0m
[96msrc/bot/bot.update.ts[0m:[93m1892[0m:[93m54[0m - [91merror[0m[90m TS1005: [0m',' expected.

[7m1892[0m     private async handleGraphicsCapabilitiesQuery(ctx: Context, norm: string, text: string): Promise<boolean> {
[7m    [0m [91m                                                     ~[0m
[96msrc/bot/bot.update.ts[0m:[93m1892[0m:[93m69[0m - [91merror[0m[90m TS1005: [0m',' expected.

[7m1892[0m     private async handleGraphicsCapabilitiesQuery(ctx: Context, norm: string, text: string): Promise<boolean> {
[7m    [0m [91m                                                                    ~[0m
[96msrc/bot/bot.update.ts[0m:[93m1892[0m:[93m71[0m - [91merror[0m[90m TS2693: [0m'string' only refers to a type, but is being used as a value here.

[7m1892[0m     private async handleGraphicsCapabilitiesQuery(ctx: Context, norm: string, text: string): Promise<boolean> {
[7m    [0m [91m                                                                      ~~~~~~[0m
[96msrc/bot/bot.update.ts[0m:[93m1892[0m:[93m79[0m - [91merror[0m[90m TS2304: [0mCannot find name 'text'.

[7m1892[0m     private async handleGraphicsCapabilitiesQuery(ctx: Context, norm: string, text: string): Promise<boolean> {
[7m    [0m [91m                                                                              ~~~~[0m
[96msrc/bot/bot.update.ts[0m:[93m1892[0m:[93m83[0m - [91merror[0m[90m TS1005: [0m',' expected.

[7m1892[0m     private async handleGraphicsCapabilitiesQuery(ctx: Context, norm: string, text: string): Promise<boolean> {
[7m    [0m [91m                                                                                  ~[0m
[96msrc/bot/bot.update.ts[0m:[93m1892[0m:[93m85[0m - [91merror[0m[90m TS2693: [0m'string' only refers to a type, but is being used as a value here.

[7m1892[0m     private async handleGraphicsCapabilitiesQuery(ctx: Context, norm: string, text: string): Promise<boolean> {
[7m    [0m [91m                                                                                    ~~~~~~[0m
[96msrc/bot/bot.update.ts[0m:[93m1892[0m:[93m92[0m - [91merror[0m[90m TS1005: [0m';' expected.

[7m1892[0m     private async handleGraphicsCapabilitiesQuery(ctx: Context, norm: string, text: string): Promise<boolean> {
[7m    [0m [91m                                                                                           ~[0m
[96msrc/bot/bot.update.ts[0m:[93m1892[0m:[93m94[0m - [91merror[0m[90m TS2365: [0mOperator '>' cannot be applied to types 'boolean' and '{ if(norm: any): any; "": any; }'.

[7m1892[0m     private async handleGraphicsCapabilitiesQuery(ctx: Context, norm: string, text: string): Promise<boolean> {
[7m    [0m [91m                                                                                             ~~~~~~~~~~~~~~~~~~[0m
[7m1893[0m         if (
[7m    [0m [91m~~~~~~~~~~~~[0m
[7m ...[0m 
[7m1899[0m             (norm.includes('ayuda') && norm.includes('grafico'))
[7m    [0m [91m~~~~~~~~~~~~~~~~~~~~~~~~~~~~~~~~~~~~~~~~~~~~~~~~~~~~~~~~~~~~~~~~[0m
[7m1900[0m         ) {
[7m    [0m [91m~~~~~~~~~[0m
[96msrc/bot/bot.update.ts[0m:[93m1892[0m:[93m102[0m - [91merror[0m[90m TS2693: [0m'boolean' only refers to a type, but is being used as a value here.

[7m1892[0m     private async handleGraphicsCapabilitiesQuery(ctx: Context, norm: string, text: string): Promise<boolean> {
[7m    [0m [91m                                                                                                     ~~~~~~~[0m
[96msrc/bot/bot.update.ts[0m:[93m1894[0m:[93m17[0m - [91merror[0m[90m TS1005: [0m',' expected.

[7m1894[0m             norm.includes('que graficos') ||
[7m    [0m [91m                ~[0m
[96msrc/bot/bot.update.ts[0m:[93m1900[0m:[93m9[0m - [91merror[0m[90m TS1005: [0m',' expected.

[7m1900[0m         ) {
[7m    [0m [91m        ~[0m
[96msrc/bot/bot.update.ts[0m:[93m1900[0m:[93m11[0m - [91merror[0m[90m TS1136: [0mProperty assignment expected.

[7m1900[0m         ) {
[7m    [0m [91m          ~[0m
[96msrc/bot/bot.update.ts[0m:[93m1901[0m:[93m37[0m - [91merror[0m[90m TS2532: [0mObject is possibly 'undefined'.

[7m1901[0m             const respuesta = await this.graphicsQuestionsService.processGraphicsQuery(text);
[7m    [0m [91m                                    ~~~~[0m
[96msrc/bot/bot.update.ts[0m:[93m1901[0m:[93m88[0m - [91merror[0m[90m TS2304: [0mCannot find name 'text'.

[7m1901[0m             const respuesta = await this.graphicsQuestionsService.processGraphicsQuery(text);
[7m    [0m [91m                                                                                       ~~~~[0m
[96msrc/bot/bot.update.ts[0m:[93m1903[0m:[93m23[0m - [91merror[0m[90m TS2304: [0mCannot find name 'ctx'.

[7m1903[0m                 await ctx.reply(respuesta, { parse_mode: 'Markdown' });
[7m    [0m [91m                      ~~~[0m
[96msrc/bot/bot.update.ts[0m:[93m1908[0m:[93m5[0m - [91merror[0m[90m TS1128: [0mDeclaration or statement expected.

[7m1908[0m     }
[7m    [0m [91m    ~[0m
[96msrc/bot/bot.update.ts[0m:[93m1911[0m:[93m5[0m - [91merror[0m[90m TS1128: [0mDeclaration or statement expected.

[7m1911[0m     private async handleNewPredictiveServices(
[7m    [0m [91m    ~~~~~~~[0m
[96msrc/bot/bot.update.ts[0m:[93m1911[0m:[93m13[0m - [91merror[0m[90m TS1434: [0mUnexpected keyword or identifier.

[7m1911[0m     private async handleNewPredictiveServices(
[7m    [0m [91m            ~~~~~[0m
[96msrc/bot/bot.update.ts[0m:[93m1911[0m:[93m13[0m - [91merror[0m[90m TS2304: [0mCannot find name 'async'.

[7m1911[0m     private async handleNewPredictiveServices(
[7m    [0m [91m            ~~~~~[0m
[96msrc/bot/bot.update.ts[0m:[93m1911[0m:[93m19[0m - [91merror[0m[90m TS2304: [0mCannot find name 'handleNewPredictiveServices'.

[7m1911[0m     private async handleNewPredictiveServices(
[7m    [0m [91m                  ~~~~~~~~~~~~~~~~~~~~~~~~~~~[0m
[96msrc/bot/bot.update.ts[0m:[93m1912[0m:[93m9[0m - [91merror[0m[90m TS2304: [0mCannot find name 'ctx'.

[7m1912[0m         ctx: Context,
[7m    [0m [91m        ~~~[0m
[96msrc/bot/bot.update.ts[0m:[93m1912[0m:[93m12[0m - [91merror[0m[90m TS1005: [0m',' expected.

[7m1912[0m         ctx: Context,
[7m    [0m [91m           ~[0m
[96msrc/bot/bot.update.ts[0m:[93m1913[0m:[93m9[0m - [91merror[0m[90m TS2304: [0mCannot find name 'text'.

[7m1913[0m         text: string,
[7m    [0m [91m        ~~~~[0m
[96msrc/bot/bot.update.ts[0m:[93m1913[0m:[93m13[0m - [91merror[0m[90m TS1005: [0m',' expected.

[7m1913[0m         text: string,
[7m    [0m [91m            ~[0m
[96msrc/bot/bot.update.ts[0m:[93m1913[0m:[93m15[0m - [91merror[0m[90m TS2693: [0m'string' only refers to a type, but is being used as a value here.

[7m1913[0m         text: string,
[7m    [0m [91m              ~~~~~~[0m
[96msrc/bot/bot.update.ts[0m:[93m1914[0m:[93m9[0m - [91merror[0m[90m TS2304: [0mCannot find name 'detectedRegion'.

[7m1914[0m         detectedRegion?: string,
[7m    [0m [91m        ~~~~~~~~~~~~~~[0m
[96msrc/bot/bot.update.ts[0m:[93m1914[0m:[93m24[0m - [91merror[0m[90m TS1109: [0mExpression expected.

[7m1914[0m         detectedRegion?: string,
[7m    [0m [91m                       ~[0m
[96msrc/bot/bot.update.ts[0m:[93m1914[0m:[93m26[0m - [91merror[0m[90m TS2693: [0m'string' only refers to a type, but is being used as a value here.

[7m1914[0m         detectedRegion?: string,
[7m    [0m [91m                         ~~~~~~[0m
[96msrc/bot/bot.update.ts[0m:[93m1915[0m:[93m6[0m - [91merror[0m[90m TS1005: [0m';' expected.

[7m1915[0m     ): Promise<boolean> {
[7m    [0m [91m     ~[0m
[96msrc/bot/bot.update.ts[0m:[93m1915[0m:[93m8[0m - [91merror[0m[90m TS2365: [0mOperator '>' cannot be applied to types 'boolean' and '{ const: any; if(await: any, this: any): any; if(await: any, this: any): any; if(await: any, this: any): any; "": any; return: boolean; }'.

[7m1915[0m     ): Promise<boolean> {
[7m    [0m [91m       ~~~~~~~~~~~~~~~~~~[0m
[7m1916[0m         const norm = normalizeString(text);
[7m    [0m [91m~~~~~~~~~~~~~~~~~~~~~~~~~~~~~~~~~~~~~~~~~~~[0m
[7m ...[0m 
[7m1924[0m         return false;
[7m    [0m [91m~~~~~~~~~~~~~~~~~~~~~[0m
[7m1925[0m     }
[7m    [0m [91m~~~~~[0m
[96msrc/bot/bot.update.ts[0m:[93m1915[0m:[93m16[0m - [91merror[0m[90m TS2693: [0m'boolean' only refers to a type, but is being used as a value here.

[7m1915[0m     ): Promise<boolean> {
[7m    [0m [91m               ~~~~~~~[0m
[96msrc/bot/bot.update.ts[0m:[93m1916[0m:[93m15[0m - [91merror[0m[90m TS1005: [0m':' expected.

[7m1916[0m         const norm = normalizeString(text);
[7m    [0m [91m              ~~~~[0m
[96msrc/bot/bot.update.ts[0m:[93m1916[0m:[93m15[0m - [91merror[0m[90m TS2588: [0mCannot assign to 'norm' because it is a constant.

[7m1916[0m         const norm = normalizeString(text);
[7m    [0m [91m              ~~~~[0m
[96msrc/bot/bot.update.ts[0m:[93m1916[0m:[93m38[0m - [91merror[0m[90m TS2304: [0mCannot find name 'text'.

[7m1916[0m         const norm = normalizeString(text);
[7m    [0m [91m                                     ~~~~[0m
[96msrc/bot/bot.update.ts[0m:[93m1916[0m:[93m43[0m - [91merror[0m[90m TS1005: [0m',' expected.

[7m1916[0m         const norm = normalizeString(text);
[7m    [0m [91m                                          ~[0m
[96msrc/bot/bot.update.ts[0m:[93m1917[0m:[93m15[0m - [91merror[0m[90m TS1005: [0m':' expected.

[7m1917[0m         const userId = ctx.from?.id;
[7m    [0m [91m              ~~~~~~[0m
[96msrc/bot/bot.update.ts[0m:[93m1917[0m:[93m15[0m - [91merror[0m[90m TS2304: [0mCannot find name 'userId'.

[7m1917[0m         const userId = ctx.from?.id;
[7m    [0m [91m              ~~~~~~[0m
[96msrc/bot/bot.update.ts[0m:[93m1917[0m:[93m24[0m - [91merror[0m[90m TS2304: [0mCannot find name 'ctx'.

[7m1917[0m         const userId = ctx.from?.id;
[7m    [0m [91m                       ~~~[0m
[96msrc/bot/bot.update.ts[0m:[93m1917[0m:[93m36[0m - [91merror[0m[90m TS1005: [0m',' expected.

[7m1917[0m         const userId = ctx.from?.id;
[7m    [0m [91m                                   ~[0m
[96msrc/bot/bot.update.ts[0m:[93m1918[0m:[93m15[0m - [91merror[0m[90m TS1005: [0m':' expected.

[7m1918[0m         const pending = userId ? this.userState.get(userId) : null;
[7m    [0m [91m              ~~~~~~~[0m
[96msrc/bot/bot.update.ts[0m:[93m1918[0m:[93m15[0m - [91merror[0m[90m TS2630: [0mCannot assign to 'pending' because it is a function.

[7m1918[0m         const pending = userId ? this.userState.get(userId) : null;
[7m    [0m [91m              ~~~~~~~[0m
[96msrc/bot/bot.update.ts[0m:[93m1918[0m:[93m25[0m - [91merror[0m[90m TS2304: [0mCannot find name 'userId'.

[7m1918[0m         const pending = userId ? this.userState.get(userId) : null;
[7m    [0m [91m                        ~~~~~~[0m
[96msrc/bot/bot.update.ts[0m:[93m1918[0m:[93m34[0m - [91merror[0m[90m TS2532: [0mObject is possibly 'undefined'.

[7m1918[0m         const pending = userId ? this.userState.get(userId) : null;
[7m    [0m [91m                                 ~~~~[0m
[96msrc/bot/bot.update.ts[0m:[93m1918[0m:[93m53[0m - [91merror[0m[90m TS2304: [0mCannot find name 'userId'.

[7m1918[0m         const pending = userId ? this.userState.get(userId) : null;
[7m    [0m [91m                                                    ~~~~~~[0m
[96msrc/bot/bot.update.ts[0m:[93m1918[0m:[93m67[0m - [91merror[0m[90m TS1005: [0m',' expected.

[7m1918[0m         const pending = userId ? this.userState.get(userId) : null;
[7m    [0m [91m                                                                  ~[0m
[96msrc/bot/bot.update.ts[0m:[93m1920[0m:[93m19[0m - [91merror[0m[90m TS1005: [0m',' expected.

[7m1920[0m         if (await this.handleEarlyWarning(ctx, norm, userId)) return true;
[7m    [0m [91m                  ~~~~[0m
[96msrc/bot/bot.update.ts[0m:[93m1920[0m:[93m19[0m - [91merror[0m[90m TS2680: [0mA 'this' parameter must be the first parameter.

[7m1920[0m         if (await this.handleEarlyWarning(ctx, norm, userId)) return true;
[7m    [0m [91m                  ~~~~[0m
[96msrc/bot/bot.update.ts[0m:[93m1920[0m:[93m23[0m - [91merror[0m[90m TS1005: [0m',' expected.

[7m1920[0m         if (await this.handleEarlyWarning(ctx, norm, userId)) return true;
[7m    [0m [91m                      ~[0m
[96msrc/bot/bot.update.ts[0m:[93m1920[0m:[93m43[0m - [91merror[0m[90m TS2304: [0mCannot find name 'ctx'.

[7m1920[0m         if (await this.handleEarlyWarning(ctx, norm, userId)) return true;
[7m    [0m [91m                                          ~~~[0m
[96msrc/bot/bot.update.ts[0m:[93m1920[0m:[93m54[0m - [91merror[0m[90m TS2304: [0mCannot find name 'userId'.

[7m1920[0m         if (await this.handleEarlyWarning(ctx, norm, userId)) return true;
[7m    [0m [91m                                                     ~~~~~~[0m
[96msrc/bot/bot.update.ts[0m:[93m1920[0m:[93m61[0m - [91merror[0m[90m TS1005: [0m',' expected.

[7m1920[0m         if (await this.handleEarlyWarning(ctx, norm, userId)) return true;
[7m    [0m [91m                                                            ~[0m
[96msrc/bot/bot.update.ts[0m:[93m1920[0m:[93m70[0m - [91merror[0m[90m TS1005: [0m':' expected.

[7m1920[0m         if (await this.handleEarlyWarning(ctx, norm, userId)) return true;
[7m    [0m [91m                                                                     ~~~~[0m
[96msrc/bot/bot.update.ts[0m:[93m1920[0m:[93m74[0m - [91merror[0m[90m TS1005: [0m',' expected.

[7m1920[0m         if (await this.handleEarlyWarning(ctx, norm, userId)) return true;
[7m    [0m [91m                                                                         ~[0m
[96msrc/bot/bot.update.ts[0m:[93m1921[0m:[93m19[0m - [91merror[0m[90m TS1005: [0m',' expected.

[7m1921[0m         if (await this.handleAdvancedPrediction(ctx, norm, text, detectedRegion, userId, pending)) return true;
[7m    [0m [91m                  ~~~~[0m
[96msrc/bot/bot.update.ts[0m:[93m1921[0m:[93m19[0m - [91merror[0m[90m TS2680: [0mA 'this' parameter must be the first parameter.

[7m1921[0m         if (await this.handleAdvancedPrediction(ctx, norm, text, detectedRegion, userId, pending)) return true;
[7m    [0m [91m                  ~~~~[0m
[96msrc/bot/bot.update.ts[0m:[93m1921[0m:[93m23[0m - [91merror[0m[90m TS1005: [0m',' expected.

[7m1921[0m         if (await this.handleAdvancedPrediction(ctx, norm, text, detectedRegion, userId, pending)) return true;
[7m    [0m [91m                      ~[0m
[96msrc/bot/bot.update.ts[0m:[93m1921[0m:[93m49[0m - [91merror[0m[90m TS2304: [0mCannot find name 'ctx'.

[7m1921[0m         if (await this.handleAdvancedPrediction(ctx, norm, text, detectedRegion, userId, pending)) return true;
[7m    [0m [91m                                                ~~~[0m
[96msrc/bot/bot.update.ts[0m:[93m1921[0m:[93m60[0m - [91merror[0m[90m TS2304: [0mCannot find name 'text'.

[7m1921[0m         if (await this.handleAdvancedPrediction(ctx, norm, text, detectedRegion, userId, pending)) return true;
[7m    [0m [91m                                                           ~~~~[0m
[96msrc/bot/bot.update.ts[0m:[93m1921[0m:[93m66[0m - [91merror[0m[90m TS2304: [0mCannot find name 'detectedRegion'.

[7m1921[0m         if (await this.handleAdvancedPrediction(ctx, norm, text, detectedRegion, userId, pending)) return true;
[7m    [0m [91m                                                                 ~~~~~~~~~~~~~~[0m
[96msrc/bot/bot.update.ts[0m:[93m1921[0m:[93m82[0m - [91merror[0m[90m TS2304: [0mCannot find name 'userId'.

[7m1921[0m         if (await this.handleAdvancedPrediction(ctx, norm, text, detectedRegion, userId, pending)) return true;
[7m    [0m [91m                                                                                 ~~~~~~[0m
[96msrc/bot/bot.update.ts[0m:[93m1921[0m:[93m98[0m - [91merror[0m[90m TS1005: [0m',' expected.

[7m1921[0m         if (await this.handleAdvancedPrediction(ctx, norm, text, detectedRegion, userId, pending)) return true;
[7m    [0m [91m                                                                                                 ~[0m
[96msrc/bot/bot.update.ts[0m:[93m1921[0m:[93m107[0m - [91merror[0m[90m TS1005: [0m':' expected.

[7m1921[0m         if (await this.handleAdvancedPrediction(ctx, norm, text, detectedRegion, userId, pending)) return true;
[7m    [0m [91m                                                                                                          ~~~~[0m
[96msrc/bot/bot.update.ts[0m:[93m1921[0m:[93m111[0m - [91merror[0m[90m TS1005: [0m',' expected.

[7m1921[0m         if (await this.handleAdvancedPrediction(ctx, norm, text, detectedRegion, userId, pending)) return true;
[7m    [0m [91m                                                                                                              ~[0m
[96msrc/bot/bot.update.ts[0m:[93m1922[0m:[93m19[0m - [91merror[0m[90m TS1005: [0m',' expected.

[7m1922[0m         if (await this.handleMLClassification(ctx, norm, text, detectedRegion, userId, pending)) return true;
[7m    [0m [91m                  ~~~~[0m
[96msrc/bot/bot.update.ts[0m:[93m1922[0m:[93m19[0m - [91merror[0m[90m TS2680: [0mA 'this' parameter must be the first parameter.

[7m1922[0m         if (await this.handleMLClassification(ctx, norm, text, detectedRegion, userId, pending)) return true;
[7m    [0m [91m                  ~~~~[0m
[96msrc/bot/bot.update.ts[0m:[93m1922[0m:[93m23[0m - [91merror[0m[90m TS1005: [0m',' expected.

[7m1922[0m         if (await this.handleMLClassification(ctx, norm, text, detectedRegion, userId, pending)) return true;
[7m    [0m [91m                      ~[0m
[96msrc/bot/bot.update.ts[0m:[93m1922[0m:[93m47[0m - [91merror[0m[90m TS2304: [0mCannot find name 'ctx'.

[7m1922[0m         if (await this.handleMLClassification(ctx, norm, text, detectedRegion, userId, pending)) return true;
[7m    [0m [91m                                              ~~~[0m
[96msrc/bot/bot.update.ts[0m:[93m1922[0m:[93m58[0m - [91merror[0m[90m TS2304: [0mCannot find name 'text'.

[7m1922[0m         if (await this.handleMLClassification(ctx, norm, text, detectedRegion, userId, pending)) return true;
[7m    [0m [91m                                                         ~~~~[0m
[96msrc/bot/bot.update.ts[0m:[93m1922[0m:[93m64[0m - [91merror[0m[90m TS2304: [0mCannot find name 'detectedRegion'.

[7m1922[0m         if (await this.handleMLClassification(ctx, norm, text, detectedRegion, userId, pending)) return true;
[7m    [0m [91m                                                               ~~~~~~~~~~~~~~[0m
[96msrc/bot/bot.update.ts[0m:[93m1922[0m:[93m80[0m - [91merror[0m[90m TS2304: [0mCannot find name 'userId'.

[7m1922[0m         if (await this.handleMLClassification(ctx, norm, text, detectedRegion, userId, pending)) return true;
[7m    [0m [91m                                                                               ~~~~~~[0m
[96msrc/bot/bot.update.ts[0m:[93m1922[0m:[93m96[0m - [91merror[0m[90m TS1005: [0m',' expected.

[7m1922[0m         if (await this.handleMLClassification(ctx, norm, text, detectedRegion, userId, pending)) return true;
[7m    [0m [91m                                                                                               ~[0m
[96msrc/bot/bot.update.ts[0m:[93m1922[0m:[93m105[0m - [91merror[0m[90m TS1005: [0m':' expected.

[7m1922[0m         if (await this.handleMLClassification(ctx, norm, text, detectedRegion, userId, pending)) return true;
[7m    [0m [91m                                                                                                        ~~~~[0m
[96msrc/bot/bot.update.ts[0m:[93m1922[0m:[93m109[0m - [91merror[0m[90m TS1005: [0m',' expected.

[7m1922[0m         if (await this.handleMLClassification(ctx, norm, text, detectedRegion, userId, pending)) return true;
[7m    [0m [91m                                                                                                            ~[0m
[96msrc/bot/bot.update.ts[0m:[93m1924[0m:[93m16[0m - [91merror[0m[90m TS1005: [0m':' expected.

[7m1924[0m         return false;
[7m    [0m [91m               ~~~~~[0m
[96msrc/bot/bot.update.ts[0m:[93m1924[0m:[93m21[0m - [91merror[0m[90m TS1005: [0m',' expected.

[7m1924[0m         return false;
[7m    [0m [91m                    ~[0m
[96msrc/bot/bot.update.ts[0m:[93m1927[0m:[93m5[0m - [91merror[0m[90m TS1128: [0mDeclaration or statement expected.

[7m1927[0m     private async handleEarlyWarning(
[7m    [0m [91m    ~~~~~~~[0m
[96msrc/bot/bot.update.ts[0m:[93m1927[0m:[93m13[0m - [91merror[0m[90m TS1434: [0mUnexpected keyword or identifier.

[7m1927[0m     private async handleEarlyWarning(
[7m    [0m [91m            ~~~~~[0m
[96msrc/bot/bot.update.ts[0m:[93m1927[0m:[93m13[0m - [91merror[0m[90m TS2304: [0mCannot find name 'async'.

[7m1927[0m     private async handleEarlyWarning(
[7m    [0m [91m            ~~~~~[0m
[96msrc/bot/bot.update.ts[0m:[93m1927[0m:[93m19[0m - [91merror[0m[90m TS2304: [0mCannot find name 'handleEarlyWarning'.

[7m1927[0m     private async handleEarlyWarning(
[7m    [0m [91m                  ~~~~~~~~~~~~~~~~~~[0m
[96msrc/bot/bot.update.ts[0m:[93m1928[0m:[93m9[0m - [91merror[0m[90m TS2304: [0mCannot find name 'ctx'.

[7m1928[0m         ctx: Context,
[7m    [0m [91m        ~~~[0m
[96msrc/bot/bot.update.ts[0m:[93m1928[0m:[93m12[0m - [91merror[0m[90m TS1005: [0m',' expected.

[7m1928[0m         ctx: Context,
[7m    [0m [91m           ~[0m
[96msrc/bot/bot.update.ts[0m:[93m1929[0m:[93m13[0m - [91merror[0m[90m TS1005: [0m',' expected.

[7m1929[0m         norm: string,
[7m    [0m [91m            ~[0m
[96msrc/bot/bot.update.ts[0m:[93m1929[0m:[93m15[0m - [91merror[0m[90m TS2693: [0m'string' only refers to a type, but is being used as a value here.

[7m1929[0m         norm: string,
[7m    [0m [91m              ~~~~~~[0m
[96msrc/bot/bot.update.ts[0m:[93m1930[0m:[93m9[0m - [91merror[0m[90m TS2304: [0mCannot find name 'userId'.

[7m1930[0m         userId: number | undefined,
[7m    [0m [91m        ~~~~~~[0m
[96msrc/bot/bot.update.ts[0m:[93m1930[0m:[93m15[0m - [91merror[0m[90m TS1005: [0m',' expected.

[7m1930[0m         userId: number | undefined,
[7m    [0m [91m              ~[0m
[96msrc/bot/bot.update.ts[0m:[93m1930[0m:[93m17[0m - [91merror[0m[90m TS2693: [0m'number' only refers to a type, but is being used as a value here.

[7m1930[0m         userId: number | undefined,
[7m    [0m [91m                ~~~~~~[0m
[96msrc/bot/bot.update.ts[0m:[93m1930[0m:[93m26[0m - [91merror[0m[90m TS18050: [0mThe value 'undefined' cannot be used here.

[7m1930[0m         userId: number | undefined,
[7m    [0m [91m                         ~~~~~~~~~[0m
[96msrc/bot/bot.update.ts[0m:[93m1931[0m:[93m6[0m - [91merror[0m[90m TS1005: [0m';' expected.

[7m1931[0m     ): Promise<boolean> {
[7m    [0m [91m     ~[0m
[96msrc/bot/bot.update.ts[0m:[93m1931[0m:[93m8[0m - [91merror[0m[90m TS2365: [0mOperator '>' cannot be applied to types 'boolean' and '{ if(norm: any): any; "": any; }'.

[7m1931[0m     ): Promise<boolean> {
[7m    [0m [91m       ~~~~~~~~~~~~~~~~~~[0m
[7m1932[0m         // Pregunta 1: "Alertas tempranas de salud pública" → resumen general
[7m    [0m [91m~~~~~~~~~~~~~~~~~~~~~~~~~~~~~~~~~~~~~~~~~~~~~~~~~~~~~~~~~~~~~~~~~~~~~~~~~~~~~[0m
[7m ...[0m 
[7m1936[0m             norm.includes('alertas de salud')
[7m    [0m [91m~~~~~~~~~~~~~~~~~~~~~~~~~~~~~~~~~~~~~~~~~~~~~[0m
[7m1937[0m         ) {
[7m    [0m [91m~~~~~~~~~[0m
[96msrc/bot/bot.update.ts[0m:[93m1931[0m:[93m16[0m - [91merror[0m[90m TS2693: [0m'boolean' only refers to a type, but is being used as a value here.

[7m1931[0m     ): Promise<boolean> {
[7m    [0m [91m               ~~~~~~~[0m
[96msrc/bot/bot.update.ts[0m:[93m1934[0m:[93m17[0m - [91merror[0m[90m TS1005: [0m',' expected.

[7m1934[0m             norm.includes('alertas tempranas') ||
[7m    [0m [91m                ~[0m
[96msrc/bot/bot.update.ts[0m:[93m1937[0m:[93m9[0m - [91merror[0m[90m TS1005: [0m',' expected.

[7m1937[0m         ) {
[7m    [0m [91m        ~[0m
[96msrc/bot/bot.update.ts[0m:[93m1937[0m:[93m11[0m - [91merror[0m[90m TS1136: [0mProperty assignment expected.

[7m1937[0m         ) {
[7m    [0m [91m          ~[0m
[96msrc/bot/bot.update.ts[0m:[93m1938[0m:[93m17[0m - [91merror[0m[90m TS2304: [0mCannot find name 'userId'.

[7m1938[0m             if (userId) this.userState.delete(userId);
[7m    [0m [91m                ~~~~~~[0m
[96msrc/bot/bot.update.ts[0m:[93m1938[0m:[93m25[0m - [91merror[0m[90m TS2532: [0mObject is possibly 'undefined'.

[7m1938[0m             if (userId) this.userState.delete(userId);
[7m    [0m [91m                        ~~~~[0m
[96msrc/bot/bot.update.ts[0m:[93m1938[0m:[93m47[0m - [91merror[0m[90m TS2304: [0mCannot find name 'userId'.

[7m1938[0m             if (userId) this.userState.delete(userId);
[7m    [0m [91m                                              ~~~~~~[0m
[96msrc/bot/bot.update.ts[0m:[93m1939[0m:[93m35[0m - [91merror[0m[90m TS2532: [0mObject is possibly 'undefined'.

[7m1939[0m             const resumen = await this.predictiveQuestionsService.obtenerAlertasTempranas();
[7m    [0m [91m                                  ~~~~[0m
[96msrc/bot/bot.update.ts[0m:[93m1940[0m:[93m19[0m - [91merror[0m[90m TS2532: [0mObject is possibly 'undefined'.

[7m1940[0m             await this.sendLongMessage(ctx, resumen, { parse_mode: 'Markdown' });
[7m    [0m [91m                  ~~~~[0m
[96msrc/bot/bot.update.ts[0m:[93m1940[0m:[93m40[0m - [91merror[0m[90m TS2304: [0mCannot find name 'ctx'.

[7m1940[0m             await this.sendLongMessage(ctx, resumen, { parse_mode: 'Markdown' });
[7m    [0m [91m                                       ~~~[0m
[96msrc/bot/bot.update.ts[0m:[93m1946[0m:[93m17[0m - [91merror[0m[90m TS2304: [0mCannot find name 'userId'.

[7m1946[0m             if (userId) this.userState.delete(userId);
[7m    [0m [91m                ~~~~~~[0m
[96msrc/bot/bot.update.ts[0m:[93m1946[0m:[93m25[0m - [91merror[0m[90m TS2532: [0mObject is possibly 'undefined'.

[7m1946[0m             if (userId) this.userState.delete(userId);
[7m    [0m [91m                        ~~~~[0m
[96msrc/bot/bot.update.ts[0m:[93m1946[0m:[93m47[0m - [91merror[0m[90m TS2304: [0mCannot find name 'userId'.

[7m1946[0m             if (userId) this.userState.delete(userId);
[7m    [0m [91m                                              ~~~~~~[0m
[96msrc/bot/bot.update.ts[0m:[93m1947[0m:[93m37[0m - [91merror[0m[90m TS2532: [0mObject is possibly 'undefined'.

[7m1947[0m             const respuesta = await this.predictiveQuestionsService.obtenerEventosAtencionInmediata();
[7m    [0m [91m                                    ~~~~[0m
[96msrc/bot/bot.update.ts[0m:[93m1948[0m:[93m19[0m - [91merror[0m[90m TS2532: [0mObject is possibly 'undefined'.

[7m1948[0m             await this.sendLongMessage(ctx, respuesta, { parse_mode: 'Markdown' });
[7m    [0m [91m                  ~~~~[0m
[96msrc/bot/bot.update.ts[0m:[93m1948[0m:[93m40[0m - [91merror[0m[90m TS2304: [0mCannot find name 'ctx'.

[7m1948[0m             await this.sendLongMessage(ctx, respuesta, { parse_mode: 'Markdown' });
[7m    [0m [91m                                       ~~~[0m
[96msrc/bot/bot.update.ts[0m:[93m1956[0m:[93m17[0m - [91merror[0m[90m TS2304: [0mCannot find name 'userId'.

[7m1956[0m             if (userId) this.userState.delete(userId);
[7m    [0m [91m                ~~~~~~[0m
[96msrc/bot/bot.update.ts[0m:[93m1956[0m:[93m25[0m - [91merror[0m[90m TS2532: [0mObject is possibly 'undefined'.

[7m1956[0m             if (userId) this.userState.delete(userId);
[7m    [0m [91m                        ~~~~[0m
[96msrc/bot/bot.update.ts[0m:[93m1956[0m:[93m47[0m - [91merror[0m[90m TS2304: [0mCannot find name 'userId'.

[7m1956[0m             if (userId) this.userState.delete(userId);
[7m    [0m [91m                                              ~~~~~~[0m
[96msrc/bot/bot.update.ts[0m:[93m1957[0m:[93m37[0m - [91merror[0m[90m TS2532: [0mObject is possibly 'undefined'.

[7m1957[0m             const respuesta = await this.predictiveQuestionsService.listarUbicacionesDisponibles();
[7m    [0m [91m                                    ~~~~[0m
[96msrc/bot/bot.update.ts[0m:[93m1958[0m:[93m19[0m - [91merror[0m[90m TS2532: [0mObject is possibly 'undefined'.

[7m1958[0m             await this.sendLongMessage(ctx, respuesta.join('\n'), { parse_mode: 'Markdown' });
[7m    [0m [91m                  ~~~~[0m
[96msrc/bot/bot.update.ts[0m:[93m1958[0m:[93m40[0m - [91merror[0m[90m TS2304: [0mCannot find name 'ctx'.

[7m1958[0m             await this.sendLongMessage(ctx, respuesta.join('\n'), { parse_mode: 'Markdown' });
[7m    [0m [91m                                       ~~~[0m
[96msrc/bot/bot.update.ts[0m:[93m1967[0m:[93m17[0m - [91merror[0m[90m TS2304: [0mCannot find name 'userId'.

[7m1967[0m             if (userId) this.userState.delete(userId);
[7m    [0m [91m                ~~~~~~[0m
[96msrc/bot/bot.update.ts[0m:[93m1967[0m:[93m25[0m - [91merror[0m[90m TS2532: [0mObject is possibly 'undefined'.

[7m1967[0m             if (userId) this.userState.delete(userId);
[7m    [0m [91m                        ~~~~[0m
[96msrc/bot/bot.update.ts[0m:[93m1967[0m:[93m47[0m - [91merror[0m[90m TS2304: [0mCannot find name 'userId'.

[7m1967[0m             if (userId) this.userState.delete(userId);
[7m    [0m [91m                                              ~~~~~~[0m
[96msrc/bot/bot.update.ts[0m:[93m1968[0m:[93m37[0m - [91merror[0m[90m TS2532: [0mObject is possibly 'undefined'.

[7m1968[0m             const respuesta = await this.predictiveQuestionsService.listarEventosDisponibles();
[7m    [0m [91m                                    ~~~~[0m
[96msrc/bot/bot.update.ts[0m:[93m1969[0m:[93m19[0m - [91merror[0m[90m TS2532: [0mObject is possibly 'undefined'.

[7m1969[0m             await this.sendLongMessage(ctx, respuesta, { parse_mode: 'Markdown' });
[7m    [0m [91m                  ~~~~[0m
[96msrc/bot/bot.update.ts[0m:[93m1969[0m:[93m40[0m - [91merror[0m[90m TS2304: [0mCannot find name 'ctx'.

[7m1969[0m             await this.sendLongMessage(ctx, respuesta, { parse_mode: 'Markdown' });
[7m    [0m [91m                                       ~~~[0m
[96msrc/bot/bot.update.ts[0m:[93m1975[0m:[93m17[0m - [91merror[0m[90m TS2304: [0mCannot find name 'userId'.

[7m1975[0m             if (userId) this.userState.delete(userId);
[7m    [0m [91m                ~~~~~~[0m
[96msrc/bot/bot.update.ts[0m:[93m1975[0m:[93m25[0m - [91merror[0m[90m TS2532: [0mObject is possibly 'undefined'.

[7m1975[0m             if (userId) this.userState.delete(userId);
[7m    [0m [91m                        ~~~~[0m
[96msrc/bot/bot.update.ts[0m:[93m1975[0m:[93m47[0m - [91merror[0m[90m TS2304: [0mCannot find name 'userId'.

[7m1975[0m             if (userId) this.userState.delete(userId);
[7m    [0m [91m                                              ~~~~~~[0m
[96msrc/bot/bot.update.ts[0m:[93m1976[0m:[93m37[0m - [91merror[0m[90m TS2532: [0mObject is possibly 'undefined'.

[7m1976[0m             const respuesta = await this.predictiveQuestionsService.obtenerPanoramaRiesgoEpidemiologico();
[7m    [0m [91m                                    ~~~~[0m
[96msrc/bot/bot.update.ts[0m:[93m1977[0m:[93m19[0m - [91merror[0m[90m TS2532: [0mObject is possibly 'undefined'.

[7m1977[0m             await this.sendLongMessage(ctx, respuesta, { parse_mode: 'Markdown' });
[7m    [0m [91m                  ~~~~[0m
[96msrc/bot/bot.update.ts[0m:[93m1977[0m:[93m40[0m - [91merror[0m[90m TS2304: [0mCannot find name 'ctx'.

[7m1977[0m             await this.sendLongMessage(ctx, respuesta, { parse_mode: 'Markdown' });
[7m    [0m [91m                                       ~~~[0m
[96msrc/bot/bot.update.ts[0m:[93m1982[0m:[93m5[0m - [91merror[0m[90m TS1128: [0mDeclaration or statement expected.

[7m1982[0m     }
[7m    [0m [91m    ~[0m
[96msrc/bot/bot.update.ts[0m:[93m1984[0m:[93m5[0m - [91merror[0m[90m TS1128: [0mDeclaration or statement expected.

[7m1984[0m     private async handleAdvancedPrediction(
[7m    [0m [91m    ~~~~~~~[0m
[96msrc/bot/bot.update.ts[0m:[93m1984[0m:[93m13[0m - [91merror[0m[90m TS1434: [0mUnexpected keyword or identifier.

[7m1984[0m     private async handleAdvancedPrediction(
[7m    [0m [91m            ~~~~~[0m
[96msrc/bot/bot.update.ts[0m:[93m1984[0m:[93m13[0m - [91merror[0m[90m TS2304: [0mCannot find name 'async'.

[7m1984[0m     private async handleAdvancedPrediction(
[7m    [0m [91m            ~~~~~[0m
[96msrc/bot/bot.update.ts[0m:[93m1984[0m:[93m19[0m - [91merror[0m[90m TS2304: [0mCannot find name 'handleAdvancedPrediction'.

[7m1984[0m     private async handleAdvancedPrediction(
[7m    [0m [91m                  ~~~~~~~~~~~~~~~~~~~~~~~~[0m
[96msrc/bot/bot.update.ts[0m:[93m1985[0m:[93m9[0m - [91merror[0m[90m TS2304: [0mCannot find name 'ctx'.

[7m1985[0m         ctx: Context,
[7m    [0m [91m        ~~~[0m
[96msrc/bot/bot.update.ts[0m:[93m1985[0m:[93m12[0m - [91merror[0m[90m TS1005: [0m',' expected.

[7m1985[0m         ctx: Context,
[7m    [0m [91m           ~[0m
[96msrc/bot/bot.update.ts[0m:[93m1986[0m:[93m13[0m - [91merror[0m[90m TS1005: [0m',' expected.

[7m1986[0m         norm: string,
[7m    [0m [91m            ~[0m
[96msrc/bot/bot.update.ts[0m:[93m1986[0m:[93m15[0m - [91merror[0m[90m TS2693: [0m'string' only refers to a type, but is being used as a value here.

[7m1986[0m         norm: string,
[7m    [0m [91m              ~~~~~~[0m
[96msrc/bot/bot.update.ts[0m:[93m1987[0m:[93m9[0m - [91merror[0m[90m TS2304: [0mCannot find name 'text'.

[7m1987[0m         text: string,
[7m    [0m [91m        ~~~~[0m
[96msrc/bot/bot.update.ts[0m:[93m1987[0m:[93m13[0m - [91merror[0m[90m TS1005: [0m',' expected.

[7m1987[0m         text: string,
[7m    [0m [91m            ~[0m
[96msrc/bot/bot.update.ts[0m:[93m1987[0m:[93m15[0m - [91merror[0m[90m TS2693: [0m'string' only refers to a type, but is being used as a value here.

[7m1987[0m         text: string,
[7m    [0m [91m              ~~~~~~[0m
[96msrc/bot/bot.update.ts[0m:[93m1988[0m:[93m9[0m - [91merror[0m[90m TS2304: [0mCannot find name 'detectedRegion'.

[7m1988[0m         detectedRegion?: string,
[7m    [0m [91m        ~~~~~~~~~~~~~~[0m
[96msrc/bot/bot.update.ts[0m:[93m1988[0m:[93m24[0m - [91merror[0m[90m TS1109: [0mExpression expected.

[7m1988[0m         detectedRegion?: string,
[7m    [0m [91m                       ~[0m
[96msrc/bot/bot.update.ts[0m:[93m1988[0m:[93m26[0m - [91merror[0m[90m TS2693: [0m'string' only refers to a type, but is being used as a value here.

[7m1988[0m         detectedRegion?: string,
[7m    [0m [91m                         ~~~~~~[0m
[96msrc/bot/bot.update.ts[0m:[93m1989[0m:[93m9[0m - [91merror[0m[90m TS2304: [0mCannot find name 'userId'.

[7m1989[0m         userId?: number,
[7m    [0m [91m        ~~~~~~[0m
[96msrc/bot/bot.update.ts[0m:[93m1989[0m:[93m16[0m - [91merror[0m[90m TS1109: [0mExpression expected.

[7m1989[0m         userId?: number,
[7m    [0m [91m               ~[0m
[96msrc/bot/bot.update.ts[0m:[93m1989[0m:[93m18[0m - [91merror[0m[90m TS2693: [0m'number' only refers to a type, but is being used as a value here.

[7m1989[0m         userId?: number,
[7m    [0m [91m                 ~~~~~~[0m
[96msrc/bot/bot.update.ts[0m:[93m1990[0m:[93m9[0m - [91merror[0m[90m TS2774: [0mThis condition will always return true since this function is always defined. Did you mean to call it instead?

[7m1990[0m         pending?: UserState | null,
[7m    [0m [91m        ~~~~~~~[0m
[96msrc/bot/bot.update.ts[0m:[93m1990[0m:[93m17[0m - [91merror[0m[90m TS1109: [0mExpression expected.

[7m1990[0m         pending?: UserState | null,
[7m    [0m [91m                ~[0m
[96msrc/bot/bot.update.ts[0m:[93m1990[0m:[93m19[0m - [91merror[0m[90m TS2693: [0m'UserState' only refers to a type, but is being used as a value here.

[7m1990[0m         pending?: UserState | null,
[7m    [0m [91m                  ~~~~~~~~~[0m
[96msrc/bot/bot.update.ts[0m:[93m1990[0m:[93m31[0m - [91merror[0m[90m TS18050: [0mThe value 'null' cannot be used here.

[7m1990[0m         pending?: UserState | null,
[7m    [0m [91m                              ~~~~[0m
[96msrc/bot/bot.update.ts[0m:[93m1991[0m:[93m6[0m - [91merror[0m[90m TS1005: [0m';' expected.

[7m1991[0m     ): Promise<boolean> {
[7m    [0m [91m     ~[0m
[96msrc/bot/bot.update.ts[0m:[93m1991[0m:[93m8[0m - [91merror[0m[90m TS2365: [0mOperator '>' cannot be applied to types 'boolean' and '{ if(norm: any): any; "": any; }'.

[7m1991[0m     ): Promise<boolean> {
[7m    [0m [91m       ~~~~~~~~~~~~~~~~~~[0m
[7m1992[0m         if (
[7m    [0m [91m~~~~~~~~~~~~[0m
[7m ...[0m 
[7m1999[0m             pending?.intent === 'advanced_prediction'
[7m    [0m [91m~~~~~~~~~~~~~~~~~~~~~~~~~~~~~~~~~~~~~~~~~~~~~~~~~~~~~[0m
[7m2000[0m         ) {
[7m    [0m [91m~~~~~~~~~[0m
[96msrc/bot/bot.update.ts[0m:[93m1991[0m:[93m16[0m - [91merror[0m[90m TS2693: [0m'boolean' only refers to a type, but is being used as a value here.

[7m1991[0m     ): Promise<boolean> {
[7m    [0m [91m               ~~~~~~~[0m
[96msrc/bot/bot.update.ts[0m:[93m1993[0m:[93m17[0m - [91merror[0m[90m TS1005: [0m',' expected.

[7m1993[0m             norm.includes('pronostico') ||
[7m    [0m [91m                ~[0m
[96msrc/bot/bot.update.ts[0m:[93m1999[0m:[93m22[0m - [91merror[0m[90m TS2339: [0mProperty 'intent' does not exist on type '(reason?: string | undefined) => void'.

[7m1999[0m             pending?.intent === 'advanced_prediction'
[7m    [0m [91m                     ~~~~~~[0m
[96msrc/bot/bot.update.ts[0m:[93m2000[0m:[93m9[0m - [91merror[0m[90m TS1005: [0m',' expected.

[7m2000[0m         ) {
[7m    [0m [91m        ~[0m
[96msrc/bot/bot.update.ts[0m:[93m2000[0m:[93m11[0m - [91merror[0m[90m TS1136: [0mProperty assignment expected.

[7m2000[0m         ) {
[7m    [0m [91m          ~[0m
[96msrc/bot/bot.update.ts[0m:[93m2001[0m:[93m28[0m - [91merror[0m[90m TS2304: [0mCannot find name 'detectedRegion'.

[7m2001[0m             const region = detectedRegion || 'Colombia';
[7m    [0m [91m                           ~~~~~~~~~~~~~~[0m
[96msrc/bot/bot.update.ts[0m:[93m2006[0m:[93m74[0m - [91merror[0m[90m TS2339: [0mProperty 'data' does not exist on type '(reason?: string | undefined) => void'.

[7m2006[0m             let eventoEspecifico = eventoMatch?.[1]?.trim() || (pending?.data as { event?: string } | undefined)?.event;
[7m    [0m [91m                                                                         ~~~~[0m
[96msrc/bot/bot.update.ts[0m:[93m2009[0m:[93m38[0m - [91merror[0m[90m TS18048: [0m'eventoEspecifico' is possibly 'undefined'.

[7m2009[0m             if (eventoEspecifico && (eventoEspecifico.includes('proximos') || eventoEspecifico.includes('meses'))) {
[7m    [0m [91m                                     ~~~~~~~~~~~~~~~~[0m
[96msrc/bot/bot.update.ts[0m:[93m2009[0m:[93m79[0m - [91merror[0m[90m TS18048: [0m'eventoEspecifico' is possibly 'undefined'.

[7m2009[0m             if (eventoEspecifico && (eventoEspecifico.includes('proximos') || eventoEspecifico.includes('meses'))) {
[7m    [0m [91m                                                                              ~~~~~~~~~~~~~~~~[0m
[96msrc/bot/bot.update.ts[0m:[93m2014[0m:[93m21[0m - [91merror[0m[90m TS2304: [0mCannot find name 'userId'.

[7m2014[0m                 if (userId) this.userState.delete(userId);
[7m    [0m [91m                    ~~~~~~[0m
[96msrc/bot/bot.update.ts[0m:[93m2014[0m:[93m29[0m - [91merror[0m[90m TS2532: [0mObject is possibly 'undefined'.

[7m2014[0m                 if (userId) this.userState.delete(userId);
[7m    [0m [91m                            ~~~~[0m
[96msrc/bot/bot.update.ts[0m:[93m2014[0m:[93m51[0m - [91merror[0m[90m TS2304: [0mCannot find name 'userId'.

[7m2014[0m                 if (userId) this.userState.delete(userId);
[7m    [0m [91m                                                  ~~~~~~[0m
[96msrc/bot/bot.update.ts[0m:[93m2015[0m:[93m42[0m - [91merror[0m[90m TS2532: [0mObject is possibly 'undefined'.

[7m2015[0m                 const prediccion = await this.predictiveQuestionsService.predecirEvento(eventoEspecifico, region);
[7m    [0m [91m                                         ~~~~[0m
[96msrc/bot/bot.update.ts[0m:[93m2017[0m:[93m27[0m - [91merror[0m[90m TS2532: [0mObject is possibly 'undefined'.

[7m2017[0m                     await this.sendLongMessage(ctx, prediccion, { parse_mode: 'Markdown' });
[7m    [0m [91m                          ~~~~[0m
[96msrc/bot/bot.update.ts[0m:[93m2017[0m:[93m48[0m - [91merror[0m[90m TS2304: [0mCannot find name 'ctx'.

[7m2017[0m                     await this.sendLongMessage(ctx, prediccion, { parse_mode: 'Markdown' });
[7m    [0m [91m                                               ~~~[0m
[96msrc/bot/bot.update.ts[0m:[93m2019[0m:[93m27[0m - [91merror[0m[90m TS2304: [0mCannot find name 'ctx'.

[7m2019[0m                     await ctx.reply(`No encontré datos suficientes para proyectar **${eventoEspecifico}** en **${region}**.`);
[7m    [0m [91m                          ~~~[0m
[96msrc/bot/bot.update.ts[0m:[93m2024[0m:[93m18[0m - [91merror[0m[90m TS2304: [0mCannot find name 'detectedRegion'.

[7m2024[0m             if (!detectedRegion) {
[7m    [0m [91m                 ~~~~~~~~~~~~~~[0m
[96msrc/bot/bot.update.ts[0m:[93m2025[0m:[93m23[0m - [91merror[0m[90m TS2304: [0mCannot find name 'ctx'.

[7m2025[0m                 await ctx.reply('📊 ¿De qué **departamento** deseas ver los pronósticos de salud pública?', { parse_mode: 'Markdown' });
[7m    [0m [91m                      ~~~[0m
[96msrc/bot/bot.update.ts[0m:[93m2026[0m:[93m21[0m - [91merror[0m[90m TS2304: [0mCannot find name 'userId'.

[7m2026[0m                 if (userId) this.userState.set(userId, { intent: 'advanced_prediction' });
[7m    [0m [91m                    ~~~~~~[0m
[96msrc/bot/bot.update.ts[0m:[93m2026[0m:[93m29[0m - [91merror[0m[90m TS2532: [0mObject is possibly 'undefined'.

[7m2026[0m                 if (userId) this.userState.set(userId, { intent: 'advanced_prediction' });
[7m    [0m [91m                            ~~~~[0m
[96msrc/bot/bot.update.ts[0m:[93m2026[0m:[93m48[0m - [91merror[0m[90m TS2304: [0mCannot find name 'userId'.

[7m2026[0m                 if (userId) this.userState.set(userId, { intent: 'advanced_prediction' });
[7m    [0m [91m                                               ~~~~~~[0m
[96msrc/bot/bot.update.ts[0m:[93m2030[0m:[93m17[0m - [91merror[0m[90m TS2304: [0mCannot find name 'userId'.

[7m2030[0m             if (userId) this.userState.delete(userId);
[7m    [0m [91m                ~~~~~~[0m
[96msrc/bot/bot.update.ts[0m:[93m2030[0m:[93m25[0m - [91merror[0m[90m TS2532: [0mObject is possibly 'undefined'.

[7m2030[0m             if (userId) this.userState.delete(userId);
[7m    [0m [91m                        ~~~~[0m
[96msrc/bot/bot.update.ts[0m:[93m2030[0m:[93m47[0m - [91merror[0m[90m TS2304: [0mCannot find name 'userId'.

[7m2030[0m             if (userId) this.userState.delete(userId);
[7m    [0m [91m                                              ~~~~~~[0m
[96msrc/bot/bot.update.ts[0m:[93m2031[0m:[93m37[0m - [91merror[0m[90m TS2532: [0mObject is possibly 'undefined'.

[7m2031[0m             const multiples = await this.predictiveQuestionsService.obtenerPronosticosMultiples(region);
[7m    [0m [91m                                    ~~~~[0m
[96msrc/bot/bot.update.ts[0m:[93m2032[0m:[93m19[0m - [91merror[0m[90m TS2532: [0mObject is possibly 'undefined'.

[7m2032[0m             await this.sendLongMessage(ctx, multiples, { parse_mode: 'Markdown' });
[7m    [0m [91m                  ~~~~[0m
[96msrc/bot/bot.update.ts[0m:[93m2032[0m:[93m40[0m - [91merror[0m[90m TS2304: [0mCannot find name 'ctx'.

[7m2032[0m             await this.sendLongMessage(ctx, multiples, { parse_mode: 'Markdown' });
[7m    [0m [91m                                       ~~~[0m
[96msrc/bot/bot.update.ts[0m:[93m2036[0m:[93m5[0m - [91merror[0m[90m TS1128: [0mDeclaration or statement expected.

[7m2036[0m     }
[7m    [0m [91m    ~[0m
[96msrc/bot/bot.update.ts[0m:[93m2038[0m:[93m5[0m - [91merror[0m[90m TS1128: [0mDeclaration or statement expected.

[7m2038[0m     private async handleMLClassification(
[7m    [0m [91m    ~~~~~~~[0m
[96msrc/bot/bot.update.ts[0m:[93m2038[0m:[93m13[0m - [91merror[0m[90m TS1434: [0mUnexpected keyword or identifier.

[7m2038[0m     private async handleMLClassification(
[7m    [0m [91m            ~~~~~[0m
[96msrc/bot/bot.update.ts[0m:[93m2038[0m:[93m13[0m - [91merror[0m[90m TS2304: [0mCannot find name 'async'.

[7m2038[0m     private async handleMLClassification(
[7m    [0m [91m            ~~~~~[0m
[96msrc/bot/bot.update.ts[0m:[93m2038[0m:[93m19[0m - [91merror[0m[90m TS2304: [0mCannot find name 'handleMLClassification'.

[7m2038[0m     private async handleMLClassification(
[7m    [0m [91m                  ~~~~~~~~~~~~~~~~~~~~~~[0m
[96msrc/bot/bot.update.ts[0m:[93m2039[0m:[93m9[0m - [91merror[0m[90m TS2304: [0mCannot find name 'ctx'.

[7m2039[0m         ctx: Context,
[7m    [0m [91m        ~~~[0m
[96msrc/bot/bot.update.ts[0m:[93m2039[0m:[93m12[0m - [91merror[0m[90m TS1005: [0m',' expected.

[7m2039[0m         ctx: Context,
[7m    [0m [91m           ~[0m
[96msrc/bot/bot.update.ts[0m:[93m2040[0m:[93m13[0m - [91merror[0m[90m TS1005: [0m',' expected.

[7m2040[0m         norm: string,
[7m    [0m [91m            ~[0m
[96msrc/bot/bot.update.ts[0m:[93m2040[0m:[93m15[0m - [91merror[0m[90m TS2693: [0m'string' only refers to a type, but is being used as a value here.

[7m2040[0m         norm: string,
[7m    [0m [91m              ~~~~~~[0m
[96msrc/bot/bot.update.ts[0m:[93m2041[0m:[93m9[0m - [91merror[0m[90m TS2304: [0mCannot find name 'text'.

[7m2041[0m         text: string,
[7m    [0m [91m        ~~~~[0m
[96msrc/bot/bot.update.ts[0m:[93m2041[0m:[93m13[0m - [91merror[0m[90m TS1005: [0m',' expected.

[7m2041[0m         text: string,
[7m    [0m [91m            ~[0m
[96msrc/bot/bot.update.ts[0m:[93m2041[0m:[93m15[0m - [91merror[0m[90m TS2693: [0m'string' only refers to a type, but is being used as a value here.

[7m2041[0m         text: string,
[7m    [0m [91m              ~~~~~~[0m
[96msrc/bot/bot.update.ts[0m:[93m2042[0m:[93m9[0m - [91merror[0m[90m TS2304: [0mCannot find name 'detectedRegion'.

[7m2042[0m         detectedRegion?: string,
[7m    [0m [91m        ~~~~~~~~~~~~~~[0m
[96msrc/bot/bot.update.ts[0m:[93m2042[0m:[93m24[0m - [91merror[0m[90m TS1109: [0mExpression expected.

[7m2042[0m         detectedRegion?: string,
[7m    [0m [91m                       ~[0m
[96msrc/bot/bot.update.ts[0m:[93m2042[0m:[93m26[0m - [91merror[0m[90m TS2693: [0m'string' only refers to a type, but is being used as a value here.

[7m2042[0m         detectedRegion?: string,
[7m    [0m [91m                         ~~~~~~[0m
[96msrc/bot/bot.update.ts[0m:[93m2043[0m:[93m9[0m - [91merror[0m[90m TS2304: [0mCannot find name 'userId'.

[7m2043[0m         userId?: number,
[7m    [0m [91m        ~~~~~~[0m
[96msrc/bot/bot.update.ts[0m:[93m2043[0m:[93m16[0m - [91merror[0m[90m TS1109: [0mExpression expected.

[7m2043[0m         userId?: number,
[7m    [0m [91m               ~[0m
[96msrc/bot/bot.update.ts[0m:[93m2043[0m:[93m18[0m - [91merror[0m[90m TS2693: [0m'number' only refers to a type, but is being used as a value here.

[7m2043[0m         userId?: number,
[7m    [0m [91m                 ~~~~~~[0m
[96msrc/bot/bot.update.ts[0m:[93m2044[0m:[93m9[0m - [91merror[0m[90m TS2774: [0mThis condition will always return true since this function is always defined. Did you mean to call it instead?

[7m2044[0m         pending?: UserState | null,
[7m    [0m [91m        ~~~~~~~[0m
[96msrc/bot/bot.update.ts[0m:[93m2044[0m:[93m17[0m - [91merror[0m[90m TS1109: [0mExpression expected.

[7m2044[0m         pending?: UserState | null,
[7m    [0m [91m                ~[0m
[96msrc/bot/bot.update.ts[0m:[93m2044[0m:[93m19[0m - [91merror[0m[90m TS2693: [0m'UserState' only refers to a type, but is being used as a value here.

[7m2044[0m         pending?: UserState | null,
[7m    [0m [91m                  ~~~~~~~~~[0m
[96msrc/bot/bot.update.ts[0m:[93m2044[0m:[93m31[0m - [91merror[0m[90m TS18050: [0mThe value 'null' cannot be used here.

[7m2044[0m         pending?: UserState | null,
[7m    [0m [91m                              ~~~~[0m
[96msrc/bot/bot.update.ts[0m:[93m2045[0m:[93m6[0m - [91merror[0m[90m TS1005: [0m';' expected.

[7m2045[0m     ): Promise<boolean> {
[7m    [0m [91m     ~[0m
[96msrc/bot/bot.update.ts[0m:[93m2045[0m:[93m8[0m - [91merror[0m[90m TS2365: [0mOperator '>' cannot be applied to types 'boolean' and '{ if(norm: any): any; "": any; }'.

[7m2045[0m     ): Promise<boolean> {
[7m    [0m [91m       ~~~~~~~~~~~~~~~~~~[0m
[7m2046[0m         if (
[7m    [0m [91m~~~~~~~~~~~~[0m
[7m ...[0m 
[7m2053[0m             pending?.intent === 'ml_classification'
[7m    [0m [91m~~~~~~~~~~~~~~~~~~~~~~~~~~~~~~~~~~~~~~~~~~~~~~~~~~~[0m
[7m2054[0m         ) {
[7m    [0m [91m~~~~~~~~~[0m
[96msrc/bot/bot.update.ts[0m:[93m2045[0m:[93m16[0m - [91merror[0m[90m TS2693: [0m'boolean' only refers to a type, but is being used as a value here.

[7m2045[0m     ): Promise<boolean> {
[7m    [0m [91m               ~~~~~~~[0m
[96msrc/bot/bot.update.ts[0m:[93m2047[0m:[93m17[0m - [91merror[0m[90m TS1005: [0m',' expected.

[7m2047[0m             norm.includes('clasificar riesgo') ||
[7m    [0m [91m                ~[0m
[96msrc/bot/bot.update.ts[0m:[93m2053[0m:[93m22[0m - [91merror[0m[90m TS2339: [0mProperty 'intent' does not exist on type '(reason?: string | undefined) => void'.

[7m2053[0m             pending?.intent === 'ml_classification'
[7m    [0m [91m                     ~~~~~~[0m
[96msrc/bot/bot.update.ts[0m:[93m2054[0m:[93m9[0m - [91merror[0m[90m TS1005: [0m',' expected.

[7m2054[0m         ) {
[7m    [0m [91m        ~[0m
[96msrc/bot/bot.update.ts[0m:[93m2054[0m:[93m11[0m - [91merror[0m[90m TS1136: [0mProperty assignment expected.

[7m2054[0m         ) {
[7m    [0m [91m          ~[0m
[96msrc/bot/bot.update.ts[0m:[93m2055[0m:[93m28[0m - [91merror[0m[90m TS2304: [0mCannot find name 'detectedRegion'.

[7m2055[0m             const region = detectedRegion || 'Colombia';
[7m    [0m [91m                           ~~~~~~~~~~~~~~[0m
[96msrc/bot/bot.update.ts[0m:[93m2058[0m:[93m76[0m - [91merror[0m[90m TS2339: [0mProperty 'data' does not exist on type '(reason?: string | undefined) => void'.

[7m2058[0m             const eventoEspecifico = eventoMatch?.[1]?.trim() || (pending?.data as { event?: string } | undefined)?.event;
[7m    [0m [91m                                                                           ~~~~[0m
[96msrc/bot/bot.update.ts[0m:[93m2061[0m:[93m21[0m - [91merror[0m[90m TS2304: [0mCannot find name 'userId'.

[7m2061[0m                 if (userId) this.userState.delete(userId);
[7m    [0m [91m                    ~~~~~~[0m
[96msrc/bot/bot.update.ts[0m:[93m2061[0m:[93m29[0m - [91merror[0m[90m TS2532: [0mObject is possibly 'undefined'.

[7m2061[0m                 if (userId) this.userState.delete(userId);
[7m    [0m [91m                            ~~~~[0m
[96msrc/bot/bot.update.ts[0m:[93m2061[0m:[93m51[0m - [91merror[0m[90m TS2304: [0mCannot find name 'userId'.

[7m2061[0m                 if (userId) this.userState.delete(userId);
[7m    [0m [91m                                                  ~~~~~~[0m
[96msrc/bot/bot.update.ts[0m:[93m2062[0m:[93m45[0m - [91merror[0m[90m TS2532: [0mObject is possibly 'undefined'.

[7m2062[0m                 const clasificacion = await this.predictiveQuestionsService.clasificarRiesgo(eventoEspecifico, region);
[7m    [0m [91m                                            ~~~~[0m
[96msrc/bot/bot.update.ts[0m:[93m2064[0m:[93m27[0m - [91merror[0m[90m TS2532: [0mObject is possibly 'undefined'.

[7m2064[0m                     await this.sendLongMessage(ctx, clasificacion, { parse_mode: 'Markdown' });
[7m    [0m [91m                          ~~~~[0m
[96msrc/bot/bot.update.ts[0m:[93m2064[0m:[93m48[0m - [91merror[0m[90m TS2304: [0mCannot find name 'ctx'.

[7m2064[0m                     await this.sendLongMessage(ctx, clasificacion, { parse_mode: 'Markdown' });
[7m    [0m [91m                                               ~~~[0m
[96msrc/bot/bot.update.ts[0m:[93m2066[0m:[93m48[0m - [91merror[0m[90m TS2532: [0mObject is possibly 'undefined'.

[7m2066[0m                     const eventosLista = await this.predictiveQuestionsService.listarEventosDisponibles();
[7m    [0m [91m                                               ~~~~[0m
[96msrc/bot/bot.update.ts[0m:[93m2067[0m:[93m27[0m - [91merror[0m[90m TS2304: [0mCannot find name 'ctx'.

[7m2067[0m                     await ctx.reply(
[7m    [0m [91m                          ~~~[0m
[96msrc/bot/bot.update.ts[0m:[93m2077[0m:[93m17[0m - [91merror[0m[90m TS2304: [0mCannot find name 'userId'.

[7m2077[0m             if (userId) this.userState.delete(userId);
[7m    [0m [91m                ~~~~~~[0m
[96msrc/bot/bot.update.ts[0m:[93m2077[0m:[93m25[0m - [91merror[0m[90m TS2532: [0mObject is possibly 'undefined'.

[7m2077[0m             if (userId) this.userState.delete(userId);
[7m    [0m [91m                        ~~~~[0m
[96msrc/bot/bot.update.ts[0m:[93m2077[0m:[93m47[0m - [91merror[0m[90m TS2304: [0mCannot find name 'userId'.

[7m2077[0m             if (userId) this.userState.delete(userId);
[7m    [0m [91m                                              ~~~~~~[0m
[96msrc/bot/bot.update.ts[0m:[93m2078[0m:[93m44[0m - [91merror[0m[90m TS2532: [0mObject is possibly 'undefined'.

[7m2078[0m             const analisisCompleto = await this.predictiveQuestionsService.obtenerAnalisisCompleto(region);
[7m    [0m [91m                                           ~~~~[0m
[96msrc/bot/bot.update.ts[0m:[93m2079[0m:[93m19[0m - [91merror[0m[90m TS2532: [0mObject is possibly 'undefined'.

[7m2079[0m             await this.sendLongMessage(ctx, analisisCompleto, { parse_mode: 'Markdown' });
[7m    [0m [91m                  ~~~~[0m
[96msrc/bot/bot.update.ts[0m:[93m2079[0m:[93m40[0m - [91merror[0m[90m TS2304: [0mCannot find name 'ctx'.

[7m2079[0m             await this.sendLongMessage(ctx, analisisCompleto, { parse_mode: 'Markdown' });
[7m    [0m [91m                                       ~~~[0m
[96msrc/bot/bot.update.ts[0m:[93m2083[0m:[93m5[0m - [91merror[0m[90m TS1128: [0mDeclaration or statement expected.

[7m2083[0m     }
[7m    [0m [91m    ~[0m
[96msrc/bot/bot.update.ts[0m:[93m2085[0m:[93m20[0m - [91merror[0m[90m TS2304: [0mCannot find name 'text'.

[7m2085[0m     escapeMarkdown(text: string | undefined): string {
[7m    [0m [91m                   ~~~~[0m
[96msrc/bot/bot.update.ts[0m:[93m2085[0m:[93m24[0m - [91merror[0m[90m TS1005: [0m',' expected.

[7m2085[0m     escapeMarkdown(text: string | undefined): string {
[7m    [0m [91m                       ~[0m
[96msrc/bot/bot.update.ts[0m:[93m2085[0m:[93m26[0m - [91merror[0m[90m TS2693: [0m'string' only refers to a type, but is being used as a value here.

[7m2085[0m     escapeMarkdown(text: string | undefined): string {
[7m    [0m [91m                         ~~~~~~[0m
[96msrc/bot/bot.update.ts[0m:[93m2085[0m:[93m26[0m - [91merror[0m[90m TS2554: [0mExpected 1 arguments, but got 2.

[7m2085[0m     escapeMarkdown(text: string | undefined): string {
[7m    [0m [91m                         ~~~~~~~~~~~~~~~~~~[0m
[96msrc/bot/bot.update.ts[0m:[93m2085[0m:[93m35[0m - [91merror[0m[90m TS18050: [0mThe value 'undefined' cannot be used here.

[7m2085[0m     escapeMarkdown(text: string | undefined): string {
[7m    [0m [91m                                  ~~~~~~~~~[0m
[96msrc/bot/bot.update.ts[0m:[93m2085[0m:[93m45[0m - [91merror[0m[90m TS1005: [0m';' expected.

[7m2085[0m     escapeMarkdown(text: string | undefined): string {
[7m    [0m [91m                                            ~[0m
[96msrc/bot/bot.update.ts[0m:[93m2085[0m:[93m47[0m - [91merror[0m[90m TS1434: [0mUnexpected keyword or identifier.

[7m2085[0m     escapeMarkdown(text: string | undefined): string {
[7m    [0m [91m                                              ~~~~~~[0m
[96msrc/bot/bot.update.ts[0m:[93m2085[0m:[93m47[0m - [91merror[0m[90m TS2693: [0m'string' only refers to a type, but is being used as a value here.

[7m2085[0m     escapeMarkdown(text: string | undefined): string {
[7m    [0m [91m                                              ~~~~~~[0m
[96msrc/bot/bot.update.ts[0m:[93m2086[0m:[93m14[0m - [91merror[0m[90m TS2304: [0mCannot find name 'text'.

[7m2086[0m         if (!text) return '';
[7m    [0m [91m             ~~~~[0m
[96msrc/bot/bot.update.ts[0m:[93m2089[0m:[93m1[0m - [91merror[0m[90m TS1128: [0mDeclaration or statement expected.

[7m2089[0m }
[7m    [0m [91m~[0m

Found 1588 error(s).

